c7e00000 T _start
c7e00020 t _undefined_instruction
c7e00024 t _software_interrupt
c7e00028 t _prefetch_abort
c7e0002c t _data_abort
c7e00030 t _not_used
c7e00034 t _irq
c7e00038 t _fiq
c7e0003c t _pad
c7e00040 T _end_vect
c7e00040 t _TEXT_BASE
c7e00044 t _TEXT_PHY_BASE
c7e00048 T _armboot_start
c7e0004c T _bss_start
c7e00050 T _bss_end
c7e00054 t reset
c7e00064 t cpu_init_crit
c7e000c0 T after_copy
c7e000c0 t enable_mmu
c7e000fc t mmu_on
c7e00118 t skip_hw_init
c7e00118 t stack_setup
c7e0011c t clear_bss
c7e00128 t clbss_l
c7e00158 t _start_armboot
c7e0015c t _mmu_table_base
c7e00160 T copy_from_nand
c7e001ac t copy_failed
c7e001b4 t compare_failed
c7e001bc T theLastJump
c7e001d8 t phy_last_jump
c7e00200 t undefined_instruction
c7e00260 t software_interrupt
c7e002c0 t prefetch_abort
c7e00320 t data_abort
c7e00380 t not_used
c7e003e0 t irq
c7e00440 t fiq
c7e004a0 T arm1136_cache_flush
c7e004e0 t _TEXT_PHY_BASE
c7e004e4 T load_bl2_irom
c7e00534 t nand
c7e00554 t nand_adv
c7e0055c t emmc
c7e0056c t movinand
c7e005a8 T mem_ctrl_asm_init
c7e006a0 t _TEXT_BASE
c7e006a4 T lowlevel_init
c7e00734 t wakeup_reset
c7e00760 t system_clock_init
c7e00830 t uart_asm_init
c7e008b4 T nand_asm_init
c7e008d8 t tzpc_init
c7e009a0 T nand_bl2_copy
c7e00a00 T nand_bl2_copy_adv
c7e00a60 T copy_uboot_to_ram
c7e00b84 T movi_bl2_copy
c7e00b88 T movi_write_bl1
c7e00be0 T movi_write_env
c7e00bf8 T movi_read_env
c7e00c10 T print_movi_bl2_info
c7e00c28 T __div0
c7e00c2c T enable_interrupts
c7e00c30 T disable_interrupts
c7e00c38 T interrupt_init
c7e00cac T set_timer
c7e00cbc T reset_timer_masked
c7e00ce4 T get_timer_masked
c7e00d44 T get_timer
c7e00d58 T udelay_masked
c7e00dcc T get_ticks
c7e00de0 T get_tbclk
c7e00df8 T show_regs
c7e00f34 T bad_mode
c7e00f50 T do_irq
c7e00f74 T do_fiq
c7e00f98 T do_not_used
c7e00fbc T do_data_abort
c7e00fe0 T do_prefetch_abort
c7e01004 T do_software_interrupt
c7e01028 T do_undefined_instruction
c7e0104c T reset_timer
c7e01074 T udelay
c7e01108 t cp_delay
c7e01134 T cpu_init
c7e0113c T cpu_mmc_init
c7e01150 T cleanup_before_linux
c7e0117c T reset_cpu
c7e011a0 T do_reset
c7e011b8 T icache_enable
c7e011d4 T branch_status
c7e011e4 T dcache_status
c7e011f4 T icache_status
c7e01204 T branch_disable
c7e01220 T branch_enable
c7e0123c T dcache_disable
c7e01258 T dcache_enable
c7e01274 T icache_disable
c7e01290 T setup_sdhci0_cfg_card
c7e012c4 T setup_hsmmc0_cfg_gpio
c7e01304 T setup_hsmmc_clock
c7e013c8 T serial_setbrg
c7e013cc T serial_putc
c7e013f8 T serial_tstc
c7e0140c T serial_puts
c7e01430 T serial_getc
c7e0144c T serial_init
c7e01454 t get_PLLCLK
c7e014c0 T get_MPLL_CLK
c7e014c8 T get_UCLK
c7e014d0 T get_FCLK
c7e014d8 T get_ARMCLK
c7e01500 T get_HCLK
c7e01528 T get_PCLK
c7e01550 T print_cpuinfo
c7e015e8 T __udivsi3
c7e01600 t Loop1
c7e01614 t Lbignum
c7e01628 t Loop3
c7e01668 t Lgot_result
c7e01670 t Ldiv0
c7e01680 T sbrk
c7e016cc T __coloured_LED_init
c7e016cc W coloured_LED_init
c7e016d0 T __red_LED_on
c7e016d0 W red_LED_on
c7e016d4 T __red_LED_off
c7e016d4 W red_LED_off
c7e016d8 T __green_LED_on
c7e016d8 W green_LED_on
c7e016dc T __green_LED_off
c7e016dc W green_LED_off
c7e016e0 T __yellow_LED_on
c7e016e0 W yellow_LED_on
c7e016e4 T __yellow_LED_off
c7e016e4 W yellow_LED_off
c7e016e8 T hang
c7e016f8 t display_dram_config
c7e01728 t display_banner
c7e01748 t init_baudrate
c7e017a8 T start_armboot
c7e019f0 T strmhz
c7e01a60 T __divsi3
c7e01b78 t Ldiv0
c7e01ba0 T __modsi3
c7e01c74 t Ldiv0
c7e01ca0 t __fswab16
c7e01cc0 t __fswab32
c7e01ce0 t startAgainTimeout
c7e01cf4 t startAgainHandler
c7e01cf8 T NetSetHandler
c7e01d08 T NetCksum
c7e01d4c T NetCksumOk
c7e01d70 T copy_filename
c7e01dc0 T string_to_VLAN
c7e01e08 T getenv_VLAN
c7e01e18 T string_to_ip
c7e01e8c T getenv_IPaddr
c7e01e9c T NetEthHdrSize
c7e01ee0 T VLAN_to_string
c7e01f40 T ip_to_string
c7e01f8c T print_IPaddr
c7e01fb0 T NetSetEther
c7e02060 t NetCopyIP
c7e02068 T NetSetIP
c7e02174 t NetWriteIP
c7e02198 t NetReadIP
c7e021bc t PingHandler
c7e021ec T NetSendPacket
c7e021f0 T ArpRequest
c7e02314 T NetReceive
c7e028ec T PingSend
c7e02a74 T NetSetTimeout
c7e02ab0 T NetSendUDPPacket
c7e02c24 t PingTimeout
c7e02c40 T NetStartAgain
c7e02cc0 T ArpTimeoutCheck
c7e02d44 T NetLoop
c7e031d0 t __fswab16
c7e031f0 t TftpSend
c7e033a4 T TftpStart
c7e03648 t TftpTimeout
c7e036a4 t TftpHandler
c7e0398c t __fswab16
c7e039ac t __fswab32
c7e039cc t truncate_sz
c7e03a00 t NetCopyLong
c7e03a08 t NetCopyIP
c7e03a10 t DhcpOptionsProcess
c7e03bf0 t NetWriteIP
c7e03c14 t NetReadLong
c7e03c38 t DhcpExtended
c7e03e24 T BootpRequest
c7e03ffc T DhcpRequest
c7e04000 t DhcpHandler
c7e04380 t BootpTimeout
c7e043c8 T RarpRequest
c7e044cc t RarpHandler
c7e04528 t RarpTimeout
c7e04570 T eth_initialize
c7e04578 t __fswab32
c7e04598 t basename
c7e045d0 t dirname
c7e045ec t rpc_lookup_reply
c7e046a4 t rpc_add_credentials
c7e0477c t rpc_req
c7e04894 t rpc_lookup_req
c7e048f4 t NfsSend
c7e04b80 T NfsStart
c7e04df0 t NfsTimeout
c7e04e38 t NfsHandler
c7e0537c t __fswab32
c7e0539c T mmc_send_cmd
c7e053ac T mmc_set_blocklen
c7e053e4 T mmc_send_ext_csd
c7e05434 T mmc_set_relative_addr
c7e0546c T mmc_switch
c7e054bc T mmc_change_freq
c7e05594 T sd_switch
c7e05604 T mmc_set_ios
c7e05614 T mmc_set_clock
c7e05634 T mmc_set_bus_width
c7e0563c T mmc_send_if_cond
c7e056b8 T mmc_register
c7e05720 t __def_mmc_init
c7e05720 W board_mmc_init
c7e05728 T find_mmc_device
c7e05774 T mmc_get_dev
c7e05788 t mmc_bwrite
c7e05844 T movi_write
c7e0585c t mmc_bread
c7e059fc T movi_read
c7e05a14 T sd_change_freq
c7e05be8 T mmc_startup
c7e06214 T mmc_send_app_op_cond
c7e06308 T mmc_go_idle
c7e0635c T mmc_send_op_cond
c7e06408 T mmc_init
c7e0646c T mmc_initialize
c7e06528 T print_mmc_devices
c7e0659c T smdk_s3c_hsmmc_init
c7e0665c t sdhci_reset
c7e066c0 t sdhci_change_clock
c7e06790 t s3c_hsmmc_init
c7e067ec t s3c_hsmmc_set_ios
c7e06838 t s3c_hsmmc_send_command
c7e06af4 T nand_init
c7e06b94 t generic_ffs
c7e06bec t nand_release_device
c7e06c04 t nand_read_byte
c7e06c14 t nand_read_byte16
c7e06c28 t nand_read_word
c7e06c38 t nand_write_buf
c7e06c68 t nand_read_buf
c7e06c90 t nand_verify_buf
c7e06cd4 t nand_write_buf16
c7e06d04 t nand_read_buf16
c7e06d30 t nand_verify_buf16
c7e06d74 t nand_check_wp
c7e06db0 T nand_wait_ready
c7e06dc4 t nand_read_page_raw
c7e06dfc t nand_read_page_swecc
c7e06f14 t nand_read_page_hwecc
c7e0704c t nand_read_page_syndrome
c7e07170 t nand_read_oob_std
c7e071b4 t nand_read_oob_syndrome
c7e072c8 t nand_write_oob_std
c7e07338 t nand_write_oob_syndrome
c7e07500 t nand_write_page_raw
c7e07534 t nand_write_page_swecc
c7e075e4 t nand_write_page_hwecc
c7e076bc t nand_write_page_syndrome
c7e077ac t single_erase_cmd
c7e077e8 t multi_erase_cmd
c7e07874 T nand_release
c7e0789c T nand_scan_ident
c7e07dc8 t nand_resume
c7e07de8 T nand_scan_tail
c7e082cc T nand_scan
c7e082ec t nand_select_chip
c7e08348 t nand_block_isbad
c7e0839c t nand_block_markbad
c7e083d8 t nand_fill_oob
c7e084e4 t nand_do_write_oob
c7e085ec t nand_do_write_ops
c7e08918 t nand_write_page
c7e089e0 t nand_transfer_oob
c7e08af0 t nand_do_read_ops
c7e08e8c T nand_read
c7e08f28 t nand_command_lp
c7e09170 t nand_command
c7e0932c T nand_erase_nand
c7e095e0 t nand_erase
c7e095e8 t nand_default_block_markbad
c7e096c0 t nand_wait
c7e09794 t nand_block_bad
c7e098a4 t nand_suspend
c7e098ac t nand_sync
c7e098b0 t nand_write_oob
c7e09968 t nand_write
c7e09a1c t nand_read_oob
c7e09be8 T nand_calculate_ecc
c7e09ce0 T nand_correct_data
c7e09e08 t check_pattern
c7e09ec0 t scan_read_raw
c7e09f14 t search_bbt
c7e0a094 T nand_isbad_bbt
c7e0a0e4 t create_bbt
c7e0a3fc t read_bbt
c7e0a608 t read_abs_bbt
c7e0a6e4 t write_bbt
c7e0ad20 T nand_update_bbt
c7e0ae78 t mark_bbt_region
c7e0affc T nand_scan_bbt
c7e0b480 T nand_default_bbt
c7e0b558 t dm9000_outblk_8bit
c7e0b57c t dm9000_outblk_16bit
c7e0b5ac t dm9000_outblk_32bit
c7e0b5dc t dm9000_inblk_8bit
c7e0b600 t dm9000_inblk_16bit
c7e0b630 t dm9000_inblk_32bit
c7e0b660 t dm9000_rx_status_32bit
c7e0b680 t dm9000_rx_status_16bit
c7e0b6a0 t dm9000_rx_status_8bit
c7e0b6d0 t phy_write
c7e0b73c t phy_read
c7e0b798 T read_srom_word
c7e0b7fc t dm9000_reset
c7e0b8bc T write_srom_word
c7e0b924 T eth_halt
c7e0b96c T eth_init
c7e0bf2c T eth_rx
c7e0c090 T eth_send
c7e0c168 T __show_boot_progress
c7e0c168 W show_boot_progress
c7e0c16c T parse_line
c7e0c1f8 T do_run
c7e0c26c T run_command
c7e0c5f8 t cread_add_char
c7e0c6e8 t cread_add_str
c7e0c740 T readline_into_buffer
c7e0cde0 T readline
c7e0cdec T main_loop
c7e0cf4c t __fswab32
c7e0cf6c T autoscript
c7e0d098 T do_autoscript
c7e0d0dc t print_num
c7e0d0f0 T do_bdinfo
c7e0d1dc t __fswab32
c7e0d1fc T image_multi_count
c7e0d220 t get_table_entry_name
c7e0d248 T genimg_get_os_name
c7e0d260 T genimg_get_arch_name
c7e0d278 T genimg_get_type_name
c7e0d290 T genimg_get_comp_name
c7e0d2a8 T genimg_get_image
c7e0d2ac T genimg_has_config
c7e0d2b4 t get_table_entry_id
c7e0d300 T genimg_get_comp_id
c7e0d318 T genimg_get_type_id
c7e0d330 T genimg_get_arch_id
c7e0d348 T genimg_get_os_id
c7e0d360 T image_multi_getimg
c7e0d3ec t image_get_load
c7e0d3f4 t image_get_data_size
c7e0d3fc t image_check_magic
c7e0d420 T genimg_get_format
c7e0d45c T memmove_wd
c7e0d460 T getenv_bootm_size
c7e0d494 T getenv_bootm_low
c7e0d4c8 T getenv_yesno
c7e0d4ec t genimg_print_size
c7e0d518 T image_print_contents
c7e0d6e8 T image_check_dcrc
c7e0d724 T image_check_hcrc
c7e0d778 T boot_get_ramdisk
c7e0d9dc W do_go_exec
c7e0d9f4 T do_go
c7e0da80 t __fswab32
c7e0daa0 T __board_lmb_reserve
c7e0daa0 W board_lmb_reserve
c7e0daa4 t do_imls
c7e0daac t image_get_ep
c7e0dab4 t image_get_size
c7e0dabc t image_check_magic
c7e0dae0 t image_info
c7e0dba8 T print_image_hdr
c7e0dfa8 T do_iminfo
c7e0e008 T do_bootd
c7e0e02c T do_bootm
c7e0e7b0 t on_off
c7e0e7ec T do_dcache
c7e0e870 T do_icache
c7e0e8f4 T do_coninfo
c7e0e9d4 t cnvrt2
c7e0ea18 T mk_date
c7e0ebe4 T do_date
c7e0ecf8 T valid_elf_image
c7e0ed50 T load_elf_image
c7e0ee60 T do_bootvx
c7e0efdc W do_bootelf_exec
c7e0f020 T do_bootelf
c7e0f0c0 T ext_format
c7e0f1b4 T do_ext3_format
c7e0f1c4 T do_ext2_format
c7e0f1d4 T do_ext2load
c7e0f4c8 T do_ext2ls
c7e0f618 T do_fat_format
c7e0f708 T do_fat_fsinfo
c7e0f810 T do_fat_ls
c7e0f924 T do_fat_fsload
c7e0fac4 T flash_sect_protect
c7e0fadc T flash_sect_erase
c7e0faf4 T do_flinfo
c7e0fb2c t addr_spec
c7e0fbf0 t abbrev_spec
c7e0fd54 T do_protect
c7e0ff20 T do_flerase
c7e1006c t evalstr
c7e10088 t evalexp
c7e100d4 T binary_test
c7e102b0 T do_itest
c7e10358 T ktrans
c7e10380 T chk1
c7e103ac t bin_data_init
c7e103e4 t bin_data_char
c7e10428 T k_data_init
c7e10450 T k_data_save
c7e104b4 T k_data_restore
c7e10518 T k_data_char
c7e10580 T send_pad
c7e105b4 T s1_sendpacket
c7e105dc T handle_send_packet
c7e107d4 T send_nack
c7e10838 T send_ack
c7e1089c t getcxmodem
c7e108bc T do_load_serial_bin
c7e10fa4 T do_load_serial
c7e112b0 T do_mem_base
c7e112f4 T do_mem_crc
c7e113ac T do_mem_mtest
c7e114d4 T cmd_get_data_size
c7e1154c t mod_mem
c7e116cc T do_mem_nm
c7e116f4 T do_mem_mm
c7e1171c T do_mem_loop
c7e11814 T do_mem_cp
c7e11944 T do_mem_cmp
c7e11af0 T do_mem_mw
c7e11bc0 T do_mem_md
c7e11cc4 T do_sleep
c7e11d54 T do_mmcinfo
c7e11ed8 T do_mmcops
c7e121e0 t __fswab32
c7e12200 t nand_read
c7e12228 t str2long
c7e1226c t arg_off_size
c7e12348 T do_nandboot
c7e12584 T do_nand
c7e13178 T do_ping
c7e13200 t netboot_common
c7e13514 T do_nfs
c7e13520 T do_dhcp
c7e1352c T do_rarpb
c7e13538 T do_tftpb
c7e13544 T do_bootp
c7e13550 T envmatch
c7e135b0 T getenv_r
c7e13668 T do_saveenv
c7e13694 T getenv
c7e13704 T _do_setenv
c7e13bdc T do_setenv
c7e13c1c T setenv
c7e13c64 T do_printenv
c7e13de0 T do_reginfo
c7e13de8 T do_usbd_dnw
c7e13f00 T do_imgextract
c7e14140 T find_cmd
c7e141d4 T do_echo
c7e14258 T do_help
c7e14404 T do_version
c7e14424 T do_exit
c7e14454 T do_test
c7e148a4 t console_setfile
c7e14944 T fgetc
c7e1496c T ftstc
c7e14994 T fputc
c7e149c0 T fputs
c7e149ec T disable_ctrlc
c7e14a04 T had_ctrlc
c7e14a14 T clear_ctrlc
c7e14a28 T dbg
c7e14a34 T console_init_f
c7e14a44 T console_assign
c7e14ad4 T fprintf
c7e14b1c T puts
c7e14b38 T vprintf
c7e14b64 T printf
c7e14ba4 T console_init_r
c7e14d3c T serial_printf
c7e14d7c T putc
c7e14d9c T tstc
c7e14db4 T getc
c7e14dcc T ctrlc
c7e14e28 T devices_done
c7e14e44 T device_register
c7e14e68 T devices_init
c7e14f14 T malloc_bin_reloc
c7e14f4c T malloc_usable_size
c7e14f90 T mallopt
c7e15004 T malloc_trim
c7e150d8 T free
c7e15338 T cfree
c7e1533c T malloc
c7e15978 T memalign
c7e15a88 T pvalloc
c7e15aa0 T valloc
c7e15aac T calloc
c7e15b8c T realloc
c7e16004 T env_get_char_memory
c7e16024 T env_get_addr
c7e16044 T env_crc_update
c7e16070 T set_default_env
c7e160b8 T env_relocate
c7e16118 T env_get_char
c7e16168 t dummy
c7e1616c T get_version
c7e16174 T jumptable_init
c7e1624c T flash_protect
c7e16358 T addr2info
c7e16360 T flash_perror
c7e16440 T flash_write
c7e165b0 t b_reset
c7e165cc T simple_itoa
c7e16620 t static_get
c7e1663c t static_peek
c7e16648 t file_peek
c7e16654 t setup_string_in_str
c7e16680 t is_assignment
c7e166d8 T mapset
c7e166fc T u_boot_hush_start
c7e16778 t file_get
c7e1692c t xmalloc
c7e1694c T new_pipe
c7e16974 t syntax_err
c7e16980 t free_pipe_list
c7e16a70 t b_free
c7e16a94 t xrealloc
c7e16ab4 t done_command
c7e16b3c t done_pipe
c7e16b8c t initialize_context
c7e16bc4 t b_addchr
c7e16c44 t b_addqchr
c7e16c90 T reserved_word
c7e16dbc t done_word
c7e16f38 t insert_var_value
c7e170ec t set_local_var
c7e172a4 T update_ifs_map
c7e17314 t parse_stream_outer
c7e178fc T parse_file_outer
c7e17944 T parse_string_outer
c7e17a08 t run_list_real
c7e18248 T GetHandleSize
c7e18250 T ListSetAllocationPolicy
c7e18264 T ListGetPtrToItem
c7e18294 T ListGetDataPtr
c7e182a0 T ListGetItemSize
c7e182ac T ListNumItems
c7e182b8 T ListGetItems
c7e18300 T SetHandleSize
c7e1837c T ListInsertItems
c7e18540 T ListInsertItem
c7e18548 T DisposeHandle
c7e18568 T ListDispose
c7e1856c T NewHandle
c7e185c8 T ListCreate
c7e18628 t hex1_bin
c7e18664 t hex2_bin
c7e18698 T srec_decode
c7e188f4 T usb_disable_asynch
c7e1890c T usb_maxpacket
c7e18930 T usb_set_maxpacket
c7e189e0 T usb_get_dev_index
c7e18a08 T usb_hub_reset
c7e18a1c T usb_hub_allocate
c7e18a64 T usb_alloc_new_device
c7e18b00 T usb_parse_config
c7e18c54 T usb_submit_int_msg
c7e18c58 T wait_ms
c7e18c78 T usb_bulk_msg
c7e18cd8 T usb_control_msg
c7e18dd8 T usb_get_port_status
c7e18e38 T usb_get_hub_status
c7e18e90 T usb_set_port_feature
c7e18ef0 t usb_hub_power_on
c7e18f34 T usb_clear_port_feature
c7e18f94 T usb_clear_hub_feature
c7e18fec T usb_get_hub_descriptor
c7e1904c T usb_get_string
c7e190cc t usb_string_sub
c7e191d8 T usb_string
c7e192d4 T usb_get_class_descriptor
c7e1934c T usb_get_report
c7e193c4 T usb_set_idle
c7e19428 T usb_set_protocol
c7e19488 T usb_set_configuration
c7e194f0 T usb_set_interface
c7e195bc T usb_set_address
c7e19604 T usb_get_descriptor
c7e19674 T usb_get_configuration_no
c7e19714 T usb_new_device
c7e1994c T usb_hub_port_connect_change
c7e19a8c T usb_hub_configure
c7e19cac T usb_hub_probe
c7e19d0c T usb_scan_devices
c7e19d70 T usb_clear_halt
c7e19e14 T usb_init
c7e19ea8 T usb_stop
c7e19ed8 T parse_num
c7e1a00c T xyzModem_error
c7e1a0a8 T xyzModem_stream_close
c7e1a0fc T CYGACC_COMM_IF_PUTC
c7e1a108 T CYGACC_COMM_IF_GETC_TIMEOUT
c7e1a15c t xyzModem_flush
c7e1a190 T xyzModem_stream_terminate
c7e1a264 t xyzModem_get_hdr
c7e1a510 T xyzModem_stream_read
c7e1a78c T xyzModem_stream_open
c7e1a8e8 T do_movi
c7e1ac70 T init_raw_area_table
c7e1ae20 T do_lcd_test
c7e1b214 t reset_handler
c7e1b240 T fastboot_flash_get_ptn
c7e1b268 T fastboot_flash_get_ptn_count
c7e1b278 T fastboot_flash_find_ptn
c7e1b2f0 T fastboot_flash_dump_ptn
c7e1b3d0 T fastboot_flash_add_ptn
c7e1b410 t parse_env
c7e1b674 t write_to_ptn
c7e1b88c t rx_handler
c7e1c2b8 t set_partition_table
c7e1c540 t update_from_sd
c7e1c6a0 T do_sdfuse
c7e1c88c T do_fastboot
c7e1ca38 T calc_unit
c7e1caa4 T encode_chs
c7e1cac4 T get_SDInfo
c7e1cbbc T make_partitionInfo
c7e1cdb4 T put_mmc_mbr
c7e1ce28 T get_mmc_mbr
c7e1ce98 T get_mmc_block_count
c7e1cef0 T decode_partitionInfo
c7e1cf30 T get_mmc_part_info
c7e1cfcc T print_mmc_part_info
c7e1d160 T encode_partitionInfo
c7e1d1d4 T make_mmc_partition
c7e1d4a8 T create_mmc_fdisk
c7e1d530 T do_fdisk
c7e1d5a8 t nand_read
c7e1d5d0 t nand_write
c7e1d5f8 t nand_erase
c7e1d624 T env_get_char_spec
c7e1d630 T env_init
c7e1d64c T saveenv_onenand
c7e1d664 t use_default
c7e1d6f0 T env_relocate_spec_onenand
c7e1d6f4 T env_relocate_spec_movinand
c7e1d76c T env_relocate_spec_nor
c7e1d7c0 T env_relocate_spec_nand
c7e1d864 T env_relocate_spec
c7e1d8c4 T saveenv_nor
c7e1d9b0 T saveenv_nand_adv
c7e1daa4 T saveenv_nand
c7e1dc28 T saveenv_movinand
c7e1dc54 T saveenv
c7e1dcf4 T gunzip
c7e1de4c T zfree
c7e1de54 T zalloc
c7e1de64 T cyg_crc16
c7e1deac T board_init
c7e1defc T dram_init
c7e1df1c T board_late_init
c7e1df24 T virt_to_phy_smdk6450
c7e1df54 T checkboard
c7e1df6c t write_hword
c7e1e06c T write_buff
c7e1e1e4 T flash_print_info
c7e1e2fc T flash_erase
c7e1e50c T flash_init
c7e1e558 T crc32
c7e1e658 T crc32_no_comp
c7e1e750 T crc32_wd
c7e1e754 T print_size
c7e1e820 T display_options
c7e1e840 T print_buffer
c7e1e9c0 T lmb_dump_all
c7e1e9c4 t lmb_addrs_adjacent
c7e1e9e8 t lmb_remove_region
c7e1ea24 T lmb_init
c7e1ea4c t lmb_add_region
c7e1ec1c T lmb_add
c7e1ec20 T lmb_free
c7e1ed14 T lmb_reserve
c7e1ed1c T lmb_overlaps_region
c7e1ed70 T __lmb_alloc_base
c7e1ee7c T lmb_is_reserved
c7e1eed8 T lmb_alloc_base
c7e1ef0c T lmb_alloc
c7e1ef14 T strcpy
c7e1ef2c T strncpy
c7e1ef54 T strcat
c7e1ef80 T strncat
c7e1efcc T strcmp
c7e1eff8 T strncmp
c7e1f03c T strchr
c7e1f068 T strlen
c7e1f088 T strrchr
c7e1f0c0 T strnlen
c7e1f0e8 T strspn
c7e1f12c T strpbrk
c7e1f16c T strtok
c7e1f1f0 T strsep
c7e1f224 T strswab
c7e1f270 T memset
c7e1f28c T bcopy
c7e1f2b8 T memcpy
c7e1f2d8 T memmove
c7e1f320 T memcmp
c7e1f35c T memscan
c7e1f380 T strstr
c7e1f3e4 T memchr
c7e1f410 T strdup
c7e1f44c T simple_strtoul
c7e1f50c T simple_strtol
c7e1f534 t skip_atoi
c7e1f570 t number
c7e1f7d8 T panic
c7e1f830 T vsprintf
c7e1fc84 T sprintf
c7e1fcb4 t falloc
c7e1fcd8 t ffree
c7e1fcdc t inflate_trees_free
c7e1fd10 t huft_build
c7e20358 t inflate_codes_new
c7e203a8 t inflate_codes_free
c7e203c8 t inflate_blocks_reset
c7e20494 T inflateEnd
c7e20534 T inflateReset
c7e2059c T inflateSync
c7e2069c T inflateInit2
c7e207dc T inflateInit
c7e207e4 T adler32
c7e20958 t inflate_flush
c7e20acc T inflateIncomp
c7e20bfc T inflate
c7e22b58 t td_alloc
c7e22b98 t urb_free_priv
c7e22bd4 T rh_check_port_status
c7e22bdc T submit_common_msg
c7e22be4 T submit_control_msg
c7e22bec T submit_int_msg
c7e22bf4 T usb_lowlevel_init
c7e22bfc T usb_lowlevel_stop
c7e22c04 t td_fill
c7e22cb4 T sohci_submit_job
c7e23218 T submit_bulk_msg
c7e23220 t s3c_nand_hwcontrol
c7e23298 t s3c_nand_device_ready
c7e232b4 t s3c_nand_enable_hwecc
c7e23320 t s3c_nand_calculate_ecc
c7e233f4 t s3c_nand_write_oob_1bit
c7e234d4 t s3c_nand_read_oob_1bit
c7e23598 t s3c_nand_write_page_1bit
c7e2370c t s3c_nand_read_page_1bit
c7e238a0 t s3c_nand_read_page_4bit
c7e239b4 t s3c_nand_write_page_4bit
c7e23a8c t s3c_nand_correct_data
c7e23c68 t s3c_nand_scan_bbt
c7e23c6c T board_nand_init
c7e23ee4 T s3c_usb_phy_off
c7e23efc T s3c_usb_core_soft_reset
c7e23f1c T s3c_usb_init_core
c7e23f3c T s3c_usb_check_current_mode
c7e23f54 T s3c_usb_set_soft_disconnect
c7e23f6c T s3c_usb_clear_soft_disconnect
c7e23f84 T s3c_usb_init_device
c7e23fc8 T s3c_usbc_activate
c7e23fd0 T s3c_usb_set_inep_xfersize
c7e24004 T s3c_usb_set_outep_xfersize
c7e24038 T s3c_usb_write_ep0_fifo
c7e2408c T s3c_usb_write_in_fifo
c7e240e0 T s3c_usb_read_out_fifo
c7e24130 T s3c_usb_get_desc
c7e24300 T s3c_usb_clear_feature
c7e24394 T s3c_usb_set_feature
c7e24510 T s3c_usb_get_status
c7e245e0 T s3c_usb_ep0_int_hndlr
c7e24814 T s3c_usb_set_otherspeed_conf_desc
c7e24938 T s3c_usb_transfer_ep0
c7e2560c T s3c_usb_int_bulkin
c7e257dc T s3c_usb_upload_start
c7e25a0c T s3c_usb_download_start
c7e25c2c T s3c_usb_dma_in_done
c7e25d40 T s3c_usb_set_all_outep_nak
c7e25d68 T s3c_usb_clear_all_outep_nak
c7e25d90 T s3c_usb_set_max_pktsize
c7e25e40 T s3c_usb_set_endpoint
c7e25e98 T s3c_usb_set_descriptors
c7e26034 T s3c_usb_check_speed
c7e26050 T s3c_usb_clear_dnfile_info
c7e26090 T s3c_usb_clear_upfile_info
c7e260d0 T s3c_usb_check_setconf
c7e26100 T s3c_usb_set_opmode
c7e261d4 T s3c_usb_reset
c7e26240 T s3c_usb_set_init
c7e262d8 T s3c_usb_verify_checksum
c7e263b0 T s3c_usb_download_continue
c7e26528 T s3c_usb_int_bulkout
c7e26578 T s3c_usb_pkt_receive
c7e265fc T s3c_usb_print_pkt
c7e26648 T s3c_usb_dma_out_done
c7e26768 T s3c_usb_transfer
c7e26890 T s3c_udc_int_hndlr
c7e26920 T s3c_usb_wait_cable_insert
c7e26974 T s3c_usb_init_phy
c7e269c8 T s3c_usb_stop
c7e26a00 T s3c_usbctl_init
c7e26b1c T fboot_usb_phy_off
c7e26b34 T fboot_usb_core_soft_reset
c7e26b54 T fboot_usb_init_core
c7e26b74 T fboot_usb_check_current_mode
c7e26b8c T fboot_usb_set_soft_disconnect
c7e26ba4 T fboot_usb_clear_soft_disconnect
c7e26bbc T fboot_usb_init_device
c7e26c00 T fboot_usbc_activate
c7e26c08 T fboot_usb_stop
c7e26c40 T fboot_usb_set_inep_xfersize
c7e26c74 T fboot_usb_set_outep_xfersize
c7e26ca8 T fboot_usb_write_ep0_fifo
c7e26cfc T fboot_usb_write_in_fifo
c7e26d50 T fboot_usb_read_out_fifo
c7e26da0 T fboot_usb_get_desc
c7e26fa4 T fboot_usb_clear_feature
c7e27038 T fboot_usb_set_feature
c7e271b4 T fboot_usb_get_status
c7e27284 T fboot_usb_ep0_int_hndlr
c7e274b8 T fboot_usb_set_otherspeed_conf_desc
c7e275dc T fboot_usb_transfer_ep0
c7e28334 T fboot_usb_upload_start
c7e28564 T fboot_usb_download_start
c7e28784 T fboot_usb_dma_in_done
c7e28898 T fboot_usb_set_all_outep_nak
c7e288c0 T fboot_usb_clear_all_outep_nak
c7e288e8 T fboot_usb_set_max_pktsize
c7e28998 T fboot_usb_set_endpoint
c7e289f0 T fboot_usb_set_descriptors
c7e28b90 T fboot_usb_check_speed
c7e28bac T fboot_usb_clear_dnfile_info
c7e28bec T fboot_usb_clear_upfile_info
c7e28c2c T fboot_usb_check_setconf
c7e28c5c T fboot_usb_set_opmode
c7e28d30 T fboot_usb_reset
c7e28d9c T fastboot_shutdown
c7e28da0 T fastboot_fifo_size
c7e28dd0 T fastboot_getvar
c7e28dd8 T fboot_usb_int_bulkin
c7e28e8c T fastboot_preboot
c7e28eb0 T fboot_usb_set_init
c7e28f48 T fboot_usb_verify_checksum
c7e29014 T fboot_usb_download_continue
c7e291e0 T fboot_usb_print_pkt
c7e29220 T fboot_usb_dma_out_done
c7e29340 T fboot_usb_transfer
c7e2946c T fboot_usb_wait_cable_insert
c7e294b0 T fboot_usb_init_phy
c7e29504 T fboot_usbctl_init
c7e29620 T fastboot_init
c7e29704 T fboot_usb_int_bulkout
c7e297b4 T fboot_usb_pkt_receive
c7e29838 T fboot_usb_int_hndlr
c7e298f4 T fastboot_poll
c7e29948 T fastboot_tx_status
c7e299a4 T __ashldi3
c7e299c0 T __ashrdi3
c7e299dc T __umodsi3
c7e299f0 t Loop1
c7e29a04 t Lbignum
c7e29a18 t Loop3
c7e29a80 t Ldiv0
c7e29a90 T setup_mtdpartition_tag
c7e29b3c T do_bootm_linux
c7e29d8c T flush_cache
c7e29d90 t downcase
c7e29db8 T disk_read
c7e29e10 t setstr
c7e29e44 t dirdelim
c7e29e78 t compare_sign
c7e29ea8 t get_fatent
c7e2a020 t slot2str
c7e2a0ec t mkcksum
c7e2a120 t read_bootsectandvi
c7e2a210 T file_fat_detectfs
c7e2a35c t get_cluster
c7e2a404 t get_vfatname
c7e2a5a4 t get_name
c7e2a660 T do_fat_read
c7e2af84 T file_fat_read
c7e2afbc T file_fat_ls
c7e2afcc T fat_register_device
c7e2b0ec T fat_format_device
c7e2b754 T get_random_val
c7e2b770 T default_journal_size
c7e2b7b0 T ext2fs_format
c7e2e010 T ext2fs_free_node
c7e2e030 T ext2fs_close
c7e2e108 T ext2fs_read_file
c7e2e63c T ext2fs_read
c7e2e680 t ext2fs_read_inode
c7e2e748 T ext2fs_mount
c7e2e7f8 t ext2fs_iterate_dir
c7e2ea90 T ext2fs_find_file1
c7e2ed44 T ext2fs_find_file
c7e2edcc T ext2fs_open
c7e2ee70 T ext2fs_ls
c7e2eeec T ext2fs_devread
c7e2f0d4 T ext2fs_set_blk_dev
c7e2f128 T print_part
c7e2f204 T dev_print
c7e2f3d4 T get_partition_info
c7e2f3f8 T init_part
c7e2f414 T get_dev
c7e2f478 t le32_to_int
c7e2f4a0 t is_extended
c7e2f4c0 T test_part_dos
c7e2f514 t get_partition_info_extended
c7e2f740 T get_partition_info_dos
c7e2f768 t print_partition_extended
c7e2f938 T print_part_dos
c7e2f964 t nand_block_bad_scrub
c7e2f96c T nand_lock
c7e2f9c0 T nand_unlock
c7e2fad0 T nand_get_lock_status
c7e2fb5c T nand_read_opts
c7e2ff1c T nand_write_opts
c7e30480 T nand_erase_opts
c7e307e8 T GregorianDay
c7e308dc T to_tm
c7e309e4 T mktime
c7e30a78 t SetRTC_Access
c7e30ab4 t bcd2bin
c7e30acc t bin2bcd
c7e30afc T rtc_set
c7e30b98 T rtc_get
c7e30c8c T rtc_reset
c7e30cb4 T __div64_32
c7e30f34 r C.31.3163
c7e30fb4 R version_string
c7e30ff4 r default_nand_name
c7e30ffc r __FUNCTION__.4898
c7e3100c r __FUNCTION__.4418
c7e3101c r __FUNCTION__.3915
c7e3102e r C.40.3558
c7e31030 r __FUNCTION__.3394
c7e31044 r nand_ecc_precalc_table
c7e31144 r baudrate_table
c7e31158 r C.40.3328
c7e31164 r C.31.3147
c7e31174 r C.35.3245
c7e3118c r crc16_tab
c7e3138c r crc_table
c7e3178c r border
c7e317d8 r inflate_mask
c7e3181c R string_desc0
c7e31820 R string_desc1
c7e31836 R string_desc2
c7e31862 R qualifier_desc
c7e3186c R config_full
c7e31875 R config_full_total
c7e31895 R config_high
c7e3189e R config_high_total
c7e318c2 R fboot_string_desc0
c7e318c6 R fboot_string_desc1
c7e318de R fboot_string_desc2
c7e318f6 R string_desc3
c7e3190e R fboot_qualifier_desc
c7e31918 R fboot_config_full
c7e31921 R fboot_config_full_total
c7e31941 R fboot_config_high
c7e3194a R fboot_config_high_total
c7e3196c r block_drvr
c7e3197c r C.31.2806
c7e3ab08 D init_sequence
c7e3ab38 D NetBcastAddr
c7e3ab3e D NetOurVLAN
c7e3ab40 D NetOurNativeVLAN
c7e3ab42 d TftpBlkSize
c7e3ab44 d nfs_offset
c7e3ab48 d cur_dev_num
c7e3ab4c D nand_curr_device
c7e3ab50 d nand_oob_8
c7e3ada0 d nand_oob_16
c7e3aff0 d nand_oob_64
c7e3b240 d nand_oob_128
c7e3b490 D nand_flash_ids
c7e3ba18 D nand_manuf_ids
c7e3ba58 d bbt_main_descr
c7e3ba7c d bbt_mirror_descr
c7e3baa0 d agand_flashbased
c7e3bac4 d largepage_flashbased
c7e3bae8 d smallpage_flashbased
c7e3bb0c d largepage_memorybased
c7e3bb30 d smallpage_memorybased
c7e3bb54 d bbt_pattern
c7e3bb58 d mirror_pattern
c7e3bb5c d scan_agand_pattern
c7e3bb62 d scan_ff_pattern
c7e3bb64 d hist_cur
c7e3bb68 d uimage_comp
c7e3bb98 d uimage_type
c7e3bc10 d uimage_arch
c7e3bd00 d uimage_os
c7e3bd60 D load_addr
c7e3bd64 D weekdays
c7e3bd80 D op_table
c7e3bde8 d do_echo
c7e3bdec D dp_last_length
c7e3bdf0 D stdio_names
c7e3bdfc d trim_threshold
c7e3be00 d mmap_threshold
c7e3be04 d av_
c7e3c20c d sbrk_base
c7e3c210 D default_environment
c7e3c318 D default_environment_size
c7e3c31c d reserved_list
c7e3c3a0 d interface
c7e3c3bc D env_name_spec
c7e3c3c0 D _ctype
c7e3c4c0 D zlib_version
c7e3c4c4 D z_errmsg
c7e3c4e4 d cplens
c7e3c560 d cplext
c7e3c5dc d cpdist
c7e3c654 d cpdext
c7e3c6cc d fixed_left
c7e3c6d0 d s3c_nand_oob_64
c7e3c920 d s3c_nand_oob_16
c7e3cb70 d s3c_nand_oob_mlc_64
c7e3cdc0 D test_pkt
c7e3cdf8 D ptable_default
c7e3cebc D ptable_default_size
c7e3cec0 D fboot_test_pkt
c7e3cef8 d cur_part
c7e3cefc D indir1_blkno
c7e3cf00 D indir2_blkno
c7e3cf04 d autoplace_oobinfo
c7e3d154 d jffs2_oobinfo
c7e3d3a4 d yaffs_oobinfo
c7e3d5f4 d month_days
c7e3d624 A __u_boot_cmd_start
c7e3d624 D __u_boot_cmd_autoscr
c7e3d63c D __u_boot_cmd_bdinfo
c7e3d654 D __u_boot_cmd_go
c7e3d66c D __u_boot_cmd_reset
c7e3d684 D __u_boot_cmd_re
c7e3d69c D __u_boot_cmd_bootm
c7e3d6b4 D __u_boot_cmd_boot
c7e3d6cc D __u_boot_cmd_bootd
c7e3d6e4 D __u_boot_cmd_iminfo
c7e3d6fc D __u_boot_cmd_imls
c7e3d714 D __u_boot_cmd_icache
c7e3d72c D __u_boot_cmd_dcache
c7e3d744 D __u_boot_cmd_coninfo
c7e3d75c D __u_boot_cmd_date
c7e3d774 D __u_boot_cmd_bootelf
c7e3d78c D __u_boot_cmd_bootvx
c7e3d7a4 D __u_boot_cmd_ext2ls
c7e3d7bc D __u_boot_cmd_ext2load
c7e3d7d4 D __u_boot_cmd_ext2format
c7e3d7ec D __u_boot_cmd_ext3format
c7e3d804 D __u_boot_cmd_fatload
c7e3d81c D __u_boot_cmd_fatls
c7e3d834 D __u_boot_cmd_fatinfo
c7e3d84c D __u_boot_cmd_fatformat
c7e3d864 D __u_boot_cmd_flinfo
c7e3d87c D __u_boot_cmd_erase
c7e3d894 D __u_boot_cmd_protect
c7e3d8ac D __u_boot_cmd_itest
c7e3d8c4 D __u_boot_cmd_loads
c7e3d8dc D __u_boot_cmd_loadb
c7e3d8f4 D __u_boot_cmd_loady
c7e3d90c D __u_boot_cmd_md
c7e3d924 D __u_boot_cmd_mm
c7e3d93c D __u_boot_cmd_nm
c7e3d954 D __u_boot_cmd_mw
c7e3d96c D __u_boot_cmd_cp
c7e3d984 D __u_boot_cmd_cmp
c7e3d99c D __u_boot_cmd_crc32
c7e3d9b4 D __u_boot_cmd_base
c7e3d9cc D __u_boot_cmd_loop
c7e3d9e4 D __u_boot_cmd_mtest
c7e3d9fc D __u_boot_cmd_sleep
c7e3da14 D __u_boot_cmd_mmcinfo
c7e3da2c D __u_boot_cmd_mmc
c7e3da44 D __u_boot_cmd_nand
c7e3da5c D __u_boot_cmd_nboot
c7e3da74 D __u_boot_cmd_bootp
c7e3da8c D __u_boot_cmd_tftpboot
c7e3daa4 D __u_boot_cmd_rarpboot
c7e3dabc D __u_boot_cmd_dhcp
c7e3dad4 D __u_boot_cmd_nfs
c7e3daec D __u_boot_cmd_ping
c7e3db04 D __u_boot_cmd_printenv
c7e3db1c D __u_boot_cmd_setenv
c7e3db34 D __u_boot_cmd_saveenv
c7e3db4c D __u_boot_cmd_run
c7e3db64 D __u_boot_cmd_reginfo
c7e3db7c D __u_boot_cmd_dnw
c7e3db94 D __u_boot_cmd_imxtract
c7e3dbac D __u_boot_cmd_version
c7e3dbc4 D __u_boot_cmd_echo
c7e3dbdc D __u_boot_cmd_test
c7e3dbf4 D __u_boot_cmd_exit
c7e3dc0c D __u_boot_cmd_help
c7e3dc24 D __u_boot_cmd_question_mark
c7e3dc3c D __u_boot_cmd_movi
c7e3dc54 D __u_boot_cmd_lcd
c7e3dc6c D __u_boot_cmd_fastboot
c7e3dc84 D __u_boot_cmd_sdfuse
c7e3dc9c D __u_boot_cmd_fdisk
c7e3dcb4 A __u_boot_cmd_end
c7e40000 R mmu_table
c7e44000 A __bss_start
c7e44000 B timer_load_val
c7e44004 b timestamp
c7e44008 b lastdec
c7e4400c B movi_ch
c7e44010 B movi_emmc
c7e44014 B monitor_flash_len
c7e44018 b mem_malloc_start
c7e4401c b mem_malloc_end
c7e44020 b mem_malloc_brk
c7e44024 B NetOurSubnetMask
c7e44028 B NetOurGatewayIP
c7e4402c B NetOurDNSIP
c7e44030 B NetOurNISDomain
c7e44050 B NetOurHostName
c7e44070 B NetOurRootPath
c7e440b0 B NetBootFileSize
c7e440b2 B NetServerEther
c7e440b8 B NetEtherNullAddr
c7e440c0 B NetTxPacket
c7e440c4 B NetBootFileXferSize
c7e440c8 B NetOurEther
c7e440d0 B NetOurIP
c7e440d4 B NetServerIP
c7e440d8 B NetRxPackets
c7e440e8 B NetRxPkt
c7e440ec B NetRxPktLen
c7e440f0 B NetIPID
c7e440f4 B NetState
c7e440f8 B BootFile
c7e44178 B NetPingIP
c7e4417c B PktBuf
c7e45f9c B NetArpWaitPacketIP
c7e45fa0 B NetArpWaitReplyIP
c7e45fa4 B NetArpWaitPacketMAC
c7e45fa8 B NetArpWaitTxPacket
c7e45fac B NetArpWaitTxPacketSize
c7e45fb0 B NetArpWaitPacketBuf
c7e465d0 B NetArpWaitTimerStart
c7e465d4 B NetArpWaitTry
c7e465d8 b mac.3333
c7e465e0 b packetHandler
c7e465e4 b timeHandler
c7e465e8 b timeStart
c7e465ec b timeDelta
c7e465f0 b PingSeqNo
c7e465f4 b TftpServerIP
c7e465f8 b TftpServerPort
c7e465fc b TftpOurPort
c7e46600 b TftpTimeoutCount
c7e46604 b TftpBlock
c7e46608 b TftpLastBlock
c7e4660c b TftpBlockWrap
c7e46610 b TftpBlockWrapOffset
c7e46614 b TftpState
c7e46618 b default_filename
c7e46625 b tftp_filename
c7e466a8 B dhcp_state
c7e466ac B dhcp_leasetime
c7e466b0 B NetDHCPServerIP
c7e466b4 B BootpID
c7e466b8 B BootpTry
c7e466bc B RarpTry
c7e466c0 b rpc_id
c7e466c4 b fs_mounted
c7e466c8 b nfs_len
c7e466cc b dirfh
c7e466ec b filefh
c7e4670c b NfsDownloadState
c7e46710 b NfsServerIP
c7e46714 b NfsSrvMountPort
c7e46718 b NfsSrvNfsPort
c7e4671c b NfsOurPort
c7e46720 b NfsTimeoutCount
c7e46724 b NfsState
c7e46728 b default_filename
c7e46768 b nfs_filename
c7e4676c b nfs_path
c7e46770 b nfs_path_buff
c7e46f70 B mmc_global
c7e46f7c B mmc_default
c7e46f80 b mmc_devices
c7e46f88 B mmc_channel
c7e472b8 B mmc_host
c7e47354 B nand_info
c7e47408 b nand_chip
c7e4750c b nfloor
c7e47510 b dm9000_info
c7e475bc B hist_num
c7e475c0 B console_buffer
c7e476c0 B hist_list
c7e47710 B hist_lines
c7e48b10 b initted.3190
c7e48b14 b hist_max
c7e48b18 b hist_add_idx
c7e48b1c b images
c7e48b6c B os_data_count
c7e48b70 B his_eol
c7e48b74 B his_pad_count
c7e48b78 B his_pad_char
c7e48b79 B his_quote
c7e48b7c B os_data_init
c7e48b80 B os_data_char
c7e48b84 B send_parms
c7e48b98 B send_ptr
c7e48b9c b a_b
c7e48bb4 b os_data_state
c7e48bb8 b os_data_state_saved
c7e48bbc b os_data_count_saved
c7e48bc0 b os_data_addr
c7e48bc4 b os_data_addr_saved
c7e48bc8 b bin_start_address
c7e48bcc b k_data_escape
c7e48bd0 b k_data_escape_saved
c7e48bd4 B dp_last_addr
c7e48bd8 B dp_last_size
c7e48bdc B mm_last_addr
c7e48be0 B mm_last_size
c7e48be4 b base_address
c7e48be8 b ctrlc_was_pressed
c7e48bec b ctrlc_disabled
c7e48bf0 B devlist
c7e48bf4 B stdio_devices
c7e48c00 b top_pad
c7e48c04 b n_mmaps_max
c7e48c08 b current_mallinfo
c7e48c30 b max_sbrked_mem
c7e48c34 b max_total_mem
c7e48c38 B last_return_code
c7e48c3c B nesting_level
c7e48c40 b top_vars
c7e48c44 b flag_repeat
c7e48c48 b do_repeat
c7e48c4c b the_command.3087
c7e48d4c b buf.3539
c7e48d74 b local.3060
c7e48d8c b ifs
c7e48d90 b map
c7e48e90 B usb_started
c7e48e94 b usb_dev
c7e55714 b dev_index
c7e55718 b running
c7e5571c b asynch_allowed
c7e55720 b setup_packet
c7e55728 b hub_dev
c7e55828 b usb_hub_index
c7e5582c b xyz
c7e55c68 B raw_area_control
c7e55e68 b download_size
c7e55e6c b download_bytes
c7e55e70 b download_error
c7e55e74 b ptable
c7e56034 b pcount
c7e56038 B mbr
c7e56238 B env_ptr
c7e5623c B flash_info
c7e56240 B ___strtok
c7e56244 b fixed_lock
c7e56248 b fixed_built
c7e5624c b fixed_mem
c7e572dc b fixed_bl
c7e572e0 b fixed_bd
c7e572e4 b fixed_tl
c7e572e8 b fixed_td
c7e57300 B gtd
c7e58340 B ptd
c7e58400 B ghcca
c7e58500 B phcca
c7e58510 B ohci_dev
c7e586a0 B urb_priv
c7e58774 B got_rhsc
c7e58778 B devgone
c7e5877c b gohci
c7e58900 B boot_nand
c7e58904 B cur_ecc_mode
c7e58908 B nand_type
c7e5890c B s3c_receive_done
c7e58910 B s3c_got_header
c7e58914 B op_mode
c7e58918 B speed
c7e5891c B s3c_usbd_dn_addr
c7e58920 B DNW
c7e58924 B remode_wakeup
c7e58928 B config_value
c7e5892a B otg
c7e589ae B get_status
c7e589b3 B get_intf
c7e589b4 B fboot_response_flag
c7e589b8 B fboot_usbd_dn_addr
c7e589bc B fboot_usbd_dn_cnt
c7e589c0 B fboot_receive_done
c7e589c4 B fboot_got_header
c7e589c8 B fboot_op_mode
c7e589cc B fboot_speed
c7e589d0 B tx_msg_buf
c7e589d4 B total_dn_size
c7e589d8 B reply_msg
c7e589dc B transfer_size
c7e589e0 B fboot_remode_wakeup
c7e589e4 B fboot_config_value
c7e589e6 B fboot_otg
c7e58a6a B fboot_get_status
c7e58a6f B fboot_get_intf
c7e58a70 b fastboot_interface
c7e58a74 b serial_number.4399
c7e58a94 b device_strings
c7e58a9c b fastboot_bulk_fifo
c7e58ca0 b params
c7e58ca4 B get_vfatname_block
c7e68ca4 B get_dentfromdir_block
c7e78ca4 B do_fat_read_block
c7e88ca4 b cur_dev
c7e88ca8 b part_offset
c7e88cac B ext2fs_root
c7e88cb0 B ext2fs_file
c7e88cb4 B symlinknest
c7e88cb8 B indir1_block
c7e88cbc B indir1_size
c7e88cc0 B indir2_block
c7e88cc4 B indir2_size
c7e88cc8 b ext2fs_block_dev_desc
c7e88ccc b part_info
c7e88d18 b none_oobinfo
c7e88f68 b data_buf
c7e89768 b oob_buf
c7e897a8 A _end
