c7e00000 T _start
c7e00020 t _undefined_instruction
c7e00024 t _software_interrupt
c7e00028 t _prefetch_abort
c7e0002c t _data_abort
c7e00030 t _not_used
c7e00034 t _irq
c7e00038 t _fiq
c7e0003c t _pad
c7e00040 T _end_vect
c7e00040 t _TEXT_BASE
c7e00044 t _TEXT_PHY_BASE
c7e00048 T _armboot_start
c7e0004c T _bss_start
c7e00050 T _bss_end
c7e00054 t reset
c7e00064 t cpu_init_crit
c7e000c0 T after_copy
c7e000c0 t enable_mmu
c7e000e0 t mmu_on
c7e000fc t skip_hw_init
c7e000fc t stack_setup
c7e00100 t clear_bss
c7e0010c t clbss_l
c7e0013c t _start_armboot
c7e00140 t _mmu_table_base
c7e00144 T copy_from_nand
c7e00190 t copy_failed
c7e00198 t compare_failed
c7e001a0 T theLastJump
c7e001bc t phy_last_jump
c7e001e0 t undefined_instruction
c7e00240 t software_interrupt
c7e002a0 t prefetch_abort
c7e00300 t data_abort
c7e00360 t not_used
c7e003c0 t irq
c7e00420 t fiq
c7e00480 T arm1136_cache_flush
c7e004c0 t _TEXT_PHY_BASE
c7e004c4 T load_bl2_irom
c7e00514 t nand
c7e00534 t nand_adv
c7e0053c t emmc
c7e0054c t movinand
c7e00564 T mem_ctrl_asm_init
c7e006a8 t _TEXT_BASE
c7e006ac T lowlevel_init
c7e0073c t wakeup_reset
c7e00768 t system_clock_init
c7e00838 t uart_asm_init
c7e008c0 T nand_asm_init
c7e008e4 t tzpc_init
c7e009b0 T nand_bl2_copy
c7e00a10 T nand_bl2_copy_adv
c7e00a70 T copy_uboot_to_ram
c7e00b94 T movi_bl2_copy
c7e00bb8 T movi_write_bl1
c7e00c10 T movi_write_env
c7e00c28 T movi_read_env
c7e00c40 T print_movi_bl2_info
c7e00c58 T __div0
c7e00c5c T enable_interrupts
c7e00c60 T disable_interrupts
c7e00c68 T interrupt_init
c7e00cdc T set_timer
c7e00cec T reset_timer_masked
c7e00d14 T get_timer_masked
c7e00d74 T get_timer
c7e00d88 T udelay_masked
c7e00dfc T get_ticks
c7e00e10 T get_tbclk
c7e00e28 T show_regs
c7e00f64 T bad_mode
c7e00f80 T do_irq
c7e00fa4 T do_fiq
c7e00fc8 T do_not_used
c7e00fec T do_data_abort
c7e01010 T do_prefetch_abort
c7e01034 T do_software_interrupt
c7e01058 T do_undefined_instruction
c7e0107c T reset_timer
c7e010a4 T udelay
c7e01138 t cp_delay
c7e01164 T cpu_init
c7e0116c T cpu_mmc_init
c7e01180 T cleanup_before_linux
c7e011ac T reset_cpu
c7e011d0 T do_reset
c7e011e8 T icache_enable
c7e01204 T branch_status
c7e01214 T dcache_status
c7e01224 T icache_status
c7e01234 T branch_disable
c7e01250 T branch_enable
c7e0126c T dcache_disable
c7e01288 T dcache_enable
c7e012a4 T icache_disable
c7e012c0 T setup_sdhci0_cfg_card
c7e012f4 T setup_hsmmc0_cfg_gpio
c7e01334 T setup_hsmmc_clock
c7e013f8 T serial_setbrg
c7e013fc T serial_putc
c7e01428 T serial_tstc
c7e0143c T serial_puts
c7e01460 T serial_getc
c7e0147c T serial_init
c7e01484 t get_PLLCLK
c7e014f0 T get_MPLL_CLK
c7e014f8 T get_UCLK
c7e01500 T get_FCLK
c7e01508 T get_ARMCLK
c7e01530 T get_HCLK
c7e01558 T get_PCLK
c7e01580 T print_cpuinfo
c7e01618 T __udivsi3
c7e01630 t Loop1
c7e01644 t Lbignum
c7e01658 t Loop3
c7e01698 t Lgot_result
c7e016a0 t Ldiv0
c7e016b0 T sbrk
c7e016fc T __coloured_LED_init
c7e016fc W coloured_LED_init
c7e01700 T __red_LED_on
c7e01700 W red_LED_on
c7e01704 T __red_LED_off
c7e01704 W red_LED_off
c7e01708 T __green_LED_on
c7e01708 W green_LED_on
c7e0170c T __green_LED_off
c7e0170c W green_LED_off
c7e01710 T __yellow_LED_on
c7e01710 W yellow_LED_on
c7e01714 T __yellow_LED_off
c7e01714 W yellow_LED_off
c7e01718 T hang
c7e01728 t display_dram_config
c7e01758 t display_banner
c7e01778 t init_baudrate
c7e017d8 T start_armboot
c7e01a20 T strmhz
c7e01aa0 T __divsi3
c7e01bb8 t Ldiv0
c7e01be0 T __modsi3
c7e01cb4 t Ldiv0
c7e01ce0 t __fswab16
c7e01d00 t __fswab32
c7e01d20 t startAgainTimeout
c7e01d34 t startAgainHandler
c7e01d38 T NetSetHandler
c7e01d48 T NetCksum
c7e01d8c T NetCksumOk
c7e01db0 T copy_filename
c7e01e00 T string_to_VLAN
c7e01e48 T getenv_VLAN
c7e01e58 T string_to_ip
c7e01ecc T getenv_IPaddr
c7e01edc T NetEthHdrSize
c7e01f20 T VLAN_to_string
c7e01f80 T ip_to_string
c7e01fcc T print_IPaddr
c7e01ff0 T NetSetEther
c7e020a0 t NetCopyIP
c7e020a8 T NetSetIP
c7e021b4 t NetWriteIP
c7e021d8 t NetReadIP
c7e021fc t PingHandler
c7e0222c T NetSendPacket
c7e02230 T ArpRequest
c7e02354 T NetReceive
c7e0292c T PingSend
c7e02ab4 T NetSetTimeout
c7e02af0 T NetSendUDPPacket
c7e02c64 t PingTimeout
c7e02c80 T NetStartAgain
c7e02d00 T ArpTimeoutCheck
c7e02d84 T NetLoop
c7e03210 t __fswab16
c7e03230 t TftpSend
c7e033e4 T TftpStart
c7e03688 t TftpTimeout
c7e036e4 t TftpHandler
c7e039cc t __fswab16
c7e039ec t __fswab32
c7e03a0c t truncate_sz
c7e03a40 t NetCopyLong
c7e03a48 t NetCopyIP
c7e03a50 t DhcpOptionsProcess
c7e03c30 t NetWriteIP
c7e03c54 t NetReadLong
c7e03c78 t DhcpExtended
c7e03e64 T BootpRequest
c7e0403c T DhcpRequest
c7e04040 t DhcpHandler
c7e043c0 t BootpTimeout
c7e04408 T RarpRequest
c7e0450c t RarpHandler
c7e04568 t RarpTimeout
c7e045b0 T eth_initialize
c7e045b8 t __fswab32
c7e045d8 t basename
c7e04610 t dirname
c7e0462c t rpc_lookup_reply
c7e046e4 t rpc_add_credentials
c7e047bc t rpc_req
c7e048d4 t rpc_lookup_req
c7e04934 t NfsSend
c7e04bc0 T NfsStart
c7e04e30 t NfsTimeout
c7e04e78 t NfsHandler
c7e053bc t __fswab32
c7e053dc T mmc_send_cmd
c7e053ec T mmc_set_blocklen
c7e05424 T mmc_send_ext_csd
c7e05474 T mmc_set_relative_addr
c7e054ac T mmc_switch
c7e054fc T mmc_change_freq
c7e055d4 T sd_switch
c7e05644 T mmc_set_ios
c7e05654 T mmc_set_clock
c7e05674 T mmc_set_bus_width
c7e0567c T mmc_send_if_cond
c7e056f8 T mmc_register
c7e05760 t __def_mmc_init
c7e05760 W board_mmc_init
c7e05768 T find_mmc_device
c7e057b4 T mmc_get_dev
c7e057c8 t mmc_bwrite
c7e05884 T movi_write
c7e0589c t mmc_bread
c7e05a3c T movi_read
c7e05a54 T sd_change_freq
c7e05c28 T mmc_startup
c7e06254 T mmc_send_app_op_cond
c7e06348 T mmc_go_idle
c7e0639c T mmc_send_op_cond
c7e06448 T mmc_init
c7e064ac T mmc_initialize
c7e06568 T print_mmc_devices
c7e065dc T smdk_s3c_hsmmc_init
c7e0669c t sdhci_reset
c7e06700 t sdhci_change_clock
c7e067d0 t s3c_hsmmc_init
c7e0682c t s3c_hsmmc_set_ios
c7e06878 t s3c_hsmmc_send_command
c7e06b34 T nand_init
c7e06bd4 t generic_ffs
c7e06c2c t nand_release_device
c7e06c44 t nand_read_byte
c7e06c54 t nand_read_byte16
c7e06c68 t nand_read_word
c7e06c78 t nand_write_buf
c7e06ca8 t nand_read_buf
c7e06cd0 t nand_verify_buf
c7e06d14 t nand_write_buf16
c7e06d44 t nand_read_buf16
c7e06d70 t nand_verify_buf16
c7e06db4 t nand_check_wp
c7e06df0 T nand_wait_ready
c7e06e04 t nand_read_page_raw
c7e06e3c t nand_read_page_swecc
c7e06f54 t nand_read_page_hwecc
c7e0708c t nand_read_page_syndrome
c7e071b0 t nand_read_oob_std
c7e071f4 t nand_read_oob_syndrome
c7e07308 t nand_write_oob_std
c7e07378 t nand_write_oob_syndrome
c7e07540 t nand_write_page_raw
c7e07574 t nand_write_page_swecc
c7e07624 t nand_write_page_hwecc
c7e076fc t nand_write_page_syndrome
c7e077ec t single_erase_cmd
c7e07828 t multi_erase_cmd
c7e078b4 T nand_release
c7e078dc T nand_scan_ident
c7e07e08 t nand_resume
c7e07e28 T nand_scan_tail
c7e0830c T nand_scan
c7e0832c t nand_select_chip
c7e08388 t nand_block_isbad
c7e083dc t nand_block_markbad
c7e08418 t nand_fill_oob
c7e08524 t nand_do_write_oob
c7e0862c t nand_do_write_ops
c7e08958 t nand_write_page
c7e08a20 t nand_transfer_oob
c7e08b30 t nand_do_read_ops
c7e08ecc T nand_read
c7e08f68 t nand_command_lp
c7e091b0 t nand_command
c7e0936c T nand_erase_nand
c7e09620 t nand_erase
c7e09628 t nand_default_block_markbad
c7e09700 t nand_wait
c7e097d4 t nand_block_bad
c7e098e4 t nand_suspend
c7e098ec t nand_sync
c7e098f0 t nand_write_oob
c7e099a8 t nand_write
c7e09a5c t nand_read_oob
c7e09c28 T nand_calculate_ecc
c7e09d20 T nand_correct_data
c7e09e48 t check_pattern
c7e09f00 t scan_read_raw
c7e09f54 t search_bbt
c7e0a0d4 T nand_isbad_bbt
c7e0a124 t create_bbt
c7e0a43c t read_bbt
c7e0a648 t read_abs_bbt
c7e0a724 t write_bbt
c7e0ad60 T nand_update_bbt
c7e0aeb8 t mark_bbt_region
c7e0b03c T nand_scan_bbt
c7e0b4c0 T nand_default_bbt
c7e0b598 t dm9000_outblk_8bit
c7e0b5bc t dm9000_outblk_16bit
c7e0b5ec t dm9000_outblk_32bit
c7e0b61c t dm9000_inblk_8bit
c7e0b640 t dm9000_inblk_16bit
c7e0b670 t dm9000_inblk_32bit
c7e0b6a0 t dm9000_rx_status_32bit
c7e0b6c0 t dm9000_rx_status_16bit
c7e0b6e0 t dm9000_rx_status_8bit
c7e0b710 t phy_write
c7e0b77c t phy_read
c7e0b7d8 T read_srom_word
c7e0b83c t dm9000_reset
c7e0b8fc T write_srom_word
c7e0b964 T eth_halt
c7e0b9ac T eth_init
c7e0bf6c T eth_rx
c7e0c0d0 T eth_send
c7e0c1a8 T __show_boot_progress
c7e0c1a8 W show_boot_progress
c7e0c1ac T parse_line
c7e0c238 T do_run
c7e0c2ac T run_command
c7e0c638 t cread_add_char
c7e0c728 t cread_add_str
c7e0c780 T readline_into_buffer
c7e0ce20 T readline
c7e0ce2c T main_loop
c7e0cf8c t __fswab32
c7e0cfac T autoscript
c7e0d0d8 T do_autoscript
c7e0d11c t print_num
c7e0d130 T do_bdinfo
c7e0d21c t __fswab32
c7e0d23c T image_multi_count
c7e0d260 t get_table_entry_name
c7e0d288 T genimg_get_os_name
c7e0d2a0 T genimg_get_arch_name
c7e0d2b8 T genimg_get_type_name
c7e0d2d0 T genimg_get_comp_name
c7e0d2e8 T genimg_get_image
c7e0d2ec T genimg_has_config
c7e0d2f4 t get_table_entry_id
c7e0d340 T genimg_get_comp_id
c7e0d358 T genimg_get_type_id
c7e0d370 T genimg_get_arch_id
c7e0d388 T genimg_get_os_id
c7e0d3a0 T image_multi_getimg
c7e0d42c t image_get_load
c7e0d434 t image_get_data_size
c7e0d43c t image_check_magic
c7e0d460 T genimg_get_format
c7e0d49c T memmove_wd
c7e0d4a0 T getenv_bootm_size
c7e0d4d4 T getenv_bootm_low
c7e0d508 T getenv_yesno
c7e0d52c t genimg_print_size
c7e0d558 T image_print_contents
c7e0d728 T image_check_dcrc
c7e0d764 T image_check_hcrc
c7e0d7b8 T boot_get_ramdisk
c7e0da1c W do_go_exec
c7e0da34 T do_go
c7e0dac0 t __fswab32
c7e0dae0 T __board_lmb_reserve
c7e0dae0 W board_lmb_reserve
c7e0dae4 t do_imls
c7e0daec t image_get_ep
c7e0daf4 t image_get_size
c7e0dafc t image_check_magic
c7e0db20 t image_info
c7e0dbe8 T print_image_hdr
c7e0dfe8 T do_iminfo
c7e0e048 T do_bootd
c7e0e06c T do_bootm
c7e0e7f0 t on_off
c7e0e82c T do_dcache
c7e0e8b0 T do_icache
c7e0e934 T do_coninfo
c7e0ea14 t cnvrt2
c7e0ea58 T mk_date
c7e0ec24 T do_date
c7e0ed38 T valid_elf_image
c7e0ed90 T load_elf_image
c7e0eea0 T do_bootvx
c7e0f01c W do_bootelf_exec
c7e0f060 T do_bootelf
c7e0f100 T ext_format
c7e0f1f4 T do_ext3_format
c7e0f204 T do_ext2_format
c7e0f214 T do_ext2load
c7e0f508 T do_ext2ls
c7e0f658 T do_fat_format
c7e0f748 T do_fat_fsinfo
c7e0f850 T do_fat_ls
c7e0f964 T do_fat_fsload
c7e0fb04 T flash_sect_protect
c7e0fb1c T flash_sect_erase
c7e0fb34 T do_flinfo
c7e0fb6c t addr_spec
c7e0fc30 t abbrev_spec
c7e0fd94 T do_protect
c7e0ff60 T do_flerase
c7e100ac t evalstr
c7e100c8 t evalexp
c7e10114 T binary_test
c7e102f0 T do_itest
c7e10398 T ktrans
c7e103c0 T chk1
c7e103ec t bin_data_init
c7e10424 t bin_data_char
c7e10468 T k_data_init
c7e10490 T k_data_save
c7e104f4 T k_data_restore
c7e10558 T k_data_char
c7e105c0 T send_pad
c7e105f4 T s1_sendpacket
c7e1061c T handle_send_packet
c7e10814 T send_nack
c7e10878 T send_ack
c7e108dc t getcxmodem
c7e108fc T do_load_serial_bin
c7e10fe4 T do_load_serial
c7e112f0 T do_mem_base
c7e11334 T do_mem_crc
c7e113ec T do_mem_mtest
c7e11514 T cmd_get_data_size
c7e1158c t mod_mem
c7e1170c T do_mem_nm
c7e11734 T do_mem_mm
c7e1175c T do_mem_loop
c7e11854 T do_mem_cp
c7e11984 T do_mem_cmp
c7e11b30 T do_mem_mw
c7e11c00 T do_mem_md
c7e11d04 T do_sleep
c7e11d94 T do_mmcinfo
c7e11f18 T do_mmcops
c7e12220 t __fswab32
c7e12240 t nand_read
c7e12268 t str2long
c7e122ac t arg_off_size
c7e12388 T do_nandboot
c7e125c4 T do_nand
c7e131b8 T do_ping
c7e13240 t netboot_common
c7e13554 T do_nfs
c7e13560 T do_dhcp
c7e1356c T do_rarpb
c7e13578 T do_tftpb
c7e13584 T do_bootp
c7e13590 T envmatch
c7e135f0 T getenv_r
c7e136a8 T do_saveenv
c7e136d4 T getenv
c7e13744 T _do_setenv
c7e13c1c T do_setenv
c7e13c5c T setenv
c7e13ca4 T do_printenv
c7e13e20 T do_reginfo
c7e13e28 T do_usbd_dnw
c7e13f40 T do_imgextract
c7e14180 T find_cmd
c7e14214 T do_echo
c7e14298 T do_help
c7e14444 T do_version
c7e14464 T do_exit
c7e14494 T do_test
c7e148e4 t console_setfile
c7e14984 T fgetc
c7e149ac T ftstc
c7e149d4 T fputc
c7e14a00 T fputs
c7e14a2c T disable_ctrlc
c7e14a44 T had_ctrlc
c7e14a54 T clear_ctrlc
c7e14a68 T dbg
c7e14a74 T console_init_f
c7e14a84 T console_assign
c7e14b14 T fprintf
c7e14b5c T puts
c7e14b78 T vprintf
c7e14ba4 T printf
c7e14be4 T console_init_r
c7e14d7c T serial_printf
c7e14dbc T putc
c7e14ddc T tstc
c7e14df4 T getc
c7e14e0c T ctrlc
c7e14e68 T devices_done
c7e14e84 T device_register
c7e14ea8 T devices_init
c7e14f54 T malloc_bin_reloc
c7e14f8c T malloc_usable_size
c7e14fd0 T mallopt
c7e15044 T malloc_trim
c7e15118 T free
c7e15378 T cfree
c7e1537c T malloc
c7e159b8 T memalign
c7e15ac8 T pvalloc
c7e15ae0 T valloc
c7e15aec T calloc
c7e15bcc T realloc
c7e16044 T env_get_char_memory
c7e16064 T env_get_addr
c7e16084 T env_crc_update
c7e160b0 T set_default_env
c7e160f8 T env_relocate
c7e16158 T env_get_char
c7e161a8 t dummy
c7e161ac T get_version
c7e161b4 T jumptable_init
c7e1628c T flash_protect
c7e16398 T addr2info
c7e163a0 T flash_perror
c7e16480 T flash_write
c7e165f0 t b_reset
c7e1660c T simple_itoa
c7e16660 t static_get
c7e1667c t static_peek
c7e16688 t file_peek
c7e16694 t setup_string_in_str
c7e166c0 t is_assignment
c7e16718 T mapset
c7e1673c T u_boot_hush_start
c7e167b8 t file_get
c7e1696c t xmalloc
c7e1698c T new_pipe
c7e169b4 t syntax_err
c7e169c0 t free_pipe_list
c7e16ab0 t b_free
c7e16ad4 t xrealloc
c7e16af4 t done_command
c7e16b7c t done_pipe
c7e16bcc t initialize_context
c7e16c04 t b_addchr
c7e16c84 t b_addqchr
c7e16cd0 T reserved_word
c7e16dfc t done_word
c7e16f78 t insert_var_value
c7e1712c t set_local_var
c7e172e4 T update_ifs_map
c7e17354 t parse_stream_outer
c7e1793c T parse_file_outer
c7e17984 T parse_string_outer
c7e17a48 t run_list_real
c7e18288 T GetHandleSize
c7e18290 T ListSetAllocationPolicy
c7e182a4 T ListGetPtrToItem
c7e182d4 T ListGetDataPtr
c7e182e0 T ListGetItemSize
c7e182ec T ListNumItems
c7e182f8 T ListGetItems
c7e18340 T SetHandleSize
c7e183bc T ListInsertItems
c7e18580 T ListInsertItem
c7e18588 T DisposeHandle
c7e185a8 T ListDispose
c7e185ac T NewHandle
c7e18608 T ListCreate
c7e18668 t hex1_bin
c7e186a4 t hex2_bin
c7e186d8 T srec_decode
c7e18934 T usb_disable_asynch
c7e1894c T usb_maxpacket
c7e18970 T usb_set_maxpacket
c7e18a20 T usb_get_dev_index
c7e18a48 T usb_hub_reset
c7e18a5c T usb_hub_allocate
c7e18aa4 T usb_alloc_new_device
c7e18b40 T usb_parse_config
c7e18c94 T usb_submit_int_msg
c7e18c98 T wait_ms
c7e18cb8 T usb_bulk_msg
c7e18d18 T usb_control_msg
c7e18e18 T usb_get_port_status
c7e18e78 T usb_get_hub_status
c7e18ed0 T usb_set_port_feature
c7e18f30 t usb_hub_power_on
c7e18f74 T usb_clear_port_feature
c7e18fd4 T usb_clear_hub_feature
c7e1902c T usb_get_hub_descriptor
c7e1908c T usb_get_string
c7e1910c t usb_string_sub
c7e19218 T usb_string
c7e19314 T usb_get_class_descriptor
c7e1938c T usb_get_report
c7e19404 T usb_set_idle
c7e19468 T usb_set_protocol
c7e194c8 T usb_set_configuration
c7e19530 T usb_set_interface
c7e195fc T usb_set_address
c7e19644 T usb_get_descriptor
c7e196b4 T usb_get_configuration_no
c7e19754 T usb_new_device
c7e1998c T usb_hub_port_connect_change
c7e19acc T usb_hub_configure
c7e19cec T usb_hub_probe
c7e19d4c T usb_scan_devices
c7e19db0 T usb_clear_halt
c7e19e54 T usb_init
c7e19ee8 T usb_stop
c7e19f18 T parse_num
c7e1a04c T xyzModem_error
c7e1a0e8 T xyzModem_stream_close
c7e1a13c T CYGACC_COMM_IF_PUTC
c7e1a148 T CYGACC_COMM_IF_GETC_TIMEOUT
c7e1a19c t xyzModem_flush
c7e1a1d0 T xyzModem_stream_terminate
c7e1a2a4 t xyzModem_get_hdr
c7e1a550 T xyzModem_stream_read
c7e1a7cc T xyzModem_stream_open
c7e1a928 T do_movi
c7e1acb0 T init_raw_area_table
c7e1ae60 T do_lcd_test
c7e1b254 t reset_handler
c7e1b280 T fastboot_flash_get_ptn
c7e1b2a8 T fastboot_flash_get_ptn_count
c7e1b2b8 T fastboot_flash_find_ptn
c7e1b330 T fastboot_flash_dump_ptn
c7e1b410 T fastboot_flash_add_ptn
c7e1b450 t parse_env
c7e1b6b4 t write_to_ptn
c7e1b8cc t rx_handler
c7e1c2f8 t set_partition_table
c7e1c580 t update_from_sd
c7e1c6e0 T do_sdfuse
c7e1c8cc T do_fastboot
c7e1ca78 T calc_unit
c7e1cae4 T encode_chs
c7e1cb04 T get_SDInfo
c7e1cbfc T make_partitionInfo
c7e1cdf4 T put_mmc_mbr
c7e1ce68 T get_mmc_mbr
c7e1ced8 T get_mmc_block_count
c7e1cf30 T decode_partitionInfo
c7e1cf70 T get_mmc_part_info
c7e1d00c T print_mmc_part_info
c7e1d1a0 T encode_partitionInfo
c7e1d214 T make_mmc_partition
c7e1d4e8 T create_mmc_fdisk
c7e1d570 T do_fdisk
c7e1d5e8 t nand_read
c7e1d610 t nand_write
c7e1d638 t nand_erase
c7e1d664 T env_get_char_spec
c7e1d670 T env_init
c7e1d68c T saveenv_onenand
c7e1d6a4 t use_default
c7e1d730 T env_relocate_spec_onenand
c7e1d734 T env_relocate_spec_movinand
c7e1d7ac T env_relocate_spec_nor
c7e1d800 T env_relocate_spec_nand
c7e1d8a4 T env_relocate_spec
c7e1d904 T saveenv_nor
c7e1d9f0 T saveenv_nand_adv
c7e1dae4 T saveenv_nand
c7e1dc68 T saveenv_movinand
c7e1dc94 T saveenv
c7e1dd34 T gunzip
c7e1de8c T zfree
c7e1de94 T zalloc
c7e1dea4 T cyg_crc16
c7e1deec T board_init
c7e1df3c T dram_init
c7e1df5c T board_late_init
c7e1df64 T virt_to_phy_smdk6450
c7e1df94 T checkboard
c7e1dfac t write_hword
c7e1e0ac T write_buff
c7e1e224 T flash_print_info
c7e1e33c T flash_erase
c7e1e54c T flash_init
c7e1e598 T crc32
c7e1e698 T crc32_no_comp
c7e1e790 T crc32_wd
c7e1e794 T print_size
c7e1e860 T display_options
c7e1e880 T print_buffer
c7e1ea00 T lmb_dump_all
c7e1ea04 t lmb_addrs_adjacent
c7e1ea28 t lmb_remove_region
c7e1ea64 T lmb_init
c7e1ea8c t lmb_add_region
c7e1ec5c T lmb_add
c7e1ec60 T lmb_free
c7e1ed54 T lmb_reserve
c7e1ed5c T lmb_overlaps_region
c7e1edb0 T __lmb_alloc_base
c7e1eebc T lmb_is_reserved
c7e1ef18 T lmb_alloc_base
c7e1ef4c T lmb_alloc
c7e1ef54 T strcpy
c7e1ef6c T strncpy
c7e1ef94 T strcat
c7e1efc0 T strncat
c7e1f00c T strcmp
c7e1f038 T strncmp
c7e1f07c T strchr
c7e1f0a8 T strlen
c7e1f0c8 T strrchr
c7e1f100 T strnlen
c7e1f128 T strspn
c7e1f16c T strpbrk
c7e1f1ac T strtok
c7e1f230 T strsep
c7e1f264 T strswab
c7e1f2b0 T memset
c7e1f2cc T bcopy
c7e1f2f8 T memcpy
c7e1f318 T memmove
c7e1f360 T memcmp
c7e1f39c T memscan
c7e1f3c0 T strstr
c7e1f424 T memchr
c7e1f450 T strdup
c7e1f48c T simple_strtoul
c7e1f54c T simple_strtol
c7e1f574 t skip_atoi
c7e1f5b0 t number
c7e1f818 T panic
c7e1f870 T vsprintf
c7e1fcc4 T sprintf
c7e1fcf4 t falloc
c7e1fd18 t ffree
c7e1fd1c t inflate_trees_free
c7e1fd50 t huft_build
c7e20398 t inflate_codes_new
c7e203e8 t inflate_codes_free
c7e20408 t inflate_blocks_reset
c7e204d4 T inflateEnd
c7e20574 T inflateReset
c7e205dc T inflateSync
c7e206dc T inflateInit2
c7e2081c T inflateInit
c7e20824 T adler32
c7e20998 t inflate_flush
c7e20b0c T inflateIncomp
c7e20c3c T inflate
c7e22b98 t td_alloc
c7e22bd8 t urb_free_priv
c7e22c14 T rh_check_port_status
c7e22c1c T submit_common_msg
c7e22c24 T submit_control_msg
c7e22c2c T submit_int_msg
c7e22c34 T usb_lowlevel_init
c7e22c3c T usb_lowlevel_stop
c7e22c44 t td_fill
c7e22cf4 T sohci_submit_job
c7e23258 T submit_bulk_msg
c7e23260 t s3c_nand_hwcontrol
c7e232d8 t s3c_nand_device_ready
c7e232f4 t s3c_nand_enable_hwecc
c7e23360 t s3c_nand_calculate_ecc
c7e23434 t s3c_nand_write_oob_1bit
c7e23514 t s3c_nand_read_oob_1bit
c7e235d8 t s3c_nand_write_page_1bit
c7e2374c t s3c_nand_read_page_1bit
c7e238e0 t s3c_nand_read_page_4bit
c7e239f4 t s3c_nand_write_page_4bit
c7e23acc t s3c_nand_correct_data
c7e23ca8 t s3c_nand_scan_bbt
c7e23cac T board_nand_init
c7e23f24 T s3c_usb_phy_off
c7e23f3c T s3c_usb_core_soft_reset
c7e23f5c T s3c_usb_init_core
c7e23f7c T s3c_usb_check_current_mode
c7e23f94 T s3c_usb_set_soft_disconnect
c7e23fac T s3c_usb_clear_soft_disconnect
c7e23fc4 T s3c_usb_init_device
c7e24008 T s3c_usbc_activate
c7e24010 T s3c_usb_set_inep_xfersize
c7e24044 T s3c_usb_set_outep_xfersize
c7e24078 T s3c_usb_write_ep0_fifo
c7e240cc T s3c_usb_write_in_fifo
c7e24120 T s3c_usb_read_out_fifo
c7e24170 T s3c_usb_get_desc
c7e24340 T s3c_usb_clear_feature
c7e243d4 T s3c_usb_set_feature
c7e24550 T s3c_usb_get_status
c7e24620 T s3c_usb_ep0_int_hndlr
c7e24854 T s3c_usb_set_otherspeed_conf_desc
c7e24978 T s3c_usb_transfer_ep0
c7e2564c T s3c_usb_int_bulkin
c7e2581c T s3c_usb_upload_start
c7e25a4c T s3c_usb_download_start
c7e25c6c T s3c_usb_dma_in_done
c7e25d80 T s3c_usb_set_all_outep_nak
c7e25da8 T s3c_usb_clear_all_outep_nak
c7e25dd0 T s3c_usb_set_max_pktsize
c7e25e80 T s3c_usb_set_endpoint
c7e25ed8 T s3c_usb_set_descriptors
c7e26074 T s3c_usb_check_speed
c7e26090 T s3c_usb_clear_dnfile_info
c7e260d0 T s3c_usb_clear_upfile_info
c7e26110 T s3c_usb_check_setconf
c7e26140 T s3c_usb_set_opmode
c7e26214 T s3c_usb_reset
c7e26280 T s3c_usb_set_init
c7e26318 T s3c_usb_verify_checksum
c7e263f0 T s3c_usb_download_continue
c7e26568 T s3c_usb_int_bulkout
c7e265b8 T s3c_usb_pkt_receive
c7e2663c T s3c_usb_print_pkt
c7e26688 T s3c_usb_dma_out_done
c7e267a8 T s3c_usb_transfer
c7e268d0 T s3c_udc_int_hndlr
c7e26960 T s3c_usb_wait_cable_insert
c7e269b4 T s3c_usb_init_phy
c7e26a08 T s3c_usb_stop
c7e26a40 T s3c_usbctl_init
c7e26b5c T fboot_usb_phy_off
c7e26b74 T fboot_usb_core_soft_reset
c7e26b94 T fboot_usb_init_core
c7e26bb4 T fboot_usb_check_current_mode
c7e26bcc T fboot_usb_set_soft_disconnect
c7e26be4 T fboot_usb_clear_soft_disconnect
c7e26bfc T fboot_usb_init_device
c7e26c40 T fboot_usbc_activate
c7e26c48 T fboot_usb_stop
c7e26c80 T fboot_usb_set_inep_xfersize
c7e26cb4 T fboot_usb_set_outep_xfersize
c7e26ce8 T fboot_usb_write_ep0_fifo
c7e26d3c T fboot_usb_write_in_fifo
c7e26d90 T fboot_usb_read_out_fifo
c7e26de0 T fboot_usb_get_desc
c7e26fe4 T fboot_usb_clear_feature
c7e27078 T fboot_usb_set_feature
c7e271f4 T fboot_usb_get_status
c7e272c4 T fboot_usb_ep0_int_hndlr
c7e274f8 T fboot_usb_set_otherspeed_conf_desc
c7e2761c T fboot_usb_transfer_ep0
c7e28374 T fboot_usb_upload_start
c7e285a4 T fboot_usb_download_start
c7e287c4 T fboot_usb_dma_in_done
c7e288d8 T fboot_usb_set_all_outep_nak
c7e28900 T fboot_usb_clear_all_outep_nak
c7e28928 T fboot_usb_set_max_pktsize
c7e289d8 T fboot_usb_set_endpoint
c7e28a30 T fboot_usb_set_descriptors
c7e28bd0 T fboot_usb_check_speed
c7e28bec T fboot_usb_clear_dnfile_info
c7e28c2c T fboot_usb_clear_upfile_info
c7e28c6c T fboot_usb_check_setconf
c7e28c9c T fboot_usb_set_opmode
c7e28d70 T fboot_usb_reset
c7e28ddc T fastboot_shutdown
c7e28de0 T fastboot_fifo_size
c7e28e10 T fastboot_getvar
c7e28e18 T fboot_usb_int_bulkin
c7e28ecc T fastboot_preboot
c7e28ef0 T fboot_usb_set_init
c7e28f88 T fboot_usb_verify_checksum
c7e29054 T fboot_usb_download_continue
c7e29220 T fboot_usb_print_pkt
c7e29260 T fboot_usb_dma_out_done
c7e29380 T fboot_usb_transfer
c7e294ac T fboot_usb_wait_cable_insert
c7e294f0 T fboot_usb_init_phy
c7e29544 T fboot_usbctl_init
c7e29660 T fastboot_init
c7e29744 T fboot_usb_int_bulkout
c7e297f4 T fboot_usb_pkt_receive
c7e29878 T fboot_usb_int_hndlr
c7e29934 T fastboot_poll
c7e29988 T fastboot_tx_status
c7e299e4 T __ashldi3
c7e29a00 T __ashrdi3
c7e29a1c T __umodsi3
c7e29a30 t Loop1
c7e29a44 t Lbignum
c7e29a58 t Loop3
c7e29ac0 t Ldiv0
c7e29ad0 T setup_mtdpartition_tag
c7e29b7c T do_bootm_linux
c7e29dcc T flush_cache
c7e29dd0 t downcase
c7e29df8 T disk_read
c7e29e50 t setstr
c7e29e84 t dirdelim
c7e29eb8 t compare_sign
c7e29ee8 t get_fatent
c7e2a060 t slot2str
c7e2a12c t mkcksum
c7e2a160 t read_bootsectandvi
c7e2a250 T file_fat_detectfs
c7e2a39c t get_cluster
c7e2a444 t get_vfatname
c7e2a5e4 t get_name
c7e2a6a0 T do_fat_read
c7e2afc4 T file_fat_read
c7e2affc T file_fat_ls
c7e2b00c T fat_register_device
c7e2b12c T fat_format_device
c7e2b794 T get_random_val
c7e2b7b0 T default_journal_size
c7e2b7f0 T ext2fs_format
c7e2e050 T ext2fs_free_node
c7e2e070 T ext2fs_close
c7e2e148 T ext2fs_read_file
c7e2e67c T ext2fs_read
c7e2e6c0 t ext2fs_read_inode
c7e2e788 T ext2fs_mount
c7e2e838 t ext2fs_iterate_dir
c7e2ead0 T ext2fs_find_file1
c7e2ed84 T ext2fs_find_file
c7e2ee0c T ext2fs_open
c7e2eeb0 T ext2fs_ls
c7e2ef2c T ext2fs_devread
c7e2f114 T ext2fs_set_blk_dev
c7e2f168 T print_part
c7e2f244 T dev_print
c7e2f414 T get_partition_info
c7e2f438 T init_part
c7e2f454 T get_dev
c7e2f4b8 t le32_to_int
c7e2f4e0 t is_extended
c7e2f500 T test_part_dos
c7e2f554 t get_partition_info_extended
c7e2f780 T get_partition_info_dos
c7e2f7a8 t print_partition_extended
c7e2f978 T print_part_dos
c7e2f9a4 t nand_block_bad_scrub
c7e2f9ac T nand_lock
c7e2fa00 T nand_unlock
c7e2fb10 T nand_get_lock_status
c7e2fb9c T nand_read_opts
c7e2ff5c T nand_write_opts
c7e304c0 T nand_erase_opts
c7e30828 T GregorianDay
c7e3091c T to_tm
c7e30a24 T mktime
c7e30ab8 t SetRTC_Access
c7e30af4 t bcd2bin
c7e30b0c t bin2bcd
c7e30b3c T rtc_set
c7e30bd8 T rtc_get
c7e30ccc T rtc_reset
c7e30cf4 T __div64_32
c7e30f74 r C.31.3163
c7e30ff4 R version_string
c7e31034 r default_nand_name
c7e3103c r __FUNCTION__.4898
c7e3104c r __FUNCTION__.4418
c7e3105c r __FUNCTION__.3915
c7e3106e r C.40.3558
c7e31070 r __FUNCTION__.3394
c7e31084 r nand_ecc_precalc_table
c7e31184 r baudrate_table
c7e31198 r C.40.3328
c7e311a4 r C.31.3147
c7e311b4 r C.35.3245
c7e311cc r crc16_tab
c7e313cc r crc_table
c7e317cc r border
c7e31818 r inflate_mask
c7e3185c R string_desc0
c7e31860 R string_desc1
c7e31876 R string_desc2
c7e318a2 R qualifier_desc
c7e318ac R config_full
c7e318b5 R config_full_total
c7e318d5 R config_high
c7e318de R config_high_total
c7e31902 R fboot_string_desc0
c7e31906 R fboot_string_desc1
c7e3191e R fboot_string_desc2
c7e31936 R string_desc3
c7e3194e R fboot_qualifier_desc
c7e31958 R fboot_config_full
c7e31961 R fboot_config_full_total
c7e31981 R fboot_config_high
c7e3198a R fboot_config_high_total
c7e319ac r block_drvr
c7e319bc r C.31.2806
c7e3ab48 D init_sequence
c7e3ab78 D NetBcastAddr
c7e3ab7e D NetOurVLAN
c7e3ab80 D NetOurNativeVLAN
c7e3ab82 d TftpBlkSize
c7e3ab84 d nfs_offset
c7e3ab88 d cur_dev_num
c7e3ab8c D nand_curr_device
c7e3ab90 d nand_oob_8
c7e3ade0 d nand_oob_16
c7e3b030 d nand_oob_64
c7e3b280 d nand_oob_128
c7e3b4d0 D nand_flash_ids
c7e3ba58 D nand_manuf_ids
c7e3ba98 d bbt_main_descr
c7e3babc d bbt_mirror_descr
c7e3bae0 d agand_flashbased
c7e3bb04 d largepage_flashbased
c7e3bb28 d smallpage_flashbased
c7e3bb4c d largepage_memorybased
c7e3bb70 d smallpage_memorybased
c7e3bb94 d bbt_pattern
c7e3bb98 d mirror_pattern
c7e3bb9c d scan_agand_pattern
c7e3bba2 d scan_ff_pattern
c7e3bba4 d hist_cur
c7e3bba8 d uimage_comp
c7e3bbd8 d uimage_type
c7e3bc50 d uimage_arch
c7e3bd40 d uimage_os
c7e3bda0 D load_addr
c7e3bda4 D weekdays
c7e3bdc0 D op_table
c7e3be28 d do_echo
c7e3be2c D dp_last_length
c7e3be30 D stdio_names
c7e3be3c d trim_threshold
c7e3be40 d mmap_threshold
c7e3be44 d av_
c7e3c24c d sbrk_base
c7e3c250 D default_environment
c7e3c358 D default_environment_size
c7e3c35c d reserved_list
c7e3c3e0 d interface
c7e3c3fc D env_name_spec
c7e3c400 D _ctype
c7e3c500 D zlib_version
c7e3c504 D z_errmsg
c7e3c524 d cplens
c7e3c5a0 d cplext
c7e3c61c d cpdist
c7e3c694 d cpdext
c7e3c70c d fixed_left
c7e3c710 d s3c_nand_oob_64
c7e3c960 d s3c_nand_oob_16
c7e3cbb0 d s3c_nand_oob_mlc_64
c7e3ce00 D test_pkt
c7e3ce38 D ptable_default
c7e3cefc D ptable_default_size
c7e3cf00 D fboot_test_pkt
c7e3cf38 d cur_part
c7e3cf3c D indir1_blkno
c7e3cf40 D indir2_blkno
c7e3cf44 d autoplace_oobinfo
c7e3d194 d jffs2_oobinfo
c7e3d3e4 d yaffs_oobinfo
c7e3d634 d month_days
c7e3d664 A __u_boot_cmd_start
c7e3d664 D __u_boot_cmd_autoscr
c7e3d67c D __u_boot_cmd_bdinfo
c7e3d694 D __u_boot_cmd_go
c7e3d6ac D __u_boot_cmd_reset
c7e3d6c4 D __u_boot_cmd_re
c7e3d6dc D __u_boot_cmd_bootm
c7e3d6f4 D __u_boot_cmd_boot
c7e3d70c D __u_boot_cmd_bootd
c7e3d724 D __u_boot_cmd_iminfo
c7e3d73c D __u_boot_cmd_imls
c7e3d754 D __u_boot_cmd_icache
c7e3d76c D __u_boot_cmd_dcache
c7e3d784 D __u_boot_cmd_coninfo
c7e3d79c D __u_boot_cmd_date
c7e3d7b4 D __u_boot_cmd_bootelf
c7e3d7cc D __u_boot_cmd_bootvx
c7e3d7e4 D __u_boot_cmd_ext2ls
c7e3d7fc D __u_boot_cmd_ext2load
c7e3d814 D __u_boot_cmd_ext2format
c7e3d82c D __u_boot_cmd_ext3format
c7e3d844 D __u_boot_cmd_fatload
c7e3d85c D __u_boot_cmd_fatls
c7e3d874 D __u_boot_cmd_fatinfo
c7e3d88c D __u_boot_cmd_fatformat
c7e3d8a4 D __u_boot_cmd_flinfo
c7e3d8bc D __u_boot_cmd_erase
c7e3d8d4 D __u_boot_cmd_protect
c7e3d8ec D __u_boot_cmd_itest
c7e3d904 D __u_boot_cmd_loads
c7e3d91c D __u_boot_cmd_loadb
c7e3d934 D __u_boot_cmd_loady
c7e3d94c D __u_boot_cmd_md
c7e3d964 D __u_boot_cmd_mm
c7e3d97c D __u_boot_cmd_nm
c7e3d994 D __u_boot_cmd_mw
c7e3d9ac D __u_boot_cmd_cp
c7e3d9c4 D __u_boot_cmd_cmp
c7e3d9dc D __u_boot_cmd_crc32
c7e3d9f4 D __u_boot_cmd_base
c7e3da0c D __u_boot_cmd_loop
c7e3da24 D __u_boot_cmd_mtest
c7e3da3c D __u_boot_cmd_sleep
c7e3da54 D __u_boot_cmd_mmcinfo
c7e3da6c D __u_boot_cmd_mmc
c7e3da84 D __u_boot_cmd_nand
c7e3da9c D __u_boot_cmd_nboot
c7e3dab4 D __u_boot_cmd_bootp
c7e3dacc D __u_boot_cmd_tftpboot
c7e3dae4 D __u_boot_cmd_rarpboot
c7e3dafc D __u_boot_cmd_dhcp
c7e3db14 D __u_boot_cmd_nfs
c7e3db2c D __u_boot_cmd_ping
c7e3db44 D __u_boot_cmd_printenv
c7e3db5c D __u_boot_cmd_setenv
c7e3db74 D __u_boot_cmd_saveenv
c7e3db8c D __u_boot_cmd_run
c7e3dba4 D __u_boot_cmd_reginfo
c7e3dbbc D __u_boot_cmd_dnw
c7e3dbd4 D __u_boot_cmd_imxtract
c7e3dbec D __u_boot_cmd_version
c7e3dc04 D __u_boot_cmd_echo
c7e3dc1c D __u_boot_cmd_test
c7e3dc34 D __u_boot_cmd_exit
c7e3dc4c D __u_boot_cmd_help
c7e3dc64 D __u_boot_cmd_question_mark
c7e3dc7c D __u_boot_cmd_movi
c7e3dc94 D __u_boot_cmd_lcd
c7e3dcac D __u_boot_cmd_fastboot
c7e3dcc4 D __u_boot_cmd_sdfuse
c7e3dcdc D __u_boot_cmd_fdisk
c7e3dcf4 A __u_boot_cmd_end
c7e40000 R mmu_table
c7e44000 A __bss_start
c7e44000 B timer_load_val
c7e44004 b timestamp
c7e44008 b lastdec
c7e4400c B movi_ch
c7e44010 B movi_emmc
c7e44014 B monitor_flash_len
c7e44018 b mem_malloc_start
c7e4401c b mem_malloc_end
c7e44020 b mem_malloc_brk
c7e44024 B NetOurSubnetMask
c7e44028 B NetOurGatewayIP
c7e4402c B NetOurDNSIP
c7e44030 B NetOurNISDomain
c7e44050 B NetOurHostName
c7e44070 B NetOurRootPath
c7e440b0 B NetBootFileSize
c7e440b2 B NetServerEther
c7e440b8 B NetEtherNullAddr
c7e440c0 B NetTxPacket
c7e440c4 B NetBootFileXferSize
c7e440c8 B NetOurEther
c7e440d0 B NetOurIP
c7e440d4 B NetServerIP
c7e440d8 B NetRxPackets
c7e440e8 B NetRxPkt
c7e440ec B NetRxPktLen
c7e440f0 B NetIPID
c7e440f4 B NetState
c7e440f8 B BootFile
c7e44178 B NetPingIP
c7e4417c B PktBuf
c7e45f9c B NetArpWaitPacketIP
c7e45fa0 B NetArpWaitReplyIP
c7e45fa4 B NetArpWaitPacketMAC
c7e45fa8 B NetArpWaitTxPacket
c7e45fac B NetArpWaitTxPacketSize
c7e45fb0 B NetArpWaitPacketBuf
c7e465d0 B NetArpWaitTimerStart
c7e465d4 B NetArpWaitTry
c7e465d8 b mac.3333
c7e465e0 b packetHandler
c7e465e4 b timeHandler
c7e465e8 b timeStart
c7e465ec b timeDelta
c7e465f0 b PingSeqNo
c7e465f4 b TftpServerIP
c7e465f8 b TftpServerPort
c7e465fc b TftpOurPort
c7e46600 b TftpTimeoutCount
c7e46604 b TftpBlock
c7e46608 b TftpLastBlock
c7e4660c b TftpBlockWrap
c7e46610 b TftpBlockWrapOffset
c7e46614 b TftpState
c7e46618 b default_filename
c7e46625 b tftp_filename
c7e466a8 B dhcp_state
c7e466ac B dhcp_leasetime
c7e466b0 B NetDHCPServerIP
c7e466b4 B BootpID
c7e466b8 B BootpTry
c7e466bc B RarpTry
c7e466c0 b rpc_id
c7e466c4 b fs_mounted
c7e466c8 b nfs_len
c7e466cc b dirfh
c7e466ec b filefh
c7e4670c b NfsDownloadState
c7e46710 b NfsServerIP
c7e46714 b NfsSrvMountPort
c7e46718 b NfsSrvNfsPort
c7e4671c b NfsOurPort
c7e46720 b NfsTimeoutCount
c7e46724 b NfsState
c7e46728 b default_filename
c7e46768 b nfs_filename
c7e4676c b nfs_path
c7e46770 b nfs_path_buff
c7e46f70 B mmc_global
c7e46f7c B mmc_default
c7e46f80 b mmc_devices
c7e46f88 B mmc_channel
c7e472b8 B mmc_host
c7e47354 B nand_info
c7e47408 b nand_chip
c7e4750c b nfloor
c7e47510 b dm9000_info
c7e475bc B hist_num
c7e475c0 B console_buffer
c7e476c0 B hist_list
c7e47710 B hist_lines
c7e48b10 b initted.3190
c7e48b14 b hist_max
c7e48b18 b hist_add_idx
c7e48b1c b images
c7e48b6c B os_data_count
c7e48b70 B his_eol
c7e48b74 B his_pad_count
c7e48b78 B his_pad_char
c7e48b79 B his_quote
c7e48b7c B os_data_init
c7e48b80 B os_data_char
c7e48b84 B send_parms
c7e48b98 B send_ptr
c7e48b9c b a_b
c7e48bb4 b os_data_state
c7e48bb8 b os_data_state_saved
c7e48bbc b os_data_count_saved
c7e48bc0 b os_data_addr
c7e48bc4 b os_data_addr_saved
c7e48bc8 b bin_start_address
c7e48bcc b k_data_escape
c7e48bd0 b k_data_escape_saved
c7e48bd4 B dp_last_addr
c7e48bd8 B dp_last_size
c7e48bdc B mm_last_addr
c7e48be0 B mm_last_size
c7e48be4 b base_address
c7e48be8 b ctrlc_was_pressed
c7e48bec b ctrlc_disabled
c7e48bf0 B devlist
c7e48bf4 B stdio_devices
c7e48c00 b top_pad
c7e48c04 b n_mmaps_max
c7e48c08 b current_mallinfo
c7e48c30 b max_sbrked_mem
c7e48c34 b max_total_mem
c7e48c38 B last_return_code
c7e48c3c B nesting_level
c7e48c40 b top_vars
c7e48c44 b flag_repeat
c7e48c48 b do_repeat
c7e48c4c b the_command.3087
c7e48d4c b buf.3539
c7e48d74 b local.3060
c7e48d8c b ifs
c7e48d90 b map
c7e48e90 B usb_started
c7e48e94 b usb_dev
c7e55714 b dev_index
c7e55718 b running
c7e5571c b asynch_allowed
c7e55720 b setup_packet
c7e55728 b hub_dev
c7e55828 b usb_hub_index
c7e5582c b xyz
c7e55c68 B raw_area_control
c7e55e68 b download_size
c7e55e6c b download_bytes
c7e55e70 b download_error
c7e55e74 b ptable
c7e56034 b pcount
c7e56038 B mbr
c7e56238 B env_ptr
c7e5623c B flash_info
c7e56240 B ___strtok
c7e56244 b fixed_lock
c7e56248 b fixed_built
c7e5624c b fixed_mem
c7e572dc b fixed_bl
c7e572e0 b fixed_bd
c7e572e4 b fixed_tl
c7e572e8 b fixed_td
c7e57300 B gtd
c7e58340 B ptd
c7e58400 B ghcca
c7e58500 B phcca
c7e58510 B ohci_dev
c7e586a0 B urb_priv
c7e58774 B got_rhsc
c7e58778 B devgone
c7e5877c b gohci
c7e58900 B boot_nand
c7e58904 B cur_ecc_mode
c7e58908 B nand_type
c7e5890c B s3c_receive_done
c7e58910 B s3c_got_header
c7e58914 B op_mode
c7e58918 B speed
c7e5891c B s3c_usbd_dn_addr
c7e58920 B DNW
c7e58924 B remode_wakeup
c7e58928 B config_value
c7e5892a B otg
c7e589ae B get_status
c7e589b3 B get_intf
c7e589b4 B fboot_response_flag
c7e589b8 B fboot_usbd_dn_addr
c7e589bc B fboot_usbd_dn_cnt
c7e589c0 B fboot_receive_done
c7e589c4 B fboot_got_header
c7e589c8 B fboot_op_mode
c7e589cc B fboot_speed
c7e589d0 B tx_msg_buf
c7e589d4 B total_dn_size
c7e589d8 B reply_msg
c7e589dc B transfer_size
c7e589e0 B fboot_remode_wakeup
c7e589e4 B fboot_config_value
c7e589e6 B fboot_otg
c7e58a6a B fboot_get_status
c7e58a6f B fboot_get_intf
c7e58a70 b fastboot_interface
c7e58a74 b serial_number.4399
c7e58a94 b device_strings
c7e58a9c b fastboot_bulk_fifo
c7e58ca0 b params
c7e58ca4 B get_vfatname_block
c7e68ca4 B get_dentfromdir_block
c7e78ca4 B do_fat_read_block
c7e88ca4 b cur_dev
c7e88ca8 b part_offset
c7e88cac B ext2fs_root
c7e88cb0 B ext2fs_file
c7e88cb4 B symlinknest
c7e88cb8 B indir1_block
c7e88cbc B indir1_size
c7e88cc0 B indir2_block
c7e88cc4 B indir2_size
c7e88cc8 b ext2fs_block_dev_desc
c7e88ccc b part_info
c7e88d18 b none_oobinfo
c7e88f68 b data_buf
c7e89768 b oob_buf
c7e897a8 A _end
