c7e00000 T _start
c7e00020 t _undefined_instruction
c7e00024 t _software_interrupt
c7e00028 t _prefetch_abort
c7e0002c t _data_abort
c7e00030 t _not_used
c7e00034 t _irq
c7e00038 t _fiq
c7e0003c t _pad
c7e00040 T _end_vect
c7e00040 t _TEXT_BASE
c7e00044 t _TEXT_PHY_BASE
c7e00048 T _armboot_start
c7e0004c T _bss_start
c7e00050 T _bss_end
c7e00054 t reset
c7e00064 t cpu_init_crit
c7e000c0 T after_copy
c7e000c0 t enable_mmu
c7e000e0 t mmu_on
c7e000fc t skip_hw_init
c7e000fc t stack_setup
c7e00100 t clear_bss
c7e0010c t clbss_l
c7e00120 t _start_armboot
c7e00124 t _mmu_table_base
c7e00128 T copy_from_nand
c7e00174 t copy_failed
c7e0017c t compare_failed
c7e00184 T theLastJump
c7e001a0 t phy_last_jump
c7e001e0 t undefined_instruction
c7e00240 t software_interrupt
c7e002a0 t prefetch_abort
c7e00300 t data_abort
c7e00360 t not_used
c7e003c0 t irq
c7e00420 t fiq
c7e00480 T arm1136_cache_flush
c7e004a0 t _TEXT_PHY_BASE
c7e004a4 T load_bl2_irom
c7e004f4 t nand
c7e00514 t nand_adv
c7e0051c t emmc
c7e0052c t movinand
c7e00544 T mem_ctrl_asm_init
c7e0063c t _TEXT_BASE
c7e00640 T lowlevel_init
c7e006d0 t wakeup_reset
c7e006fc t system_clock_init
c7e007cc t uart_asm_init
c7e00850 T nand_asm_init
c7e00874 t tzpc_init
c7e0093c T nand_bl2_copy
c7e0099c T nand_bl2_copy_adv
c7e009fc T copy_uboot_to_ram
c7e00b20 T movi_bl2_copy
c7e00b44 T movi_write_bl1
c7e00b9c T movi_write_env
c7e00bb4 T movi_read_env
c7e00bcc T print_movi_bl2_info
c7e00be4 T __div0
c7e00be8 T enable_interrupts
c7e00bec T disable_interrupts
c7e00bf4 T interrupt_init
c7e00c68 T set_timer
c7e00c78 T reset_timer_masked
c7e00ca0 T get_timer_masked
c7e00d00 T get_timer
c7e00d14 T udelay_masked
c7e00d88 T get_ticks
c7e00d9c T get_tbclk
c7e00db4 T show_regs
c7e00ef0 T bad_mode
c7e00f0c T do_irq
c7e00f30 T do_fiq
c7e00f54 T do_not_used
c7e00f78 T do_data_abort
c7e00f9c T do_prefetch_abort
c7e00fc0 T do_software_interrupt
c7e00fe4 T do_undefined_instruction
c7e01008 T reset_timer
c7e01030 T udelay
c7e010c4 t cp_delay
c7e010f0 T cpu_init
c7e010f8 T cpu_mmc_init
c7e0110c T cleanup_before_linux
c7e01138 T reset_cpu
c7e0115c T do_reset
c7e01174 T icache_enable
c7e01190 T branch_status
c7e011a0 T dcache_status
c7e011b0 T icache_status
c7e011c0 T branch_disable
c7e011dc T branch_enable
c7e011f8 T dcache_disable
c7e01214 T dcache_enable
c7e01230 T icache_disable
c7e0124c T setup_sdhci0_cfg_card
c7e01280 T setup_hsmmc0_cfg_gpio
c7e012fc T setup_hsmmc_clock
c7e01464 T serial_setbrg
c7e01468 T serial_putc
c7e01494 T serial_tstc
c7e014a8 T serial_puts
c7e014cc T serial_getc
c7e014e8 T serial_init
c7e014f0 t get_PLLCLK
c7e0155c T get_MPLL_CLK
c7e01564 T get_UCLK
c7e0156c T get_FCLK
c7e01574 T get_ARMCLK
c7e0159c T get_HCLK
c7e015c4 T get_PCLK
c7e015ec T print_cpuinfo
c7e01684 T __udivsi3
c7e0169c t Loop1
c7e016b0 t Lbignum
c7e016c4 t Loop3
c7e01704 t Lgot_result
c7e0170c t Ldiv0
c7e0171c T sbrk
c7e01768 T __coloured_LED_init
c7e01768 W coloured_LED_init
c7e0176c T __red_LED_on
c7e0176c W red_LED_on
c7e01770 T __red_LED_off
c7e01770 W red_LED_off
c7e01774 T __green_LED_on
c7e01774 W green_LED_on
c7e01778 T __green_LED_off
c7e01778 W green_LED_off
c7e0177c T __yellow_LED_on
c7e0177c W yellow_LED_on
c7e01780 T __yellow_LED_off
c7e01780 W yellow_LED_off
c7e01784 T hang
c7e01794 t display_dram_config
c7e017c4 t display_banner
c7e017e4 t init_baudrate
c7e01844 T start_armboot
c7e01a8c T strmhz
c7e01b00 T __divsi3
c7e01c18 t Ldiv0
c7e01c40 T __modsi3
c7e01d14 t Ldiv0
c7e01d40 t __fswab16
c7e01d60 t __fswab32
c7e01d80 t startAgainTimeout
c7e01d94 t startAgainHandler
c7e01d98 T NetSetHandler
c7e01da8 T NetCksum
c7e01dec T NetCksumOk
c7e01e10 T copy_filename
c7e01e60 T string_to_VLAN
c7e01ea8 T getenv_VLAN
c7e01eb8 T string_to_ip
c7e01f2c T getenv_IPaddr
c7e01f3c T NetEthHdrSize
c7e01f80 T VLAN_to_string
c7e01fe0 T ip_to_string
c7e0202c T print_IPaddr
c7e02050 T NetSetEther
c7e02100 t NetCopyIP
c7e02108 T NetSetIP
c7e02214 t NetWriteIP
c7e02238 t NetReadIP
c7e0225c t PingHandler
c7e0228c T NetSendPacket
c7e02290 T ArpRequest
c7e023b4 T NetReceive
c7e0298c T PingSend
c7e02b14 T NetSetTimeout
c7e02b50 T NetSendUDPPacket
c7e02cc4 t PingTimeout
c7e02ce0 T NetStartAgain
c7e02d60 T ArpTimeoutCheck
c7e02de4 T NetLoop
c7e03270 t __fswab16
c7e03290 t TftpSend
c7e03444 T TftpStart
c7e036e8 t TftpTimeout
c7e03744 t TftpHandler
c7e03a2c t __fswab16
c7e03a4c t __fswab32
c7e03a6c t truncate_sz
c7e03aa0 t NetCopyLong
c7e03aa8 t NetCopyIP
c7e03ab0 t DhcpOptionsProcess
c7e03c90 t NetWriteIP
c7e03cb4 t NetReadLong
c7e03cd8 t DhcpExtended
c7e03ec4 T BootpRequest
c7e0409c T DhcpRequest
c7e040a0 t DhcpHandler
c7e04420 t BootpTimeout
c7e04468 T RarpRequest
c7e0456c t RarpHandler
c7e045c8 t RarpTimeout
c7e04610 T eth_initialize
c7e04618 t __fswab32
c7e04638 t basename
c7e04670 t dirname
c7e0468c t rpc_lookup_reply
c7e04744 t rpc_add_credentials
c7e0481c t rpc_req
c7e04934 t rpc_lookup_req
c7e04994 t NfsSend
c7e04c20 T NfsStart
c7e04e90 t NfsTimeout
c7e04ed8 t NfsHandler
c7e0541c t __fswab32
c7e0543c T mmc_send_cmd
c7e0544c T mmc_set_blocklen
c7e05484 T mmc_send_ext_csd
c7e054d4 T mmc_set_relative_addr
c7e0550c T mmc_switch
c7e0555c T mmc_change_freq
c7e05634 T sd_switch
c7e056a4 T mmc_set_ios
c7e056b4 T mmc_set_clock
c7e056d4 T mmc_set_bus_width
c7e056dc T mmc_send_if_cond
c7e05758 T mmc_register
c7e057c0 t __def_mmc_init
c7e057c0 W board_mmc_init
c7e057c8 T find_mmc_device
c7e05814 T mmc_get_dev
c7e05828 t mmc_bwrite
c7e058e4 T movi_write
c7e058fc t mmc_bread
c7e05a9c T movi_read
c7e05ab4 T sd_change_freq
c7e05c88 T mmc_startup
c7e062b4 T mmc_send_app_op_cond
c7e063a8 T mmc_go_idle
c7e063fc T mmc_send_op_cond
c7e064a8 T mmc_init
c7e0650c T mmc_initialize
c7e065c8 T print_mmc_devices
c7e0663c t s3c_hsmmc_initialize
c7e0672c T smdk_s3c_hsmmc_init
c7e06778 t sdhci_reset
c7e067dc t sdhci_change_clock
c7e068ac t s3c_hsmmc_init
c7e06908 t s3c_hsmmc_set_ios
c7e06954 t s3c_hsmmc_send_command
c7e06c10 T nand_init
c7e06cb0 t generic_ffs
c7e06d08 t nand_release_device
c7e06d20 t nand_read_byte
c7e06d30 t nand_read_byte16
c7e06d44 t nand_read_word
c7e06d54 t nand_write_buf
c7e06d84 t nand_read_buf
c7e06dac t nand_verify_buf
c7e06df0 t nand_write_buf16
c7e06e20 t nand_read_buf16
c7e06e4c t nand_verify_buf16
c7e06e90 t nand_check_wp
c7e06ecc T nand_wait_ready
c7e06ee0 t nand_read_page_raw
c7e06f18 t nand_read_page_swecc
c7e07030 t nand_read_page_hwecc
c7e07168 t nand_read_page_syndrome
c7e0728c t nand_read_oob_std
c7e072d0 t nand_read_oob_syndrome
c7e073e4 t nand_write_oob_std
c7e07454 t nand_write_oob_syndrome
c7e0761c t nand_write_page_raw
c7e07650 t nand_write_page_swecc
c7e07700 t nand_write_page_hwecc
c7e077d8 t nand_write_page_syndrome
c7e078c8 t single_erase_cmd
c7e07904 t multi_erase_cmd
c7e07990 T nand_release
c7e079b8 T nand_scan_ident
c7e07ee4 t nand_resume
c7e07f04 T nand_scan_tail
c7e083e8 T nand_scan
c7e08408 t nand_select_chip
c7e08464 t nand_block_isbad
c7e084b8 t nand_block_markbad
c7e084f4 t nand_fill_oob
c7e08600 t nand_do_write_oob
c7e08708 t nand_do_write_ops
c7e08a34 t nand_write_page
c7e08afc t nand_transfer_oob
c7e08c0c t nand_do_read_ops
c7e08fa8 T nand_read
c7e09044 t nand_command_lp
c7e0928c t nand_command
c7e09448 T nand_erase_nand
c7e096fc t nand_erase
c7e09704 t nand_default_block_markbad
c7e097dc t nand_wait
c7e098b0 t nand_block_bad
c7e099c0 t nand_suspend
c7e099c8 t nand_sync
c7e099cc t nand_write_oob
c7e09a84 t nand_write
c7e09b38 t nand_read_oob
c7e09d04 T nand_calculate_ecc
c7e09dfc T nand_correct_data
c7e09f24 t check_pattern
c7e09fdc t scan_read_raw
c7e0a030 t search_bbt
c7e0a1b0 T nand_isbad_bbt
c7e0a200 t create_bbt
c7e0a518 t read_bbt
c7e0a724 t read_abs_bbt
c7e0a800 t write_bbt
c7e0ae3c T nand_update_bbt
c7e0af94 t mark_bbt_region
c7e0b118 T nand_scan_bbt
c7e0b59c T nand_default_bbt
c7e0b674 t dm9000_outblk_8bit
c7e0b698 t dm9000_outblk_16bit
c7e0b6c8 t dm9000_outblk_32bit
c7e0b6f8 t dm9000_inblk_8bit
c7e0b71c t dm9000_inblk_16bit
c7e0b74c t dm9000_inblk_32bit
c7e0b77c t dm9000_rx_status_32bit
c7e0b79c t dm9000_rx_status_16bit
c7e0b7bc t dm9000_rx_status_8bit
c7e0b7ec t phy_write
c7e0b858 t phy_read
c7e0b8b4 T read_srom_word
c7e0b918 t dm9000_reset
c7e0b9d8 T write_srom_word
c7e0ba40 T eth_halt
c7e0ba88 T eth_init
c7e0c048 T eth_rx
c7e0c1ac T eth_send
c7e0c284 T __show_boot_progress
c7e0c284 W show_boot_progress
c7e0c288 T parse_line
c7e0c314 T do_run
c7e0c388 T run_command
c7e0c714 t cread_add_char
c7e0c804 t cread_add_str
c7e0c85c T readline_into_buffer
c7e0cefc T readline
c7e0cf08 T main_loop
c7e0d068 t __fswab32
c7e0d088 T autoscript
c7e0d1b4 T do_autoscript
c7e0d1f8 t print_num
c7e0d20c T do_bdinfo
c7e0d2f8 t __fswab32
c7e0d318 T image_multi_count
c7e0d33c t get_table_entry_name
c7e0d364 T genimg_get_os_name
c7e0d37c T genimg_get_arch_name
c7e0d394 T genimg_get_type_name
c7e0d3ac T genimg_get_comp_name
c7e0d3c4 T genimg_get_image
c7e0d3c8 T genimg_has_config
c7e0d3d0 t get_table_entry_id
c7e0d41c T genimg_get_comp_id
c7e0d434 T genimg_get_type_id
c7e0d44c T genimg_get_arch_id
c7e0d464 T genimg_get_os_id
c7e0d47c T image_multi_getimg
c7e0d508 t image_get_load
c7e0d510 t image_get_data_size
c7e0d518 t image_check_magic
c7e0d53c T genimg_get_format
c7e0d578 T memmove_wd
c7e0d57c T getenv_bootm_size
c7e0d5b0 T getenv_bootm_low
c7e0d5e4 T getenv_yesno
c7e0d608 t genimg_print_size
c7e0d634 T image_print_contents
c7e0d804 T image_check_dcrc
c7e0d840 T image_check_hcrc
c7e0d894 T boot_get_ramdisk
c7e0daf8 W do_go_exec
c7e0db10 T do_go
c7e0db9c t __fswab32
c7e0dbbc T __board_lmb_reserve
c7e0dbbc W board_lmb_reserve
c7e0dbc0 t do_imls
c7e0dbc8 t image_get_ep
c7e0dbd0 t image_get_size
c7e0dbd8 t image_check_magic
c7e0dbfc t image_info
c7e0dcc4 T print_image_hdr
c7e0e0c4 T do_iminfo
c7e0e124 T do_bootd
c7e0e148 T do_bootm
c7e0e8cc t on_off
c7e0e908 T do_dcache
c7e0e98c T do_icache
c7e0ea10 T do_coninfo
c7e0eaf0 t cnvrt2
c7e0eb34 T mk_date
c7e0ed00 T do_date
c7e0ee14 T valid_elf_image
c7e0ee6c T load_elf_image
c7e0ef7c T do_bootvx
c7e0f0f8 W do_bootelf_exec
c7e0f13c T do_bootelf
c7e0f1dc T ext_format
c7e0f2d0 T do_ext3_format
c7e0f2e0 T do_ext2_format
c7e0f2f0 T do_ext2load
c7e0f5e4 T do_ext2ls
c7e0f734 T do_fat_format
c7e0f824 T do_fat_fsinfo
c7e0f92c T do_fat_ls
c7e0fa40 T do_fat_fsload
c7e0fbe0 T flash_sect_protect
c7e0fbf8 T flash_sect_erase
c7e0fc10 T do_flinfo
c7e0fc48 t addr_spec
c7e0fd0c t abbrev_spec
c7e0fe70 T do_protect
c7e1003c T do_flerase
c7e10188 t evalstr
c7e101a4 t evalexp
c7e101f0 T binary_test
c7e103cc T do_itest
c7e10474 T ktrans
c7e1049c T chk1
c7e104c8 t bin_data_init
c7e10500 t bin_data_char
c7e10544 T k_data_init
c7e1056c T k_data_save
c7e105d0 T k_data_restore
c7e10634 T k_data_char
c7e1069c T send_pad
c7e106d0 T s1_sendpacket
c7e106f8 T handle_send_packet
c7e108f0 T send_nack
c7e10954 T send_ack
c7e109b8 t getcxmodem
c7e109d8 T do_load_serial_bin
c7e110c0 T do_load_serial
c7e113cc T do_mem_base
c7e11410 T do_mem_crc
c7e114c8 T do_mem_mtest
c7e115f0 T cmd_get_data_size
c7e11668 t mod_mem
c7e117e8 T do_mem_nm
c7e11810 T do_mem_mm
c7e11838 T do_mem_loop
c7e11930 T do_mem_cp
c7e11a60 T do_mem_cmp
c7e11c0c T do_mem_mw
c7e11cdc T do_mem_md
c7e11de0 T do_sleep
c7e11e70 T do_mmcinfo
c7e11ff4 T do_mmcops
c7e122fc t __fswab32
c7e1231c t nand_read
c7e12344 t str2long
c7e12388 t arg_off_size
c7e12464 T do_nandboot
c7e126a0 T do_nand
c7e13294 T do_ping
c7e1331c t netboot_common
c7e13630 T do_nfs
c7e1363c T do_dhcp
c7e13648 T do_rarpb
c7e13654 T do_tftpb
c7e13660 T do_bootp
c7e1366c T envmatch
c7e136cc T getenv_r
c7e13784 T do_saveenv
c7e137b0 T getenv
c7e13820 T _do_setenv
c7e13cf8 T do_setenv
c7e13d38 T setenv
c7e13d80 T do_printenv
c7e13efc T do_reginfo
c7e13f04 T do_usbd_dnw
c7e1401c T do_imgextract
c7e1425c T find_cmd
c7e142f0 T do_echo
c7e14374 T do_help
c7e14520 T do_version
c7e14540 T do_exit
c7e14570 T do_test
c7e149c0 t console_setfile
c7e14a60 T fgetc
c7e14a88 T ftstc
c7e14ab0 T fputc
c7e14adc T fputs
c7e14b08 T disable_ctrlc
c7e14b20 T had_ctrlc
c7e14b30 T clear_ctrlc
c7e14b44 T dbg
c7e14b50 T console_init_f
c7e14b60 T console_assign
c7e14bf0 T fprintf
c7e14c38 T puts
c7e14c54 T vprintf
c7e14c80 T printf
c7e14cc0 T console_init_r
c7e14e58 T serial_printf
c7e14e98 T putc
c7e14eb8 T tstc
c7e14ed0 T getc
c7e14ee8 T ctrlc
c7e14f44 T devices_done
c7e14f60 T device_register
c7e14f84 T devices_init
c7e15030 T malloc_bin_reloc
c7e15068 T malloc_usable_size
c7e150ac T mallopt
c7e15120 T malloc_trim
c7e151f4 T free
c7e15454 T cfree
c7e15458 T malloc
c7e15a94 T memalign
c7e15ba4 T pvalloc
c7e15bbc T valloc
c7e15bc8 T calloc
c7e15ca8 T realloc
c7e16120 T env_get_char_memory
c7e16140 T env_get_addr
c7e16160 T env_crc_update
c7e1618c T set_default_env
c7e161d4 T env_relocate
c7e16234 T env_get_char
c7e16284 t dummy
c7e16288 T get_version
c7e16290 T jumptable_init
c7e16368 T flash_protect
c7e16474 T addr2info
c7e1647c T flash_perror
c7e1655c T flash_write
c7e166cc t b_reset
c7e166e8 T simple_itoa
c7e1673c t static_get
c7e16758 t static_peek
c7e16764 t file_peek
c7e16770 t setup_string_in_str
c7e1679c t is_assignment
c7e167f4 T mapset
c7e16818 T u_boot_hush_start
c7e16894 t file_get
c7e16a48 t xmalloc
c7e16a68 T new_pipe
c7e16a90 t syntax_err
c7e16a9c t free_pipe_list
c7e16b8c t b_free
c7e16bb0 t xrealloc
c7e16bd0 t done_command
c7e16c58 t done_pipe
c7e16ca8 t initialize_context
c7e16ce0 t b_addchr
c7e16d60 t b_addqchr
c7e16dac T reserved_word
c7e16ed8 t done_word
c7e17054 t insert_var_value
c7e17208 t set_local_var
c7e173c0 T update_ifs_map
c7e17430 t parse_stream_outer
c7e17a18 T parse_file_outer
c7e17a60 T parse_string_outer
c7e17b24 t run_list_real
c7e18364 T GetHandleSize
c7e1836c T ListSetAllocationPolicy
c7e18380 T ListGetPtrToItem
c7e183b0 T ListGetDataPtr
c7e183bc T ListGetItemSize
c7e183c8 T ListNumItems
c7e183d4 T ListGetItems
c7e1841c T SetHandleSize
c7e18498 T ListInsertItems
c7e1865c T ListInsertItem
c7e18664 T DisposeHandle
c7e18684 T ListDispose
c7e18688 T NewHandle
c7e186e4 T ListCreate
c7e18744 t hex1_bin
c7e18780 t hex2_bin
c7e187b4 T srec_decode
c7e18a10 T usb_disable_asynch
c7e18a28 T usb_maxpacket
c7e18a4c T usb_set_maxpacket
c7e18afc T usb_get_dev_index
c7e18b24 T usb_hub_reset
c7e18b38 T usb_hub_allocate
c7e18b80 T usb_alloc_new_device
c7e18c1c T usb_parse_config
c7e18d70 T usb_submit_int_msg
c7e18d74 T wait_ms
c7e18d94 T usb_bulk_msg
c7e18df4 T usb_control_msg
c7e18ef4 T usb_get_port_status
c7e18f54 T usb_get_hub_status
c7e18fac T usb_set_port_feature
c7e1900c t usb_hub_power_on
c7e19050 T usb_clear_port_feature
c7e190b0 T usb_clear_hub_feature
c7e19108 T usb_get_hub_descriptor
c7e19168 T usb_get_string
c7e191e8 t usb_string_sub
c7e192f4 T usb_string
c7e193f0 T usb_get_class_descriptor
c7e19468 T usb_get_report
c7e194e0 T usb_set_idle
c7e19544 T usb_set_protocol
c7e195a4 T usb_set_configuration
c7e1960c T usb_set_interface
c7e196d8 T usb_set_address
c7e19720 T usb_get_descriptor
c7e19790 T usb_get_configuration_no
c7e19830 T usb_new_device
c7e19a68 T usb_hub_port_connect_change
c7e19ba8 T usb_hub_configure
c7e19dc8 T usb_hub_probe
c7e19e28 T usb_scan_devices
c7e19e8c T usb_clear_halt
c7e19f30 T usb_init
c7e19fc4 T usb_stop
c7e19ff4 T parse_num
c7e1a128 T xyzModem_error
c7e1a1c4 T xyzModem_stream_close
c7e1a218 T CYGACC_COMM_IF_PUTC
c7e1a224 T CYGACC_COMM_IF_GETC_TIMEOUT
c7e1a278 t xyzModem_flush
c7e1a2ac T xyzModem_stream_terminate
c7e1a380 t xyzModem_get_hdr
c7e1a62c T xyzModem_stream_read
c7e1a8a8 T xyzModem_stream_open
c7e1aa04 T do_movi
c7e1ad8c T init_raw_area_table
c7e1af3c T do_lcd_test
c7e1b330 t reset_handler
c7e1b35c T fastboot_flash_get_ptn
c7e1b384 T fastboot_flash_get_ptn_count
c7e1b394 T fastboot_flash_find_ptn
c7e1b40c T fastboot_flash_dump_ptn
c7e1b4ec T fastboot_flash_add_ptn
c7e1b52c t parse_env
c7e1b790 t write_to_ptn
c7e1b9a8 t rx_handler
c7e1c3d4 t set_partition_table
c7e1c65c t update_from_sd
c7e1c7bc T do_sdfuse
c7e1c9a8 T do_fastboot
c7e1cb54 T calc_unit
c7e1cbc0 T encode_chs
c7e1cbe0 T get_SDInfo
c7e1ccd8 T make_partitionInfo
c7e1ced0 T put_mmc_mbr
c7e1cf44 T get_mmc_mbr
c7e1cfb4 T get_mmc_block_count
c7e1d00c T decode_partitionInfo
c7e1d04c T get_mmc_part_info
c7e1d0e8 T print_mmc_part_info
c7e1d27c T encode_partitionInfo
c7e1d2f0 T make_mmc_partition
c7e1d5c4 T create_mmc_fdisk
c7e1d64c T do_fdisk
c7e1d6c4 t nand_read
c7e1d6ec t nand_write
c7e1d714 t nand_erase
c7e1d740 T env_get_char_spec
c7e1d74c T env_init
c7e1d768 T saveenv_onenand
c7e1d780 t use_default
c7e1d80c T env_relocate_spec_onenand
c7e1d810 T env_relocate_spec_movinand
c7e1d888 T env_relocate_spec_nor
c7e1d8dc T env_relocate_spec_nand
c7e1d980 T env_relocate_spec
c7e1d9e0 T saveenv_nor
c7e1dacc T saveenv_nand_adv
c7e1dbc0 T saveenv_nand
c7e1dd44 T saveenv_movinand
c7e1dd70 T saveenv
c7e1de10 T gunzip
c7e1df68 T zfree
c7e1df70 T zalloc
c7e1df80 T cyg_crc16
c7e1dfc8 T board_init
c7e1e018 T dram_init
c7e1e038 T board_late_init
c7e1e040 T virt_to_phy_smdk6450
c7e1e070 T checkboard
c7e1e088 t write_hword
c7e1e188 T write_buff
c7e1e300 T flash_print_info
c7e1e418 T flash_erase
c7e1e628 T flash_init
c7e1e674 T crc32
c7e1e774 T crc32_no_comp
c7e1e86c T crc32_wd
c7e1e870 T print_size
c7e1e93c T display_options
c7e1e95c T print_buffer
c7e1eadc T lmb_dump_all
c7e1eae0 t lmb_addrs_adjacent
c7e1eb04 t lmb_remove_region
c7e1eb40 T lmb_init
c7e1eb68 t lmb_add_region
c7e1ed38 T lmb_add
c7e1ed3c T lmb_free
c7e1ee30 T lmb_reserve
c7e1ee38 T lmb_overlaps_region
c7e1ee8c T __lmb_alloc_base
c7e1ef98 T lmb_is_reserved
c7e1eff4 T lmb_alloc_base
c7e1f028 T lmb_alloc
c7e1f030 T strcpy
c7e1f048 T strncpy
c7e1f070 T strcat
c7e1f09c T strncat
c7e1f0e8 T strcmp
c7e1f114 T strncmp
c7e1f158 T strchr
c7e1f184 T strlen
c7e1f1a4 T strrchr
c7e1f1dc T strnlen
c7e1f204 T strspn
c7e1f248 T strpbrk
c7e1f288 T strtok
c7e1f30c T strsep
c7e1f340 T strswab
c7e1f38c T memset
c7e1f3a8 T bcopy
c7e1f3d4 T memcpy
c7e1f3f4 T memmove
c7e1f43c T memcmp
c7e1f478 T memscan
c7e1f49c T strstr
c7e1f500 T memchr
c7e1f52c T strdup
c7e1f568 T simple_strtoul
c7e1f628 T simple_strtol
c7e1f650 t skip_atoi
c7e1f68c t number
c7e1f8f4 T panic
c7e1f94c T vsprintf
c7e1fda0 T sprintf
c7e1fdd0 t falloc
c7e1fdf4 t ffree
c7e1fdf8 t inflate_trees_free
c7e1fe2c t huft_build
c7e20474 t inflate_codes_new
c7e204c4 t inflate_codes_free
c7e204e4 t inflate_blocks_reset
c7e205b0 T inflateEnd
c7e20650 T inflateReset
c7e206b8 T inflateSync
c7e207b8 T inflateInit2
c7e208f8 T inflateInit
c7e20900 T adler32
c7e20a74 t inflate_flush
c7e20be8 T inflateIncomp
c7e20d18 T inflate
c7e22c74 t td_alloc
c7e22cb4 t urb_free_priv
c7e22cf0 T rh_check_port_status
c7e22cf8 T submit_common_msg
c7e22d00 T submit_control_msg
c7e22d08 T submit_int_msg
c7e22d10 T usb_lowlevel_init
c7e22d18 T usb_lowlevel_stop
c7e22d20 t td_fill
c7e22dd0 T sohci_submit_job
c7e23334 T submit_bulk_msg
c7e2333c t s3c_nand_hwcontrol
c7e233b4 t s3c_nand_device_ready
c7e233d0 t s3c_nand_enable_hwecc
c7e2343c t s3c_nand_calculate_ecc
c7e23510 t s3c_nand_write_oob_1bit
c7e235f0 t s3c_nand_read_oob_1bit
c7e236b4 t s3c_nand_write_page_1bit
c7e23828 t s3c_nand_read_page_1bit
c7e239bc t s3c_nand_read_page_4bit
c7e23ad0 t s3c_nand_write_page_4bit
c7e23ba8 t s3c_nand_correct_data
c7e23d84 t s3c_nand_scan_bbt
c7e23d88 T board_nand_init
c7e24000 T s3c_usb_phy_off
c7e24018 T s3c_usb_core_soft_reset
c7e24038 T s3c_usb_init_core
c7e24058 T s3c_usb_check_current_mode
c7e24070 T s3c_usb_set_soft_disconnect
c7e24088 T s3c_usb_clear_soft_disconnect
c7e240a0 T s3c_usb_init_device
c7e240e4 T s3c_usbc_activate
c7e240ec T s3c_usb_set_inep_xfersize
c7e24120 T s3c_usb_set_outep_xfersize
c7e24154 T s3c_usb_write_ep0_fifo
c7e241a8 T s3c_usb_write_in_fifo
c7e241fc T s3c_usb_read_out_fifo
c7e2424c T s3c_usb_get_desc
c7e2441c T s3c_usb_clear_feature
c7e244b0 T s3c_usb_set_feature
c7e2462c T s3c_usb_get_status
c7e246fc T s3c_usb_ep0_int_hndlr
c7e24930 T s3c_usb_set_otherspeed_conf_desc
c7e24a54 T s3c_usb_transfer_ep0
c7e25728 T s3c_usb_int_bulkin
c7e258f8 T s3c_usb_upload_start
c7e25b28 T s3c_usb_download_start
c7e25d48 T s3c_usb_dma_in_done
c7e25e5c T s3c_usb_set_all_outep_nak
c7e25e84 T s3c_usb_clear_all_outep_nak
c7e25eac T s3c_usb_set_max_pktsize
c7e25f5c T s3c_usb_set_endpoint
c7e25fb4 T s3c_usb_set_descriptors
c7e26150 T s3c_usb_check_speed
c7e2616c T s3c_usb_clear_dnfile_info
c7e261ac T s3c_usb_clear_upfile_info
c7e261ec T s3c_usb_check_setconf
c7e2621c T s3c_usb_set_opmode
c7e262f0 T s3c_usb_reset
c7e2635c T s3c_usb_set_init
c7e263f4 T s3c_usb_verify_checksum
c7e264cc T s3c_usb_download_continue
c7e26644 T s3c_usb_int_bulkout
c7e26694 T s3c_usb_pkt_receive
c7e26718 T s3c_usb_print_pkt
c7e26764 T s3c_usb_dma_out_done
c7e26884 T s3c_usb_transfer
c7e269ac T s3c_udc_int_hndlr
c7e26a3c T s3c_usb_wait_cable_insert
c7e26a90 T s3c_usb_init_phy
c7e26ae4 T s3c_usb_stop
c7e26b1c T s3c_usbctl_init
c7e26c38 T fboot_usb_phy_off
c7e26c50 T fboot_usb_core_soft_reset
c7e26c70 T fboot_usb_init_core
c7e26c90 T fboot_usb_check_current_mode
c7e26ca8 T fboot_usb_set_soft_disconnect
c7e26cc0 T fboot_usb_clear_soft_disconnect
c7e26cd8 T fboot_usb_init_device
c7e26d1c T fboot_usbc_activate
c7e26d24 T fboot_usb_stop
c7e26d5c T fboot_usb_set_inep_xfersize
c7e26d90 T fboot_usb_set_outep_xfersize
c7e26dc4 T fboot_usb_write_ep0_fifo
c7e26e18 T fboot_usb_write_in_fifo
c7e26e6c T fboot_usb_read_out_fifo
c7e26ebc T fboot_usb_get_desc
c7e270c0 T fboot_usb_clear_feature
c7e27154 T fboot_usb_set_feature
c7e272d0 T fboot_usb_get_status
c7e273a0 T fboot_usb_ep0_int_hndlr
c7e275d4 T fboot_usb_set_otherspeed_conf_desc
c7e276f8 T fboot_usb_transfer_ep0
c7e28450 T fboot_usb_upload_start
c7e28680 T fboot_usb_download_start
c7e288a0 T fboot_usb_dma_in_done
c7e289b4 T fboot_usb_set_all_outep_nak
c7e289dc T fboot_usb_clear_all_outep_nak
c7e28a04 T fboot_usb_set_max_pktsize
c7e28ab4 T fboot_usb_set_endpoint
c7e28b0c T fboot_usb_set_descriptors
c7e28cac T fboot_usb_check_speed
c7e28cc8 T fboot_usb_clear_dnfile_info
c7e28d08 T fboot_usb_clear_upfile_info
c7e28d48 T fboot_usb_check_setconf
c7e28d78 T fboot_usb_set_opmode
c7e28e4c T fboot_usb_reset
c7e28eb8 T fastboot_shutdown
c7e28ebc T fastboot_fifo_size
c7e28eec T fastboot_getvar
c7e28ef4 T fboot_usb_int_bulkin
c7e28fa8 T fastboot_preboot
c7e28fcc T fboot_usb_set_init
c7e29064 T fboot_usb_verify_checksum
c7e29130 T fboot_usb_download_continue
c7e292fc T fboot_usb_print_pkt
c7e2933c T fboot_usb_dma_out_done
c7e2945c T fboot_usb_transfer
c7e29588 T fboot_usb_wait_cable_insert
c7e295cc T fboot_usb_init_phy
c7e29620 T fboot_usbctl_init
c7e2973c T fastboot_init
c7e29820 T fboot_usb_int_bulkout
c7e298d0 T fboot_usb_pkt_receive
c7e29954 T fboot_usb_int_hndlr
c7e29a10 T fastboot_poll
c7e29a64 T fastboot_tx_status
c7e29ac0 T __ashldi3
c7e29adc T __ashrdi3
c7e29af8 T __umodsi3
c7e29b0c t Loop1
c7e29b20 t Lbignum
c7e29b34 t Loop3
c7e29b9c t Ldiv0
c7e29bac T setup_mtdpartition_tag
c7e29c58 T do_bootm_linux
c7e29ea8 T flush_cache
c7e29eac t downcase
c7e29ed4 T disk_read
c7e29f2c t setstr
c7e29f60 t dirdelim
c7e29f94 t compare_sign
c7e29fc4 t get_fatent
c7e2a13c t slot2str
c7e2a208 t mkcksum
c7e2a23c t read_bootsectandvi
c7e2a32c T file_fat_detectfs
c7e2a478 t get_cluster
c7e2a520 t get_vfatname
c7e2a6c0 t get_name
c7e2a77c T do_fat_read
c7e2b0a0 T file_fat_read
c7e2b0d8 T file_fat_ls
c7e2b0e8 T fat_register_device
c7e2b208 T fat_format_device
c7e2b870 T get_random_val
c7e2b88c T default_journal_size
c7e2b8cc T ext2fs_format
c7e2e12c T ext2fs_free_node
c7e2e14c T ext2fs_close
c7e2e224 T ext2fs_read_file
c7e2e758 T ext2fs_read
c7e2e79c t ext2fs_read_inode
c7e2e864 T ext2fs_mount
c7e2e914 t ext2fs_iterate_dir
c7e2ebac T ext2fs_find_file1
c7e2ee60 T ext2fs_find_file
c7e2eee8 T ext2fs_open
c7e2ef8c T ext2fs_ls
c7e2f008 T ext2fs_devread
c7e2f1f0 T ext2fs_set_blk_dev
c7e2f244 T print_part
c7e2f320 T dev_print
c7e2f4f0 T get_partition_info
c7e2f514 T init_part
c7e2f530 T get_dev
c7e2f594 t le32_to_int
c7e2f5bc t is_extended
c7e2f5dc T test_part_dos
c7e2f630 t get_partition_info_extended
c7e2f85c T get_partition_info_dos
c7e2f884 t print_partition_extended
c7e2fa54 T print_part_dos
c7e2fa80 t nand_block_bad_scrub
c7e2fa88 T nand_lock
c7e2fadc T nand_unlock
c7e2fbec T nand_get_lock_status
c7e2fc78 T nand_read_opts
c7e30038 T nand_write_opts
c7e3059c T nand_erase_opts
c7e30904 T GregorianDay
c7e309f8 T to_tm
c7e30b00 T mktime
c7e30b94 t SetRTC_Access
c7e30bd0 t bcd2bin
c7e30be8 t bin2bcd
c7e30c18 T rtc_set
c7e30cb4 T rtc_get
c7e30da8 T rtc_reset
c7e30dd0 T __div64_32
c7e31050 r C.31.3163
c7e310d0 R version_string
c7e31110 r default_nand_name
c7e31118 r __FUNCTION__.4898
c7e31128 r __FUNCTION__.4418
c7e31138 r __FUNCTION__.3915
c7e3114a r C.40.3558
c7e3114c r __FUNCTION__.3394
c7e31160 r nand_ecc_precalc_table
c7e31260 r baudrate_table
c7e31274 r C.40.3328
c7e31280 r C.31.3147
c7e31290 r C.35.3245
c7e312a8 r crc16_tab
c7e314a8 r crc_table
c7e318a8 r border
c7e318f4 r inflate_mask
c7e31938 R string_desc0
c7e3193c R string_desc1
c7e31952 R string_desc2
c7e3197e R qualifier_desc
c7e31988 R config_full
c7e31991 R config_full_total
c7e319b1 R config_high
c7e319ba R config_high_total
c7e319de R fboot_string_desc0
c7e319e2 R fboot_string_desc1
c7e319fa R fboot_string_desc2
c7e31a12 R string_desc3
c7e31a2a R fboot_qualifier_desc
c7e31a34 R fboot_config_full
c7e31a3d R fboot_config_full_total
c7e31a5d R fboot_config_high
c7e31a66 R fboot_config_high_total
c7e31a88 r block_drvr
c7e31a98 r C.31.2806
c7e3ac84 D init_sequence
c7e3acb4 D NetBcastAddr
c7e3acba D NetOurVLAN
c7e3acbc D NetOurNativeVLAN
c7e3acbe d TftpBlkSize
c7e3acc0 d nfs_offset
c7e3acc4 d cur_dev_num
c7e3acc8 D nand_curr_device
c7e3accc d nand_oob_8
c7e3af1c d nand_oob_16
c7e3b16c d nand_oob_64
c7e3b3bc d nand_oob_128
c7e3b60c D nand_flash_ids
c7e3bb94 D nand_manuf_ids
c7e3bbd4 d bbt_main_descr
c7e3bbf8 d bbt_mirror_descr
c7e3bc1c d agand_flashbased
c7e3bc40 d largepage_flashbased
c7e3bc64 d smallpage_flashbased
c7e3bc88 d largepage_memorybased
c7e3bcac d smallpage_memorybased
c7e3bcd0 d bbt_pattern
c7e3bcd4 d mirror_pattern
c7e3bcd8 d scan_agand_pattern
c7e3bcde d scan_ff_pattern
c7e3bce0 d hist_cur
c7e3bce4 d uimage_comp
c7e3bd14 d uimage_type
c7e3bd8c d uimage_arch
c7e3be7c d uimage_os
c7e3bedc D load_addr
c7e3bee0 D weekdays
c7e3befc D op_table
c7e3bf64 d do_echo
c7e3bf68 D dp_last_length
c7e3bf6c D stdio_names
c7e3bf78 d trim_threshold
c7e3bf7c d mmap_threshold
c7e3bf80 d av_
c7e3c388 d sbrk_base
c7e3c38c D default_environment
c7e3c494 D default_environment_size
c7e3c498 d reserved_list
c7e3c51c d interface
c7e3c538 D env_name_spec
c7e3c53c D _ctype
c7e3c63c D zlib_version
c7e3c640 D z_errmsg
c7e3c660 d cplens
c7e3c6dc d cplext
c7e3c758 d cpdist
c7e3c7d0 d cpdext
c7e3c848 d fixed_left
c7e3c84c d s3c_nand_oob_64
c7e3ca9c d s3c_nand_oob_16
c7e3ccec d s3c_nand_oob_mlc_64
c7e3cf3c D test_pkt
c7e3cf74 D ptable_default
c7e3d038 D ptable_default_size
c7e3d03c D fboot_test_pkt
c7e3d074 d cur_part
c7e3d078 D indir1_blkno
c7e3d07c D indir2_blkno
c7e3d080 d autoplace_oobinfo
c7e3d2d0 d jffs2_oobinfo
c7e3d520 d yaffs_oobinfo
c7e3d770 d month_days
c7e3d7a0 A __u_boot_cmd_start
c7e3d7a0 D __u_boot_cmd_autoscr
c7e3d7b8 D __u_boot_cmd_bdinfo
c7e3d7d0 D __u_boot_cmd_go
c7e3d7e8 D __u_boot_cmd_reset
c7e3d800 D __u_boot_cmd_re
c7e3d818 D __u_boot_cmd_bootm
c7e3d830 D __u_boot_cmd_boot
c7e3d848 D __u_boot_cmd_bootd
c7e3d860 D __u_boot_cmd_iminfo
c7e3d878 D __u_boot_cmd_imls
c7e3d890 D __u_boot_cmd_icache
c7e3d8a8 D __u_boot_cmd_dcache
c7e3d8c0 D __u_boot_cmd_coninfo
c7e3d8d8 D __u_boot_cmd_date
c7e3d8f0 D __u_boot_cmd_bootelf
c7e3d908 D __u_boot_cmd_bootvx
c7e3d920 D __u_boot_cmd_ext2ls
c7e3d938 D __u_boot_cmd_ext2load
c7e3d950 D __u_boot_cmd_ext2format
c7e3d968 D __u_boot_cmd_ext3format
c7e3d980 D __u_boot_cmd_fatload
c7e3d998 D __u_boot_cmd_fatls
c7e3d9b0 D __u_boot_cmd_fatinfo
c7e3d9c8 D __u_boot_cmd_fatformat
c7e3d9e0 D __u_boot_cmd_flinfo
c7e3d9f8 D __u_boot_cmd_erase
c7e3da10 D __u_boot_cmd_protect
c7e3da28 D __u_boot_cmd_itest
c7e3da40 D __u_boot_cmd_loads
c7e3da58 D __u_boot_cmd_loadb
c7e3da70 D __u_boot_cmd_loady
c7e3da88 D __u_boot_cmd_md
c7e3daa0 D __u_boot_cmd_mm
c7e3dab8 D __u_boot_cmd_nm
c7e3dad0 D __u_boot_cmd_mw
c7e3dae8 D __u_boot_cmd_cp
c7e3db00 D __u_boot_cmd_cmp
c7e3db18 D __u_boot_cmd_crc32
c7e3db30 D __u_boot_cmd_base
c7e3db48 D __u_boot_cmd_loop
c7e3db60 D __u_boot_cmd_mtest
c7e3db78 D __u_boot_cmd_sleep
c7e3db90 D __u_boot_cmd_mmcinfo
c7e3dba8 D __u_boot_cmd_mmc
c7e3dbc0 D __u_boot_cmd_nand
c7e3dbd8 D __u_boot_cmd_nboot
c7e3dbf0 D __u_boot_cmd_bootp
c7e3dc08 D __u_boot_cmd_tftpboot
c7e3dc20 D __u_boot_cmd_rarpboot
c7e3dc38 D __u_boot_cmd_dhcp
c7e3dc50 D __u_boot_cmd_nfs
c7e3dc68 D __u_boot_cmd_ping
c7e3dc80 D __u_boot_cmd_printenv
c7e3dc98 D __u_boot_cmd_setenv
c7e3dcb0 D __u_boot_cmd_saveenv
c7e3dcc8 D __u_boot_cmd_run
c7e3dce0 D __u_boot_cmd_reginfo
c7e3dcf8 D __u_boot_cmd_dnw
c7e3dd10 D __u_boot_cmd_imxtract
c7e3dd28 D __u_boot_cmd_version
c7e3dd40 D __u_boot_cmd_echo
c7e3dd58 D __u_boot_cmd_test
c7e3dd70 D __u_boot_cmd_exit
c7e3dd88 D __u_boot_cmd_help
c7e3dda0 D __u_boot_cmd_question_mark
c7e3ddb8 D __u_boot_cmd_movi
c7e3ddd0 D __u_boot_cmd_lcd
c7e3dde8 D __u_boot_cmd_fastboot
c7e3de00 D __u_boot_cmd_sdfuse
c7e3de18 D __u_boot_cmd_fdisk
c7e3de30 A __u_boot_cmd_end
c7e40000 R mmu_table
c7e44000 A __bss_start
c7e44000 B timer_load_val
c7e44004 b timestamp
c7e44008 b lastdec
c7e4400c B movi_ch
c7e44010 B movi_emmc
c7e44014 B monitor_flash_len
c7e44018 b mem_malloc_start
c7e4401c b mem_malloc_end
c7e44020 b mem_malloc_brk
c7e44024 B NetOurSubnetMask
c7e44028 B NetOurGatewayIP
c7e4402c B NetOurDNSIP
c7e44030 B NetOurNISDomain
c7e44050 B NetOurHostName
c7e44070 B NetOurRootPath
c7e440b0 B NetBootFileSize
c7e440b2 B NetServerEther
c7e440b8 B NetEtherNullAddr
c7e440c0 B NetTxPacket
c7e440c4 B NetBootFileXferSize
c7e440c8 B NetOurEther
c7e440d0 B NetOurIP
c7e440d4 B NetServerIP
c7e440d8 B NetRxPackets
c7e440e8 B NetRxPkt
c7e440ec B NetRxPktLen
c7e440f0 B NetIPID
c7e440f4 B NetState
c7e440f8 B BootFile
c7e44178 B NetPingIP
c7e4417c B PktBuf
c7e45f9c B NetArpWaitPacketIP
c7e45fa0 B NetArpWaitReplyIP
c7e45fa4 B NetArpWaitPacketMAC
c7e45fa8 B NetArpWaitTxPacket
c7e45fac B NetArpWaitTxPacketSize
c7e45fb0 B NetArpWaitPacketBuf
c7e465d0 B NetArpWaitTimerStart
c7e465d4 B NetArpWaitTry
c7e465d8 b mac.3333
c7e465e0 b packetHandler
c7e465e4 b timeHandler
c7e465e8 b timeStart
c7e465ec b timeDelta
c7e465f0 b PingSeqNo
c7e465f4 b TftpServerIP
c7e465f8 b TftpServerPort
c7e465fc b TftpOurPort
c7e46600 b TftpTimeoutCount
c7e46604 b TftpBlock
c7e46608 b TftpLastBlock
c7e4660c b TftpBlockWrap
c7e46610 b TftpBlockWrapOffset
c7e46614 b TftpState
c7e46618 b default_filename
c7e46625 b tftp_filename
c7e466a8 B dhcp_state
c7e466ac B dhcp_leasetime
c7e466b0 B NetDHCPServerIP
c7e466b4 B BootpID
c7e466b8 B BootpTry
c7e466bc B RarpTry
c7e466c0 b rpc_id
c7e466c4 b fs_mounted
c7e466c8 b nfs_len
c7e466cc b dirfh
c7e466ec b filefh
c7e4670c b NfsDownloadState
c7e46710 b NfsServerIP
c7e46714 b NfsSrvMountPort
c7e46718 b NfsSrvNfsPort
c7e4671c b NfsOurPort
c7e46720 b NfsTimeoutCount
c7e46724 b NfsState
c7e46728 b default_filename
c7e46768 b nfs_filename
c7e4676c b nfs_path
c7e46770 b nfs_path_buff
c7e46f70 B mmc_global
c7e46f7c B mmc_default
c7e46f80 b mmc_devices
c7e46f88 B mmc_channel
c7e472b8 B mmc_host
c7e47354 B nand_info
c7e47408 b nand_chip
c7e4750c b nfloor
c7e47510 b dm9000_info
c7e475bc B hist_num
c7e475c0 B console_buffer
c7e476c0 B hist_list
c7e47710 B hist_lines
c7e48b10 b initted.3190
c7e48b14 b hist_max
c7e48b18 b hist_add_idx
c7e48b1c b images
c7e48b6c B os_data_count
c7e48b70 B his_eol
c7e48b74 B his_pad_count
c7e48b78 B his_pad_char
c7e48b79 B his_quote
c7e48b7c B os_data_init
c7e48b80 B os_data_char
c7e48b84 B send_parms
c7e48b98 B send_ptr
c7e48b9c b a_b
c7e48bb4 b os_data_state
c7e48bb8 b os_data_state_saved
c7e48bbc b os_data_count_saved
c7e48bc0 b os_data_addr
c7e48bc4 b os_data_addr_saved
c7e48bc8 b bin_start_address
c7e48bcc b k_data_escape
c7e48bd0 b k_data_escape_saved
c7e48bd4 B dp_last_addr
c7e48bd8 B dp_last_size
c7e48bdc B mm_last_addr
c7e48be0 B mm_last_size
c7e48be4 b base_address
c7e48be8 b ctrlc_was_pressed
c7e48bec b ctrlc_disabled
c7e48bf0 B devlist
c7e48bf4 B stdio_devices
c7e48c00 b top_pad
c7e48c04 b n_mmaps_max
c7e48c08 b current_mallinfo
c7e48c30 b max_sbrked_mem
c7e48c34 b max_total_mem
c7e48c38 B last_return_code
c7e48c3c B nesting_level
c7e48c40 b top_vars
c7e48c44 b flag_repeat
c7e48c48 b do_repeat
c7e48c4c b the_command.3087
c7e48d4c b buf.3539
c7e48d74 b local.3060
c7e48d8c b ifs
c7e48d90 b map
c7e48e90 B usb_started
c7e48e94 b usb_dev
c7e55714 b dev_index
c7e55718 b running
c7e5571c b asynch_allowed
c7e55720 b setup_packet
c7e55728 b hub_dev
c7e55828 b usb_hub_index
c7e5582c b xyz
c7e55c68 B raw_area_control
c7e55e68 b download_size
c7e55e6c b download_bytes
c7e55e70 b download_error
c7e55e74 b ptable
c7e56034 b pcount
c7e56038 B mbr
c7e56238 B env_ptr
c7e5623c B flash_info
c7e56240 B ___strtok
c7e56244 b fixed_lock
c7e56248 b fixed_built
c7e5624c b fixed_mem
c7e572dc b fixed_bl
c7e572e0 b fixed_bd
c7e572e4 b fixed_tl
c7e572e8 b fixed_td
c7e57300 B gtd
c7e58340 B ptd
c7e58400 B ghcca
c7e58500 B phcca
c7e58510 B ohci_dev
c7e586a0 B urb_priv
c7e58774 B got_rhsc
c7e58778 B devgone
c7e5877c b gohci
c7e58900 B boot_nand
c7e58904 B cur_ecc_mode
c7e58908 B nand_type
c7e5890c B s3c_receive_done
c7e58910 B s3c_got_header
c7e58914 B op_mode
c7e58918 B speed
c7e5891c B s3c_usbd_dn_addr
c7e58920 B DNW
c7e58924 B remode_wakeup
c7e58928 B config_value
c7e5892a B otg
c7e589ae B get_status
c7e589b3 B get_intf
c7e589b4 B fboot_response_flag
c7e589b8 B fboot_usbd_dn_addr
c7e589bc B fboot_usbd_dn_cnt
c7e589c0 B fboot_receive_done
c7e589c4 B fboot_got_header
c7e589c8 B fboot_op_mode
c7e589cc B fboot_speed
c7e589d0 B tx_msg_buf
c7e589d4 B total_dn_size
c7e589d8 B reply_msg
c7e589dc B transfer_size
c7e589e0 B fboot_remode_wakeup
c7e589e4 B fboot_config_value
c7e589e6 B fboot_otg
c7e58a6a B fboot_get_status
c7e58a6f B fboot_get_intf
c7e58a70 b fastboot_interface
c7e58a74 b serial_number.4399
c7e58a94 b device_strings
c7e58a9c b fastboot_bulk_fifo
c7e58ca0 b params
c7e58ca4 B get_vfatname_block
c7e68ca4 B get_dentfromdir_block
c7e78ca4 B do_fat_read_block
c7e88ca4 b cur_dev
c7e88ca8 b part_offset
c7e88cac B ext2fs_root
c7e88cb0 B ext2fs_file
c7e88cb4 B symlinknest
c7e88cb8 B indir1_block
c7e88cbc B indir1_size
c7e88cc0 B indir2_block
c7e88cc4 B indir2_size
c7e88cc8 b ext2fs_block_dev_desc
c7e88ccc b part_info
c7e88d18 b none_oobinfo
c7e88f68 b data_buf
c7e89768 b oob_buf
c7e897a8 A _end
