Archive member included because of file (symbol)

cpu/s5p645x/libs5p645x.a(interrupts.o)
                              cpu/s5p645x/start.o (do_irq)
cpu/s5p645x/libs5p645x.a(cpu.o)
                              cpu/s5p645x/libs5p645x.a(interrupts.o) (reset_cpu)
cpu/s5p645x/libs5p645x.a(setup_hsmmc.o)
                              cpu/s5p645x/libs5p645x.a(cpu.o) (setup_hsmmc0_cfg_gpio)
cpu/s5p645x/libs5p645x.a(serial.o)
                              cpu/s5p645x/libs5p645x.a(cpu.o) (serial_tstc)
cpu/s5p645x/s5p6450/libs5p6450.a(speed.o)
                              cpu/s5p645x/libs5p645x.a(setup_hsmmc.o) (get_MPLL_CLK)
lib_arm/libarm.a(_udivsi3.o)  cpu/s5p645x/libs5p645x.a(interrupts.o) (__udivsi3)
lib_arm/libarm.a(board.o)     lib_arm/div0.o (hang)
lib_arm/libarm.a(_divsi3.o)   lib_arm/libarm.a(board.o) (__divsi3)
lib_arm/libarm.a(_modsi3.o)   lib_arm/libarm.a(board.o) (__modsi3)
net/libnet.a(net.o)           lib_arm/libarm.a(board.o) (copy_filename)
net/libnet.a(tftp.o)          net/libnet.a(net.o) (TftpStart)
net/libnet.a(bootp.o)         net/libnet.a(net.o) (BootpRequest)
net/libnet.a(rarp.o)          net/libnet.a(net.o) (RarpRequest)
net/libnet.a(eth.o)           lib_arm/libarm.a(board.o) (eth_initialize)
net/libnet.a(nfs.o)           net/libnet.a(net.o) (NfsStart)
drivers/mmc/libmmc.a(mmc.o)   cpu/s5p645x/movi.o (movi_write)
drivers/mmc/libmmc.a(s3c_hsmmc.o)
                              cpu/s5p645x/libs5p645x.a(cpu.o) (smdk_s3c_hsmmc_init)
drivers/mtd/nand/libnand.a(nand.o)
                              lib_arm/libarm.a(board.o) (nand_init)
drivers/mtd/nand/libnand.a(nand_base.o)
                              drivers/mtd/nand/libnand.a(nand.o) (nand_scan)
drivers/mtd/nand/libnand.a(nand_ids.o)
                              drivers/mtd/nand/libnand.a(nand_base.o) (nand_flash_ids)
drivers/mtd/nand/libnand.a(nand_ecc.o)
                              drivers/mtd/nand/libnand.a(nand_base.o) (nand_calculate_ecc)
drivers/mtd/nand/libnand.a(nand_bbt.o)
                              drivers/mtd/nand/libnand.a(nand_base.o) (nand_isbad_bbt)
drivers/net/libnet.a(dm9000x.o)
                              net/libnet.a(net.o) (eth_halt)
common/libcommon.a(main.o)    lib_arm/libarm.a(board.o) (main_loop)
common/libcommon.a(cmd_autoscript.o)
                              (__u_boot_cmd_autoscr)
common/libcommon.a(cmd_bdinfo.o)
                              (__u_boot_cmd_bdinfo)
common/libcommon.a(image.o)   common/libcommon.a(cmd_autoscript.o) (genimg_get_format)
common/libcommon.a(cmd_boot.o)
                              (__u_boot_cmd_go)
common/libcommon.a(cmd_bootm.o)
                              lib_arm/libarm.a(board.o) (load_addr)
common/libcommon.a(cmd_cache.o)
                              (__u_boot_cmd_icache)
common/libcommon.a(cmd_console.o)
                              (__u_boot_cmd_coninfo)
common/libcommon.a(cmd_date.o)
                              (__u_boot_cmd_date)
common/libcommon.a(cmd_elf.o)
                              common/libcommon.a(cmd_bootm.o) (do_bootvx)
common/libcommon.a(cmd_ext2.o)
                              (__u_boot_cmd_ext2ls)
common/libcommon.a(cmd_fat.o)
                              (__u_boot_cmd_fatload)
common/libcommon.a(cmd_flash.o)
                              (__u_boot_cmd_flinfo)
common/libcommon.a(cmd_itest.o)
                              (__u_boot_cmd_itest)
common/libcommon.a(cmd_load.o)
                              (__u_boot_cmd_loads)
common/libcommon.a(cmd_mem.o)
                              common/libcommon.a(cmd_itest.o) (cmd_get_data_size)
common/libcommon.a(cmd_misc.o)
                              (__u_boot_cmd_sleep)
common/libcommon.a(cmd_mmc.o)
                              (__u_boot_cmd_mmcinfo)
common/libcommon.a(cmd_nand.o)
                              (__u_boot_cmd_nand)
common/libcommon.a(cmd_net.o)
                              (__u_boot_cmd_bootp)
common/libcommon.a(cmd_nvedit.o)
                              lib_arm/libarm.a(board.o) (getenv_r)
common/libcommon.a(cmd_reginfo.o)
                              (__u_boot_cmd_reginfo)
common/libcommon.a(cmd_usbd.o)
                              (__u_boot_cmd_dnw)
common/libcommon.a(cmd_ximg.o)
                              (__u_boot_cmd_imxtract)
common/libcommon.a(command.o)
                              common/libcommon.a(main.o) (find_cmd)
common/libcommon.a(console.o)
                              cpu/s5p645x/movi.o (printf)
common/libcommon.a(devices.o)
                              common/libcommon.a(cmd_console.o) (devlist)
common/libcommon.a(dlmalloc.o)
                              drivers/mmc/libmmc.a(mmc.o) (free)
common/libcommon.a(env_common.o)
                              common/libcommon.a(cmd_nvedit.o) (env_get_addr)
common/libcommon.a(exports.o)
                              lib_arm/libarm.a(board.o) (jumptable_init)
common/libcommon.a(flash.o)   common/libcommon.a(cmd_load.o) (addr2info)
common/libcommon.a(hush.o)    common/libcommon.a(main.o) (u_boot_hush_start)
[...]
Memory Configuration

Name             Origin             Length             Attributes
*default*        0x00000000         0xffffffff

Linker script and memory map

                0x00000000                . = 0x0
                0x00000000                . = ALIGN (0x4)

.text           0xc7e00000    0x31050
 cpu/s5p645x/start.o(.text)
 .text          0xc7e00000      0x4a0 cpu/s5p645x/start.o
                0xc7e00040                _end_vect
                0xc7e00184                theLastJump
                0xc7e00480                arm1136_cache_flush
                0xc7e0004c                _bss_start
                0xc7e00050                _bss_end
                0xc7e00048                _armboot_start
                0xc7e00128                copy_from_nand
                0xc7e00000                _start
                0xc7e000c0                after_copy
 cpu/s5p645x/start_irom.o(.text)
 .text          0xc7e004a0       0xa4 cpu/s5p645x/start_irom.o
                0xc7e004a4                load_bl2_irom
 cpu/s5p645x/s5p6450/cpu_init.o(.text)
 .text          0xc7e00544       0xf8 cpu/s5p645x/s5p6450/cpu_init.o
                0xc7e00544                mem_ctrl_asm_init
 board/samsung/smdk6450/lowlevel_init.o(.text)
 .text          0xc7e0063c      0x300 board/samsung/smdk6450/lowlevel_init.o
                0xc7e00640                lowlevel_init
                0xc7e00850                nand_asm_init
 cpu/s5p645x/nand_cp.o(.text)
 .text          0xc7e0093c      0x1e4 cpu/s5p645x/nand_cp.o
                0xc7e009fc                copy_uboot_to_ram
                0xc7e0093c                nand_bl2_copy
                0xc7e0099c                nand_bl2_copy_adv
 cpu/s5p645x/movi.o(.text)
 .text          0xc7e00b20       0xc4 cpu/s5p645x/movi.o
                0xc7e00bcc                print_movi_bl2_info
                0xc7e00b44                movi_write_bl1
                0xc7e00b20                movi_bl2_copy
                0xc7e00bb4                movi_read_env
                0xc7e00b9c                movi_write_env
 *(.text)
 .text          0xc7e00be4        0x4 lib_arm/div0.o
                0xc7e00be4                __div0
 .text          0xc7e00be8      0x4dc cpu/s5p645x/libs5p645x.a(interrupts.o)
                0xc7e00c68                set_timer
                0xc7e01008                reset_timer
                0xc7e00f30                do_fiq
                0xc7e00bf4                interrupt_init
                0xc7e00fe4                do_undefined_instruction
                0xc7e00db4                show_regs
                0xc7e00f0c                do_irq
                0xc7e00d9c                get_tbclk
                0xc7e00d00                get_timer
                0xc7e00c78                reset_timer_masked
                0xc7e00ef0                bad_mode
                0xc7e00ca0                get_timer_masked
                0xc7e01030                udelay
                0xc7e00d14                udelay_masked
                0xc7e00f9c                do_prefetch_abort
                0xc7e00d88                get_ticks
                0xc7e00bec                disable_interrupts
                0xc7e00f54                do_not_used
                0xc7e00f78                do_data_abort
                0xc7e00fc0                do_software_interrupt
                0xc7e00be8                enable_interrupts
 .text          0xc7e010c4      0x188 cpu/s5p645x/libs5p645x.a(cpu.o)
                0xc7e0110c                cleanup_before_linux
                0xc7e010f8                cpu_mmc_init
                0xc7e01214                dcache_enable
                0xc7e010f0                cpu_init
                0xc7e01174                icache_enable
                0xc7e011dc                branch_enable
                0xc7e0115c                do_reset
                0xc7e011c0                branch_disable
                0xc7e01138                reset_cpu
                0xc7e01190                branch_status
                0xc7e01230                icache_disable
                0xc7e011a0                dcache_status
                0xc7e011b0                icache_status
                0xc7e011f8                dcache_disable
 .text          0xc7e0124c      0x218 cpu/s5p645x/libs5p645x.a(setup_hsmmc.o)
                0xc7e0124c                setup_sdhci0_cfg_card
                0xc7e01280                setup_hsmmc0_cfg_gpio
                0xc7e012fc                setup_hsmmc_clock
 .text          0xc7e01464       0x8c cpu/s5p645x/libs5p645x.a(serial.o)
                0xc7e01464                serial_setbrg
                0xc7e01494                serial_tstc
                0xc7e01468                serial_putc
                0xc7e014e8                serial_init
                0xc7e014a8                serial_puts
                0xc7e014cc                serial_getc
 .text          0xc7e014f0      0x194 cpu/s5p645x/s5p6450/libs5p6450.a(speed.o)
                0xc7e0159c                get_HCLK
                0xc7e015c4                get_PCLK
                0xc7e0155c                get_MPLL_CLK
                0xc7e0156c                get_FCLK
                0xc7e01574                get_ARMCLK
                0xc7e01564                get_UCLK
                0xc7e015ec                print_cpuinfo
 .text          0xc7e01684       0x98 lib_arm/libarm.a(_udivsi3.o)
                0xc7e01684                __udivsi3
 .text          0xc7e0171c      0x3d8 lib_arm/libarm.a(board.o)
                0xc7e01780                __yellow_LED_off
                0xc7e01774                green_LED_on
                0xc7e01784                hang
                0xc7e01774                __green_LED_on
                0xc7e0177c                __yellow_LED_on
                0xc7e0177c                yellow_LED_on
                0xc7e01778                __green_LED_off
                0xc7e01770                __red_LED_off
                0xc7e01844                start_armboot
                0xc7e01a8c                strmhz
                0xc7e01768                coloured_LED_init
                0xc7e01780                yellow_LED_off
                0xc7e01770                red_LED_off
                0xc7e0171c                sbrk
                0xc7e01778                green_LED_off
                0xc7e01768                __coloured_LED_init
                0xc7e0176c                red_LED_on
                0xc7e0176c                __red_LED_on
 *fill*         0xc7e01af4        0xc 00
 .text          0xc7e01b00      0x140 lib_arm/libarm.a(_divsi3.o)
                0xc7e01b00                __divsi3
 .text          0xc7e01c40      0x100 lib_arm/libarm.a(_modsi3.o)
                0xc7e01c40                __modsi3
 .text          0xc7e01d40     0x1530 net/libnet.a(net.o)
                0xc7e01f2c                getenv_IPaddr
                0xc7e01dec                NetCksumOk
                0xc7e02b14                NetSetTimeout
                0xc7e01e10                copy_filename
                0xc7e01f3c                NetEthHdrSize
                0xc7e01fe0                ip_to_string
                0xc7e02d60                ArpTimeoutCheck
                0xc7e023b4                NetReceive
                0xc7e01eb8                string_to_ip
                0xc7e02b50                NetSendUDPPacket
                0xc7e0202c                print_IPaddr
                0xc7e02050                NetSetEther
                0xc7e02de4                NetLoop
                0xc7e02290                ArpRequest
                0xc7e01f80                VLAN_to_string
                0xc7e01ea8                getenv_VLAN
                0xc7e01da8                NetCksum
                0xc7e02108                NetSetIP
                0xc7e01e60                string_to_VLAN
                0xc7e02ce0                NetStartAgain
                0xc7e01d98                NetSetHandler
                0xc7e0298c                PingSend
                0xc7e0228c                NetSendPacket
 .text          0xc7e03270      0x7bc net/libnet.a(tftp.o)
                0xc7e03444                TftpStart
 .text          0xc7e03a2c      0xa3c net/libnet.a(bootp.o)
                0xc7e0409c                DhcpRequest
                0xc7e03ec4                BootpRequest
 .text          0xc7e04468      0x1a8 net/libnet.a(rarp.o)
                0xc7e04468                RarpRequest
 .text          0xc7e04610        0x8 net/libnet.a(eth.o)
                0xc7e04610                eth_initialize
 .text          0xc7e04618      0xe04 net/libnet.a(nfs.o)
                0xc7e04c20                NfsStart
 .text          0xc7e0541c     0x1220 drivers/mmc/libmmc.a(mmc.o)
                0xc7e05484                mmc_send_ext_csd
                0xc7e05634                sd_switch
                0xc7e062b4                mmc_send_app_op_cond
                0xc7e05c88                mmc_startup
                0xc7e065c8                print_mmc_devices
                0xc7e057c0                board_mmc_init
                0xc7e0544c                mmc_set_blocklen
                0xc7e0543c                mmc_send_cmd
                0xc7e056b4                mmc_set_clock
                0xc7e064a8                mmc_init
                0xc7e054d4                mmc_set_relative_addr
                0xc7e063fc                mmc_send_op_cond
                0xc7e05758                mmc_register
                0xc7e05814                mmc_get_dev
                0xc7e0550c                mmc_switch
                0xc7e056a4                mmc_set_ios
                0xc7e05a9c                movi_read
                0xc7e0555c                mmc_change_freq
                0xc7e056d4                mmc_set_bus_width
                0xc7e057c8                find_mmc_device
                0xc7e063a8                mmc_go_idle
                0xc7e056dc                mmc_send_if_cond
                0xc7e05ab4                sd_change_freq
                0xc7e058e4                movi_write
                0xc7e0650c                mmc_initialize
 .text          0xc7e0663c      0x5d4 drivers/mmc/libmmc.a(s3c_hsmmc.o)
                0xc7e0672c                smdk_s3c_hsmmc_init
 .text          0xc7e06c10       0xa0 drivers/mtd/nand/libnand.a(nand.o)
                0xc7e06c10                nand_init
 .text          0xc7e06cb0     0x3054 drivers/mtd/nand/libnand.a(nand_base.o)
                0xc7e08fa8                nand_read
                0xc7e06ecc                nand_wait_ready
                0xc7e079b8                nand_scan_ident
                0xc7e083e8                nand_scan
                0xc7e09448                nand_erase_nand
                0xc7e07f04                nand_scan_tail
                0xc7e07990                nand_release
 .text          0xc7e09d04        0x0 drivers/mtd/nand/libnand.a(nand_ids.o)
 .text          0xc7e09d04      0x220 drivers/mtd/nand/libnand.a(nand_ecc.o)
                0xc7e09dfc                nand_correct_data
                0xc7e09d04                nand_calculate_ecc
 .text          0xc7e09f24     0x1750 drivers/mtd/nand/libnand.a(nand_bbt.o)
                0xc7e0a1b0                nand_isbad_bbt
                0xc7e0b59c                nand_default_bbt
                0xc7e0ae3c                nand_update_bbt
                0xc7e0b118                nand_scan_bbt
 .text          0xc7e0b674      0xc10 drivers/net/libnet.a(dm9000x.o)
                0xc7e0ba40                eth_halt
                0xc7e0b8b4                read_srom_word
                0xc7e0b9d8                write_srom_word
                0xc7e0c048                eth_rx
                0xc7e0ba88                eth_init
                0xc7e0c1ac                eth_send
 .text          0xc7e0c284      0xde4 common/libcommon.a(main.o)
                0xc7e0c284                __show_boot_progress
                0xc7e0c388                run_command
                0xc7e0c314                do_run
                0xc7e0c288                parse_line
                0xc7e0cefc                readline
                0xc7e0c284                show_boot_progress
                0xc7e0cf08                main_loop
                0xc7e0c85c                readline_into_buffer
 .text          0xc7e0d068      0x190 common/libcommon.a(cmd_autoscript.o)
                0xc7e0d1b4                do_autoscript
                0xc7e0d088                autoscript
 .text          0xc7e0d1f8      0x100 common/libcommon.a(cmd_bdinfo.o)
                0xc7e0d20c                do_bdinfo
 .text          0xc7e0d2f8      0x800 common/libcommon.a(image.o)
                0xc7e0d57c                getenv_bootm_size
                0xc7e0d634                image_print_contents
                0xc7e0d41c                genimg_get_comp_id
                0xc7e0d464                genimg_get_os_id
                0xc7e0d3c8                genimg_has_config
                0xc7e0d44c                genimg_get_arch_id
                0xc7e0d37c                genimg_get_arch_name
                0xc7e0d894                boot_get_ramdisk
                0xc7e0d840                image_check_hcrc
                0xc7e0d364                genimg_get_os_name
                0xc7e0d394                genimg_get_type_name
                0xc7e0d53c                genimg_get_format
                0xc7e0d3ac                genimg_get_comp_name
                0xc7e0d804                image_check_dcrc
                0xc7e0d5b0                getenv_bootm_low
                0xc7e0d3c4                genimg_get_image
                0xc7e0d434                genimg_get_type_id
                0xc7e0d318                image_multi_count
                0xc7e0d578                memmove_wd
                0xc7e0d47c                image_multi_getimg
                0xc7e0d5e4                getenv_yesno
 .text          0xc7e0daf8       0xa4 common/libcommon.a(cmd_boot.o)
                0xc7e0db10                do_go
                0xc7e0daf8                do_go_exec
 .text          0xc7e0db9c      0xd30 common/libcommon.a(cmd_bootm.o)
                0xc7e0dcc4                print_image_hdr
                0xc7e0e124                do_bootd
                0xc7e0e148                do_bootm
                0xc7e0dbbc                board_lmb_reserve
                0xc7e0dbbc                __board_lmb_reserve
                0xc7e0e0c4                do_iminfo
 .text          0xc7e0e8cc      0x144 common/libcommon.a(cmd_cache.o)
                0xc7e0e908                do_dcache
                0xc7e0e98c                do_icache
 .text          0xc7e0ea10       0xe0 common/libcommon.a(cmd_console.o)
                0xc7e0ea10                do_coninfo
 .text          0xc7e0eaf0      0x324 common/libcommon.a(cmd_date.o)
                0xc7e0ed00                do_date
                0xc7e0eb34                mk_date
 .text          0xc7e0ee14      0x3c8 common/libcommon.a(cmd_elf.o)
                0xc7e0f13c                do_bootelf
                0xc7e0ef7c                do_bootvx
                0xc7e0ee14                valid_elf_image
                0xc7e0f0f8                do_bootelf_exec
                0xc7e0ee6c                load_elf_image
 .text          0xc7e0f1dc      0x558 common/libcommon.a(cmd_ext2.o)
                0xc7e0f1dc                ext_format
                0xc7e0f2d0                do_ext3_format
                0xc7e0f5e4                do_ext2ls
                0xc7e0f2e0                do_ext2_format
                0xc7e0f2f0                do_ext2load
 .text          0xc7e0f734      0x4ac common/libcommon.a(cmd_fat.o)
                0xc7e0fa40                do_fat_fsload
                0xc7e0f734                do_fat_format
                0xc7e0f824                do_fat_fsinfo
                0xc7e0f92c                do_fat_ls
 .text          0xc7e0fbe0      0x5a8 common/libcommon.a(cmd_flash.o)
                0xc7e0fc10                do_flinfo
                0xc7e0fbf8                flash_sect_erase
                0xc7e0fe70                do_protect
                0xc7e1003c                do_flerase
                0xc7e0fbe0                flash_sect_protect
 .text          0xc7e10188      0x2ec common/libcommon.a(cmd_itest.o)
                0xc7e101f0                binary_test
                0xc7e103cc                do_itest
 .text          0xc7e10474      0xf58 common/libcommon.a(cmd_load.o)
                0xc7e10544                k_data_init
                0xc7e106d0                s1_sendpacket
                0xc7e106f8                handle_send_packet
                0xc7e105d0                k_data_restore
                0xc7e108f0                send_nack
                0xc7e109d8                do_load_serial_bin
                0xc7e10634                k_data_char
                0xc7e1049c                chk1
                0xc7e1056c                k_data_save
                0xc7e10474                ktrans
                0xc7e1069c                send_pad
                0xc7e10954                send_ack
                0xc7e110c0                do_load_serial
 .text          0xc7e113cc      0xa14 common/libcommon.a(cmd_mem.o)
                0xc7e113cc                do_mem_base
                0xc7e11c0c                do_mem_mw
                0xc7e11410                do_mem_crc
                0xc7e117e8                do_mem_nm
                0xc7e11810                do_mem_mm
                0xc7e11930                do_mem_cp
                0xc7e114c8                do_mem_mtest
                0xc7e11a60                do_mem_cmp
                0xc7e115f0                cmd_get_data_size
                0xc7e11838                do_mem_loop
                0xc7e11cdc                do_mem_md
 .text          0xc7e11de0       0x90 common/libcommon.a(cmd_misc.o)
                0xc7e11de0                do_sleep
 .text          0xc7e11e70      0x48c common/libcommon.a(cmd_mmc.o)
                0xc7e11ff4                do_mmcops
                0xc7e11e70                do_mmcinfo
 .text          0xc7e122fc      0xf98 common/libcommon.a(cmd_nand.o)
                0xc7e12464                do_nandboot
                0xc7e126a0                do_nand
 .text          0xc7e13294      0x3d8 common/libcommon.a(cmd_net.o)
                0xc7e13648                do_rarpb
                0xc7e13294                do_ping
                0xc7e13654                do_tftpb
                0xc7e1363c                do_dhcp
                0xc7e13660                do_bootp
                0xc7e13630                do_nfs
 .text          0xc7e1366c      0x890 common/libcommon.a(cmd_nvedit.o)
                0xc7e137b0                getenv
                0xc7e13820                _do_setenv
                0xc7e136cc                getenv_r
                0xc7e13d80                do_printenv
                0xc7e13d38                setenv
                0xc7e13784                do_saveenv
                0xc7e13cf8                do_setenv
                0xc7e1366c                envmatch
 .text          0xc7e13efc        0x8 common/libcommon.a(cmd_reginfo.o)
                0xc7e13efc                do_reginfo
 .text          0xc7e13f04      0x118 common/libcommon.a(cmd_usbd.o)
                0xc7e13f04                do_usbd_dnw
 .text          0xc7e1401c      0x240 common/libcommon.a(cmd_ximg.o)
                0xc7e1401c                do_imgextract
 .text          0xc7e1425c      0x764 common/libcommon.a(command.o)
                0xc7e142f0                do_echo
                0xc7e14540                do_exit
                0xc7e1425c                find_cmd
                0xc7e14570                do_test
                0xc7e14374                do_help
                0xc7e14520                do_version
 .text          0xc7e149c0      0x584 common/libcommon.a(console.o)
                0xc7e14cc0                console_init_r
                0xc7e14c80                printf
                0xc7e14b60                console_assign
                0xc7e14ed0                getc
                0xc7e14c38                puts
                0xc7e14b44                dbg
                0xc7e14e58                serial_printf
                0xc7e14a88                ftstc
                0xc7e14bf0                fprintf
                0xc7e14eb8                tstc
                0xc7e14c54                vprintf
                0xc7e14ee8                ctrlc
                0xc7e14e98                putc
                0xc7e14b08                disable_ctrlc
                0xc7e14a60                fgetc
                0xc7e14b20                had_ctrlc
                0xc7e14ab0                fputc
                0xc7e14b50                console_init_f
                0xc7e14b30                clear_ctrlc
                0xc7e14adc                fputs
 .text          0xc7e14f44       0xec common/libcommon.a(devices.o)
                0xc7e14f60                device_register
                0xc7e14f44                devices_done
                0xc7e14f84                devices_init
 .text          0xc7e15030     0x10f0 common/libcommon.a(dlmalloc.o)
                0xc7e15458                malloc
                0xc7e15ba4                pvalloc
                0xc7e15bc8                calloc
                0xc7e15068                malloc_usable_size
                0xc7e15ca8                realloc
                0xc7e15120                malloc_trim
                0xc7e15030                malloc_bin_reloc
                0xc7e150ac                mallopt
                0xc7e15a94                memalign
                0xc7e15454                cfree
                0xc7e15bbc                valloc
                0xc7e151f4                free
 .text          0xc7e16120      0x164 common/libcommon.a(env_common.o)
                0xc7e16234                env_get_char
                0xc7e16140                env_get_addr
                0xc7e1618c                set_default_env
                0xc7e161d4                env_relocate
                0xc7e16160                env_crc_update
                0xc7e16120                env_get_char_memory
 .text          0xc7e16284       0xe4 common/libcommon.a(exports.o)
                0xc7e16290                jumptable_init
                0xc7e16288                get_version
 .text          0xc7e16368      0x364 common/libcommon.a(flash.o)
                0xc7e1655c                flash_write
                0xc7e16368                flash_protect
                0xc7e16474                addr2info
                0xc7e1647c                flash_perror
 .text          0xc7e166cc     0x1c98 common/libcommon.a(hush.o)
                0xc7e16a68                new_pipe
                0xc7e167f4                mapset
                0xc7e17a60                parse_string_outer
                0xc7e173c0                update_ifs_map
                0xc7e17a18                parse_file_outer
                0xc7e166e8                simple_itoa
                0xc7e16dac                reserved_word
                0xc7e16818                u_boot_hush_start
 .text          0xc7e18364      0x3e0 common/libcommon.a(lists.o)
                0xc7e18664                DisposeHandle
                0xc7e18684                ListDispose
                0xc7e18498                ListInsertItems
                0xc7e1836c                ListSetAllocationPolicy
                0xc7e183bc                ListGetItemSize
                0xc7e183b0                ListGetDataPtr
                0xc7e18688                NewHandle
                0xc7e1841c                SetHandleSize
                0xc7e1865c                ListInsertItem
                0xc7e18364                GetHandleSize
                0xc7e183c8                ListNumItems
                0xc7e18380                ListGetPtrToItem
                0xc7e186e4                ListCreate
                0xc7e183d4                ListGetItems
 .text          0xc7e18744      0x2cc common/libcommon.a(s_record.o)
                0xc7e187b4                srec_decode
 .text          0xc7e18a10     0x15e4 common/libcommon.a(usb.o)
                0xc7e194e0                usb_set_idle
                0xc7e18a28                usb_maxpacket
                0xc7e19dc8                usb_hub_probe
                0xc7e19fc4                usb_stop
                0xc7e19f30                usb_init
                0xc7e18a10                usb_disable_asynch
                0xc7e19e8c                usb_clear_halt
                0xc7e18d94                usb_bulk_msg
                0xc7e193f0                usb_get_class_descriptor
                0xc7e19e28                usb_scan_devices
                0xc7e19108                usb_get_hub_descriptor
                0xc7e18ef4                usb_get_port_status
                0xc7e18d70                usb_submit_int_msg
                0xc7e18c1c                usb_parse_config
                0xc7e18df4                usb_control_msg
                0xc7e19544                usb_set_protocol
                0xc7e19a68                usb_hub_port_connect_change
                0xc7e1960c                usb_set_interface
                0xc7e18b38                usb_hub_allocate
                0xc7e192f4                usb_string
                0xc7e19468                usb_get_report
                0xc7e19720                usb_get_descriptor
                0xc7e19ba8                usb_hub_configure
                0xc7e19168                usb_get_string
                0xc7e18d74                wait_ms
                0xc7e190b0                usb_clear_hub_feature
                0xc7e19790                usb_get_configuration_no
                0xc7e19050                usb_clear_port_feature
                0xc7e18fac                usb_set_port_feature
                0xc7e19830                usb_new_device
                0xc7e18f54                usb_get_hub_status
                0xc7e195a4                usb_set_configuration
                0xc7e18a4c                usb_set_maxpacket
                0xc7e196d8                usb_set_address
                0xc7e18b80                usb_alloc_new_device
                0xc7e18b24                usb_hub_reset
                0xc7e18afc                usb_get_dev_index
 .text          0xc7e19ff4      0xa10 common/libcommon.a(xyzModem.o)
                0xc7e1a128                xyzModem_error
                0xc7e1a1c4                xyzModem_stream_close
                0xc7e1a224                CYGACC_COMM_IF_GETC_TIMEOUT
                0xc7e19ff4                parse_num
                0xc7e1a2ac                xyzModem_stream_terminate
                0xc7e1a8a8                xyzModem_stream_open
                0xc7e1a218                CYGACC_COMM_IF_PUTC
                0xc7e1a62c                xyzModem_stream_read
 .text          0xc7e1aa04      0x538 common/libcommon.a(cmd_movi.o)
                0xc7e1ad8c                init_raw_area_table
                0xc7e1aa04                do_movi
 .text          0xc7e1af3c      0x3f4 common/libcommon.a(cmd_lcd.o)
                0xc7e1af3c                do_lcd_test
 .text          0xc7e1b330     0x1824 common/libcommon.a(cmd_fastboot.o)
                0xc7e1c7bc                do_sdfuse
                0xc7e1b384                fastboot_flash_get_ptn_count
                0xc7e1b4ec                fastboot_flash_add_ptn
                0xc7e1c9a8                do_fastboot
                0xc7e1b35c                fastboot_flash_get_ptn
                0xc7e1b394                fastboot_flash_find_ptn
                0xc7e1b40c                fastboot_flash_dump_ptn
 .text          0xc7e1cb54      0xb70 common/libcommon.a(cmd_mmc_fdisk.o)
                0xc7e1ccd8                make_partitionInfo
                0xc7e1d27c                encode_partitionInfo
                0xc7e1d00c                decode_partitionInfo
                0xc7e1cbc0                encode_chs
                0xc7e1d04c                get_mmc_part_info
                0xc7e1d2f0                make_mmc_partition
                0xc7e1d0e8                print_mmc_part_info
                0xc7e1d5c4                create_mmc_fdisk
                0xc7e1cbe0                get_SDInfo
                0xc7e1d64c                do_fdisk
                0xc7e1cf44                get_mmc_mbr
                0xc7e1ced0                put_mmc_mbr
                0xc7e1cb54                calc_unit
                0xc7e1cfb4                get_mmc_block_count
 .text          0xc7e1d6c4      0x74c common/libcommon.a(env_auto.o)
                0xc7e1d810                env_relocate_spec_movinand
                0xc7e1d980                env_relocate_spec
                0xc7e1d80c                env_relocate_spec_onenand
                0xc7e1dacc                saveenv_nand_adv
                0xc7e1dd70                saveenv
                0xc7e1d740                env_get_char_spec
                0xc7e1d888                env_relocate_spec_nor
                0xc7e1d74c                env_init
                0xc7e1dd44                saveenv_movinand
                0xc7e1d768                saveenv_onenand
                0xc7e1d9e0                saveenv_nor
                0xc7e1dbc0                saveenv_nand
                0xc7e1d8dc                env_relocate_spec_nand
 .text          0xc7e1de10      0x170 common/libcommon.a(gunzip.o)
                0xc7e1de10                gunzip
                0xc7e1df68                zfree
                0xc7e1df70                zalloc
 .text          0xc7e1df80       0x48 common/libcommon.a(crc16.o)
                0xc7e1df80                cyg_crc16
 .text          0xc7e1dfc8       0xc0 board/samsung/smdk6450/libsmdk6450.a(smdk6450.o)
                0xc7e1e040                virt_to_phy_smdk6450
                0xc7e1e018                dram_init
                0xc7e1e070                checkboard
                0xc7e1dfc8                board_init
                0xc7e1e038                board_late_init
 .text          0xc7e1e088      0x5ec board/samsung/smdk6450/libsmdk6450.a(flash.o)
                0xc7e1e418                flash_erase
                0xc7e1e628                flash_init
                0xc7e1e300                flash_print_info
                0xc7e1e188                write_buff
 .text          0xc7e1e674      0x1fc lib_generic/libgeneric.a(crc32.o)
                0xc7e1e674                crc32
                0xc7e1e86c                crc32_wd
                0xc7e1e774                crc32_no_comp
 .text          0xc7e1e870        0x0 lib_generic/libgeneric.a(ctype.o)
 .text          0xc7e1e870      0x26c lib_generic/libgeneric.a(display_options.o)
                0xc7e1e95c                print_buffer
                0xc7e1e93c                display_options
                0xc7e1e870                print_size
 .text          0xc7e1eadc      0x554 lib_generic/libgeneric.a(lmb.o)
                0xc7e1ee38                lmb_overlaps_region
                0xc7e1ed38                lmb_add
                0xc7e1eadc                lmb_dump_all
                0xc7e1ed3c                lmb_free
                0xc7e1eff4                lmb_alloc_base
                0xc7e1f028                lmb_alloc
                0xc7e1ee8c                __lmb_alloc_base
                0xc7e1eb40                lmb_init
                0xc7e1ef98                lmb_is_reserved
                0xc7e1ee30                lmb_reserve
 .text          0xc7e1f030      0x538 lib_generic/libgeneric.a(string.o)
                0xc7e1f030                strcpy
                0xc7e1f478                memscan
                0xc7e1f3f4                memmove
                0xc7e1f3d4                memcpy
                0xc7e1f340                strswab
                0xc7e1f1dc                strnlen
                0xc7e1f1a4                strrchr
                0xc7e1f070                strcat
                0xc7e1f500                memchr
                0xc7e1f49c                strstr
                0xc7e1f114                strncmp
                0xc7e1f048                strncpy
                0xc7e1f3a8                bcopy
                0xc7e1f288                strtok
                0xc7e1f43c                memcmp
                0xc7e1f09c                strncat
                0xc7e1f52c                strdup
                0xc7e1f38c                memset
                0xc7e1f0e8                strcmp
                0xc7e1f30c                strsep
                0xc7e1f204                strspn
                0xc7e1f184                strlen
                0xc7e1f158                strchr
                0xc7e1f248                strpbrk
 .text          0xc7e1f568      0x868 lib_generic/libgeneric.a(vsprintf.o)
                0xc7e1f94c                vsprintf
                0xc7e1f628                simple_strtol
                0xc7e1f8f4                panic
                0xc7e1fda0                sprintf
                0xc7e1f568                simple_strtoul
 .text          0xc7e1fdd0     0x2ea4 lib_generic/libgeneric.a(zlib.o)
                0xc7e20d18                inflate
                0xc7e207b8                inflateInit2
                0xc7e20be8                inflateIncomp
                0xc7e20900                adler32
                0xc7e20650                inflateReset
                0xc7e206b8                inflateSync
                0xc7e208f8                inflateInit
                0xc7e205b0                inflateEnd
 .text          0xc7e22c74      0x6c8 cpu/s5p645x/libs5p645x.a(usb_ohci.o)
                0xc7e22cf0                rh_check_port_status
                0xc7e22d18                usb_lowlevel_stop
                0xc7e22dd0                sohci_submit_job
                0xc7e22d08                submit_int_msg
                0xc7e23334                submit_bulk_msg
                0xc7e22d00                submit_control_msg
                0xc7e22d10                usb_lowlevel_init
                0xc7e22cf8                submit_common_msg
 .text          0xc7e2333c      0xcc4 cpu/s5p645x/libs5p645x.a(nand.o)
                0xc7e23d88                board_nand_init
 .text          0xc7e24000     0x2c38 cpu/s5p645x/libs5p645x.a(usbd-otg-hs.o)
                0xc7e25d48                s3c_usb_dma_in_done
                0xc7e25e5c                s3c_usb_set_all_outep_nak
                0xc7e261ac                s3c_usb_clear_upfile_info
                0xc7e263f4                s3c_usb_verify_checksum
                0xc7e2621c                s3c_usb_set_opmode
                0xc7e26694                s3c_usb_pkt_receive
                0xc7e26884                s3c_usb_transfer
                0xc7e2616c                s3c_usb_clear_dnfile_info
                0xc7e25728                s3c_usb_int_bulkin
                0xc7e240ec                s3c_usb_set_inep_xfersize
                0xc7e24a54                s3c_usb_transfer_ep0
                0xc7e24930                s3c_usb_set_otherspeed_conf_desc
                0xc7e24070                s3c_usb_set_soft_disconnect
                0xc7e25e84                s3c_usb_clear_all_outep_nak
                0xc7e26b1c                s3c_usbctl_init
                0xc7e25fb4                s3c_usb_set_descriptors
                0xc7e26644                s3c_usb_int_bulkout
                0xc7e269ac                s3c_udc_int_hndlr
                0xc7e24120                s3c_usb_set_outep_xfersize
                0xc7e26ae4                s3c_usb_stop
                0xc7e240a0                s3c_usb_init_device
                0xc7e261ec                s3c_usb_check_setconf
                0xc7e244b0                s3c_usb_set_feature
                0xc7e26764                s3c_usb_dma_out_done
                0xc7e246fc                s3c_usb_ep0_int_hndlr
                0xc7e25f5c                s3c_usb_set_endpoint
                0xc7e264cc                s3c_usb_download_continue
                0xc7e241a8                s3c_usb_write_in_fifo
                0xc7e26a3c                s3c_usb_wait_cable_insert
                0xc7e2441c                s3c_usb_clear_feature
                0xc7e240e4                s3c_usbc_activate
                0xc7e24154                s3c_usb_write_ep0_fifo
                0xc7e25b28                s3c_usb_download_start
                0xc7e25eac                s3c_usb_set_max_pktsize
                0xc7e24058                s3c_usb_check_current_mode
                0xc7e24000                s3c_usb_phy_off
                0xc7e2462c                s3c_usb_get_status
                0xc7e26150                s3c_usb_check_speed
                0xc7e258f8                s3c_usb_upload_start
                0xc7e24038                s3c_usb_init_core
                0xc7e24088                s3c_usb_clear_soft_disconnect
                0xc7e24018                s3c_usb_core_soft_reset
                0xc7e26718                s3c_usb_print_pkt
                0xc7e2635c                s3c_usb_set_init
                0xc7e262f0                s3c_usb_reset
                0xc7e2424c                s3c_usb_get_desc
                0xc7e241fc                s3c_usb_read_out_fifo
                0xc7e26a90                s3c_usb_init_phy
 .text          0xc7e26c38     0x2e88 cpu/s5p645x/libs5p645x.a(fastboot.o)
                0xc7e28cc8                fboot_usb_clear_dnfile_info
                0xc7e28450                fboot_usb_upload_start
                0xc7e28d08                fboot_usb_clear_upfile_info
                0xc7e295cc                fboot_usb_init_phy
                0xc7e26cc0                fboot_usb_clear_soft_disconnect
                0xc7e26ebc                fboot_usb_get_desc
                0xc7e28d78                fboot_usb_set_opmode
                0xc7e29a10                fastboot_poll
                0xc7e26d1c                fboot_usbc_activate
                0xc7e288a0                fboot_usb_dma_in_done
                0xc7e28e4c                fboot_usb_reset
                0xc7e28ab4                fboot_usb_set_endpoint
                0xc7e26d90                fboot_usb_set_outep_xfersize
                0xc7e26d24                fboot_usb_stop
                0xc7e26d5c                fboot_usb_set_inep_xfersize
                0xc7e276f8                fboot_usb_transfer_ep0
                0xc7e28cac                fboot_usb_check_speed
                0xc7e28eb8                fastboot_shutdown
                0xc7e28eec                fastboot_getvar
                0xc7e26e6c                fboot_usb_read_out_fifo
                0xc7e26cd8                fboot_usb_init_device
                0xc7e28ef4                fboot_usb_int_bulkin
                0xc7e2973c                fastboot_init
                0xc7e270c0                fboot_usb_clear_feature
                0xc7e28d48                fboot_usb_check_setconf
                0xc7e2945c                fboot_usb_transfer
                0xc7e289b4                fboot_usb_set_all_outep_nak
                0xc7e28680                fboot_usb_download_start
                0xc7e28ebc                fastboot_fifo_size
                0xc7e29a64                fastboot_tx_status
                0xc7e2933c                fboot_usb_dma_out_done
                0xc7e29620                fboot_usbctl_init
                0xc7e272d0                fboot_usb_get_status
                0xc7e29588                fboot_usb_wait_cable_insert
                0xc7e27154                fboot_usb_set_feature
                0xc7e26dc4                fboot_usb_write_ep0_fifo
                0xc7e273a0                fboot_usb_ep0_int_hndlr
                0xc7e292fc                fboot_usb_print_pkt
                0xc7e28fa8                fastboot_preboot
                0xc7e26c70                fboot_usb_init_core
                0xc7e26ca8                fboot_usb_set_soft_disconnect
                0xc7e29130                fboot_usb_download_continue
                0xc7e29954                fboot_usb_int_hndlr
                0xc7e28a04                fboot_usb_set_max_pktsize
                0xc7e29064                fboot_usb_verify_checksum
                0xc7e29820                fboot_usb_int_bulkout
                0xc7e289dc                fboot_usb_clear_all_outep_nak
                0xc7e28b0c                fboot_usb_set_descriptors
                0xc7e298d0                fboot_usb_pkt_receive
                0xc7e26e18                fboot_usb_write_in_fifo
                0xc7e28fcc                fboot_usb_set_init
                0xc7e26c38                fboot_usb_phy_off
                0xc7e26c90                fboot_usb_check_current_mode
                0xc7e26c50                fboot_usb_core_soft_reset
                0xc7e275d4                fboot_usb_set_otherspeed_conf_desc
 .text          0xc7e29ac0       0x1c lib_arm/libarm.a(_ashldi3.o)
                0xc7e29ac0                __ashldi3
 .text          0xc7e29adc       0x1c lib_arm/libarm.a(_ashrdi3.o)
                0xc7e29adc                __ashrdi3
 .text          0xc7e29af8       0xb4 lib_arm/libarm.a(_umodsi3.o)
                0xc7e29af8                __umodsi3
 .text          0xc7e29bac      0x2fc lib_arm/libarm.a(bootm.o)
                0xc7e29c58                do_bootm_linux
                0xc7e29bac                setup_mtdpartition_tag
 .text          0xc7e29ea8        0x4 lib_arm/libarm.a(cache.o)
                0xc7e29ea8                flush_cache
 .text          0xc7e29eac     0x19c4 fs/fat/libfat.a(fat.o)
                0xc7e2b0a0                file_fat_read
                0xc7e2a77c                do_fat_read
                0xc7e2b0d8                file_fat_ls
                0xc7e2b208                fat_format_device
                0xc7e2a32c                file_fat_detectfs
                0xc7e29ed4                disk_read
                0xc7e2b0e8                fat_register_device
 .text          0xc7e2b870     0x3798 fs/ext2/libext2fs.a(ext2fs.o)
                0xc7e2e224                ext2fs_read_file
                0xc7e2e14c                ext2fs_close
                0xc7e2b8cc                ext2fs_format
                0xc7e2b88c                default_journal_size
                0xc7e2e864                ext2fs_mount
                0xc7e2ef8c                ext2fs_ls
                0xc7e2b870                get_random_val
                0xc7e2ee60                ext2fs_find_file
                0xc7e2eee8                ext2fs_open
                0xc7e2e12c                ext2fs_free_node
                0xc7e2e758                ext2fs_read
                0xc7e2ebac                ext2fs_find_file1
 .text          0xc7e2f008      0x23c fs/ext2/libext2fs.a(dev.o)
                0xc7e2f1f0                ext2fs_set_blk_dev
                0xc7e2f008                ext2fs_devread
 .text          0xc7e2f244      0x350 disk/libdisk.a(part.o)
                0xc7e2f320                dev_print
                0xc7e2f244                print_part
                0xc7e2f530                get_dev
                0xc7e2f4f0                get_partition_info
                0xc7e2f514                init_part
 .text          0xc7e2f594      0x4ec disk/libdisk.a(part_dos.o)
                0xc7e2f85c                get_partition_info_dos
                0xc7e2fa54                print_part_dos
                0xc7e2f5dc                test_part_dos
 .text          0xc7e2fa80      0xe84 drivers/mtd/nand/libnand.a(nand_util.o)
                0xc7e2fa88                nand_lock
                0xc7e2fadc                nand_unlock
                0xc7e2fbec                nand_get_lock_status
                0xc7e3059c                nand_erase_opts
                0xc7e2fc78                nand_read_opts
                0xc7e30038                nand_write_opts
 .text          0xc7e30904      0x290 drivers/rtc/librtc.a(date.o)
                0xc7e30904                GregorianDay
                0xc7e30b00                mktime
                0xc7e309f8                to_tm
 .text          0xc7e30b94      0x23c drivers/rtc/librtc.a(s5p64xx_rtc.o)
                0xc7e30c18                rtc_set
                0xc7e30da8                rtc_reset
                0xc7e30cb4                rtc_get
 .text          0xc7e30dd0      0x120 lib_generic/libgeneric.a(div64.o)
                0xc7e30dd0                __div64_32
 lib_arm/div0.o()
 .data          0xc7e30ef0        0x0 lib_arm/div0.o
 .bss           0xc7e30ef0        0x0 lib_arm/div0.o
 .debug_abbrev  0xc7e30ef0       0x29 lib_arm/div0.o
 .debug_info    0xc7e30f19       0x39 lib_arm/div0.o
 .debug_line    0xc7e30f52       0x38 lib_arm/div0.o
 *fill*         0xc7e30f8a        0x2 00
 .debug_frame   0xc7e30f8c       0x20 lib_arm/div0.o
 .debug_pubnames
                0xc7e30fac       0x1d lib_arm/div0.o
 .debug_aranges
                0xc7e30fc9       0x20 lib_arm/div0.o
 .debug_str     0xc7e30fe9       0x43 lib_arm/div0.o
 .comment       0xc7e3102c       0x12 lib_arm/div0.o
 .ARM.attributes
                0xc7e3103e       0x10 lib_arm/div0.o
 *fill*         0xc7e3104e        0x2 00
 .glue_7        0xc7e31050        0x0 lib_arm/div0.o
 .glue_7t       0xc7e31050        0x0 lib_arm/div0.o
 .vfp11_veneer  0xc7e31050        0x0 lib_arm/div0.o

.glue_7         0xc7e31050        0x0
 .glue_7        0xc7e31050        0x0 cpu/s5p645x/start.o
 .glue_7        0xc7e31050        0x0 cpu/s5p645x/start_irom.o
 .glue_7        0xc7e31050        0x0 cpu/s5p645x/s5p6450/cpu_init.o
 .glue_7        0xc7e31050        0x0 board/samsung/smdk6450/lowlevel_init.o
 .glue_7        0xc7e31050        0x0 cpu/s5p645x/nand_cp.o
 .glue_7        0xc7e31050        0x0 cpu/s5p645x/movi.o
 .glue_7        0xc7e31050        0x0 cpu/s5p645x/libs5p645x.a(interrupts.o)
 .glue_7        0xc7e31050        0x0 cpu/s5p645x/libs5p645x.a(cpu.o)
 .glue_7        0xc7e31050        0x0 cpu/s5p645x/libs5p645x.a(setup_hsmmc.o)
 .glue_7        0xc7e31050        0x0 cpu/s5p645x/libs5p645x.a(serial.o)
 .glue_7        0xc7e31050        0x0 cpu/s5p645x/s5p6450/libs5p6450.a(speed.o)
 .glue_7        0xc7e31050        0x0 lib_arm/libarm.a(_udivsi3.o)
 .glue_7        0xc7e31050        0x0 lib_arm/libarm.a(board.o)
 .glue_7        0xc7e31050        0x0 lib_arm/libarm.a(_divsi3.o)
 .glue_7        0xc7e31050        0x0 lib_arm/libarm.a(_modsi3.o)
 .glue_7        0xc7e31050        0x0 net/libnet.a(net.o)
 .glue_7        0xc7e31050        0x0 net/libnet.a(tftp.o)
 .glue_7        0xc7e31050        0x0 net/libnet.a(bootp.o)
 .glue_7        0xc7e31050        0x0 net/libnet.a(rarp.o)
 .glue_7        0xc7e31050        0x0 net/libnet.a(eth.o)
 .glue_7        0xc7e31050        0x0 net/libnet.a(nfs.o)
 .glue_7        0xc7e31050        0x0 drivers/mmc/libmmc.a(mmc.o)
 .glue_7        0xc7e31050        0x0 drivers/mmc/libmmc.a(s3c_hsmmc.o)
 .glue_7        0xc7e31050        0x0 drivers/mtd/nand/libnand.a(nand.o)
 .glue_7        0xc7e31050        0x0 drivers/mtd/nand/libnand.a(nand_base.o)
 .glue_7        0xc7e31050        0x0 drivers/mtd/nand/libnand.a(nand_ids.o)
 .glue_7        0xc7e31050        0x0 drivers/mtd/nand/libnand.a(nand_ecc.o)
 .glue_7        0xc7e31050        0x0 drivers/mtd/nand/libnand.a(nand_bbt.o)
 .glue_7        0xc7e31050        0x0 drivers/net/libnet.a(dm9000x.o)
 .glue_7        0xc7e31050        0x0 common/libcommon.a(main.o)
 .glue_7        0xc7e31050        0x0 common/libcommon.a(cmd_autoscript.o)
 .glue_7        0xc7e31050        0x0 common/libcommon.a(cmd_bdinfo.o)
 .glue_7        0xc7e31050        0x0 common/libcommon.a(image.o)
 .glue_7        0xc7e31050        0x0 common/libcommon.a(cmd_boot.o)
 .glue_7        0xc7e31050        0x0 common/libcommon.a(cmd_bootm.o)
 .glue_7        0xc7e31050        0x0 common/libcommon.a(cmd_cache.o)
 .glue_7        0xc7e31050        0x0 common/libcommon.a(cmd_console.o)
 .glue_7        0xc7e31050        0x0 common/libcommon.a(cmd_date.o)
 .glue_7        0xc7e31050        0x0 common/libcommon.a(cmd_elf.o)
 .glue_7        0xc7e31050        0x0 common/libcommon.a(cmd_ext2.o)
 .glue_7        0xc7e31050        0x0 common/libcommon.a(cmd_fat.o)
 .glue_7        0xc7e31050        0x0 common/libcommon.a(cmd_flash.o)
 .glue_7        0xc7e31050        0x0 common/libcommon.a(cmd_itest.o)
 .glue_7        0xc7e31050        0x0 common/libcommon.a(cmd_load.o)
 .glue_7        0xc7e31050        0x0 common/libcommon.a(cmd_mem.o)
 .glue_7        0xc7e31050        0x0 common/libcommon.a(cmd_misc.o)
 .glue_7        0xc7e31050        0x0 common/libcommon.a(cmd_mmc.o)
 .glue_7        0xc7e31050        0x0 common/libcommon.a(cmd_nand.o)
 .glue_7        0xc7e31050        0x0 common/libcommon.a(cmd_net.o)
 .glue_7        0xc7e31050        0x0 common/libcommon.a(cmd_nvedit.o)
 .glue_7        0xc7e31050        0x0 common/libcommon.a(cmd_reginfo.o)
 .glue_7        0xc7e31050        0x0 common/libcommon.a(cmd_usbd.o)
 .glue_7        0xc7e31050        0x0 common/libcommon.a(cmd_ximg.o)
 .glue_7        0xc7e31050        0x0 common/libcommon.a(command.o)
 .glue_7        0xc7e31050        0x0 common/libcommon.a(console.o)
 .glue_7        0xc7e31050        0x0 common/libcommon.a(devices.o)
 .glue_7        0xc7e31050        0x0 common/libcommon.a(dlmalloc.o)
 .glue_7        0xc7e31050        0x0 common/libcommon.a(env_common.o)
 .glue_7        0xc7e31050        0x0 common/libcommon.a(exports.o)
 .glue_7        0xc7e31050        0x0 common/libcommon.a(flash.o)
 .glue_7        0xc7e31050        0x0 common/libcommon.a(hush.o)
 .glue_7        0xc7e31050        0x0 common/libcommon.a(lists.o)
 .glue_7        0xc7e31050        0x0 common/libcommon.a(s_record.o)
 .glue_7        0xc7e31050        0x0 common/libcommon.a(usb.o)
 .glue_7        0xc7e31050        0x0 common/libcommon.a(xyzModem.o)
 .glue_7        0xc7e31050        0x0 common/libcommon.a(cmd_movi.o)
 .glue_7        0xc7e31050        0x0 common/libcommon.a(cmd_lcd.o)
 .glue_7        0xc7e31050        0x0 common/libcommon.a(cmd_fastboot.o)
 .glue_7        0xc7e31050        0x0 common/libcommon.a(cmd_mmc_fdisk.o)
 .glue_7        0xc7e31050        0x0 common/libcommon.a(env_auto.o)
 .glue_7        0xc7e31050        0x0 common/libcommon.a(gunzip.o)
 .glue_7        0xc7e31050        0x0 common/libcommon.a(crc16.o)
 .glue_7        0xc7e31050        0x0 board/samsung/smdk6450/libsmdk6450.a(smdk6450.o)
 .glue_7        0xc7e31050        0x0 board/samsung/smdk6450/libsmdk6450.a(flash.o)
 .glue_7        0xc7e31050        0x0 lib_generic/libgeneric.a(crc32.o)
 .glue_7        0xc7e31050        0x0 lib_generic/libgeneric.a(ctype.o)
 .glue_7        0xc7e31050        0x0 lib_generic/libgeneric.a(display_options.o)
 .glue_7        0xc7e31050        0x0 lib_generic/libgeneric.a(lmb.o)
 .glue_7        0xc7e31050        0x0 lib_generic/libgeneric.a(string.o)
 .glue_7        0xc7e31050        0x0 lib_generic/libgeneric.a(vsprintf.o)
 .glue_7        0xc7e31050        0x0 lib_generic/libgeneric.a(zlib.o)
 .glue_7        0xc7e31050        0x0 cpu/s5p645x/libs5p645x.a(usb_ohci.o)
 .glue_7        0xc7e31050        0x0 cpu/s5p645x/libs5p645x.a(nand.o)
 .glue_7        0xc7e31050        0x0 cpu/s5p645x/libs5p645x.a(usbd-otg-hs.o)
 .glue_7        0xc7e31050        0x0 cpu/s5p645x/libs5p645x.a(fastboot.o)
 .glue_7        0xc7e31050        0x0 lib_arm/libarm.a(_ashldi3.o)
 .glue_7        0xc7e31050        0x0 lib_arm/libarm.a(_ashrdi3.o)
 .glue_7        0xc7e31050        0x0 lib_arm/libarm.a(_umodsi3.o)
 .glue_7        0xc7e31050        0x0 lib_arm/libarm.a(bootm.o)
 .glue_7        0xc7e31050        0x0 lib_arm/libarm.a(cache.o)
 .glue_7        0xc7e31050        0x0 fs/fat/libfat.a(fat.o)
 .glue_7        0xc7e31050        0x0 fs/ext2/libext2fs.a(ext2fs.o)
 .glue_7        0xc7e31050        0x0 fs/ext2/libext2fs.a(dev.o)
 .glue_7        0xc7e31050        0x0 disk/libdisk.a(part.o)
 .glue_7        0xc7e31050        0x0 disk/libdisk.a(part_dos.o)
 .glue_7        0xc7e31050        0x0 drivers/mtd/nand/libnand.a(nand_util.o)
 .glue_7        0xc7e31050        0x0 drivers/rtc/librtc.a(date.o)
 .glue_7        0xc7e31050        0x0 drivers/rtc/librtc.a(s5p64xx_rtc.o)
 .glue_7        0xc7e31050        0x0 lib_generic/libgeneric.a(div64.o)

.glue_7t        0xc7e31050        0x0
 .glue_7t       0xc7e31050        0x0 cpu/s5p645x/start.o
 .glue_7t       0xc7e31050        0x0 cpu/s5p645x/start_irom.o
 .glue_7t       0xc7e31050        0x0 cpu/s5p645x/s5p6450/cpu_init.o
 .glue_7t       0xc7e31050        0x0 board/samsung/smdk6450/lowlevel_init.o
 .glue_7t       0xc7e31050        0x0 cpu/s5p645x/nand_cp.o
 .glue_7t       0xc7e31050        0x0 cpu/s5p645x/movi.o
 .glue_7t       0xc7e31050        0x0 cpu/s5p645x/libs5p645x.a(interrupts.o)
 .glue_7t       0xc7e31050        0x0 cpu/s5p645x/libs5p645x.a(cpu.o)
 .glue_7t       0xc7e31050        0x0 cpu/s5p645x/libs5p645x.a(setup_hsmmc.o)
 .glue_7t       0xc7e31050        0x0 cpu/s5p645x/libs5p645x.a(serial.o)
 .glue_7t       0xc7e31050        0x0 cpu/s5p645x/s5p6450/libs5p6450.a(speed.o)
 .glue_7t       0xc7e31050        0x0 lib_arm/libarm.a(_udivsi3.o)
 .glue_7t       0xc7e31050        0x0 lib_arm/libarm.a(board.o)
 .glue_7t       0xc7e31050        0x0 lib_arm/libarm.a(_divsi3.o)
 .glue_7t       0xc7e31050        0x0 lib_arm/libarm.a(_modsi3.o)
 .glue_7t       0xc7e31050        0x0 net/libnet.a(net.o)
 .glue_7t       0xc7e31050        0x0 net/libnet.a(tftp.o)
 .glue_7t       0xc7e31050        0x0 net/libnet.a(bootp.o)
 .glue_7t       0xc7e31050        0x0 net/libnet.a(rarp.o)
 .glue_7t       0xc7e31050        0x0 net/libnet.a(eth.o)
 .glue_7t       0xc7e31050        0x0 net/libnet.a(nfs.o)
 .glue_7t       0xc7e31050        0x0 drivers/mmc/libmmc.a(mmc.o)
 .glue_7t       0xc7e31050        0x0 drivers/mmc/libmmc.a(s3c_hsmmc.o)
 .glue_7t       0xc7e31050        0x0 drivers/mtd/nand/libnand.a(nand.o)
 .glue_7t       0xc7e31050        0x0 drivers/mtd/nand/libnand.a(nand_base.o)
 .glue_7t       0xc7e31050        0x0 drivers/mtd/nand/libnand.a(nand_ids.o)
 .glue_7t       0xc7e31050        0x0 drivers/mtd/nand/libnand.a(nand_ecc.o)
 .glue_7t       0xc7e31050        0x0 drivers/mtd/nand/libnand.a(nand_bbt.o)
 .glue_7t       0xc7e31050        0x0 drivers/net/libnet.a(dm9000x.o)
 .glue_7t       0xc7e31050        0x0 common/libcommon.a(main.o)
 .glue_7t       0xc7e31050        0x0 common/libcommon.a(cmd_autoscript.o)
 .glue_7t       0xc7e31050        0x0 common/libcommon.a(cmd_bdinfo.o)
 .glue_7t       0xc7e31050        0x0 common/libcommon.a(image.o)
 .glue_7t       0xc7e31050        0x0 common/libcommon.a(cmd_boot.o)
 .glue_7t       0xc7e31050        0x0 common/libcommon.a(cmd_bootm.o)
 .glue_7t       0xc7e31050        0x0 common/libcommon.a(cmd_cache.o)
 .glue_7t       0xc7e31050        0x0 common/libcommon.a(cmd_console.o)
 .glue_7t       0xc7e31050        0x0 common/libcommon.a(cmd_date.o)
 .glue_7t       0xc7e31050        0x0 common/libcommon.a(cmd_elf.o)
 .glue_7t       0xc7e31050        0x0 common/libcommon.a(cmd_ext2.o)
 .glue_7t       0xc7e31050        0x0 common/libcommon.a(cmd_fat.o)
 .glue_7t       0xc7e31050        0x0 common/libcommon.a(cmd_flash.o)
 .glue_7t       0xc7e31050        0x0 common/libcommon.a(cmd_itest.o)
 .glue_7t       0xc7e31050        0x0 common/libcommon.a(cmd_load.o)
 .glue_7t       0xc7e31050        0x0 common/libcommon.a(cmd_mem.o)
 .glue_7t       0xc7e31050        0x0 common/libcommon.a(cmd_misc.o)
 .glue_7t       0xc7e31050        0x0 common/libcommon.a(cmd_mmc.o)
 .glue_7t       0xc7e31050        0x0 common/libcommon.a(cmd_nand.o)
 .glue_7t       0xc7e31050        0x0 common/libcommon.a(cmd_net.o)
 .glue_7t       0xc7e31050        0x0 common/libcommon.a(cmd_nvedit.o)
 .glue_7t       0xc7e31050        0x0 common/libcommon.a(cmd_reginfo.o)
 .glue_7t       0xc7e31050        0x0 common/libcommon.a(cmd_usbd.o)
 .glue_7t       0xc7e31050        0x0 common/libcommon.a(cmd_ximg.o)
 .glue_7t       0xc7e31050        0x0 common/libcommon.a(command.o)
 .glue_7t       0xc7e31050        0x0 common/libcommon.a(console.o)
 .glue_7t       0xc7e31050        0x0 common/libcommon.a(devices.o)
 .glue_7t       0xc7e31050        0x0 common/libcommon.a(dlmalloc.o)
 .glue_7t       0xc7e31050        0x0 common/libcommon.a(env_common.o)
 .glue_7t       0xc7e31050        0x0 common/libcommon.a(exports.o)
 .glue_7t       0xc7e31050        0x0 common/libcommon.a(flash.o)
 .glue_7t       0xc7e31050        0x0 common/libcommon.a(hush.o)
 .glue_7t       0xc7e31050        0x0 common/libcommon.a(lists.o)
 .glue_7t       0xc7e31050        0x0 common/libcommon.a(s_record.o)
 .glue_7t       0xc7e31050        0x0 common/libcommon.a(usb.o)
 .glue_7t       0xc7e31050        0x0 common/libcommon.a(xyzModem.o)
 .glue_7t       0xc7e31050        0x0 common/libcommon.a(cmd_movi.o)
 .glue_7t       0xc7e31050        0x0 common/libcommon.a(cmd_lcd.o)
 .glue_7t       0xc7e31050        0x0 common/libcommon.a(cmd_fastboot.o)
 .glue_7t       0xc7e31050        0x0 common/libcommon.a(cmd_mmc_fdisk.o)
 .glue_7t       0xc7e31050        0x0 common/libcommon.a(env_auto.o)
 .glue_7t       0xc7e31050        0x0 common/libcommon.a(gunzip.o)
 .glue_7t       0xc7e31050        0x0 common/libcommon.a(crc16.o)
 .glue_7t       0xc7e31050        0x0 board/samsung/smdk6450/libsmdk6450.a(smdk6450.o)
 .glue_7t       0xc7e31050        0x0 board/samsung/smdk6450/libsmdk6450.a(flash.o)
 .glue_7t       0xc7e31050        0x0 lib_generic/libgeneric.a(crc32.o)
 .glue_7t       0xc7e31050        0x0 lib_generic/libgeneric.a(ctype.o)
 .glue_7t       0xc7e31050        0x0 lib_generic/libgeneric.a(display_options.o)
 .glue_7t       0xc7e31050        0x0 lib_generic/libgeneric.a(lmb.o)
 .glue_7t       0xc7e31050        0x0 lib_generic/libgeneric.a(string.o)
 .glue_7t       0xc7e31050        0x0 lib_generic/libgeneric.a(vsprintf.o)
 .glue_7t       0xc7e31050        0x0 lib_generic/libgeneric.a(zlib.o)
 .glue_7t       0xc7e31050        0x0 cpu/s5p645x/libs5p645x.a(usb_ohci.o)
 .glue_7t       0xc7e31050        0x0 cpu/s5p645x/libs5p645x.a(nand.o)
 .glue_7t       0xc7e31050        0x0 cpu/s5p645x/libs5p645x.a(usbd-otg-hs.o)
 .glue_7t       0xc7e31050        0x0 cpu/s5p645x/libs5p645x.a(fastboot.o)
 .glue_7t       0xc7e31050        0x0 lib_arm/libarm.a(_ashldi3.o)
 .glue_7t       0xc7e31050        0x0 lib_arm/libarm.a(_ashrdi3.o)
 .glue_7t       0xc7e31050        0x0 lib_arm/libarm.a(_umodsi3.o)
 .glue_7t       0xc7e31050        0x0 lib_arm/libarm.a(bootm.o)
 .glue_7t       0xc7e31050        0x0 lib_arm/libarm.a(cache.o)
 .glue_7t       0xc7e31050        0x0 fs/fat/libfat.a(fat.o)
 .glue_7t       0xc7e31050        0x0 fs/ext2/libext2fs.a(ext2fs.o)
 .glue_7t       0xc7e31050        0x0 fs/ext2/libext2fs.a(dev.o)
 .glue_7t       0xc7e31050        0x0 disk/libdisk.a(part.o)
 .glue_7t       0xc7e31050        0x0 disk/libdisk.a(part_dos.o)
 .glue_7t       0xc7e31050        0x0 drivers/mtd/nand/libnand.a(nand_util.o)
 .glue_7t       0xc7e31050        0x0 drivers/rtc/librtc.a(date.o)
 .glue_7t       0xc7e31050        0x0 drivers/rtc/librtc.a(s5p64xx_rtc.o)
 .glue_7t       0xc7e31050        0x0 lib_generic/libgeneric.a(div64.o)

.vfp11_veneer   0xc7e31050        0x0
 .vfp11_veneer  0xc7e31050        0x0 cpu/s5p645x/start.o
 .vfp11_veneer  0xc7e31050        0x0 cpu/s5p645x/start_irom.o
 .vfp11_veneer  0xc7e31050        0x0 cpu/s5p645x/s5p6450/cpu_init.o
 .vfp11_veneer  0xc7e31050        0x0 board/samsung/smdk6450/lowlevel_init.o
 .vfp11_veneer  0xc7e31050        0x0 cpu/s5p645x/nand_cp.o
 .vfp11_veneer  0xc7e31050        0x0 cpu/s5p645x/movi.o
 .vfp11_veneer  0xc7e31050        0x0 cpu/s5p645x/libs5p645x.a(interrupts.o)
 .vfp11_veneer  0xc7e31050        0x0 cpu/s5p645x/libs5p645x.a(cpu.o)
 .vfp11_veneer  0xc7e31050        0x0 cpu/s5p645x/libs5p645x.a(setup_hsmmc.o)
 .vfp11_veneer  0xc7e31050        0x0 cpu/s5p645x/libs5p645x.a(serial.o)
 .vfp11_veneer  0xc7e31050        0x0 cpu/s5p645x/s5p6450/libs5p6450.a(speed.o)
 .vfp11_veneer  0xc7e31050        0x0 lib_arm/libarm.a(_udivsi3.o)
 .vfp11_veneer  0xc7e31050        0x0 lib_arm/libarm.a(board.o)
 .vfp11_veneer  0xc7e31050        0x0 lib_arm/libarm.a(_divsi3.o)
 .vfp11_veneer  0xc7e31050        0x0 lib_arm/libarm.a(_modsi3.o)
 .vfp11_veneer  0xc7e31050        0x0 net/libnet.a(net.o)
 .vfp11_veneer  0xc7e31050        0x0 net/libnet.a(tftp.o)
 .vfp11_veneer  0xc7e31050        0x0 net/libnet.a(bootp.o)
 .vfp11_veneer  0xc7e31050        0x0 net/libnet.a(rarp.o)
 .vfp11_veneer  0xc7e31050        0x0 net/libnet.a(eth.o)
 .vfp11_veneer  0xc7e31050        0x0 net/libnet.a(nfs.o)
 .vfp11_veneer  0xc7e31050        0x0 drivers/mmc/libmmc.a(mmc.o)
 .vfp11_veneer  0xc7e31050        0x0 drivers/mmc/libmmc.a(s3c_hsmmc.o)
 .vfp11_veneer  0xc7e31050        0x0 drivers/mtd/nand/libnand.a(nand.o)
 .vfp11_veneer  0xc7e31050        0x0 drivers/mtd/nand/libnand.a(nand_base.o)
 .vfp11_veneer  0xc7e31050        0x0 drivers/mtd/nand/libnand.a(nand_ids.o)
 .vfp11_veneer  0xc7e31050        0x0 drivers/mtd/nand/libnand.a(nand_ecc.o)
 .vfp11_veneer  0xc7e31050        0x0 drivers/mtd/nand/libnand.a(nand_bbt.o)
 .vfp11_veneer  0xc7e31050        0x0 drivers/net/libnet.a(dm9000x.o)
 .vfp11_veneer  0xc7e31050        0x0 common/libcommon.a(main.o)
 .vfp11_veneer  0xc7e31050        0x0 common/libcommon.a(cmd_autoscript.o)
 .vfp11_veneer  0xc7e31050        0x0 common/libcommon.a(cmd_bdinfo.o)
 .vfp11_veneer  0xc7e31050        0x0 common/libcommon.a(image.o)
 .vfp11_veneer  0xc7e31050        0x0 common/libcommon.a(cmd_boot.o)
 .vfp11_veneer  0xc7e31050        0x0 common/libcommon.a(cmd_bootm.o)
 .vfp11_veneer  0xc7e31050        0x0 common/libcommon.a(cmd_cache.o)
 .vfp11_veneer  0xc7e31050        0x0 common/libcommon.a(cmd_console.o)
 .vfp11_veneer  0xc7e31050        0x0 common/libcommon.a(cmd_date.o)
 .vfp11_veneer  0xc7e31050        0x0 common/libcommon.a(cmd_elf.o)
 .vfp11_veneer  0xc7e31050        0x0 common/libcommon.a(cmd_ext2.o)
 .vfp11_veneer  0xc7e31050        0x0 common/libcommon.a(cmd_fat.o)
 .vfp11_veneer  0xc7e31050        0x0 common/libcommon.a(cmd_flash.o)
 .vfp11_veneer  0xc7e31050        0x0 common/libcommon.a(cmd_itest.o)
 .vfp11_veneer  0xc7e31050        0x0 common/libcommon.a(cmd_load.o)
 .vfp11_veneer  0xc7e31050        0x0 common/libcommon.a(cmd_mem.o)
 .vfp11_veneer  0xc7e31050        0x0 common/libcommon.a(cmd_misc.o)
 .vfp11_veneer  0xc7e31050        0x0 common/libcommon.a(cmd_mmc.o)
 .vfp11_veneer  0xc7e31050        0x0 common/libcommon.a(cmd_nand.o)
 .vfp11_veneer  0xc7e31050        0x0 common/libcommon.a(cmd_net.o)
 .vfp11_veneer  0xc7e31050        0x0 common/libcommon.a(cmd_nvedit.o)
 .vfp11_veneer  0xc7e31050        0x0 common/libcommon.a(cmd_reginfo.o)
 .vfp11_veneer  0xc7e31050        0x0 common/libcommon.a(cmd_usbd.o)
 .vfp11_veneer  0xc7e31050        0x0 common/libcommon.a(cmd_ximg.o)
 .vfp11_veneer  0xc7e31050        0x0 common/libcommon.a(command.o)
 .vfp11_veneer  0xc7e31050        0x0 common/libcommon.a(console.o)
 .vfp11_veneer  0xc7e31050        0x0 common/libcommon.a(devices.o)
 .vfp11_veneer  0xc7e31050        0x0 common/libcommon.a(dlmalloc.o)
 .vfp11_veneer  0xc7e31050        0x0 common/libcommon.a(env_common.o)
 .vfp11_veneer  0xc7e31050        0x0 common/libcommon.a(exports.o)
 .vfp11_veneer  0xc7e31050        0x0 common/libcommon.a(flash.o)
 .vfp11_veneer  0xc7e31050        0x0 common/libcommon.a(hush.o)
 .vfp11_veneer  0xc7e31050        0x0 common/libcommon.a(lists.o)
 .vfp11_veneer  0xc7e31050        0x0 common/libcommon.a(s_record.o)
 .vfp11_veneer  0xc7e31050        0x0 common/libcommon.a(usb.o)
 .vfp11_veneer  0xc7e31050        0x0 common/libcommon.a(xyzModem.o)
 .vfp11_veneer  0xc7e31050        0x0 common/libcommon.a(cmd_movi.o)
 .vfp11_veneer  0xc7e31050        0x0 common/libcommon.a(cmd_lcd.o)
 .vfp11_veneer  0xc7e31050        0x0 common/libcommon.a(cmd_fastboot.o)
 .vfp11_veneer  0xc7e31050        0x0 common/libcommon.a(cmd_mmc_fdisk.o)
 .vfp11_veneer  0xc7e31050        0x0 common/libcommon.a(env_auto.o)
 .vfp11_veneer  0xc7e31050        0x0 common/libcommon.a(gunzip.o)
 .vfp11_veneer  0xc7e31050        0x0 common/libcommon.a(crc16.o)
 .vfp11_veneer  0xc7e31050        0x0 board/samsung/smdk6450/libsmdk6450.a(smdk6450.o)
 .vfp11_veneer  0xc7e31050        0x0 board/samsung/smdk6450/libsmdk6450.a(flash.o)
 .vfp11_veneer  0xc7e31050        0x0 lib_generic/libgeneric.a(crc32.o)
 .vfp11_veneer  0xc7e31050        0x0 lib_generic/libgeneric.a(ctype.o)
 .vfp11_veneer  0xc7e31050        0x0 lib_generic/libgeneric.a(display_options.o)
 .vfp11_veneer  0xc7e31050        0x0 lib_generic/libgeneric.a(lmb.o)
 .vfp11_veneer  0xc7e31050        0x0 lib_generic/libgeneric.a(string.o)
 .vfp11_veneer  0xc7e31050        0x0 lib_generic/libgeneric.a(vsprintf.o)
 .vfp11_veneer  0xc7e31050        0x0 lib_generic/libgeneric.a(zlib.o)
 .vfp11_veneer  0xc7e31050        0x0 cpu/s5p645x/libs5p645x.a(usb_ohci.o)
 .vfp11_veneer  0xc7e31050        0x0 cpu/s5p645x/libs5p645x.a(nand.o)
 .vfp11_veneer  0xc7e31050        0x0 cpu/s5p645x/libs5p645x.a(usbd-otg-hs.o)
 .vfp11_veneer  0xc7e31050        0x0 cpu/s5p645x/libs5p645x.a(fastboot.o)
 .vfp11_veneer  0xc7e31050        0x0 lib_arm/libarm.a(_ashldi3.o)
 .vfp11_veneer  0xc7e31050        0x0 lib_arm/libarm.a(_ashrdi3.o)
 .vfp11_veneer  0xc7e31050        0x0 lib_arm/libarm.a(_umodsi3.o)
 .vfp11_veneer  0xc7e31050        0x0 lib_arm/libarm.a(bootm.o)
 .vfp11_veneer  0xc7e31050        0x0 lib_arm/libarm.a(cache.o)
 .vfp11_veneer  0xc7e31050        0x0 fs/fat/libfat.a(fat.o)
 .vfp11_veneer  0xc7e31050        0x0 fs/ext2/libext2fs.a(ext2fs.o)
 .vfp11_veneer  0xc7e31050        0x0 fs/ext2/libext2fs.a(dev.o)
 .vfp11_veneer  0xc7e31050        0x0 disk/libdisk.a(part.o)
 .vfp11_veneer  0xc7e31050        0x0 disk/libdisk.a(part_dos.o)
 .vfp11_veneer  0xc7e31050        0x0 drivers/mtd/nand/libnand.a(nand_util.o)
 .vfp11_veneer  0xc7e31050        0x0 drivers/rtc/librtc.a(date.o)
 .vfp11_veneer  0xc7e31050        0x0 drivers/rtc/librtc.a(s5p64xx_rtc.o)
 .vfp11_veneer  0xc7e31050        0x0 lib_generic/libgeneric.a(div64.o)
                0xc7e31050                . = ALIGN (0x4)

.rodata         0xc7e31050      0xa78
 *(.rodata)
 .rodata        0xc7e31050       0x80 cpu/s5p645x/libs5p645x.a(interrupts.o)
 .rodata        0xc7e310d0       0x38 lib_arm/libarm.a(board.o)
                0xc7e310d0                version_string
 .rodata        0xc7e31108        0x8 net/libnet.a(net.o)
 .rodata        0xc7e31110        0x8 drivers/mtd/nand/libnand.a(nand.o)
 .rodata        0xc7e31118       0x48 drivers/mtd/nand/libnand.a(nand_base.o)
 .rodata        0xc7e31160      0x100 drivers/mtd/nand/libnand.a(nand_ecc.o)
 .rodata        0xc7e31260       0x14 common/libcommon.a(cmd_nvedit.o)
 .rodata        0xc7e31274       0x34 common/libcommon.a(cmd_fastboot.o)
 .rodata        0xc7e312a8      0x200 common/libcommon.a(crc16.o)
 .rodata        0xc7e314a8      0x400 lib_generic/libgeneric.a(crc32.o)
 .rodata        0xc7e318a8       0x90 lib_generic/libgeneric.a(zlib.o)
 .rodata        0xc7e31938       0xa2 cpu/s5p645x/libs5p645x.a(usbd-otg-hs.o)
                0xc7e31938                string_desc0
                0xc7e319ba                config_high_total
                0xc7e31991                config_full_total
                0xc7e319b1                config_high
                0xc7e3193c                string_desc1
                0xc7e3197e                qualifier_desc
                0xc7e31988                config_full
                0xc7e31952                string_desc2
 *fill*         0xc7e319da        0x2 00
 .rodata        0xc7e319dc       0xac cpu/s5p645x/libs5p645x.a(fastboot.o)
                0xc7e319e2                fboot_string_desc1
                0xc7e31a5d                fboot_config_high
                0xc7e319fa                fboot_string_desc2
                0xc7e31a34                fboot_config_full
                0xc7e319de                fboot_string_desc0
                0xc7e31a12                string_desc3
                0xc7e31a66                fboot_config_high_total
                0xc7e31a3d                fboot_config_full_total
                0xc7e31a2a                fboot_qualifier_desc
 .rodata        0xc7e31a88       0x10 disk/libdisk.a(part.o)
 .rodata        0xc7e31a98       0x30 drivers/rtc/librtc.a(date.o)

.rodata.str1.4  0xc7e31ac8     0x91bc
 .rodata.str1.4
                0xc7e31ac8        0xc cpu/s5p645x/movi.o
 .rodata.str1.4
                0xc7e31ad4      0x297 cpu/s5p645x/libs5p645x.a(interrupts.o)
                                0x29c (size before relaxing)
 *fill*         0xc7e31d6b        0x1 00
 .rodata.str1.4
                0xc7e31d6c        0xd cpu/s5p645x/libs5p645x.a(cpu.o)
                                 0x10 (size before relaxing)
 *fill*         0xc7e31d79        0x3 00
 .rodata.str1.4
                0xc7e31d7c       0x74 cpu/s5p645x/libs5p645x.a(setup_hsmmc.o)
 .rodata.str1.4
                0xc7e31df0       0x62 cpu/s5p645x/s5p6450/libs5p6450.a(speed.o)
                                 0x64 (size before relaxing)
 *fill*         0xc7e31e52        0x2 00
 .rodata.str1.4
                0xc7e31e54       0xab lib_arm/libarm.a(board.o)
                                 0xb0 (size before relaxing)
 *fill*         0xc7e31eff        0x1 00
 .rodata.str1.4
                0xc7e31f00      0x1e5 net/libnet.a(net.o)
                                0x1ec (size before relaxing)
 *fill*         0xc7e320e5        0x3 00
 .rodata.str1.4
                0xc7e320e8      0x1e1 net/libnet.a(tftp.o)
                                0x1ec (size before relaxing)
 *fill*         0xc7e322c9        0x3 00
 .rodata.str1.4
                0xc7e322cc      0x115 net/libnet.a(bootp.o)
                                0x14c (size before relaxing)
 *fill*         0xc7e323e1        0x3 00
 .rodata.str1.4
                0xc7e323e4       0x13 net/libnet.a(rarp.o)
                                 0x4c (size before relaxing)
 *fill*         0xc7e323f7        0x1 00
 .rodata.str1.4
                0xc7e323f8      0x101 net/libnet.a(nfs.o)
                                0x18c (size before relaxing)
 *fill*         0xc7e324f9        0x3 00
 .rodata.str1.4
                0xc7e324fc      0x268 drivers/mmc/libmmc.a(mmc.o)
                                0x26c (size before relaxing)
 .rodata.str1.4
                0xc7e32764      0x157 drivers/mmc/libmmc.a(s3c_hsmmc.o)
                                0x158 (size before relaxing)
 *fill*         0xc7e328bb        0x1 00
 .rodata.str1.4
                0xc7e328bc        0x7 drivers/mtd/nand/libnand.a(nand.o)
                                  0xc (size before relaxing)
 *fill*         0xc7e328c3        0x1 00
 .rodata.str1.4
                0xc7e328c4      0x251 drivers/mtd/nand/libnand.a(nand_base.o)
                                0x254 (size before relaxing)
 *fill*         0xc7e32b15        0x3 00
 .rodata.str1.4
                0xc7e32b18      0x444 drivers/mtd/nand/libnand.a(nand_ids.o)
 .rodata.str1.4
                0xc7e32f5c      0x284 drivers/mtd/nand/libnand.a(nand_bbt.o)
 .rodata.str1.4
                0xc7e331e0      0x232 drivers/net/libnet.a(dm9000x.o)
                                0x23c (size before relaxing)
 *fill*         0xc7e33412        0x2 00
 .rodata.str1.4
                0xc7e33414       0xfc common/libcommon.a(main.o)
                                0x100 (size before relaxing)
 .rodata.str1.4
                0xc7e33510      0x11b common/libcommon.a(cmd_autoscript.o)
                                0x11c (size before relaxing)
 *fill*         0xc7e3362b        0x1 00
 .rodata.str1.4
                0xc7e3362c       0xbe common/libcommon.a(cmd_bdinfo.o)
                                 0xc0 (size before relaxing)
 *fill*         0xc7e336ea        0x2 00
 .rodata.str1.4
                0xc7e336ec      0x554 common/libcommon.a(image.o)
                                0x588 (size before relaxing)
 .rodata.str1.4
                0xc7e33c40      0x10f common/libcommon.a(cmd_boot.o)
                                0x11c (size before relaxing)
 *fill*         0xc7e33d4f        0x1 00
 .rodata.str1.4
                0xc7e33d50      0x76b common/libcommon.a(cmd_bootm.o)
                                0x98c (size before relaxing)
 *fill*         0xc7e344bb        0x1 00
 .rodata.str1.4
                0xc7e344bc      0x125 common/libcommon.a(cmd_cache.o)
                                0x13c (size before relaxing)
 *fill*         0xc7e345e1        0x3 00
 .rodata.str1.4
                0xc7e345e4       0x6d common/libcommon.a(cmd_console.o)
                                 0x74 (size before relaxing)
 *fill*         0xc7e34651        0x3 00
 .rodata.str1.4
                0xc7e34654      0x16c common/libcommon.a(cmd_date.o)
                                0x180 (size before relaxing)
 .rodata.str1.4
                0xc7e347c0      0x2b9 common/libcommon.a(cmd_elf.o)
                                0x2c8 (size before relaxing)
 *fill*         0xc7e34a79        0x3 00
 .rodata.str1.4
                0xc7e34a7c      0x4af common/libcommon.a(cmd_ext2.o)
                                0x4f0 (size before relaxing)
 *fill*         0xc7e34f2b        0x1 00
 .rodata.str1.4
                0xc7e34f2c      0x3e8 common/libcommon.a(cmd_fat.o)
                                0x550 (size before relaxing)
 .rodata.str1.4
                0xc7e35314      0x60f common/libcommon.a(cmd_flash.o)
                                0x628 (size before relaxing)
 *fill*         0xc7e35923        0x1 00
 .rodata.str1.4
                0xc7e35924       0xcf common/libcommon.a(cmd_itest.o)
                                 0xdc (size before relaxing)
 *fill*         0xc7e359f3        0x1 00
 .rodata.str1.4
                0xc7e359f4      0x377 common/libcommon.a(cmd_load.o)
                                0x398 (size before relaxing)
 *fill*         0xc7e35d6b        0x1 00
 .rodata.str1.4
                0xc7e35d6c      0x5fa common/libcommon.a(cmd_mem.o)
                                0x620 (size before relaxing)
 *fill*         0xc7e36366        0x2 00
 .rodata.str1.4
                0xc7e36368       0x70 common/libcommon.a(cmd_misc.o)
                                 0x7c (size before relaxing)
 .rodata.str1.4
                0xc7e363d8      0x24c common/libcommon.a(cmd_mmc.o)
                                0x25c (size before relaxing)
 .rodata.str1.4
                0xc7e36624      0x985 common/libcommon.a(cmd_nand.o)
                                0x9cc (size before relaxing)
 *fill*         0xc7e36fa9        0x3 00
 .rodata.str1.4
                0xc7e36fac      0x265 common/libcommon.a(cmd_net.o)
                                0x2bc (size before relaxing)
 *fill*         0xc7e37211        0x3 00
 .rodata.str1.4
                0xc7e37214      0x323 common/libcommon.a(cmd_nvedit.o)
                                0x3b4 (size before relaxing)
 *fill*         0xc7e37537        0x1 00
 .rodata.str1.4
                0xc7e37538       0x2e common/libcommon.a(cmd_reginfo.o)
                                 0x30 (size before relaxing)
 *fill*         0xc7e37566        0x2 00
 .rodata.str1.4
                0xc7e37568       0x94 common/libcommon.a(cmd_usbd.o)
                                 0xa0 (size before relaxing)
 .rodata.str1.4
                0xc7e375fc      0x126 common/libcommon.a(cmd_ximg.o)
                                0x1c8 (size before relaxing)
 *fill*         0xc7e37722        0x2 00
 .rodata.str1.4
                0xc7e37724      0x324 common/libcommon.a(command.o)
                                0x34c (size before relaxing)
 .rodata.str1.4
                0xc7e37a48       0x81 common/libcommon.a(console.o)
                                 0x88 (size before relaxing)
 *fill*         0xc7e37ac9        0x3 00
 .rodata.str1.4
                0xc7e37acc       0x2f common/libcommon.a(devices.o)
                                 0x48 (size before relaxing)
 *fill*         0xc7e37afb        0x1 00
 .rodata.str1.4
                0xc7e37afc       0x33 common/libcommon.a(env_common.o)
                                 0x34 (size before relaxing)
 *fill*         0xc7e37b2f        0x1 00
 .rodata.str1.4
                0xc7e37b30      0x120 common/libcommon.a(flash.o)
 .rodata.str1.4
                0xc7e37c50      0x18d common/libcommon.a(hush.o)
                                0x1f0 (size before relaxing)
 *fill*         0xc7e37ddd        0x3 00
 .rodata.str1.4
                0xc7e37de0      0x278 common/libcommon.a(usb.o)
 .rodata.str1.4
                0xc7e38058       0xf1 common/libcommon.a(xyzModem.o)
                                 0xf8 (size before relaxing)
 *fill*         0xc7e38149        0x3 00
 .rodata.str1.4
                0xc7e3814c      0x31e common/libcommon.a(cmd_movi.o)
                                0x354 (size before relaxing)
 *fill*         0xc7e3846a        0x2 00
 .rodata.str1.4
                0xc7e3846c       0x13 common/libcommon.a(cmd_lcd.o)
                                 0x14 (size before relaxing)
 *fill*         0xc7e3847f        0x1 00
 .rodata.str1.4
                0xc7e38480      0xa44 common/libcommon.a(cmd_fastboot.o)
                                0xae8 (size before relaxing)
 .rodata.str1.4
                0xc7e38ec4      0x271 common/libcommon.a(cmd_mmc_fdisk.o)
                                0x278 (size before relaxing)
 *fill*         0xc7e39135        0x3 00
 .rodata.str1.4
                0xc7e39138      0x18d common/libcommon.a(env_auto.o)
                                0x198 (size before relaxing)
 *fill*         0xc7e392c5        0x3 00
 .rodata.str1.4
                0xc7e392c8       0x86 common/libcommon.a(gunzip.o)
                                 0x88 (size before relaxing)
 *fill*         0xc7e3934e        0x2 00
 .rodata.str1.4
                0xc7e39350       0x5b board/samsung/smdk6450/libsmdk6450.a(smdk6450.o)
                                 0x5c (size before relaxing)
 *fill*         0xc7e393ab        0x1 00
 .rodata.str1.4
                0xc7e393ac       0xf9 board/samsung/smdk6450/libsmdk6450.a(flash.o)
                                0x108 (size before relaxing)
 *fill*         0xc7e394a5        0x3 00
 .rodata.str1.4
                0xc7e394a8       0x17 lib_generic/libgeneric.a(display_options.o)
                                 0x48 (size before relaxing)
 *fill*         0xc7e394bf        0x1 00
 .rodata.str1.4
                0xc7e394c0       0x34 lib_generic/libgeneric.a(lmb.o)
 .rodata.str1.4
                0xc7e394f4       0x57 lib_generic/libgeneric.a(vsprintf.o)
                                 0x58 (size before relaxing)
 *fill*         0xc7e3954b        0x1 00
 .rodata.str1.4
                0xc7e3954c      0x20d lib_generic/libgeneric.a(zlib.o)
                                0x214 (size before relaxing)
 *fill*         0xc7e39759        0x3 00
 .rodata.str1.4
                0xc7e3975c       0xc5 cpu/s5p645x/libs5p645x.a(usb_ohci.o)
                                 0xc8 (size before relaxing)
 *fill*         0xc7e39821        0x3 00
 .rodata.str1.4
                0xc7e39824       0xbc cpu/s5p645x/libs5p645x.a(nand.o)
 .rodata.str1.4
                0xc7e398e0      0x14e cpu/s5p645x/libs5p645x.a(usbd-otg-hs.o)
                                0x158 (size before relaxing)
 *fill*         0xc7e39a2e        0x2 00
 .rodata.str1.4
                0xc7e39a30       0x5b cpu/s5p645x/libs5p645x.a(fastboot.o)
                                0x178 (size before relaxing)
 *fill*         0xc7e39a8b        0x1 00
 .rodata.str1.4
                0xc7e39a8c       0x6f lib_arm/libarm.a(bootm.o)
                                 0x7c (size before relaxing)
 *fill*         0xc7e39afb        0x1 00
 .rodata.str1.4
                0xc7e39afc      0x39a fs/fat/libfat.a(fat.o)
                                0x3b0 (size before relaxing)
 *fill*         0xc7e39e96        0x2 00
 .rodata.str1.4
                0xc7e39e98      0x527 fs/ext2/libext2fs.a(ext2fs.o)
                                0x5b8 (size before relaxing)
 *fill*         0xc7e3a3bf        0x1 00
 .rodata.str1.4
                0xc7e3a3c0       0xe1 fs/ext2/libext2fs.a(dev.o)
                                 0xe4 (size before relaxing)
 *fill*         0xc7e3a4a1        0x3 00
 .rodata.str1.4
                0xc7e3a4a4      0x189 disk/libdisk.a(part.o)
                                0x1b0 (size before relaxing)
 *fill*         0xc7e3a62d        0x3 00
 .rodata.str1.4
                0xc7e3a630       0xf9 disk/libdisk.a(part_dos.o)
                                0x10c (size before relaxing)
 *fill*         0xc7e3a729        0x3 00
 .rodata.str1.4
                0xc7e3a72c      0x558 drivers/mtd/nand/libnand.a(nand_util.o)
                                0x55c (size before relaxing)
                0xc7e3ac84                . = ALIGN (0x4)

.data           0xc7e3ac84     0x2b1c
 *(.data)
 .data          0xc7e3ac84        0x0 cpu/s5p645x/start.o
 .data          0xc7e3ac84        0x0 cpu/s5p645x/start_irom.o
 .data          0xc7e3ac84        0x0 cpu/s5p645x/s5p6450/cpu_init.o
 .data          0xc7e3ac84        0x0 board/samsung/smdk6450/lowlevel_init.o
 .data          0xc7e3ac84        0x0 cpu/s5p645x/nand_cp.o
 .data          0xc7e3ac84        0x0 cpu/s5p645x/movi.o
 .data          0xc7e3ac84        0x0 cpu/s5p645x/libs5p645x.a(interrupts.o)
 .data          0xc7e3ac84        0x0 cpu/s5p645x/libs5p645x.a(cpu.o)
 .data          0xc7e3ac84        0x0 cpu/s5p645x/libs5p645x.a(setup_hsmmc.o)
 .data          0xc7e3ac84        0x0 cpu/s5p645x/libs5p645x.a(serial.o)
 .data          0xc7e3ac84        0x0 cpu/s5p645x/s5p6450/libs5p6450.a(speed.o)
 .data          0xc7e3ac84        0x0 lib_arm/libarm.a(_udivsi3.o)
 .data          0xc7e3ac84       0x30 lib_arm/libarm.a(board.o)
                0xc7e3ac84                init_sequence
 .data          0xc7e3acb4        0x0 lib_arm/libarm.a(_divsi3.o)
 .data          0xc7e3acb4        0x0 lib_arm/libarm.a(_modsi3.o)
 .data          0xc7e3acb4        0xa net/libnet.a(net.o)
                0xc7e3acb4                NetBcastAddr
                0xc7e3acbc                NetOurNativeVLAN
                0xc7e3acba                NetOurVLAN
 .data          0xc7e3acbe        0x2 net/libnet.a(tftp.o)
 .data          0xc7e3acc0        0x0 net/libnet.a(bootp.o)
 .data          0xc7e3acc0        0x0 net/libnet.a(rarp.o)
 .data          0xc7e3acc0        0x0 net/libnet.a(eth.o)
 .data          0xc7e3acc0        0x4 net/libnet.a(nfs.o)
 .data          0xc7e3acc4        0x4 drivers/mmc/libmmc.a(mmc.o)
 .data          0xc7e3acc8        0x0 drivers/mmc/libmmc.a(s3c_hsmmc.o)
 .data          0xc7e3acc8        0x4 drivers/mtd/nand/libnand.a(nand.o)
                0xc7e3acc8                nand_curr_device
 .data          0xc7e3accc      0x940 drivers/mtd/nand/libnand.a(nand_base.o)
 .data          0xc7e3b60c      0x5c8 drivers/mtd/nand/libnand.a(nand_ids.o)
                0xc7e3bb94                nand_manuf_ids
                0xc7e3b60c                nand_flash_ids
 .data          0xc7e3bbd4        0x0 drivers/mtd/nand/libnand.a(nand_ecc.o)
 .data          0xc7e3bbd4      0x10c drivers/mtd/nand/libnand.a(nand_bbt.o)
 .data          0xc7e3bce0        0x0 drivers/net/libnet.a(dm9000x.o)
 .data          0xc7e3bce0        0x4 common/libcommon.a(main.o)
 .data          0xc7e3bce4        0x0 common/libcommon.a(cmd_autoscript.o)
 .data          0xc7e3bce4        0x0 common/libcommon.a(cmd_bdinfo.o)
 .data          0xc7e3bce4      0x1f8 common/libcommon.a(image.o)
 .data          0xc7e3bedc        0x0 common/libcommon.a(cmd_boot.o)
 .data          0xc7e3bedc        0x4 common/libcommon.a(cmd_bootm.o)
                0xc7e3bedc                load_addr
 .data          0xc7e3bee0        0x0 common/libcommon.a(cmd_cache.o)
 .data          0xc7e3bee0        0x0 common/libcommon.a(cmd_console.o)
 .data          0xc7e3bee0       0x1c common/libcommon.a(cmd_date.o)
                0xc7e3bee0                weekdays
 .data          0xc7e3befc        0x0 common/libcommon.a(cmd_elf.o)
 .data          0xc7e3befc        0x0 common/libcommon.a(cmd_ext2.o)
 .data          0xc7e3befc        0x0 common/libcommon.a(cmd_fat.o)
 .data          0xc7e3befc        0x0 common/libcommon.a(cmd_flash.o)
 .data          0xc7e3befc       0x68 common/libcommon.a(cmd_itest.o)
                0xc7e3befc                op_table
 .data          0xc7e3bf64        0x4 common/libcommon.a(cmd_load.o)
 .data          0xc7e3bf68        0x4 common/libcommon.a(cmd_mem.o)
                0xc7e3bf68                dp_last_length
 .data          0xc7e3bf6c        0x0 common/libcommon.a(cmd_misc.o)
 .data          0xc7e3bf6c        0x0 common/libcommon.a(cmd_mmc.o)
 .data          0xc7e3bf6c        0x0 common/libcommon.a(cmd_nand.o)
 .data          0xc7e3bf6c        0x0 common/libcommon.a(cmd_net.o)
 .data          0xc7e3bf6c        0x0 common/libcommon.a(cmd_nvedit.o)
 .data          0xc7e3bf6c        0x0 common/libcommon.a(cmd_reginfo.o)
 .data          0xc7e3bf6c        0x0 common/libcommon.a(cmd_usbd.o)
 .data          0xc7e3bf6c        0x0 common/libcommon.a(cmd_ximg.o)
 .data          0xc7e3bf6c        0x0 common/libcommon.a(command.o)
 .data          0xc7e3bf6c        0x0 common/libcommon.a(console.o)
 .data          0xc7e3bf6c        0xc common/libcommon.a(devices.o)
                0xc7e3bf6c                stdio_names
 .data          0xc7e3bf78      0x414 common/libcommon.a(dlmalloc.o)
 .data          0xc7e3c38c      0x10c common/libcommon.a(env_common.o)
                0xc7e3c38c                default_environment
                0xc7e3c494                default_environment_size
 .data          0xc7e3c498        0x0 common/libcommon.a(exports.o)
 .data          0xc7e3c498        0x0 common/libcommon.a(flash.o)
 .data          0xc7e3c498       0x84 common/libcommon.a(hush.o)
 .data          0xc7e3c51c        0x0 common/libcommon.a(lists.o)
 .data          0xc7e3c51c        0x0 common/libcommon.a(s_record.o)
 .data          0xc7e3c51c        0x0 common/libcommon.a(usb.o)
 .data          0xc7e3c51c        0x0 common/libcommon.a(xyzModem.o)
 .data          0xc7e3c51c        0x0 common/libcommon.a(cmd_movi.o)
 .data          0xc7e3c51c        0x0 common/libcommon.a(cmd_lcd.o)
 .data          0xc7e3c51c       0x1c common/libcommon.a(cmd_fastboot.o)
 .data          0xc7e3c538        0x0 common/libcommon.a(cmd_mmc_fdisk.o)
 .data          0xc7e3c538        0x4 common/libcommon.a(env_auto.o)
                0xc7e3c538                env_name_spec
 .data          0xc7e3c53c        0x0 common/libcommon.a(gunzip.o)
 .data          0xc7e3c53c        0x0 common/libcommon.a(crc16.o)
 .data          0xc7e3c53c        0x0 board/samsung/smdk6450/libsmdk6450.a(smdk6450.o)
 .data          0xc7e3c53c        0x0 board/samsung/smdk6450/libsmdk6450.a(flash.o)
 .data          0xc7e3c53c        0x0 lib_generic/libgeneric.a(crc32.o)
 .data          0xc7e3c53c      0x100 lib_generic/libgeneric.a(ctype.o)
                0xc7e3c53c                _ctype
 .data          0xc7e3c63c        0x0 lib_generic/libgeneric.a(display_options.o)
 .data          0xc7e3c63c        0x0 lib_generic/libgeneric.a(lmb.o)
 .data          0xc7e3c63c        0x0 lib_generic/libgeneric.a(string.o)
 .data          0xc7e3c63c        0x0 lib_generic/libgeneric.a(vsprintf.o)
 .data          0xc7e3c63c      0x210 lib_generic/libgeneric.a(zlib.o)
                0xc7e3c63c                zlib_version
                0xc7e3c640                z_errmsg
 .data          0xc7e3c84c        0x0 cpu/s5p645x/libs5p645x.a(usb_ohci.o)
 .data          0xc7e3c84c      0x6f0 cpu/s5p645x/libs5p645x.a(nand.o)
 .data          0xc7e3cf3c       0x35 cpu/s5p645x/libs5p645x.a(usbd-otg-hs.o)
                0xc7e3cf3c                test_pkt
 *fill*         0xc7e3cf71        0x3 00
 .data          0xc7e3cf74      0x100 cpu/s5p645x/libs5p645x.a(fastboot.o)
                0xc7e3d03c                fboot_test_pkt
                0xc7e3d038                ptable_default_size
                0xc7e3cf74                ptable_default
 .data          0xc7e3d074        0x0 lib_arm/libarm.a(_ashldi3.o)
 .data          0xc7e3d074        0x0 lib_arm/libarm.a(_ashrdi3.o)
 .data          0xc7e3d074        0x0 lib_arm/libarm.a(_umodsi3.o)
 .data          0xc7e3d074        0x0 lib_arm/libarm.a(bootm.o)
 .data          0xc7e3d074        0x0 lib_arm/libarm.a(cache.o)
 .data          0xc7e3d074        0x4 fs/fat/libfat.a(fat.o)
 .data          0xc7e3d078        0x8 fs/ext2/libext2fs.a(ext2fs.o)
                0xc7e3d078                indir1_blkno
                0xc7e3d07c                indir2_blkno
 .data          0xc7e3d080        0x0 fs/ext2/libext2fs.a(dev.o)
 .data          0xc7e3d080        0x0 disk/libdisk.a(part.o)
 .data          0xc7e3d080        0x0 disk/libdisk.a(part_dos.o)
 .data          0xc7e3d080      0x6f0 drivers/mtd/nand/libnand.a(nand_util.o)
 .data          0xc7e3d770       0x30 drivers/rtc/librtc.a(date.o)
 .data          0xc7e3d7a0        0x0 drivers/rtc/librtc.a(s5p64xx_rtc.o)
 .data          0xc7e3d7a0        0x0 lib_generic/libgeneric.a(div64.o)
                0xc7e3d7a0                . = ALIGN (0x4)

.got
 *(.got)
                0xc7e3d7a0                __u_boot_cmd_start = .

.u_boot_cmd     0xc7e3d7a0      0x690
 *(.u_boot_cmd)
 .u_boot_cmd    0xc7e3d7a0       0x18 common/libcommon.a(cmd_autoscript.o)
                0xc7e3d7a0                __u_boot_cmd_autoscr
 .u_boot_cmd    0xc7e3d7b8       0x18 common/libcommon.a(cmd_bdinfo.o)
                0xc7e3d7b8                __u_boot_cmd_bdinfo
 .u_boot_cmd    0xc7e3d7d0       0x48 common/libcommon.a(cmd_boot.o)
                0xc7e3d7e8                __u_boot_cmd_reset
                0xc7e3d800                __u_boot_cmd_re
                0xc7e3d7d0                __u_boot_cmd_go
 .u_boot_cmd    0xc7e3d818       0x78 common/libcommon.a(cmd_bootm.o)
                0xc7e3d818                __u_boot_cmd_bootm
                0xc7e3d860                __u_boot_cmd_iminfo
                0xc7e3d848                __u_boot_cmd_bootd
                0xc7e3d830                __u_boot_cmd_boot
                0xc7e3d878                __u_boot_cmd_imls
 .u_boot_cmd    0xc7e3d890       0x30 common/libcommon.a(cmd_cache.o)
                0xc7e3d8a8                __u_boot_cmd_dcache
                0xc7e3d890                __u_boot_cmd_icache
 .u_boot_cmd    0xc7e3d8c0       0x18 common/libcommon.a(cmd_console.o)
                0xc7e3d8c0                __u_boot_cmd_coninfo
 .u_boot_cmd    0xc7e3d8d8       0x18 common/libcommon.a(cmd_date.o)
                0xc7e3d8d8                __u_boot_cmd_date
 .u_boot_cmd    0xc7e3d8f0       0x30 common/libcommon.a(cmd_elf.o)
                0xc7e3d908                __u_boot_cmd_bootvx
                0xc7e3d8f0                __u_boot_cmd_bootelf
 .u_boot_cmd    0xc7e3d920       0x60 common/libcommon.a(cmd_ext2.o)
                0xc7e3d938                __u_boot_cmd_ext2load
                0xc7e3d920                __u_boot_cmd_ext2ls
                0xc7e3d968                __u_boot_cmd_ext3format
                0xc7e3d950                __u_boot_cmd_ext2format
 .u_boot_cmd    0xc7e3d980       0x60 common/libcommon.a(cmd_fat.o)
                0xc7e3d9b0                __u_boot_cmd_fatinfo
                0xc7e3d9c8                __u_boot_cmd_fatformat
                0xc7e3d980                __u_boot_cmd_fatload
                0xc7e3d998                __u_boot_cmd_fatls
 .u_boot_cmd    0xc7e3d9e0       0x48 common/libcommon.a(cmd_flash.o)
                0xc7e3d9e0                __u_boot_cmd_flinfo
                0xc7e3d9f8                __u_boot_cmd_erase
                0xc7e3da10                __u_boot_cmd_protect
 .u_boot_cmd    0xc7e3da28       0x18 common/libcommon.a(cmd_itest.o)
                0xc7e3da28                __u_boot_cmd_itest
 .u_boot_cmd    0xc7e3da40       0x48 common/libcommon.a(cmd_load.o)
                0xc7e3da70                __u_boot_cmd_loady
                0xc7e3da58                __u_boot_cmd_loadb
                0xc7e3da40                __u_boot_cmd_loads
 .u_boot_cmd    0xc7e3da88       0xf0 common/libcommon.a(cmd_mem.o)
                0xc7e3da88                __u_boot_cmd_md
                0xc7e3db00                __u_boot_cmd_cmp
                0xc7e3dad0                __u_boot_cmd_mw
                0xc7e3db48                __u_boot_cmd_loop
                0xc7e3db30                __u_boot_cmd_base
                0xc7e3daa0                __u_boot_cmd_mm
                0xc7e3db18                __u_boot_cmd_crc32
                0xc7e3dab8                __u_boot_cmd_nm
                0xc7e3db60                __u_boot_cmd_mtest
                0xc7e3dae8                __u_boot_cmd_cp
 .u_boot_cmd    0xc7e3db78       0x18 common/libcommon.a(cmd_misc.o)
                0xc7e3db78                __u_boot_cmd_sleep
 .u_boot_cmd    0xc7e3db90       0x30 common/libcommon.a(cmd_mmc.o)
                0xc7e3dba8                __u_boot_cmd_mmc
                0xc7e3db90                __u_boot_cmd_mmcinfo
 .u_boot_cmd    0xc7e3dbc0       0x30 common/libcommon.a(cmd_nand.o)
                0xc7e3dbc0                __u_boot_cmd_nand
                0xc7e3dbd8                __u_boot_cmd_nboot
 .u_boot_cmd    0xc7e3dbf0       0x90 common/libcommon.a(cmd_net.o)
                0xc7e3dc50                __u_boot_cmd_nfs
                0xc7e3dc68                __u_boot_cmd_ping
                0xc7e3dc20                __u_boot_cmd_rarpboot
                0xc7e3dc08                __u_boot_cmd_tftpboot
                0xc7e3dbf0                __u_boot_cmd_bootp
                0xc7e3dc38                __u_boot_cmd_dhcp
 .u_boot_cmd    0xc7e3dc80       0x60 common/libcommon.a(cmd_nvedit.o)
                0xc7e3dcc8                __u_boot_cmd_run
                0xc7e3dcb0                __u_boot_cmd_saveenv
                0xc7e3dc80                __u_boot_cmd_printenv
                0xc7e3dc98                __u_boot_cmd_setenv
 .u_boot_cmd    0xc7e3dce0       0x18 common/libcommon.a(cmd_reginfo.o)
                0xc7e3dce0                __u_boot_cmd_reginfo