Archive member included because of file (symbol)

cpu/s5p645x/libs5p645x.a(interrupts.o)
                              cpu/s5p645x/start.o (do_irq)
cpu/s5p645x/libs5p645x.a(cpu.o)
                              cpu/s5p645x/libs5p645x.a(interrupts.o) (reset_cpu)
cpu/s5p645x/libs5p645x.a(setup_hsmmc.o)
                              cpu/s5p645x/libs5p645x.a(cpu.o) (setup_hsmmc0_cfg_gpio)
cpu/s5p645x/libs5p645x.a(serial.o)
                              cpu/s5p645x/libs5p645x.a(cpu.o) (serial_tstc)
cpu/s5p645x/s5p6450/libs5p6450.a(speed.o)
                              cpu/s5p645x/libs5p645x.a(setup_hsmmc.o) (get_MPLL_CLK)
lib_arm/libarm.a(_divsi3.o)   cpu/s5p645x/libs5p645x.a(setup_hsmmc.o) (__divsi3)
lib_arm/libarm.a(_udivsi3.o)  cpu/s5p645x/libs5p645x.a(interrupts.o) (__udivsi3)
lib_arm/libarm.a(board.o)     lib_arm/div0.o (hang)
lib_arm/libarm.a(_modsi3.o)   lib_arm/libarm.a(board.o) (__modsi3)
net/libnet.a(net.o)           lib_arm/libarm.a(board.o) (copy_filename)
net/libnet.a(tftp.o)          net/libnet.a(net.o) (TftpStart)
net/libnet.a(bootp.o)         net/libnet.a(net.o) (BootpRequest)
net/libnet.a(rarp.o)          net/libnet.a(net.o) (RarpRequest)
net/libnet.a(eth.o)           lib_arm/libarm.a(board.o) (eth_initialize)
net/libnet.a(nfs.o)           net/libnet.a(net.o) (NfsStart)
drivers/mmc/libmmc.a(mmc.o)   cpu/s5p645x/movi.o (movi_write)
drivers/mmc/libmmc.a(s3c_hsmmc.o)
                              cpu/s5p645x/libs5p645x.a(cpu.o) (smdk_s3c_hsmmc_init)
drivers/net/libnet.a(dm9000x.o)
                              net/libnet.a(net.o) (eth_halt)
common/libcommon.a(main.o)    lib_arm/libarm.a(board.o) (main_loop)
common/libcommon.a(cmd_autoscript.o)
                              (__u_boot_cmd_autoscr)
common/libcommon.a(cmd_bdinfo.o)
                              (__u_boot_cmd_bdinfo)
common/libcommon.a(image.o)   common/libcommon.a(cmd_autoscript.o) (genimg_get_format)
common/libcommon.a(cmd_boot.o)
                              (__u_boot_cmd_go)
common/libcommon.a(cmd_bootm.o)
                              lib_arm/libarm.a(board.o) (load_addr)
common/libcommon.a(cmd_cache.o)
                              (__u_boot_cmd_icache)
common/libcommon.a(cmd_console.o)
                              (__u_boot_cmd_coninfo)
common/libcommon.a(cmd_date.o)
                              (__u_boot_cmd_date)
common/libcommon.a(cmd_elf.o)
                              common/libcommon.a(cmd_bootm.o) (do_bootvx)
common/libcommon.a(cmd_ext2.o)
                              (__u_boot_cmd_ext2ls)
common/libcommon.a(cmd_fat.o)
                              (__u_boot_cmd_fatload)
common/libcommon.a(cmd_flash.o)
                              (__u_boot_cmd_flinfo)
common/libcommon.a(cmd_itest.o)
                              (__u_boot_cmd_itest)
common/libcommon.a(cmd_load.o)
                              (__u_boot_cmd_loads)
common/libcommon.a(cmd_mem.o)
                              common/libcommon.a(cmd_itest.o) (cmd_get_data_size)
common/libcommon.a(cmd_misc.o)
                              (__u_boot_cmd_sleep)
common/libcommon.a(cmd_mmc.o)
                              (__u_boot_cmd_mmcinfo)
common/libcommon.a(cmd_nand.o)
                              (__u_boot_cmd_nand)
common/libcommon.a(cmd_net.o)
                              (__u_boot_cmd_bootp)
common/libcommon.a(cmd_nvedit.o)
                              lib_arm/libarm.a(board.o) (getenv_r)
common/libcommon.a(cmd_reginfo.o)
                              (__u_boot_cmd_reginfo)
common/libcommon.a(cmd_usbd.o)
                              (__u_boot_cmd_dnw)
common/libcommon.a(cmd_ximg.o)
                              (__u_boot_cmd_imxtract)
common/libcommon.a(command.o)
                              common/libcommon.a(main.o) (find_cmd)
common/libcommon.a(console.o)
                              cpu/s5p645x/movi.o (printf)
common/libcommon.a(devices.o)
                              common/libcommon.a(cmd_console.o) (devlist)
common/libcommon.a(dlmalloc.o)
                              drivers/mmc/libmmc.a(mmc.o) (free)
common/libcommon.a(env_common.o)
                              common/libcommon.a(cmd_nvedit.o) (env_get_addr)
common/libcommon.a(exports.o)
                              lib_arm/libarm.a(board.o) (jumptable_init)
common/libcommon.a(flash.o)   common/libcommon.a(cmd_load.o) (addr2info)
common/libcommon.a(hush.o)    common/libcommon.a(main.o) (u_boot_hush_start)
common/libcommon.a(lists.o)   common/libcommon.a(cmd_console.o) (ListGetPtrToItem)
common/libcommon.a(s_record.o)
                              common/libcommon.a(cmd_load.o) (srec_decode)
common/libcommon.a(usb.o)     common/libcommon.a(cmd_bootm.o) (usb_stop)
common/libcommon.a(xyzModem.o)
                              common/libcommon.a(cmd_load.o) (xyzModem_error)
common/libcommon.a(cmd_movi.o)
                              cpu/s5p645x/movi.o (raw_area_control)
common/libcommon.a(cmd_lcd.o)
                              (__u_boot_cmd_lcd)
common/libcommon.a(cmd_fastboot.o)
[...]
Memory Configuration

Name             Origin             Length             Attributes
*default*        0x00000000         0xffffffff

Linker script and memory map

                0x00000000                . = 0x0
                0x00000000                . = ALIGN (0x4)

.text           0xc7e00000    0x31140
 cpu/s5p645x/start.o(.text)
 .text          0xc7e00000      0x4a0 cpu/s5p645x/start.o
                0xc7e00040                _end_vect
                0xc7e00184                theLastJump
                0xc7e00480                arm1136_cache_flush
                0xc7e0004c                _bss_start
                0xc7e00050                _bss_end
                0xc7e00048                _armboot_start
                0xc7e00128                copy_from_nand
                0xc7e00000                _start
                0xc7e000c0                after_copy
 cpu/s5p645x/start_irom.o(.text)
 .text          0xc7e004a0       0xa4 cpu/s5p645x/start_irom.o
                0xc7e004a4                load_bl2_irom
 cpu/s5p645x/s5p6450/cpu_init.o(.text)
 .text          0xc7e00544      0x144 cpu/s5p645x/s5p6450/cpu_init.o
                0xc7e00544                mem_ctrl_asm_init
 board/samsung/smdk6450/lowlevel_init.o(.text)
 .text          0xc7e00688      0x30c board/samsung/smdk6450/lowlevel_init.o
                0xc7e0068c                lowlevel_init
                0xc7e008a0                nand_asm_init
 cpu/s5p645x/nand_cp.o(.text)
 .text          0xc7e00994      0x1e4 cpu/s5p645x/nand_cp.o
                0xc7e00a54                copy_uboot_to_ram
                0xc7e00994                nand_bl2_copy
                0xc7e009f4                nand_bl2_copy_adv
 cpu/s5p645x/movi.o(.text)
 .text          0xc7e00b78       0xc4 cpu/s5p645x/movi.o
                0xc7e00c24                print_movi_bl2_info
                0xc7e00b9c                movi_write_bl1
                0xc7e00b78                movi_bl2_copy
                0xc7e00c0c                movi_read_env
                0xc7e00bf4                movi_write_env
 *(.text)
 .text          0xc7e00c3c        0x4 lib_arm/div0.o
                0xc7e00c3c                __div0
 .text          0xc7e00c40      0x4dc cpu/s5p645x/libs5p645x.a(interrupts.o)
                0xc7e00cc0                set_timer
                0xc7e01060                reset_timer
                0xc7e00f88                do_fiq
                0xc7e00c4c                interrupt_init
                0xc7e0103c                do_undefined_instruction
                0xc7e00e0c                show_regs
                0xc7e00f64                do_irq
                0xc7e00df4                get_tbclk
                0xc7e00d58                get_timer
                0xc7e00cd0                reset_timer_masked
                0xc7e00f48                bad_mode
                0xc7e00cf8                get_timer_masked
                0xc7e01088                udelay
                0xc7e00d6c                udelay_masked
                0xc7e00ff4                do_prefetch_abort
                0xc7e00de0                get_ticks
                0xc7e00c44                disable_interrupts
                0xc7e00fac                do_not_used
                0xc7e00fd0                do_data_abort
                0xc7e01018                do_software_interrupt
                0xc7e00c40                enable_interrupts
 .text          0xc7e0111c      0x188 cpu/s5p645x/libs5p645x.a(cpu.o)
                0xc7e01164                cleanup_before_linux
                0xc7e01150                cpu_mmc_init
                0xc7e0126c                dcache_enable
                0xc7e01148                cpu_init
                0xc7e011cc                icache_enable
                0xc7e01234                branch_enable
                0xc7e011b4                do_reset
                0xc7e01218                branch_disable
                0xc7e01190                reset_cpu
                0xc7e011e8                branch_status
                0xc7e01288                icache_disable
                0xc7e011f8                dcache_status
                0xc7e01208                icache_status
                0xc7e01250                dcache_disable
 .text          0xc7e012a4      0x200 cpu/s5p645x/libs5p645x.a(setup_hsmmc.o)
                0xc7e012a4                setup_sdhci0_cfg_card
                0xc7e012d8                setup_hsmmc0_cfg_gpio
                0xc7e01350                setup_hsmmc_clock
 .text          0xc7e014a4       0x8c cpu/s5p645x/libs5p645x.a(serial.o)
                0xc7e014a4                serial_setbrg
                0xc7e014d4                serial_tstc
                0xc7e014a8                serial_putc
                0xc7e01528                serial_init
                0xc7e014e8                serial_puts
                0xc7e0150c                serial_getc
 .text          0xc7e01530      0x194 cpu/s5p645x/s5p6450/libs5p6450.a(speed.o)
                0xc7e015dc                get_HCLK
                0xc7e01604                get_PCLK
                0xc7e0159c                get_MPLL_CLK
                0xc7e015ac                get_FCLK
                0xc7e015b4                get_ARMCLK
                0xc7e015a4                get_UCLK
                0xc7e0162c                print_cpuinfo
 *fill*         0xc7e016c4       0x1c 00
 .text          0xc7e016e0      0x140 lib_arm/libarm.a(_divsi3.o)
                0xc7e016e0                __divsi3
 .text          0xc7e01820       0x98 lib_arm/libarm.a(_udivsi3.o)
                0xc7e01820                __udivsi3
 .text          0xc7e018b8      0x3b4 lib_arm/libarm.a(board.o)
                0xc7e0191c                __yellow_LED_off
                0xc7e01910                green_LED_on
                0xc7e01920                hang
                0xc7e01910                __green_LED_on
                0xc7e01918                __yellow_LED_on
                0xc7e01918                yellow_LED_on
                0xc7e01914                __green_LED_off
                0xc7e0190c                __red_LED_off
                0xc7e019e0                start_armboot
                0xc7e01c04                strmhz
                0xc7e01904                coloured_LED_init
                0xc7e0191c                yellow_LED_off
                0xc7e0190c                red_LED_off
                0xc7e018b8                sbrk
                0xc7e01914                green_LED_off
                0xc7e01904                __coloured_LED_init
                0xc7e01908                red_LED_on
                0xc7e01908                __red_LED_on
 *fill*         0xc7e01c6c       0x14 00
 .text          0xc7e01c80      0x100 lib_arm/libarm.a(_modsi3.o)
                0xc7e01c80                __modsi3
 .text          0xc7e01d80     0x1530 net/libnet.a(net.o)
                0xc7e01f6c                getenv_IPaddr
                0xc7e01e2c                NetCksumOk
                0xc7e02b54                NetSetTimeout
                0xc7e01e50                copy_filename
                0xc7e01f7c                NetEthHdrSize
                0xc7e02020                ip_to_string
                0xc7e02da0                ArpTimeoutCheck
                0xc7e023f4                NetReceive
                0xc7e01ef8                string_to_ip
                0xc7e02b90                NetSendUDPPacket
                0xc7e0206c                print_IPaddr
                0xc7e02090                NetSetEther
                0xc7e02e24                NetLoop
                0xc7e022d0                ArpRequest
                0xc7e01fc0                VLAN_to_string
                0xc7e01ee8                getenv_VLAN
                0xc7e01de8                NetCksum
                0xc7e02148                NetSetIP
                0xc7e01ea0                string_to_VLAN
                0xc7e02d20                NetStartAgain
                0xc7e01dd8                NetSetHandler
                0xc7e029cc                PingSend
                0xc7e022cc                NetSendPacket
 .text          0xc7e032b0      0x7bc net/libnet.a(tftp.o)
                0xc7e03484                TftpStart
 .text          0xc7e03a6c      0xa3c net/libnet.a(bootp.o)
                0xc7e040dc                DhcpRequest
                0xc7e03f04                BootpRequest
 .text          0xc7e044a8      0x1a8 net/libnet.a(rarp.o)
                0xc7e044a8                RarpRequest
 .text          0xc7e04650        0x8 net/libnet.a(eth.o)
                0xc7e04650                eth_initialize
 .text          0xc7e04658      0xe04 net/libnet.a(nfs.o)
                0xc7e04c60                NfsStart
 .text          0xc7e0545c     0x12b4 drivers/mmc/libmmc.a(mmc.o)
                0xc7e054c4                mmc_send_ext_csd
                0xc7e05674                sd_switch
                0xc7e06338                mmc_send_app_op_cond
                0xc7e05cc8                mmc_startup
                0xc7e0669c                print_mmc_devices
                0xc7e05800                board_mmc_init
                0xc7e0548c                mmc_set_blocklen
                0xc7e0547c                mmc_send_cmd
                0xc7e056f4                mmc_set_clock
                0xc7e0652c                mmc_init
                0xc7e05514                mmc_set_relative_addr
                0xc7e06480                mmc_send_op_cond
                0xc7e05798                mmc_register
                0xc7e05854                mmc_get_dev
                0xc7e0554c                mmc_switch
                0xc7e056e4                mmc_set_ios
                0xc7e05adc                movi_read
                0xc7e0559c                mmc_change_freq
                0xc7e05714                mmc_set_bus_width
                0xc7e05808                find_mmc_device
                0xc7e0642c                mmc_go_idle
                0xc7e0571c                mmc_send_if_cond
                0xc7e05af4                sd_change_freq
                0xc7e05924                movi_write
                0xc7e06590                mmc_initialize
 .text          0xc7e06710      0x5d4 drivers/mmc/libmmc.a(s3c_hsmmc.o)
                0xc7e06800                smdk_s3c_hsmmc_init
 .text          0xc7e06ce4      0xc10 drivers/net/libnet.a(dm9000x.o)
                0xc7e070b0                eth_halt
                0xc7e06f24                read_srom_word
                0xc7e07048                write_srom_word
                0xc7e076b8                eth_rx
                0xc7e070f8                eth_init
                0xc7e0781c                eth_send
 .text          0xc7e078f4      0xde4 common/libcommon.a(main.o)
                0xc7e078f4                __show_boot_progress
                0xc7e079f8                run_command
                0xc7e07984                do_run
                0xc7e078f8                parse_line
                0xc7e0856c                readline
                0xc7e078f4                show_boot_progress
                0xc7e08578                main_loop
                0xc7e07ecc                readline_into_buffer
 .text          0xc7e086d8      0x190 common/libcommon.a(cmd_autoscript.o)
                0xc7e08824                do_autoscript
                0xc7e086f8                autoscript
 .text          0xc7e08868      0x100 common/libcommon.a(cmd_bdinfo.o)
                0xc7e0887c                do_bdinfo
 .text          0xc7e08968      0x800 common/libcommon.a(image.o)
                0xc7e08bec                getenv_bootm_size
                0xc7e08ca4                image_print_contents
                0xc7e08a8c                genimg_get_comp_id
                0xc7e08ad4                genimg_get_os_id
                0xc7e08a38                genimg_has_config
                0xc7e08abc                genimg_get_arch_id
                0xc7e089ec                genimg_get_arch_name
                0xc7e08f04                boot_get_ramdisk
                0xc7e08eb0                image_check_hcrc
                0xc7e089d4                genimg_get_os_name
                0xc7e08a04                genimg_get_type_name
                0xc7e08bac                genimg_get_format
                0xc7e08a1c                genimg_get_comp_name
                0xc7e08e74                image_check_dcrc
                0xc7e08c20                getenv_bootm_low
                0xc7e08a34                genimg_get_image
                0xc7e08aa4                genimg_get_type_id
                0xc7e08988                image_multi_count
                0xc7e08be8                memmove_wd
                0xc7e08aec                image_multi_getimg
                0xc7e08c54                getenv_yesno
 .text          0xc7e09168       0xa4 common/libcommon.a(cmd_boot.o)
                0xc7e09180                do_go
                0xc7e09168                do_go_exec
 .text          0xc7e0920c      0xd30 common/libcommon.a(cmd_bootm.o)
                0xc7e09334                print_image_hdr
                0xc7e09794                do_bootd
                0xc7e097b8                do_bootm
                0xc7e0922c                board_lmb_reserve
                0xc7e0922c                __board_lmb_reserve
                0xc7e09734                do_iminfo
 .text          0xc7e09f3c      0x144 common/libcommon.a(cmd_cache.o)
                0xc7e09f78                do_dcache
                0xc7e09ffc                do_icache
 .text          0xc7e0a080       0xe0 common/libcommon.a(cmd_console.o)
                0xc7e0a080                do_coninfo
 .text          0xc7e0a160      0x324 common/libcommon.a(cmd_date.o)
                0xc7e0a370                do_date
                0xc7e0a1a4                mk_date
 .text          0xc7e0a484      0x3c8 common/libcommon.a(cmd_elf.o)
                0xc7e0a7ac                do_bootelf
                0xc7e0a5ec                do_bootvx
                0xc7e0a484                valid_elf_image
                0xc7e0a768                do_bootelf_exec
                0xc7e0a4dc                load_elf_image
 .text          0xc7e0a84c      0x558 common/libcommon.a(cmd_ext2.o)
                0xc7e0a84c                ext_format
                0xc7e0a940                do_ext3_format
                0xc7e0ac54                do_ext2ls
                0xc7e0a950                do_ext2_format
                0xc7e0a960                do_ext2load
 .text          0xc7e0ada4      0x4ac common/libcommon.a(cmd_fat.o)
                0xc7e0b0b0                do_fat_fsload
                0xc7e0ada4                do_fat_format
                0xc7e0ae94                do_fat_fsinfo
                0xc7e0af9c                do_fat_ls
 .text          0xc7e0b250      0x5a8 common/libcommon.a(cmd_flash.o)
                0xc7e0b280                do_flinfo
                0xc7e0b268                flash_sect_erase
                0xc7e0b4e0                do_protect
                0xc7e0b6ac                do_flerase
                0xc7e0b250                flash_sect_protect
 .text          0xc7e0b7f8      0x2ec common/libcommon.a(cmd_itest.o)
                0xc7e0b860                binary_test
                0xc7e0ba3c                do_itest
 .text          0xc7e0bae4      0xf58 common/libcommon.a(cmd_load.o)
                0xc7e0bbb4                k_data_init
                0xc7e0bd40                s1_sendpacket
                0xc7e0bd68                handle_send_packet
                0xc7e0bc40                k_data_restore
                0xc7e0bf60                send_nack
                0xc7e0c048                do_load_serial_bin
                0xc7e0bca4                k_data_char
                0xc7e0bb0c                chk1
                0xc7e0bbdc                k_data_save
                0xc7e0bae4                ktrans
                0xc7e0bd0c                send_pad
                0xc7e0bfc4                send_ack
                0xc7e0c730                do_load_serial
 .text          0xc7e0ca3c      0xa14 common/libcommon.a(cmd_mem.o)
                0xc7e0ca3c                do_mem_base
                0xc7e0d27c                do_mem_mw
                0xc7e0ca80                do_mem_crc
                0xc7e0ce58                do_mem_nm
                0xc7e0ce80                do_mem_mm
                0xc7e0cfa0                do_mem_cp
                0xc7e0cb38                do_mem_mtest
                0xc7e0d0d0                do_mem_cmp
                0xc7e0cc60                cmd_get_data_size
                0xc7e0cea8                do_mem_loop
                0xc7e0d34c                do_mem_md
 .text          0xc7e0d450       0x90 common/libcommon.a(cmd_misc.o)
                0xc7e0d450                do_sleep
 .text          0xc7e0d4e0      0x48c common/libcommon.a(cmd_mmc.o)
                0xc7e0d664                do_mmcops
                0xc7e0d4e0                do_mmcinfo
 .text          0xc7e0d96c      0xf98 common/libcommon.a(cmd_nand.o)
                0xc7e0dad4                do_nandboot
                0xc7e0dd10                do_nand
 .text          0xc7e0e904      0x3d8 common/libcommon.a(cmd_net.o)
                0xc7e0ecb8                do_rarpb
                0xc7e0e904                do_ping
                0xc7e0ecc4                do_tftpb
                0xc7e0ecac                do_dhcp
                0xc7e0ecd0                do_bootp
                0xc7e0eca0                do_nfs
 .text          0xc7e0ecdc      0x890 common/libcommon.a(cmd_nvedit.o)
                0xc7e0ee20                getenv
                0xc7e0ee90                _do_setenv
                0xc7e0ed3c                getenv_r
                0xc7e0f3f0                do_printenv
                0xc7e0f3a8                setenv
                0xc7e0edf4                do_saveenv
                0xc7e0f368                do_setenv
                0xc7e0ecdc                envmatch
 .text          0xc7e0f56c        0x8 common/libcommon.a(cmd_reginfo.o)
                0xc7e0f56c                do_reginfo
 .text          0xc7e0f574      0x118 common/libcommon.a(cmd_usbd.o)
                0xc7e0f574                do_usbd_dnw
 .text          0xc7e0f68c      0x240 common/libcommon.a(cmd_ximg.o)
                0xc7e0f68c                do_imgextract
 .text          0xc7e0f8cc      0x764 common/libcommon.a(command.o)
                0xc7e0f960                do_echo
                0xc7e0fbb0                do_exit
                0xc7e0f8cc                find_cmd
                0xc7e0fbe0                do_test
                0xc7e0f9e4                do_help
                0xc7e0fb90                do_version
 .text          0xc7e10030      0x584 common/libcommon.a(console.o)
                0xc7e10330                console_init_r
                0xc7e102f0                printf
                0xc7e101d0                console_assign
                0xc7e10540                getc
                0xc7e102a8                puts
                0xc7e101b4                dbg
                0xc7e104c8                serial_printf
                0xc7e100f8                ftstc
                0xc7e10260                fprintf
                0xc7e10528                tstc
                0xc7e102c4                vprintf
                0xc7e10558                ctrlc
                0xc7e10508                putc
                0xc7e10178                disable_ctrlc
                0xc7e100d0                fgetc
                0xc7e10190                had_ctrlc
                0xc7e10120                fputc
                0xc7e101c0                console_init_f
                0xc7e101a0                clear_ctrlc
                0xc7e1014c                fputs
 .text          0xc7e105b4       0xec common/libcommon.a(devices.o)
                0xc7e105d0                device_register
                0xc7e105b4                devices_done
                0xc7e105f4                devices_init
 .text          0xc7e106a0     0x10f0 common/libcommon.a(dlmalloc.o)
                0xc7e10ac8                malloc
                0xc7e11214                pvalloc
                0xc7e11238                calloc
                0xc7e106d8                malloc_usable_size
                0xc7e11318                realloc
                0xc7e10790                malloc_trim
                0xc7e106a0                malloc_bin_reloc
                0xc7e1071c                mallopt
                0xc7e11104                memalign
                0xc7e10ac4                cfree
                0xc7e1122c                valloc
                0xc7e10864                free
 .text          0xc7e11790      0x164 common/libcommon.a(env_common.o)
                0xc7e118a4                env_get_char
                0xc7e117b0                env_get_addr
                0xc7e117fc                set_default_env
                0xc7e11844                env_relocate
                0xc7e117d0                env_crc_update
                0xc7e11790                env_get_char_memory
 .text          0xc7e118f4       0xe4 common/libcommon.a(exports.o)
                0xc7e11900                jumptable_init
                0xc7e118f8                get_version
 .text          0xc7e119d8      0x364 common/libcommon.a(flash.o)
                0xc7e11bcc                flash_write
                0xc7e119d8                flash_protect
                0xc7e11ae4                addr2info
                0xc7e11aec                flash_perror
 .text          0xc7e11d3c     0x1c98 common/libcommon.a(hush.o)
                0xc7e120d8                new_pipe
                0xc7e11e64                mapset
                0xc7e130d0                parse_string_outer
                0xc7e12a30                update_ifs_map
                0xc7e13088                parse_file_outer
                0xc7e11d58                simple_itoa
                0xc7e1241c                reserved_word
                0xc7e11e88                u_boot_hush_start
 .text          0xc7e139d4      0x3e0 common/libcommon.a(lists.o)
                0xc7e13cd4                DisposeHandle
                0xc7e13cf4                ListDispose
                0xc7e13b08                ListInsertItems
                0xc7e139dc                ListSetAllocationPolicy
                0xc7e13a2c                ListGetItemSize
                0xc7e13a20                ListGetDataPtr
                0xc7e13cf8                NewHandle
                0xc7e13a8c                SetHandleSize
                0xc7e13ccc                ListInsertItem
                0xc7e139d4                GetHandleSize
                0xc7e13a38                ListNumItems
                0xc7e139f0                ListGetPtrToItem
                0xc7e13d54                ListCreate
                0xc7e13a44                ListGetItems
 .text          0xc7e13db4      0x2cc common/libcommon.a(s_record.o)
                0xc7e13e24                srec_decode
 .text          0xc7e14080     0x15e4 common/libcommon.a(usb.o)
                0xc7e14b50                usb_set_idle
                0xc7e14098                usb_maxpacket
                0xc7e15438                usb_hub_probe
                0xc7e15634                usb_stop
                0xc7e155a0                usb_init
                0xc7e14080                usb_disable_asynch
                0xc7e154fc                usb_clear_halt
                0xc7e14404                usb_bulk_msg
                0xc7e14a60                usb_get_class_descriptor
                0xc7e15498                usb_scan_devices
                0xc7e14778                usb_get_hub_descriptor
                0xc7e14564                usb_get_port_status
                0xc7e143e0                usb_submit_int_msg
                0xc7e1428c                usb_parse_config
                0xc7e14464                usb_control_msg
                0xc7e14bb4                usb_set_protocol
                0xc7e150d8                usb_hub_port_connect_change
                0xc7e14c7c                usb_set_interface
                0xc7e141a8                usb_hub_allocate
                0xc7e14964                usb_string
                0xc7e14ad8                usb_get_report
                0xc7e14d90                usb_get_descriptor
                0xc7e15218                usb_hub_configure
                0xc7e147d8                usb_get_string
                0xc7e143e4                wait_ms
                0xc7e14720                usb_clear_hub_feature
                0xc7e14e00                usb_get_configuration_no
                0xc7e146c0                usb_clear_port_feature
                0xc7e1461c                usb_set_port_feature
                0xc7e14ea0                usb_new_device
                0xc7e145c4                usb_get_hub_status
                0xc7e14c14                usb_set_configuration
                0xc7e140bc                usb_set_maxpacket
                0xc7e14d48                usb_set_address
                0xc7e141f0                usb_alloc_new_device
                0xc7e14194                usb_hub_reset
                0xc7e1416c                usb_get_dev_index
 .text          0xc7e15664      0xa10 common/libcommon.a(xyzModem.o)
                0xc7e15798                xyzModem_error
                0xc7e15834                xyzModem_stream_close
                0xc7e15894                CYGACC_COMM_IF_GETC_TIMEOUT
                0xc7e15664                parse_num
                0xc7e1591c                xyzModem_stream_terminate
                0xc7e15f18                xyzModem_stream_open
                0xc7e15888                CYGACC_COMM_IF_PUTC
                0xc7e15c9c                xyzModem_stream_read
 .text          0xc7e16074      0x538 common/libcommon.a(cmd_movi.o)
                0xc7e163fc                init_raw_area_table
                0xc7e16074                do_movi
 .text          0xc7e165ac      0x3f4 common/libcommon.a(cmd_lcd.o)
                0xc7e165ac                do_lcd_test
 .text          0xc7e169a0     0x1824 common/libcommon.a(cmd_fastboot.o)
                0xc7e17e2c                do_sdfuse
                0xc7e169f4                fastboot_flash_get_ptn_count
                0xc7e16b5c                fastboot_flash_add_ptn
                0xc7e18018                do_fastboot
                0xc7e169cc                fastboot_flash_get_ptn
                0xc7e16a04                fastboot_flash_find_ptn
                0xc7e16a7c                fastboot_flash_dump_ptn
 .text          0xc7e181c4      0xb70 common/libcommon.a(cmd_mmc_fdisk.o)
                0xc7e18348                make_partitionInfo
                0xc7e188ec                encode_partitionInfo
                0xc7e1867c                decode_partitionInfo
                0xc7e18230                encode_chs
                0xc7e186bc                get_mmc_part_info
                0xc7e18960                make_mmc_partition
                0xc7e18758                print_mmc_part_info
                0xc7e18c34                create_mmc_fdisk
                0xc7e18250                get_SDInfo
                0xc7e18cbc                do_fdisk
                0xc7e185b4                get_mmc_mbr
                0xc7e18540                put_mmc_mbr
                0xc7e181c4                calc_unit
                0xc7e18624                get_mmc_block_count
 .text          0xc7e18d34      0x790 common/libcommon.a(env_auto.o)
                0xc7e18e80                env_relocate_spec_movinand
                0xc7e19034                env_relocate_spec
                0xc7e18e7c                env_relocate_spec_onenand
                0xc7e19180                saveenv_nand_adv
                0xc7e19424                saveenv
                0xc7e18db0                env_get_char_spec
                0xc7e18f3c                env_relocate_spec_nor
                0xc7e18dbc                env_init
                0xc7e193f8                saveenv_movinand
                0xc7e18dd8                saveenv_onenand
                0xc7e19094                saveenv_nor
                0xc7e19274                saveenv_nand
                0xc7e18f90                env_relocate_spec_nand
 .text          0xc7e194c4      0x170 common/libcommon.a(gunzip.o)
                0xc7e194c4                gunzip
                0xc7e1961c                zfree
                0xc7e19624                zalloc
 .text          0xc7e19634       0x48 common/libcommon.a(crc16.o)
                0xc7e19634                cyg_crc16
 .text          0xc7e1967c       0x98 board/samsung/smdk6450/libsmdk6450.a(smdk6450.o)
                0xc7e196cc                virt_to_phy_smdk6450
                0xc7e196a4                dram_init
                0xc7e196fc                checkboard
                0xc7e1967c                board_init
                0xc7e196c4                board_late_init
 .text          0xc7e19714      0x5ec board/samsung/smdk6450/libsmdk6450.a(flash.o)
                0xc7e19aa4                flash_erase
                0xc7e19cb4                flash_init
                0xc7e1998c                flash_print_info
                0xc7e19814                write_buff
 .text          0xc7e19d00      0x1fc lib_generic/libgeneric.a(crc32.o)
                0xc7e19d00                crc32
                0xc7e19ef8                crc32_wd
                0xc7e19e00                crc32_no_comp
 .text          0xc7e19efc        0x0 lib_generic/libgeneric.a(ctype.o)
 .text          0xc7e19efc      0x26c lib_generic/libgeneric.a(display_options.o)
                0xc7e19fe8                print_buffer
                0xc7e19fc8                display_options
                0xc7e19efc                print_size
 .text          0xc7e1a168      0x554 lib_generic/libgeneric.a(lmb.o)
                0xc7e1a4c4                lmb_overlaps_region
                0xc7e1a3c4                lmb_add
                0xc7e1a168                lmb_dump_all
                0xc7e1a3c8                lmb_free
                0xc7e1a680                lmb_alloc_base
                0xc7e1a6b4                lmb_alloc
                0xc7e1a518                __lmb_alloc_base
                0xc7e1a1cc                lmb_init
                0xc7e1a624                lmb_is_reserved
                0xc7e1a4bc                lmb_reserve
 .text          0xc7e1a6bc      0x538 lib_generic/libgeneric.a(string.o)
                0xc7e1a6bc                strcpy
                0xc7e1ab04                memscan
                0xc7e1aa80                memmove
                0xc7e1aa60                memcpy
                0xc7e1a9cc                strswab
                0xc7e1a868                strnlen
                0xc7e1a830                strrchr
                0xc7e1a6fc                strcat
                0xc7e1ab8c                memchr
                0xc7e1ab28                strstr
                0xc7e1a7a0                strncmp
                0xc7e1a6d4                strncpy
                0xc7e1aa34                bcopy
                0xc7e1a914                strtok
                0xc7e1aac8                memcmp
                0xc7e1a728                strncat
                0xc7e1abb8                strdup
                0xc7e1aa18                memset
                0xc7e1a774                strcmp
                0xc7e1a998                strsep
                0xc7e1a890                strspn
                0xc7e1a810                strlen
                0xc7e1a7e4                strchr
                0xc7e1a8d4                strpbrk
 .text          0xc7e1abf4      0x868 lib_generic/libgeneric.a(vsprintf.o)
                0xc7e1afd8                vsprintf
                0xc7e1acb4                simple_strtol
                0xc7e1af80                panic
                0xc7e1b42c                sprintf
                0xc7e1abf4                simple_strtoul
 .text          0xc7e1b45c     0x2ea4 lib_generic/libgeneric.a(zlib.o)
                0xc7e1c3a4                inflate
                0xc7e1be44                inflateInit2
                0xc7e1c274                inflateIncomp
                0xc7e1bf8c                adler32
                0xc7e1bcdc                inflateReset
                0xc7e1bd44                inflateSync
                0xc7e1bf84                inflateInit
                0xc7e1bc3c                inflateEnd
 .text          0xc7e1e300      0x6c8 cpu/s5p645x/libs5p645x.a(usb_ohci.o)
                0xc7e1e37c                rh_check_port_status
                0xc7e1e3a4                usb_lowlevel_stop
                0xc7e1e45c                sohci_submit_job
                0xc7e1e394                submit_int_msg
                0xc7e1e9c0                submit_bulk_msg
                0xc7e1e38c                submit_control_msg
                0xc7e1e39c                usb_lowlevel_init
                0xc7e1e384                submit_common_msg
 .text          0xc7e1e9c8     0x2c38 cpu/s5p645x/libs5p645x.a(usbd-otg-hs.o)
                0xc7e20710                s3c_usb_dma_in_done
                0xc7e20824                s3c_usb_set_all_outep_nak
                0xc7e20b74                s3c_usb_clear_upfile_info
                0xc7e20dbc                s3c_usb_verify_checksum
                0xc7e20be4                s3c_usb_set_opmode
                0xc7e2105c                s3c_usb_pkt_receive
                0xc7e2124c                s3c_usb_transfer
                0xc7e20b34                s3c_usb_clear_dnfile_info
                0xc7e200f0                s3c_usb_int_bulkin
                0xc7e1eab4                s3c_usb_set_inep_xfersize
                0xc7e1f41c                s3c_usb_transfer_ep0
                0xc7e1f2f8                s3c_usb_set_otherspeed_conf_desc
                0xc7e1ea38                s3c_usb_set_soft_disconnect
                0xc7e2084c                s3c_usb_clear_all_outep_nak
                0xc7e214e4                s3c_usbctl_init
                0xc7e2097c                s3c_usb_set_descriptors
                0xc7e2100c                s3c_usb_int_bulkout
                0xc7e21374                s3c_udc_int_hndlr
                0xc7e1eae8                s3c_usb_set_outep_xfersize
                0xc7e214ac                s3c_usb_stop
                0xc7e1ea68                s3c_usb_init_device
                0xc7e20bb4                s3c_usb_check_setconf
                0xc7e1ee78                s3c_usb_set_feature
                0xc7e2112c                s3c_usb_dma_out_done
                0xc7e1f0c4                s3c_usb_ep0_int_hndlr
                0xc7e20924                s3c_usb_set_endpoint
                0xc7e20e94                s3c_usb_download_continue
                0xc7e1eb70                s3c_usb_write_in_fifo
                0xc7e21404                s3c_usb_wait_cable_insert
                0xc7e1ede4                s3c_usb_clear_feature
                0xc7e1eaac                s3c_usbc_activate
                0xc7e1eb1c                s3c_usb_write_ep0_fifo
                0xc7e204f0                s3c_usb_download_start
                0xc7e20874                s3c_usb_set_max_pktsize
                0xc7e1ea20                s3c_usb_check_current_mode
                0xc7e1e9c8                s3c_usb_phy_off
                0xc7e1eff4                s3c_usb_get_status
                0xc7e20b18                s3c_usb_check_speed
                0xc7e202c0                s3c_usb_upload_start
                0xc7e1ea00                s3c_usb_init_core
                0xc7e1ea50                s3c_usb_clear_soft_disconnect
                0xc7e1e9e0                s3c_usb_core_soft_reset
                0xc7e210e0                s3c_usb_print_pkt
                0xc7e20d24                s3c_usb_set_init
                0xc7e20cb8                s3c_usb_reset
                0xc7e1ec14                s3c_usb_get_desc
                0xc7e1ebc4                s3c_usb_read_out_fifo
                0xc7e21458                s3c_usb_init_phy
 .text          0xc7e21600     0x2e88 cpu/s5p645x/libs5p645x.a(fastboot.o)
                0xc7e23690                fboot_usb_clear_dnfile_info
                0xc7e22e18                fboot_usb_upload_start
                0xc7e236d0                fboot_usb_clear_upfile_info
                0xc7e23f94                fboot_usb_init_phy
                0xc7e21688                fboot_usb_clear_soft_disconnect
                0xc7e21884                fboot_usb_get_desc
                0xc7e23740                fboot_usb_set_opmode
                0xc7e243d8                fastboot_poll
                0xc7e216e4                fboot_usbc_activate
                0xc7e23268                fboot_usb_dma_in_done
                0xc7e23814                fboot_usb_reset
                0xc7e2347c                fboot_usb_set_endpoint
                0xc7e21758                fboot_usb_set_outep_xfersize
                0xc7e216ec                fboot_usb_stop
                0xc7e21724                fboot_usb_set_inep_xfersize
                0xc7e220c0                fboot_usb_transfer_ep0
                0xc7e23674                fboot_usb_check_speed
                0xc7e23880                fastboot_shutdown
                0xc7e238b4                fastboot_getvar
                0xc7e21834                fboot_usb_read_out_fifo
                0xc7e216a0                fboot_usb_init_device
                0xc7e238bc                fboot_usb_int_bulkin
                0xc7e24104                fastboot_init
                0xc7e21a88                fboot_usb_clear_feature
                0xc7e23710                fboot_usb_check_setconf
                0xc7e23e24                fboot_usb_transfer
                0xc7e2337c                fboot_usb_set_all_outep_nak
                0xc7e23048                fboot_usb_download_start
                0xc7e23884                fastboot_fifo_size
                0xc7e2442c                fastboot_tx_status
                0xc7e23d04                fboot_usb_dma_out_done
                0xc7e23fe8                fboot_usbctl_init
                0xc7e21c98                fboot_usb_get_status
                0xc7e23f50                fboot_usb_wait_cable_insert
                0xc7e21b1c                fboot_usb_set_feature
                0xc7e2178c                fboot_usb_write_ep0_fifo
                0xc7e21d68                fboot_usb_ep0_int_hndlr
                0xc7e23cc4                fboot_usb_print_pkt
                0xc7e23970                fastboot_preboot
                0xc7e21638                fboot_usb_init_core
                0xc7e21670                fboot_usb_set_soft_disconnect
                0xc7e23af8                fboot_usb_download_continue
                0xc7e2431c                fboot_usb_int_hndlr
                0xc7e233cc                fboot_usb_set_max_pktsize
                0xc7e23a2c                fboot_usb_verify_checksum
                0xc7e241e8                fboot_usb_int_bulkout
                0xc7e233a4                fboot_usb_clear_all_outep_nak
                0xc7e234d4                fboot_usb_set_descriptors
                0xc7e24298                fboot_usb_pkt_receive
                0xc7e217e0                fboot_usb_write_in_fifo
                0xc7e23994                fboot_usb_set_init
                0xc7e21600                fboot_usb_phy_off
                0xc7e21658                fboot_usb_check_current_mode
                0xc7e21618                fboot_usb_core_soft_reset
                0xc7e21f9c                fboot_usb_set_otherspeed_conf_desc
 .text          0xc7e24488       0xb4 lib_arm/libarm.a(_umodsi3.o)
                0xc7e24488                __umodsi3
 .text          0xc7e2453c      0x2fc lib_arm/libarm.a(bootm.o)
                0xc7e245e8                do_bootm_linux
                0xc7e2453c                setup_mtdpartition_tag
 .text          0xc7e24838        0x4 lib_arm/libarm.a(cache.o)
                0xc7e24838                flush_cache
 .text          0xc7e2483c     0x19c4 fs/fat/libfat.a(fat.o)
                0xc7e25a30                file_fat_read
                0xc7e2510c                do_fat_read
                0xc7e25a68                file_fat_ls
                0xc7e25b98                fat_format_device
                0xc7e24cbc                file_fat_detectfs
                0xc7e24864                disk_read
                0xc7e25a78                fat_register_device
 .text          0xc7e26200     0x3798 fs/ext2/libext2fs.a(ext2fs.o)
                0xc7e28bb4                ext2fs_read_file
                0xc7e28adc                ext2fs_close
                0xc7e2625c                ext2fs_format
                0xc7e2621c                default_journal_size
                0xc7e291f4                ext2fs_mount
                0xc7e2991c                ext2fs_ls
                0xc7e26200                get_random_val
                0xc7e297f0                ext2fs_find_file
                0xc7e29878                ext2fs_open
                0xc7e28abc                ext2fs_free_node
                0xc7e290e8                ext2fs_read
                0xc7e2953c                ext2fs_find_file1
 .text          0xc7e29998      0x23c fs/ext2/libext2fs.a(dev.o)
                0xc7e29b80                ext2fs_set_blk_dev
                0xc7e29998                ext2fs_devread
 .text          0xc7e29bd4      0x350 disk/libdisk.a(part.o)
                0xc7e29cb0                dev_print
                0xc7e29bd4                print_part
                0xc7e29ec0                get_dev
                0xc7e29e80                get_partition_info
                0xc7e29ea4                init_part
 .text          0xc7e29f24      0x4ec disk/libdisk.a(part_dos.o)
                0xc7e2a1ec                get_partition_info_dos
                0xc7e2a3e4                print_part_dos
                0xc7e29f6c                test_part_dos
 .text          0xc7e2a410       0xa0 drivers/mtd/nand/libnand.a(nand.o)
                0xc7e2a410                nand_init
 .text          0xc7e2a4b0     0x3054 drivers/mtd/nand/libnand.a(nand_base.o)
                0xc7e2c7a8                nand_read
                0xc7e2a6cc                nand_wait_ready
                0xc7e2b1b8                nand_scan_ident
                0xc7e2bbe8                nand_scan
                0xc7e2cc48                nand_erase_nand
                0xc7e2b704                nand_scan_tail
                0xc7e2b190                nand_release
 .text          0xc7e2d504        0x0 drivers/mtd/nand/libnand.a(nand_ids.o)
 .text          0xc7e2d504      0x220 drivers/mtd/nand/libnand.a(nand_ecc.o)
                0xc7e2d5fc                nand_correct_data
                0xc7e2d504                nand_calculate_ecc
 .text          0xc7e2d724     0x1750 drivers/mtd/nand/libnand.a(nand_bbt.o)
                0xc7e2d9b0                nand_isbad_bbt
                0xc7e2ed9c                nand_default_bbt
                0xc7e2e63c                nand_update_bbt
                0xc7e2e918                nand_scan_bbt
 .text          0xc7e2ee74      0xe84 drivers/mtd/nand/libnand.a(nand_util.o)
                0xc7e2ee7c                nand_lock
                0xc7e2eed0                nand_unlock
                0xc7e2efe0                nand_get_lock_status
                0xc7e2f990                nand_erase_opts
                0xc7e2f06c                nand_read_opts
                0xc7e2f42c                nand_write_opts
 .text          0xc7e2fcf8      0x290 drivers/rtc/librtc.a(date.o)
                0xc7e2fcf8                GregorianDay
                0xc7e2fef4                mktime
                0xc7e2fdec                to_tm
 .text          0xc7e2ff88      0x23c drivers/rtc/librtc.a(s5p64xx_rtc.o)
                0xc7e3000c                rtc_set
                0xc7e3019c                rtc_reset
                0xc7e300a8                rtc_get
 .text          0xc7e301c4      0x120 lib_generic/libgeneric.a(div64.o)
                0xc7e301c4                __div64_32
 .text          0xc7e302e4      0xcc4 cpu/s5p645x/libs5p645x.a(nand.o)
                0xc7e30d30                board_nand_init
 .text          0xc7e30fa8       0x1c lib_arm/libarm.a(_ashldi3.o)
                0xc7e30fa8                __ashldi3
 .text          0xc7e30fc4       0x1c lib_arm/libarm.a(_ashrdi3.o)
                0xc7e30fc4                __ashrdi3
 lib_arm/div0.o()
 .data          0xc7e30fe0        0x0 lib_arm/div0.o
 .bss           0xc7e30fe0        0x0 lib_arm/div0.o
 .debug_abbrev  0xc7e30fe0       0x29 lib_arm/div0.o
 .debug_info    0xc7e31009       0x39 lib_arm/div0.o
 .debug_line    0xc7e31042       0x38 lib_arm/div0.o
 *fill*         0xc7e3107a        0x2 00
 .debug_frame   0xc7e3107c       0x20 lib_arm/div0.o
 .debug_pubnames
                0xc7e3109c       0x1d lib_arm/div0.o
 .debug_aranges
                0xc7e310b9       0x20 lib_arm/div0.o
 .debug_str     0xc7e310d9       0x43 lib_arm/div0.o
 .comment       0xc7e3111c       0x12 lib_arm/div0.o
 .ARM.attributes
                0xc7e3112e       0x10 lib_arm/div0.o
 *fill*         0xc7e3113e        0x2 00
 .glue_7        0xc7e31140        0x0 lib_arm/div0.o
 .glue_7t       0xc7e31140        0x0 lib_arm/div0.o
 .vfp11_veneer  0xc7e31140        0x0 lib_arm/div0.o

.glue_7         0xc7e31140        0x0
 .glue_7        0xc7e31140        0x0 cpu/s5p645x/start.o
 .glue_7        0xc7e31140        0x0 cpu/s5p645x/start_irom.o
 .glue_7        0xc7e31140        0x0 cpu/s5p645x/s5p6450/cpu_init.o
 .glue_7        0xc7e31140        0x0 board/samsung/smdk6450/lowlevel_init.o
 .glue_7        0xc7e31140        0x0 cpu/s5p645x/nand_cp.o
 .glue_7        0xc7e31140        0x0 cpu/s5p645x/movi.o
 .glue_7        0xc7e31140        0x0 cpu/s5p645x/libs5p645x.a(interrupts.o)
 .glue_7        0xc7e31140        0x0 cpu/s5p645x/libs5p645x.a(cpu.o)
 .glue_7        0xc7e31140        0x0 cpu/s5p645x/libs5p645x.a(setup_hsmmc.o)
 .glue_7        0xc7e31140        0x0 cpu/s5p645x/libs5p645x.a(serial.o)
 .glue_7        0xc7e31140        0x0 cpu/s5p645x/s5p6450/libs5p6450.a(speed.o)
 .glue_7        0xc7e31140        0x0 lib_arm/libarm.a(_divsi3.o)
 .glue_7        0xc7e31140        0x0 lib_arm/libarm.a(_udivsi3.o)
 .glue_7        0xc7e31140        0x0 lib_arm/libarm.a(board.o)
 .glue_7        0xc7e31140        0x0 lib_arm/libarm.a(_modsi3.o)
 .glue_7        0xc7e31140        0x0 net/libnet.a(net.o)
 .glue_7        0xc7e31140        0x0 net/libnet.a(tftp.o)
 .glue_7        0xc7e31140        0x0 net/libnet.a(bootp.o)
 .glue_7        0xc7e31140        0x0 net/libnet.a(rarp.o)
 .glue_7        0xc7e31140        0x0 net/libnet.a(eth.o)
 .glue_7        0xc7e31140        0x0 net/libnet.a(nfs.o)
 .glue_7        0xc7e31140        0x0 drivers/mmc/libmmc.a(mmc.o)
 .glue_7        0xc7e31140        0x0 drivers/mmc/libmmc.a(s3c_hsmmc.o)
 .glue_7        0xc7e31140        0x0 drivers/net/libnet.a(dm9000x.o)
 .glue_7        0xc7e31140        0x0 common/libcommon.a(main.o)
 .glue_7        0xc7e31140        0x0 common/libcommon.a(cmd_autoscript.o)
 .glue_7        0xc7e31140        0x0 common/libcommon.a(cmd_bdinfo.o)
 .glue_7        0xc7e31140        0x0 common/libcommon.a(image.o)
 .glue_7        0xc7e31140        0x0 common/libcommon.a(cmd_boot.o)
 .glue_7        0xc7e31140        0x0 common/libcommon.a(cmd_bootm.o)
 .glue_7        0xc7e31140        0x0 common/libcommon.a(cmd_cache.o)
 .glue_7        0xc7e31140        0x0 common/libcommon.a(cmd_console.o)
 .glue_7        0xc7e31140        0x0 common/libcommon.a(cmd_date.o)
 .glue_7        0xc7e31140        0x0 common/libcommon.a(cmd_elf.o)
 .glue_7        0xc7e31140        0x0 common/libcommon.a(cmd_ext2.o)
 .glue_7        0xc7e31140        0x0 common/libcommon.a(cmd_fat.o)
 .glue_7        0xc7e31140        0x0 common/libcommon.a(cmd_flash.o)
 .glue_7        0xc7e31140        0x0 common/libcommon.a(cmd_itest.o)
 .glue_7        0xc7e31140        0x0 common/libcommon.a(cmd_load.o)
 .glue_7        0xc7e31140        0x0 common/libcommon.a(cmd_mem.o)
 .glue_7        0xc7e31140        0x0 common/libcommon.a(cmd_misc.o)
 .glue_7        0xc7e31140        0x0 common/libcommon.a(cmd_mmc.o)
 .glue_7        0xc7e31140        0x0 common/libcommon.a(cmd_nand.o)
 .glue_7        0xc7e31140        0x0 common/libcommon.a(cmd_net.o)
 .glue_7        0xc7e31140        0x0 common/libcommon.a(cmd_nvedit.o)
 .glue_7        0xc7e31140        0x0 common/libcommon.a(cmd_reginfo.o)
 .glue_7        0xc7e31140        0x0 common/libcommon.a(cmd_usbd.o)
 .glue_7        0xc7e31140        0x0 common/libcommon.a(cmd_ximg.o)
 .glue_7        0xc7e31140        0x0 common/libcommon.a(command.o)
 .glue_7        0xc7e31140        0x0 common/libcommon.a(console.o)
 .glue_7        0xc7e31140        0x0 common/libcommon.a(devices.o)
 .glue_7        0xc7e31140        0x0 common/libcommon.a(dlmalloc.o)
 .glue_7        0xc7e31140        0x0 common/libcommon.a(env_common.o)
 .glue_7        0xc7e31140        0x0 common/libcommon.a(exports.o)
 .glue_7        0xc7e31140        0x0 common/libcommon.a(flash.o)
 .glue_7        0xc7e31140        0x0 common/libcommon.a(hush.o)
 .glue_7        0xc7e31140        0x0 common/libcommon.a(lists.o)
 .glue_7        0xc7e31140        0x0 common/libcommon.a(s_record.o)
 .glue_7        0xc7e31140        0x0 common/libcommon.a(usb.o)
 .glue_7        0xc7e31140        0x0 common/libcommon.a(xyzModem.o)
 .glue_7        0xc7e31140        0x0 common/libcommon.a(cmd_movi.o)
 .glue_7        0xc7e31140        0x0 common/libcommon.a(cmd_lcd.o)
 .glue_7        0xc7e31140        0x0 common/libcommon.a(cmd_fastboot.o)
 .glue_7        0xc7e31140        0x0 common/libcommon.a(cmd_mmc_fdisk.o)
 .glue_7        0xc7e31140        0x0 common/libcommon.a(env_auto.o)
 .glue_7        0xc7e31140        0x0 common/libcommon.a(gunzip.o)
 .glue_7        0xc7e31140        0x0 common/libcommon.a(crc16.o)
 .glue_7        0xc7e31140        0x0 board/samsung/smdk6450/libsmdk6450.a(smdk6450.o)
 .glue_7        0xc7e31140        0x0 board/samsung/smdk6450/libsmdk6450.a(flash.o)
 .glue_7        0xc7e31140        0x0 lib_generic/libgeneric.a(crc32.o)
 .glue_7        0xc7e31140        0x0 lib_generic/libgeneric.a(ctype.o)
 .glue_7        0xc7e31140        0x0 lib_generic/libgeneric.a(display_options.o)
 .glue_7        0xc7e31140        0x0 lib_generic/libgeneric.a(lmb.o)
 .glue_7        0xc7e31140        0x0 lib_generic/libgeneric.a(string.o)
 .glue_7        0xc7e31140        0x0 lib_generic/libgeneric.a(vsprintf.o)
 .glue_7        0xc7e31140        0x0 lib_generic/libgeneric.a(zlib.o)
 .glue_7        0xc7e31140        0x0 cpu/s5p645x/libs5p645x.a(usb_ohci.o)
 .glue_7        0xc7e31140        0x0 cpu/s5p645x/libs5p645x.a(usbd-otg-hs.o)
 .glue_7        0xc7e31140        0x0 cpu/s5p645x/libs5p645x.a(fastboot.o)
 .glue_7        0xc7e31140        0x0 lib_arm/libarm.a(_umodsi3.o)
 .glue_7        0xc7e31140        0x0 lib_arm/libarm.a(bootm.o)
 .glue_7        0xc7e31140        0x0 lib_arm/libarm.a(cache.o)
 .glue_7        0xc7e31140        0x0 fs/fat/libfat.a(fat.o)
 .glue_7        0xc7e31140        0x0 fs/ext2/libext2fs.a(ext2fs.o)
 .glue_7        0xc7e31140        0x0 fs/ext2/libext2fs.a(dev.o)
 .glue_7        0xc7e31140        0x0 disk/libdisk.a(part.o)
 .glue_7        0xc7e31140        0x0 disk/libdisk.a(part_dos.o)
 .glue_7        0xc7e31140        0x0 drivers/mtd/nand/libnand.a(nand.o)
 .glue_7        0xc7e31140        0x0 drivers/mtd/nand/libnand.a(nand_base.o)
 .glue_7        0xc7e31140        0x0 drivers/mtd/nand/libnand.a(nand_ids.o)
 .glue_7        0xc7e31140        0x0 drivers/mtd/nand/libnand.a(nand_ecc.o)
 .glue_7        0xc7e31140        0x0 drivers/mtd/nand/libnand.a(nand_bbt.o)
 .glue_7        0xc7e31140        0x0 drivers/mtd/nand/libnand.a(nand_util.o)
 .glue_7        0xc7e31140        0x0 drivers/rtc/librtc.a(date.o)
 .glue_7        0xc7e31140        0x0 drivers/rtc/librtc.a(s5p64xx_rtc.o)
 .glue_7        0xc7e31140        0x0 lib_generic/libgeneric.a(div64.o)
 .glue_7        0xc7e31140        0x0 cpu/s5p645x/libs5p645x.a(nand.o)
 .glue_7        0xc7e31140        0x0 lib_arm/libarm.a(_ashldi3.o)
 .glue_7        0xc7e31140        0x0 lib_arm/libarm.a(_ashrdi3.o)

.glue_7t        0xc7e31140        0x0
 .glue_7t       0xc7e31140        0x0 cpu/s5p645x/start.o
 .glue_7t       0xc7e31140        0x0 cpu/s5p645x/start_irom.o
 .glue_7t       0xc7e31140        0x0 cpu/s5p645x/s5p6450/cpu_init.o
 .glue_7t       0xc7e31140        0x0 board/samsung/smdk6450/lowlevel_init.o
 .glue_7t       0xc7e31140        0x0 cpu/s5p645x/nand_cp.o
 .glue_7t       0xc7e31140        0x0 cpu/s5p645x/movi.o
 .glue_7t       0xc7e31140        0x0 cpu/s5p645x/libs5p645x.a(interrupts.o)
 .glue_7t       0xc7e31140        0x0 cpu/s5p645x/libs5p645x.a(cpu.o)
 .glue_7t       0xc7e31140        0x0 cpu/s5p645x/libs5p645x.a(setup_hsmmc.o)
 .glue_7t       0xc7e31140        0x0 cpu/s5p645x/libs5p645x.a(serial.o)
 .glue_7t       0xc7e31140        0x0 cpu/s5p645x/s5p6450/libs5p6450.a(speed.o)
 .glue_7t       0xc7e31140        0x0 lib_arm/libarm.a(_divsi3.o)
 .glue_7t       0xc7e31140        0x0 lib_arm/libarm.a(_udivsi3.o)
 .glue_7t       0xc7e31140        0x0 lib_arm/libarm.a(board.o)
 .glue_7t       0xc7e31140        0x0 lib_arm/libarm.a(_modsi3.o)
 .glue_7t       0xc7e31140        0x0 net/libnet.a(net.o)
 .glue_7t       0xc7e31140        0x0 net/libnet.a(tftp.o)
 .glue_7t       0xc7e31140        0x0 net/libnet.a(bootp.o)
 .glue_7t       0xc7e31140        0x0 net/libnet.a(rarp.o)
 .glue_7t       0xc7e31140        0x0 net/libnet.a(eth.o)
 .glue_7t       0xc7e31140        0x0 net/libnet.a(nfs.o)
 .glue_7t       0xc7e31140        0x0 drivers/mmc/libmmc.a(mmc.o)
 .glue_7t       0xc7e31140        0x0 drivers/mmc/libmmc.a(s3c_hsmmc.o)
 .glue_7t       0xc7e31140        0x0 drivers/net/libnet.a(dm9000x.o)
 .glue_7t       0xc7e31140        0x0 common/libcommon.a(main.o)
 .glue_7t       0xc7e31140        0x0 common/libcommon.a(cmd_autoscript.o)
 .glue_7t       0xc7e31140        0x0 common/libcommon.a(cmd_bdinfo.o)
 .glue_7t       0xc7e31140        0x0 common/libcommon.a(image.o)
 .glue_7t       0xc7e31140        0x0 common/libcommon.a(cmd_boot.o)
 .glue_7t       0xc7e31140        0x0 common/libcommon.a(cmd_bootm.o)
 .glue_7t       0xc7e31140        0x0 common/libcommon.a(cmd_cache.o)
 .glue_7t       0xc7e31140        0x0 common/libcommon.a(cmd_console.o)
 .glue_7t       0xc7e31140        0x0 common/libcommon.a(cmd_date.o)
 .glue_7t       0xc7e31140        0x0 common/libcommon.a(cmd_elf.o)
 .glue_7t       0xc7e31140        0x0 common/libcommon.a(cmd_ext2.o)
 .glue_7t       0xc7e31140        0x0 common/libcommon.a(cmd_fat.o)
 .glue_7t       0xc7e31140        0x0 common/libcommon.a(cmd_flash.o)
 .glue_7t       0xc7e31140        0x0 common/libcommon.a(cmd_itest.o)
 .glue_7t       0xc7e31140        0x0 common/libcommon.a(cmd_load.o)
 .glue_7t       0xc7e31140        0x0 common/libcommon.a(cmd_mem.o)
 .glue_7t       0xc7e31140        0x0 common/libcommon.a(cmd_misc.o)
 .glue_7t       0xc7e31140        0x0 common/libcommon.a(cmd_mmc.o)
 .glue_7t       0xc7e31140        0x0 common/libcommon.a(cmd_nand.o)
 .glue_7t       0xc7e31140        0x0 common/libcommon.a(cmd_net.o)
 .glue_7t       0xc7e31140        0x0 common/libcommon.a(cmd_nvedit.o)
 .glue_7t       0xc7e31140        0x0 common/libcommon.a(cmd_reginfo.o)
 .glue_7t       0xc7e31140        0x0 common/libcommon.a(cmd_usbd.o)
 .glue_7t       0xc7e31140        0x0 common/libcommon.a(cmd_ximg.o)
 .glue_7t       0xc7e31140        0x0 common/libcommon.a(command.o)
 .glue_7t       0xc7e31140        0x0 common/libcommon.a(console.o)
 .glue_7t       0xc7e31140        0x0 common/libcommon.a(devices.o)
 .glue_7t       0xc7e31140        0x0 common/libcommon.a(dlmalloc.o)
 .glue_7t       0xc7e31140        0x0 common/libcommon.a(env_common.o)
 .glue_7t       0xc7e31140        0x0 common/libcommon.a(exports.o)
 .glue_7t       0xc7e31140        0x0 common/libcommon.a(flash.o)
 .glue_7t       0xc7e31140        0x0 common/libcommon.a(hush.o)
 .glue_7t       0xc7e31140        0x0 common/libcommon.a(lists.o)
 .glue_7t       0xc7e31140        0x0 common/libcommon.a(s_record.o)
 .glue_7t       0xc7e31140        0x0 common/libcommon.a(usb.o)
 .glue_7t       0xc7e31140        0x0 common/libcommon.a(xyzModem.o)
 .glue_7t       0xc7e31140        0x0 common/libcommon.a(cmd_movi.o)
 .glue_7t       0xc7e31140        0x0 common/libcommon.a(cmd_lcd.o)
 .glue_7t       0xc7e31140        0x0 common/libcommon.a(cmd_fastboot.o)
 .glue_7t       0xc7e31140        0x0 common/libcommon.a(cmd_mmc_fdisk.o)
 .glue_7t       0xc7e31140        0x0 common/libcommon.a(env_auto.o)
 .glue_7t       0xc7e31140        0x0 common/libcommon.a(gunzip.o)
 .glue_7t       0xc7e31140        0x0 common/libcommon.a(crc16.o)
 .glue_7t       0xc7e31140        0x0 board/samsung/smdk6450/libsmdk6450.a(smdk6450.o)
 .glue_7t       0xc7e31140        0x0 board/samsung/smdk6450/libsmdk6450.a(flash.o)
 .glue_7t       0xc7e31140        0x0 lib_generic/libgeneric.a(crc32.o)
 .glue_7t       0xc7e31140        0x0 lib_generic/libgeneric.a(ctype.o)
 .glue_7t       0xc7e31140        0x0 lib_generic/libgeneric.a(display_options.o)
 .glue_7t       0xc7e31140        0x0 lib_generic/libgeneric.a(lmb.o)
 .glue_7t       0xc7e31140        0x0 lib_generic/libgeneric.a(string.o)
 .glue_7t       0xc7e31140        0x0 lib_generic/libgeneric.a(vsprintf.o)
 .glue_7t       0xc7e31140        0x0 lib_generic/libgeneric.a(zlib.o)
 .glue_7t       0xc7e31140        0x0 cpu/s5p645x/libs5p645x.a(usb_ohci.o)
 .glue_7t       0xc7e31140        0x0 cpu/s5p645x/libs5p645x.a(usbd-otg-hs.o)
 .glue_7t       0xc7e31140        0x0 cpu/s5p645x/libs5p645x.a(fastboot.o)
 .glue_7t       0xc7e31140        0x0 lib_arm/libarm.a(_umodsi3.o)
 .glue_7t       0xc7e31140        0x0 lib_arm/libarm.a(bootm.o)
 .glue_7t       0xc7e31140        0x0 lib_arm/libarm.a(cache.o)
 .glue_7t       0xc7e31140        0x0 fs/fat/libfat.a(fat.o)
 .glue_7t       0xc7e31140        0x0 fs/ext2/libext2fs.a(ext2fs.o)
 .glue_7t       0xc7e31140        0x0 fs/ext2/libext2fs.a(dev.o)
 .glue_7t       0xc7e31140        0x0 disk/libdisk.a(part.o)
 .glue_7t       0xc7e31140        0x0 disk/libdisk.a(part_dos.o)
 .glue_7t       0xc7e31140        0x0 drivers/mtd/nand/libnand.a(nand.o)
 .glue_7t       0xc7e31140        0x0 drivers/mtd/nand/libnand.a(nand_base.o)
 .glue_7t       0xc7e31140        0x0 drivers/mtd/nand/libnand.a(nand_ids.o)
 .glue_7t       0xc7e31140        0x0 drivers/mtd/nand/libnand.a(nand_ecc.o)
 .glue_7t       0xc7e31140        0x0 drivers/mtd/nand/libnand.a(nand_bbt.o)
 .glue_7t       0xc7e31140        0x0 drivers/mtd/nand/libnand.a(nand_util.o)
 .glue_7t       0xc7e31140        0x0 drivers/rtc/librtc.a(date.o)
 .glue_7t       0xc7e31140        0x0 drivers/rtc/librtc.a(s5p64xx_rtc.o)
 .glue_7t       0xc7e31140        0x0 lib_generic/libgeneric.a(div64.o)
 .glue_7t       0xc7e31140        0x0 cpu/s5p645x/libs5p645x.a(nand.o)
 .glue_7t       0xc7e31140        0x0 lib_arm/libarm.a(_ashldi3.o)
 .glue_7t       0xc7e31140        0x0 lib_arm/libarm.a(_ashrdi3.o)

.vfp11_veneer   0xc7e31140        0x0
 .vfp11_veneer  0xc7e31140        0x0 cpu/s5p645x/start.o
 .vfp11_veneer  0xc7e31140        0x0 cpu/s5p645x/start_irom.o
 .vfp11_veneer  0xc7e31140        0x0 cpu/s5p645x/s5p6450/cpu_init.o
 .vfp11_veneer  0xc7e31140        0x0 board/samsung/smdk6450/lowlevel_init.o
 .vfp11_veneer  0xc7e31140        0x0 cpu/s5p645x/nand_cp.o
 .vfp11_veneer  0xc7e31140        0x0 cpu/s5p645x/movi.o
 .vfp11_veneer  0xc7e31140        0x0 cpu/s5p645x/libs5p645x.a(interrupts.o)
 .vfp11_veneer  0xc7e31140        0x0 cpu/s5p645x/libs5p645x.a(cpu.o)
 .vfp11_veneer  0xc7e31140        0x0 cpu/s5p645x/libs5p645x.a(setup_hsmmc.o)
 .vfp11_veneer  0xc7e31140        0x0 cpu/s5p645x/libs5p645x.a(serial.o)
 .vfp11_veneer  0xc7e31140        0x0 cpu/s5p645x/s5p6450/libs5p6450.a(speed.o)
 .vfp11_veneer  0xc7e31140        0x0 lib_arm/libarm.a(_divsi3.o)
 .vfp11_veneer  0xc7e31140        0x0 lib_arm/libarm.a(_udivsi3.o)
 .vfp11_veneer  0xc7e31140        0x0 lib_arm/libarm.a(board.o)
 .vfp11_veneer  0xc7e31140        0x0 lib_arm/libarm.a(_modsi3.o)
 .vfp11_veneer  0xc7e31140        0x0 net/libnet.a(net.o)
 .vfp11_veneer  0xc7e31140        0x0 net/libnet.a(tftp.o)
 .vfp11_veneer  0xc7e31140        0x0 net/libnet.a(bootp.o)
 .vfp11_veneer  0xc7e31140        0x0 net/libnet.a(rarp.o)
 .vfp11_veneer  0xc7e31140        0x0 net/libnet.a(eth.o)
 .vfp11_veneer  0xc7e31140        0x0 net/libnet.a(nfs.o)
 .vfp11_veneer  0xc7e31140        0x0 drivers/mmc/libmmc.a(mmc.o)
 .vfp11_veneer  0xc7e31140        0x0 drivers/mmc/libmmc.a(s3c_hsmmc.o)
 .vfp11_veneer  0xc7e31140        0x0 drivers/net/libnet.a(dm9000x.o)
 .vfp11_veneer  0xc7e31140        0x0 common/libcommon.a(main.o)
 .vfp11_veneer  0xc7e31140        0x0 common/libcommon.a(cmd_autoscript.o)
 .vfp11_veneer  0xc7e31140        0x0 common/libcommon.a(cmd_bdinfo.o)
 .vfp11_veneer  0xc7e31140        0x0 common/libcommon.a(image.o)
 .vfp11_veneer  0xc7e31140        0x0 common/libcommon.a(cmd_boot.o)
 .vfp11_veneer  0xc7e31140        0x0 common/libcommon.a(cmd_bootm.o)
 .vfp11_veneer  0xc7e31140        0x0 common/libcommon.a(cmd_cache.o)
 .vfp11_veneer  0xc7e31140        0x0 common/libcommon.a(cmd_console.o)
 .vfp11_veneer  0xc7e31140        0x0 common/libcommon.a(cmd_date.o)
 .vfp11_veneer  0xc7e31140        0x0 common/libcommon.a(cmd_elf.o)
 .vfp11_veneer  0xc7e31140        0x0 common/libcommon.a(cmd_ext2.o)
 .vfp11_veneer  0xc7e31140        0x0 common/libcommon.a(cmd_fat.o)
 .vfp11_veneer  0xc7e31140        0x0 common/libcommon.a(cmd_flash.o)
 .vfp11_veneer  0xc7e31140        0x0 common/libcommon.a(cmd_itest.o)
 .vfp11_veneer  0xc7e31140        0x0 common/libcommon.a(cmd_load.o)
 .vfp11_veneer  0xc7e31140        0x0 common/libcommon.a(cmd_mem.o)
 .vfp11_veneer  0xc7e31140        0x0 common/libcommon.a(cmd_misc.o)
 .vfp11_veneer  0xc7e31140        0x0 common/libcommon.a(cmd_mmc.o)
 .vfp11_veneer  0xc7e31140        0x0 common/libcommon.a(cmd_nand.o)
 .vfp11_veneer  0xc7e31140        0x0 common/libcommon.a(cmd_net.o)
 .vfp11_veneer  0xc7e31140        0x0 common/libcommon.a(cmd_nvedit.o)
 .vfp11_veneer  0xc7e31140        0x0 common/libcommon.a(cmd_reginfo.o)
 .vfp11_veneer  0xc7e31140        0x0 common/libcommon.a(cmd_usbd.o)
 .vfp11_veneer  0xc7e31140        0x0 common/libcommon.a(cmd_ximg.o)
 .vfp11_veneer  0xc7e31140        0x0 common/libcommon.a(command.o)
 .vfp11_veneer  0xc7e31140        0x0 common/libcommon.a(console.o)
 .vfp11_veneer  0xc7e31140        0x0 common/libcommon.a(devices.o)
 .vfp11_veneer  0xc7e31140        0x0 common/libcommon.a(dlmalloc.o)
 .vfp11_veneer  0xc7e31140        0x0 common/libcommon.a(env_common.o)
 .vfp11_veneer  0xc7e31140        0x0 common/libcommon.a(exports.o)
 .vfp11_veneer  0xc7e31140        0x0 common/libcommon.a(flash.o)
 .vfp11_veneer  0xc7e31140        0x0 common/libcommon.a(hush.o)
 .vfp11_veneer  0xc7e31140        0x0 common/libcommon.a(lists.o)
 .vfp11_veneer  0xc7e31140        0x0 common/libcommon.a(s_record.o)
 .vfp11_veneer  0xc7e31140        0x0 common/libcommon.a(usb.o)
 .vfp11_veneer  0xc7e31140        0x0 common/libcommon.a(xyzModem.o)
 .vfp11_veneer  0xc7e31140        0x0 common/libcommon.a(cmd_movi.o)
 .vfp11_veneer  0xc7e31140        0x0 common/libcommon.a(cmd_lcd.o)
 .vfp11_veneer  0xc7e31140        0x0 common/libcommon.a(cmd_fastboot.o)
 .vfp11_veneer  0xc7e31140        0x0 common/libcommon.a(cmd_mmc_fdisk.o)
 .vfp11_veneer  0xc7e31140        0x0 common/libcommon.a(env_auto.o)
 .vfp11_veneer  0xc7e31140        0x0 common/libcommon.a(gunzip.o)
 .vfp11_veneer  0xc7e31140        0x0 common/libcommon.a(crc16.o)
 .vfp11_veneer  0xc7e31140        0x0 board/samsung/smdk6450/libsmdk6450.a(smdk6450.o)
 .vfp11_veneer  0xc7e31140        0x0 board/samsung/smdk6450/libsmdk6450.a(flash.o)
 .vfp11_veneer  0xc7e31140        0x0 lib_generic/libgeneric.a(crc32.o)
 .vfp11_veneer  0xc7e31140        0x0 lib_generic/libgeneric.a(ctype.o)
 .vfp11_veneer  0xc7e31140        0x0 lib_generic/libgeneric.a(display_options.o)
 .vfp11_veneer  0xc7e31140        0x0 lib_generic/libgeneric.a(lmb.o)
 .vfp11_veneer  0xc7e31140        0x0 lib_generic/libgeneric.a(string.o)
 .vfp11_veneer  0xc7e31140        0x0 lib_generic/libgeneric.a(vsprintf.o)
 .vfp11_veneer  0xc7e31140        0x0 lib_generic/libgeneric.a(zlib.o)
 .vfp11_veneer  0xc7e31140        0x0 cpu/s5p645x/libs5p645x.a(usb_ohci.o)
 .vfp11_veneer  0xc7e31140        0x0 cpu/s5p645x/libs5p645x.a(usbd-otg-hs.o)
 .vfp11_veneer  0xc7e31140        0x0 cpu/s5p645x/libs5p645x.a(fastboot.o)
 .vfp11_veneer  0xc7e31140        0x0 lib_arm/libarm.a(_umodsi3.o)
 .vfp11_veneer  0xc7e31140        0x0 lib_arm/libarm.a(bootm.o)
 .vfp11_veneer  0xc7e31140        0x0 lib_arm/libarm.a(cache.o)
 .vfp11_veneer  0xc7e31140        0x0 fs/fat/libfat.a(fat.o)
 .vfp11_veneer  0xc7e31140        0x0 fs/ext2/libext2fs.a(ext2fs.o)
 .vfp11_veneer  0xc7e31140        0x0 fs/ext2/libext2fs.a(dev.o)
 .vfp11_veneer  0xc7e31140        0x0 disk/libdisk.a(part.o)
 .vfp11_veneer  0xc7e31140        0x0 disk/libdisk.a(part_dos.o)
 .vfp11_veneer  0xc7e31140        0x0 drivers/mtd/nand/libnand.a(nand.o)
 .vfp11_veneer  0xc7e31140        0x0 drivers/mtd/nand/libnand.a(nand_base.o)
 .vfp11_veneer  0xc7e31140        0x0 drivers/mtd/nand/libnand.a(nand_ids.o)
 .vfp11_veneer  0xc7e31140        0x0 drivers/mtd/nand/libnand.a(nand_ecc.o)
 .vfp11_veneer  0xc7e31140        0x0 drivers/mtd/nand/libnand.a(nand_bbt.o)
 .vfp11_veneer  0xc7e31140        0x0 drivers/mtd/nand/libnand.a(nand_util.o)
 .vfp11_veneer  0xc7e31140        0x0 drivers/rtc/librtc.a(date.o)
 .vfp11_veneer  0xc7e31140        0x0 drivers/rtc/librtc.a(s5p64xx_rtc.o)
 .vfp11_veneer  0xc7e31140        0x0 lib_generic/libgeneric.a(div64.o)
 .vfp11_veneer  0xc7e31140        0x0 cpu/s5p645x/libs5p645x.a(nand.o)
 .vfp11_veneer  0xc7e31140        0x0 lib_arm/libarm.a(_ashldi3.o)
 .vfp11_veneer  0xc7e31140        0x0 lib_arm/libarm.a(_ashrdi3.o)
                0xc7e31140                . = ALIGN (0x4)

.rodata         0xc7e31140      0xa78
 *(.rodata)
 .rodata        0xc7e31140       0x80 cpu/s5p645x/libs5p645x.a(interrupts.o)
 .rodata        0xc7e311c0       0x38 lib_arm/libarm.a(board.o)
                0xc7e311c0                version_string
 .rodata        0xc7e311f8        0x8 net/libnet.a(net.o)
 .rodata        0xc7e31200       0x14 common/libcommon.a(cmd_nvedit.o)
 .rodata        0xc7e31214       0x34 common/libcommon.a(cmd_fastboot.o)
 .rodata        0xc7e31248      0x200 common/libcommon.a(crc16.o)
 .rodata        0xc7e31448      0x400 lib_generic/libgeneric.a(crc32.o)
 .rodata        0xc7e31848       0x90 lib_generic/libgeneric.a(zlib.o)
 .rodata        0xc7e318d8       0xa2 cpu/s5p645x/libs5p645x.a(usbd-otg-hs.o)
                0xc7e318d8                string_desc0
                0xc7e3195a                config_high_total
                0xc7e31931                config_full_total
                0xc7e31951                config_high
                0xc7e318dc                string_desc1
                0xc7e3191e                qualifier_desc
                0xc7e31928                config_full
                0xc7e318f2                string_desc2
 *fill*         0xc7e3197a        0x2 00
 .rodata        0xc7e3197c       0xac cpu/s5p645x/libs5p645x.a(fastboot.o)
                0xc7e31982                fboot_string_desc1
                0xc7e319fd                fboot_config_high
                0xc7e3199a                fboot_string_desc2
                0xc7e319d4                fboot_config_full
                0xc7e3197e                fboot_string_desc0
                0xc7e319b2                string_desc3
                0xc7e31a06                fboot_config_high_total
                0xc7e319dd                fboot_config_full_total
                0xc7e319ca                fboot_qualifier_desc
 .rodata        0xc7e31a28       0x10 disk/libdisk.a(part.o)
 .rodata        0xc7e31a38        0x8 drivers/mtd/nand/libnand.a(nand.o)
 .rodata        0xc7e31a40       0x48 drivers/mtd/nand/libnand.a(nand_base.o)
 .rodata        0xc7e31a88      0x100 drivers/mtd/nand/libnand.a(nand_ecc.o)
 .rodata        0xc7e31b88       0x30 drivers/rtc/librtc.a(date.o)

.rodata.str1.4  0xc7e31bb8     0x9208
 .rodata.str1.4
                0xc7e31bb8        0xc cpu/s5p645x/movi.o
 .rodata.str1.4
                0xc7e31bc4      0x297 cpu/s5p645x/libs5p645x.a(interrupts.o)
                                0x29c (size before relaxing)
 *fill*         0xc7e31e5b        0x1 00
 .rodata.str1.4
                0xc7e31e5c        0xd cpu/s5p645x/libs5p645x.a(cpu.o)
                                 0x10 (size before relaxing)
 *fill*         0xc7e31e69        0x3 00
 .rodata.str1.4
                0xc7e31e6c       0x7d cpu/s5p645x/libs5p645x.a(setup_hsmmc.o)
                                 0x80 (size before relaxing)
 *fill*         0xc7e31ee9        0x3 00
 .rodata.str1.4
                0xc7e31eec       0x62 cpu/s5p645x/s5p6450/libs5p6450.a(speed.o)
                                 0x64 (size before relaxing)
 *fill*         0xc7e31f4e        0x2 00
 .rodata.str1.4
                0xc7e31f50       0x9f lib_arm/libarm.a(board.o)
                                 0xa4 (size before relaxing)
 *fill*         0xc7e31fef        0x1 00
 .rodata.str1.4
                0xc7e31ff0      0x1e5 net/libnet.a(net.o)
                                0x1ec (size before relaxing)
 *fill*         0xc7e321d5        0x3 00
 .rodata.str1.4
                0xc7e321d8      0x1e1 net/libnet.a(tftp.o)
                                0x1ec (size before relaxing)
 *fill*         0xc7e323b9        0x3 00
 .rodata.str1.4
                0xc7e323bc      0x115 net/libnet.a(bootp.o)
                                0x14c (size before relaxing)
 *fill*         0xc7e324d1        0x3 00
 .rodata.str1.4
                0xc7e324d4       0x13 net/libnet.a(rarp.o)
                                 0x4c (size before relaxing)
 *fill*         0xc7e324e7        0x1 00
 .rodata.str1.4
                0xc7e324e8      0x101 net/libnet.a(nfs.o)
                                0x18c (size before relaxing)
 *fill*         0xc7e325e9        0x3 00
 .rodata.str1.4
                0xc7e325ec      0x27c drivers/mmc/libmmc.a(mmc.o)
                                0x280 (size before relaxing)
 .rodata.str1.4
                0xc7e32868      0x157 drivers/mmc/libmmc.a(s3c_hsmmc.o)
                                0x158 (size before relaxing)
 *fill*         0xc7e329bf        0x1 00
 .rodata.str1.4
                0xc7e329c0      0x232 drivers/net/libnet.a(dm9000x.o)
                                0x23c (size before relaxing)
 *fill*         0xc7e32bf2        0x2 00
 .rodata.str1.4
                0xc7e32bf4       0xfc common/libcommon.a(main.o)
                                0x100 (size before relaxing)
 .rodata.str1.4
                0xc7e32cf0      0x11b common/libcommon.a(cmd_autoscript.o)
                                0x11c (size before relaxing)
 *fill*         0xc7e32e0b        0x1 00
 .rodata.str1.4
                0xc7e32e0c       0xbe common/libcommon.a(cmd_bdinfo.o)
                                 0xc0 (size before relaxing)
 *fill*         0xc7e32eca        0x2 00
 .rodata.str1.4
                0xc7e32ecc      0x554 common/libcommon.a(image.o)
                                0x588 (size before relaxing)
 .rodata.str1.4
                0xc7e33420      0x10f common/libcommon.a(cmd_boot.o)
                                0x11c (size before relaxing)
 *fill*         0xc7e3352f        0x1 00
 .rodata.str1.4
                0xc7e33530      0x76b common/libcommon.a(cmd_bootm.o)
                                0x98c (size before relaxing)
 *fill*         0xc7e33c9b        0x1 00
 .rodata.str1.4
                0xc7e33c9c      0x125 common/libcommon.a(cmd_cache.o)
                                0x13c (size before relaxing)
 *fill*         0xc7e33dc1        0x3 00
 .rodata.str1.4
                0xc7e33dc4       0x6d common/libcommon.a(cmd_console.o)
                                 0x74 (size before relaxing)
 *fill*         0xc7e33e31        0x3 00
 .rodata.str1.4
                0xc7e33e34      0x16c common/libcommon.a(cmd_date.o)
                                0x180 (size before relaxing)
 .rodata.str1.4
                0xc7e33fa0      0x2b9 common/libcommon.a(cmd_elf.o)
                                0x2c8 (size before relaxing)
 *fill*         0xc7e34259        0x3 00
 .rodata.str1.4
                0xc7e3425c      0x4af common/libcommon.a(cmd_ext2.o)
                                0x4f0 (size before relaxing)
 *fill*         0xc7e3470b        0x1 00
 .rodata.str1.4
                0xc7e3470c      0x3e8 common/libcommon.a(cmd_fat.o)
                                0x550 (size before relaxing)
 .rodata.str1.4
                0xc7e34af4      0x60f common/libcommon.a(cmd_flash.o)
                                0x628 (size before relaxing)
 *fill*         0xc7e35103        0x1 00
 .rodata.str1.4
                0xc7e35104       0xcf common/libcommon.a(cmd_itest.o)
                                 0xdc (size before relaxing)
 *fill*         0xc7e351d3        0x1 00
 .rodata.str1.4
                0xc7e351d4      0x377 common/libcommon.a(cmd_load.o)
                                0x398 (size before relaxing)
 *fill*         0xc7e3554b        0x1 00
 .rodata.str1.4
                0xc7e3554c      0x5fa common/libcommon.a(cmd_mem.o)
                                0x620 (size before relaxing)
 *fill*         0xc7e35b46        0x2 00
 .rodata.str1.4
                0xc7e35b48       0x70 common/libcommon.a(cmd_misc.o)
                                 0x7c (size before relaxing)
 .rodata.str1.4
                0xc7e35bb8      0x24c common/libcommon.a(cmd_mmc.o)
                                0x25c (size before relaxing)
 .rodata.str1.4
                0xc7e35e04      0x985 common/libcommon.a(cmd_nand.o)
                                0x9cc (size before relaxing)
 *fill*         0xc7e36789        0x3 00
 .rodata.str1.4
                0xc7e3678c      0x265 common/libcommon.a(cmd_net.o)
                                0x2bc (size before relaxing)
 *fill*         0xc7e369f1        0x3 00
 .rodata.str1.4
                0xc7e369f4      0x323 common/libcommon.a(cmd_nvedit.o)
                                0x3b4 (size before relaxing)
 *fill*         0xc7e36d17        0x1 00
 .rodata.str1.4
                0xc7e36d18       0x2e common/libcommon.a(cmd_reginfo.o)
                                 0x30 (size before relaxing)
 *fill*         0xc7e36d46        0x2 00
 .rodata.str1.4
                0xc7e36d48       0x94 common/libcommon.a(cmd_usbd.o)
                                 0xa0 (size before relaxing)
 .rodata.str1.4
                0xc7e36ddc      0x126 common/libcommon.a(cmd_ximg.o)
                                0x1c8 (size before relaxing)
 *fill*         0xc7e36f02        0x2 00
 .rodata.str1.4
                0xc7e36f04      0x324 common/libcommon.a(command.o)
                                0x34c (size before relaxing)
 .rodata.str1.4
                0xc7e37228       0x81 common/libcommon.a(console.o)
                                 0x88 (size before relaxing)
 *fill*         0xc7e372a9        0x3 00
 .rodata.str1.4
                0xc7e372ac       0x2f common/libcommon.a(devices.o)
                                 0x48 (size before relaxing)
 *fill*         0xc7e372db        0x1 00
 .rodata.str1.4
                0xc7e372dc       0x33 common/libcommon.a(env_common.o)
                                 0x34 (size before relaxing)
 *fill*         0xc7e3730f        0x1 00
 .rodata.str1.4
                0xc7e37310      0x120 common/libcommon.a(flash.o)
 .rodata.str1.4
                0xc7e37430      0x191 common/libcommon.a(hush.o)
                                0x1f4 (size before relaxing)
 *fill*         0xc7e375c1        0x3 00
 .rodata.str1.4
                0xc7e375c4      0x278 common/libcommon.a(usb.o)
 .rodata.str1.4
                0xc7e3783c       0xf1 common/libcommon.a(xyzModem.o)
                                 0xf8 (size before relaxing)
 *fill*         0xc7e3792d        0x3 00
 .rodata.str1.4
                0xc7e37930      0x31e common/libcommon.a(cmd_movi.o)
                                0x354 (size before relaxing)
 *fill*         0xc7e37c4e        0x2 00
 .rodata.str1.4
                0xc7e37c50       0x13 common/libcommon.a(cmd_lcd.o)
                                 0x14 (size before relaxing)
 *fill*         0xc7e37c63        0x1 00
 .rodata.str1.4
                0xc7e37c64      0xa44 common/libcommon.a(cmd_fastboot.o)
                                0xae8 (size before relaxing)
 .rodata.str1.4
                0xc7e386a8      0x271 common/libcommon.a(cmd_mmc_fdisk.o)
                                0x278 (size before relaxing)
 *fill*         0xc7e38919        0x3 00
 .rodata.str1.4
                0xc7e3891c      0x1bf common/libcommon.a(env_auto.o)
                                0x1c8 (size before relaxing)
 *fill*         0xc7e38adb        0x1 00
 .rodata.str1.4
                0xc7e38adc       0x86 common/libcommon.a(gunzip.o)
                                 0x88 (size before relaxing)
 *fill*         0xc7e38b62        0x2 00
 .rodata.str1.4
                0xc7e38b64       0x5d board/samsung/smdk6450/libsmdk6450.a(smdk6450.o)
                                 0x60 (size before relaxing)
 *fill*         0xc7e38bc1        0x3 00
 .rodata.str1.4
                0xc7e38bc4       0xf9 board/samsung/smdk6450/libsmdk6450.a(flash.o)
                                0x108 (size before relaxing)
 *fill*         0xc7e38cbd        0x3 00
 .rodata.str1.4
                0xc7e38cc0       0x17 lib_generic/libgeneric.a(display_options.o)
                                 0x48 (size before relaxing)
 *fill*         0xc7e38cd7        0x1 00
 .rodata.str1.4
                0xc7e38cd8       0x34 lib_generic/libgeneric.a(lmb.o)
 .rodata.str1.4
                0xc7e38d0c       0x57 lib_generic/libgeneric.a(vsprintf.o)
                                 0x58 (size before relaxing)
 *fill*         0xc7e38d63        0x1 00
 .rodata.str1.4
                0xc7e38d64      0x20d lib_generic/libgeneric.a(zlib.o)
                                0x214 (size before relaxing)
 *fill*         0xc7e38f71        0x3 00
 .rodata.str1.4
                0xc7e38f74       0xc5 cpu/s5p645x/libs5p645x.a(usb_ohci.o)
                                 0xc8 (size before relaxing)
 *fill*         0xc7e39039        0x3 00
 .rodata.str1.4
                0xc7e3903c      0x14e cpu/s5p645x/libs5p645x.a(usbd-otg-hs.o)
                                0x158 (size before relaxing)
 *fill*         0xc7e3918a        0x2 00
 .rodata.str1.4
                0xc7e3918c       0x5b cpu/s5p645x/libs5p645x.a(fastboot.o)
                                0x178 (size before relaxing)
 *fill*         0xc7e391e7        0x1 00
 .rodata.str1.4
                0xc7e391e8       0x6f lib_arm/libarm.a(bootm.o)
                                 0x7c (size before relaxing)
 *fill*         0xc7e39257        0x1 00
 .rodata.str1.4
                0xc7e39258      0x3a2 fs/fat/libfat.a(fat.o)
                                0x3b0 (size before relaxing)
 *fill*         0xc7e395fa        0x2 00
 .rodata.str1.4
                0xc7e395fc      0x527 fs/ext2/libext2fs.a(ext2fs.o)
                                0x5b8 (size before relaxing)
 *fill*         0xc7e39b23        0x1 00
 .rodata.str1.4
                0xc7e39b24       0xe1 fs/ext2/libext2fs.a(dev.o)
                                 0xe4 (size before relaxing)
 *fill*         0xc7e39c05        0x3 00
 .rodata.str1.4
                0xc7e39c08      0x189 disk/libdisk.a(part.o)
                                0x1b0 (size before relaxing)
 *fill*         0xc7e39d91        0x3 00
 .rodata.str1.4
                0xc7e39d94       0xf9 disk/libdisk.a(part_dos.o)
                                0x10c (size before relaxing)
 *fill*         0xc7e39e8d        0x3 00
 .rodata.str1.4
                0xc7e39e90        0x7 drivers/mtd/nand/libnand.a(nand.o)
                                  0xc (size before relaxing)
 *fill*         0xc7e39e97        0x1 00
 .rodata.str1.4
                0xc7e39e98      0x251 drivers/mtd/nand/libnand.a(nand_base.o)
                                0x254 (size before relaxing)
 *fill*         0xc7e3a0e9        0x3 00
 .rodata.str1.4
                0xc7e3a0ec      0x43a drivers/mtd/nand/libnand.a(nand_ids.o)
                                0x444 (size before relaxing)
 *fill*         0xc7e3a526        0x2 00
 .rodata.str1.4
                0xc7e3a528      0x284 drivers/mtd/nand/libnand.a(nand_bbt.o)
 .rodata.str1.4
                0xc7e3a7ac      0x556 drivers/mtd/nand/libnand.a(nand_util.o)
                                0x55c (size before relaxing)
 *fill*         0xc7e3ad02        0x2 00
 .rodata.str1.4
                0xc7e3ad04       0xbc cpu/s5p645x/libs5p645x.a(nand.o)
                0xc7e3adc0                . = ALIGN (0x4)

.data           0xc7e3adc0     0x2b20
 *(.data)
 .data          0xc7e3adc0        0x0 cpu/s5p645x/start.o
 .data          0xc7e3adc0        0x0 cpu/s5p645x/start_irom.o
 .data          0xc7e3adc0        0x0 cpu/s5p645x/s5p6450/cpu_init.o
 .data          0xc7e3adc0        0x0 board/samsung/smdk6450/lowlevel_init.o
 .data          0xc7e3adc0        0x0 cpu/s5p645x/nand_cp.o
 .data          0xc7e3adc0        0x0 cpu/s5p645x/movi.o
 .data          0xc7e3adc0        0x0 cpu/s5p645x/libs5p645x.a(interrupts.o)
 .data          0xc7e3adc0        0x0 cpu/s5p645x/libs5p645x.a(cpu.o)
 .data          0xc7e3adc0        0x0 cpu/s5p645x/libs5p645x.a(setup_hsmmc.o)
 .data          0xc7e3adc0        0x0 cpu/s5p645x/libs5p645x.a(serial.o)
 .data          0xc7e3adc0        0x0 cpu/s5p645x/s5p6450/libs5p6450.a(speed.o)
 .data          0xc7e3adc0        0x0 lib_arm/libarm.a(_divsi3.o)
 .data          0xc7e3adc0        0x0 lib_arm/libarm.a(_udivsi3.o)
 .data          0xc7e3adc0       0x34 lib_arm/libarm.a(board.o)
                0xc7e3adc0                init_sequence
 .data          0xc7e3adf4        0x0 lib_arm/libarm.a(_modsi3.o)
 .data          0xc7e3adf4        0xa net/libnet.a(net.o)
                0xc7e3adf4                NetBcastAddr
                0xc7e3adfc                NetOurNativeVLAN
                0xc7e3adfa                NetOurVLAN
 .data          0xc7e3adfe        0x2 net/libnet.a(tftp.o)
 .data          0xc7e3ae00        0x0 net/libnet.a(bootp.o)
 .data          0xc7e3ae00        0x0 net/libnet.a(rarp.o)
 .data          0xc7e3ae00        0x0 net/libnet.a(eth.o)
 .data          0xc7e3ae00        0x4 net/libnet.a(nfs.o)
 .data          0xc7e3ae04        0x4 drivers/mmc/libmmc.a(mmc.o)
 .data          0xc7e3ae08        0x0 drivers/mmc/libmmc.a(s3c_hsmmc.o)
 .data          0xc7e3ae08        0x0 drivers/net/libnet.a(dm9000x.o)
 .data          0xc7e3ae08        0x4 common/libcommon.a(main.o)
 .data          0xc7e3ae0c        0x0 common/libcommon.a(cmd_autoscript.o)
 .data          0xc7e3ae0c        0x0 common/libcommon.a(cmd_bdinfo.o)
 .data          0xc7e3ae0c      0x1f8 common/libcommon.a(image.o)
 .data          0xc7e3b004        0x0 common/libcommon.a(cmd_boot.o)
 .data          0xc7e3b004        0x4 common/libcommon.a(cmd_bootm.o)
                0xc7e3b004                load_addr
 .data          0xc7e3b008        0x0 common/libcommon.a(cmd_cache.o)
 .data          0xc7e3b008        0x0 common/libcommon.a(cmd_console.o)
 .data          0xc7e3b008       0x1c common/libcommon.a(cmd_date.o)
                0xc7e3b008                weekdays
 .data          0xc7e3b024        0x0 common/libcommon.a(cmd_elf.o)
 .data          0xc7e3b024        0x0 common/libcommon.a(cmd_ext2.o)
 .data          0xc7e3b024        0x0 common/libcommon.a(cmd_fat.o)
 .data          0xc7e3b024        0x0 common/libcommon.a(cmd_flash.o)
 .data          0xc7e3b024       0x68 common/libcommon.a(cmd_itest.o)
                0xc7e3b024                op_table
 .data          0xc7e3b08c        0x4 common/libcommon.a(cmd_load.o)
 .data          0xc7e3b090        0x4 common/libcommon.a(cmd_mem.o)
                0xc7e3b090                dp_last_length
 .data          0xc7e3b094        0x0 common/libcommon.a(cmd_misc.o)
 .data          0xc7e3b094        0x0 common/libcommon.a(cmd_mmc.o)
 .data          0xc7e3b094        0x0 common/libcommon.a(cmd_nand.o)
 .data          0xc7e3b094        0x0 common/libcommon.a(cmd_net.o)
 .data          0xc7e3b094        0x0 common/libcommon.a(cmd_nvedit.o)
 .data          0xc7e3b094        0x0 common/libcommon.a(cmd_reginfo.o)
 .data          0xc7e3b094        0x0 common/libcommon.a(cmd_usbd.o)
 .data          0xc7e3b094        0x0 common/libcommon.a(cmd_ximg.o)
 .data          0xc7e3b094        0x0 common/libcommon.a(command.o)
 .data          0xc7e3b094        0x0 common/libcommon.a(console.o)
 .data          0xc7e3b094        0xc common/libcommon.a(devices.o)
                0xc7e3b094                stdio_names
 .data          0xc7e3b0a0      0x414 common/libcommon.a(dlmalloc.o)
 .data          0xc7e3b4b4      0x10c common/libcommon.a(env_common.o)
                0xc7e3b4b4                default_environment
                0xc7e3b5bc                default_environment_size
 .data          0xc7e3b5c0        0x0 common/libcommon.a(exports.o)
 .data          0xc7e3b5c0        0x0 common/libcommon.a(flash.o)
 .data          0xc7e3b5c0       0x84 common/libcommon.a(hush.o)
 .data          0xc7e3b644        0x0 common/libcommon.a(lists.o)
 .data          0xc7e3b644        0x0 common/libcommon.a(s_record.o)
 .data          0xc7e3b644        0x0 common/libcommon.a(usb.o)
 .data          0xc7e3b644        0x0 common/libcommon.a(xyzModem.o)
 .data          0xc7e3b644        0x0 common/libcommon.a(cmd_movi.o)
 .data          0xc7e3b644        0x0 common/libcommon.a(cmd_lcd.o)
 .data          0xc7e3b644       0x1c common/libcommon.a(cmd_fastboot.o)
 .data          0xc7e3b660        0x0 common/libcommon.a(cmd_mmc_fdisk.o)
 .data          0xc7e3b660        0x4 common/libcommon.a(env_auto.o)
                0xc7e3b660                env_name_spec
 .data          0xc7e3b664        0x0 common/libcommon.a(gunzip.o)
 .data          0xc7e3b664        0x0 common/libcommon.a(crc16.o)
 .data          0xc7e3b664        0x0 board/samsung/smdk6450/libsmdk6450.a(smdk6450.o)
 .data          0xc7e3b664        0x0 board/samsung/smdk6450/libsmdk6450.a(flash.o)
 .data          0xc7e3b664        0x0 lib_generic/libgeneric.a(crc32.o)
 .data          0xc7e3b664      0x100 lib_generic/libgeneric.a(ctype.o)
                0xc7e3b664                _ctype
 .data          0xc7e3b764        0x0 lib_generic/libgeneric.a(display_options.o)
 .data          0xc7e3b764        0x0 lib_generic/libgeneric.a(lmb.o)
 .data          0xc7e3b764        0x0 lib_generic/libgeneric.a(string.o)
 .data          0xc7e3b764        0x0 lib_generic/libgeneric.a(vsprintf.o)
 .data          0xc7e3b764      0x210 lib_generic/libgeneric.a(zlib.o)
                0xc7e3b764                zlib_version
                0xc7e3b768                z_errmsg
 .data          0xc7e3b974        0x0 cpu/s5p645x/libs5p645x.a(usb_ohci.o)
 .data          0xc7e3b974       0x35 cpu/s5p645x/libs5p645x.a(usbd-otg-hs.o)
                0xc7e3b974                test_pkt
 *fill*         0xc7e3b9a9        0x3 00
 .data          0xc7e3b9ac      0x100 cpu/s5p645x/libs5p645x.a(fastboot.o)
                0xc7e3ba74                fboot_test_pkt
                0xc7e3ba70                ptable_default_size
                0xc7e3b9ac                ptable_default
 .data          0xc7e3baac        0x0 lib_arm/libarm.a(_umodsi3.o)
 .data          0xc7e3baac        0x0 lib_arm/libarm.a(bootm.o)
 .data          0xc7e3baac        0x0 lib_arm/libarm.a(cache.o)
 .data          0xc7e3baac        0x4 fs/fat/libfat.a(fat.o)
 .data          0xc7e3bab0        0x8 fs/ext2/libext2fs.a(ext2fs.o)
                0xc7e3bab0                indir1_blkno
                0xc7e3bab4                indir2_blkno
 .data          0xc7e3bab8        0x0 fs/ext2/libext2fs.a(dev.o)
 .data          0xc7e3bab8        0x0 disk/libdisk.a(part.o)
 .data          0xc7e3bab8        0x0 disk/libdisk.a(part_dos.o)
 .data          0xc7e3bab8        0x4 drivers/mtd/nand/libnand.a(nand.o)
                0xc7e3bab8                nand_curr_device
 .data          0xc7e3babc      0x940 drivers/mtd/nand/libnand.a(nand_base.o)
 .data          0xc7e3c3fc      0x5c8 drivers/mtd/nand/libnand.a(nand_ids.o)
                0xc7e3c984                nand_manuf_ids
                0xc7e3c3fc                nand_flash_ids
 .data          0xc7e3c9c4        0x0 drivers/mtd/nand/libnand.a(nand_ecc.o)
 .data          0xc7e3c9c4      0x10c drivers/mtd/nand/libnand.a(nand_bbt.o)
 .data          0xc7e3cad0      0x6f0 drivers/mtd/nand/libnand.a(nand_util.o)
 .data          0xc7e3d1c0       0x30 drivers/rtc/librtc.a(date.o)
 .data          0xc7e3d1f0        0x0 drivers/rtc/librtc.a(s5p64xx_rtc.o)
 .data          0xc7e3d1f0        0x0 lib_generic/libgeneric.a(div64.o)
 .data          0xc7e3d1f0      0x6f0 cpu/s5p645x/libs5p645x.a(nand.o)
 .data          0xc7e3d8e0        0x0 lib_arm/libarm.a(_ashldi3.o)
 .data          0xc7e3d8e0        0x0 lib_arm/libarm.a(_ashrdi3.o)
                0xc7e3d8e0                . = ALIGN (0x4)

.got
 *(.got)
                0xc7e3d8e0                __u_boot_cmd_start = .

.u_boot_cmd     0xc7e3d8e0      0x690
 *(.u_boot_cmd)
 .u_boot_cmd    0xc7e3d8e0       0x18 common/libcommon.a(cmd_autoscript.o)
                0xc7e3d8e0                __u_boot_cmd_autoscr
 .u_boot_cmd    0xc7e3d8f8       0x18 common/libcommon.a(cmd_bdinfo.o)
                0xc7e3d8f8                __u_boot_cmd_bdinfo
 .u_boot_cmd    0xc7e3d910       0x48 common/libcommon.a(cmd_boot.o)
                0xc7e3d928                __u_boot_cmd_reset
                0xc7e3d940                __u_boot_cmd_re
                0xc7e3d910                __u_boot_cmd_go
 .u_boot_cmd    0xc7e3d958       0x78 common/libcommon.a(cmd_bootm.o)
                0xc7e3d958                __u_boot_cmd_bootm
                0xc7e3d9a0                __u_boot_cmd_iminfo
                0xc7e3d988                __u_boot_cmd_bootd
                0xc7e3d970                __u_boot_cmd_boot
                0xc7e3d9b8                __u_boot_cmd_imls
 .u_boot_cmd    0xc7e3d9d0       0x30 common/libcommon.a(cmd_cache.o)
                0xc7e3d9e8                __u_boot_cmd_dcache
                0xc7e3d9d0                __u_boot_cmd_icache
 .u_boot_cmd    0xc7e3da00       0x18 common/libcommon.a(cmd_console.o)
                0xc7e3da00                __u_boot_cmd_coninfo
 .u_boot_cmd    0xc7e3da18       0x18 common/libcommon.a(cmd_date.o)
                0xc7e3da18                __u_boot_cmd_date
 .u_boot_cmd    0xc7e3da30       0x30 common/libcommon.a(cmd_elf.o)
                0xc7e3da48                __u_boot_cmd_bootvx
                0xc7e3da30                __u_boot_cmd_bootelf
 .u_boot_cmd    0xc7e3da60       0x60 common/libcommon.a(cmd_ext2.o)
                0xc7e3da78                __u_boot_cmd_ext2load
                0xc7e3da60                __u_boot_cmd_ext2ls
                0xc7e3daa8                __u_boot_cmd_ext3format
                0xc7e3da90                __u_boot_cmd_ext2format
 .u_boot_cmd    0xc7e3dac0       0x60 common/libcommon.a(cmd_fat.o)
                0xc7e3daf0                __u_boot_cmd_fatinfo
                0xc7e3db08                __u_boot_cmd_fatformat
                0xc7e3dac0                __u_boot_cmd_fatload
                0xc7e3dad8                __u_boot_cmd_fatls
 .u_boot_cmd    0xc7e3db20       0x48 common/libcommon.a(cmd_flash.o)
                0xc7e3db20                __u_boot_cmd_flinfo
                0xc7e3db38                __u_boot_cmd_erase
                0xc7e3db50                __u_boot_cmd_protect
 .u_boot_cmd    0xc7e3db68       0x18 common/libcommon.a(cmd_itest.o)
                0xc7e3db68                __u_boot_cmd_itest
 .u_boot_cmd    0xc7e3db80       0x48 common/libcommon.a(cmd_load.o)
                0xc7e3dbb0                __u_boot_cmd_loady
                0xc7e3db98                __u_boot_cmd_loadb
                0xc7e3db80                __u_boot_cmd_loads
 .u_boot_cmd    0xc7e3dbc8       0xf0 common/libcommon.a(cmd_mem.o)
                0xc7e3dbc8                __u_boot_cmd_md
                0xc7e3dc40                __u_boot_cmd_cmp
                0xc7e3dc10                __u_boot_cmd_mw
                0xc7e3dc88                __u_boot_cmd_loop
                0xc7e3dc70                __u_boot_cmd_base
                0xc7e3dbe0                __u_boot_cmd_mm
                0xc7e3dc58                __u_boot_cmd_crc32
                0xc7e3dbf8                __u_boot_cmd_nm
                0xc7e3dca0                __u_boot_cmd_mtest
                0xc7e3dc28                __u_boot_cmd_cp
 .u_boot_cmd    0xc7e3dcb8       0x18 common/libcommon.a(cmd_misc.o)
                0xc7e3dcb8                __u_boot_cmd_sleep
 .u_boot_cmd    0xc7e3dcd0       0x30 common/libcommon.a(cmd_mmc.o)
                0xc7e3dce8                __u_boot_cmd_mmc
                0xc7e3dcd0                __u_boot_cmd_mmcinfo
 .u_boot_cmd    0xc7e3dd00       0x30 common/libcommon.a(cmd_nand.o)
                0xc7e3dd00                __u_boot_cmd_nand
                0xc7e3dd18                __u_boot_cmd_nboot
 .u_boot_cmd    0xc7e3dd30       0x90 common/libcommon.a(cmd_net.o)
                0xc7e3dd90                __u_boot_cmd_nfs
                0xc7e3dda8                __u_boot_cmd_ping
                0xc7e3dd60                __u_boot_cmd_rarpboot
                0xc7e3dd48                __u_boot_cmd_tftpboot
                0xc7e3dd30                __u_boot_cmd_bootp
                0xc7e3dd78                __u_boot_cmd_dhcp
 .u_boot_cmd    0xc7e3ddc0       0x60 common/libcommon.a(cmd_nvedit.o)
                0xc7e3de08                __u_boot_cmd_run
                0xc7e3ddf0                __u_boot_cmd_saveenv