Archive member included because of file (symbol)

cpu/s5p645x/libs5p645x.a(interrupts.o)
                              cpu/s5p645x/start.o (do_irq)
cpu/s5p645x/libs5p645x.a(cpu.o)
                              cpu/s5p645x/libs5p645x.a(interrupts.o) (reset_cpu)
cpu/s5p645x/libs5p645x.a(setup_hsmmc.o)
                              cpu/s5p645x/libs5p645x.a(cpu.o) (setup_hsmmc0_cfg_gpio)
cpu/s5p645x/libs5p645x.a(serial.o)
                              cpu/s5p645x/libs5p645x.a(cpu.o) (serial_tstc)
cpu/s5p645x/s5p6450/libs5p6450.a(speed.o)
                              cpu/s5p645x/libs5p645x.a(setup_hsmmc.o) (get_MPLL_CLK)
lib_arm/libarm.a(_udivsi3.o)  cpu/s5p645x/libs5p645x.a(interrupts.o) (__udivsi3)
lib_arm/libarm.a(board.o)     lib_arm/div0.o (hang)
lib_arm/libarm.a(_divsi3.o)   lib_arm/libarm.a(board.o) (__divsi3)
lib_arm/libarm.a(_modsi3.o)   lib_arm/libarm.a(board.o) (__modsi3)
net/libnet.a(net.o)           lib_arm/libarm.a(board.o) (copy_filename)
net/libnet.a(tftp.o)          net/libnet.a(net.o) (TftpStart)
net/libnet.a(bootp.o)         net/libnet.a(net.o) (BootpRequest)
net/libnet.a(rarp.o)          net/libnet.a(net.o) (RarpRequest)
net/libnet.a(eth.o)           lib_arm/libarm.a(board.o) (eth_initialize)
net/libnet.a(nfs.o)           net/libnet.a(net.o) (NfsStart)
drivers/mmc/libmmc.a(mmc.o)   cpu/s5p645x/movi.o (movi_write)
drivers/mmc/libmmc.a(s3c_hsmmc.o)
                              cpu/s5p645x/libs5p645x.a(cpu.o) (smdk_s3c_hsmmc_init)
drivers/net/libnet.a(dm9000x.o)
                              net/libnet.a(net.o) (eth_halt)
common/libcommon.a(main.o)    lib_arm/libarm.a(board.o) (main_loop)
common/libcommon.a(cmd_autoscript.o)
                              (__u_boot_cmd_autoscr)
common/libcommon.a(cmd_bdinfo.o)
                              (__u_boot_cmd_bdinfo)
common/libcommon.a(image.o)   common/libcommon.a(cmd_autoscript.o) (genimg_get_format)
common/libcommon.a(cmd_boot.o)
                              (__u_boot_cmd_go)
common/libcommon.a(cmd_bootm.o)
                              lib_arm/libarm.a(board.o) (load_addr)
common/libcommon.a(cmd_cache.o)
                              (__u_boot_cmd_icache)
common/libcommon.a(cmd_console.o)
                              (__u_boot_cmd_coninfo)
common/libcommon.a(cmd_date.o)
                              (__u_boot_cmd_date)
common/libcommon.a(cmd_elf.o)
                              common/libcommon.a(cmd_bootm.o) (do_bootvx)
common/libcommon.a(cmd_ext2.o)
                              (__u_boot_cmd_ext2ls)
common/libcommon.a(cmd_fat.o)
                              (__u_boot_cmd_fatload)
common/libcommon.a(cmd_flash.o)
                              (__u_boot_cmd_flinfo)
common/libcommon.a(cmd_itest.o)
                              (__u_boot_cmd_itest)
common/libcommon.a(cmd_load.o)
                              (__u_boot_cmd_loads)
common/libcommon.a(cmd_mem.o)
                              common/libcommon.a(cmd_itest.o) (cmd_get_data_size)
common/libcommon.a(cmd_misc.o)
                              (__u_boot_cmd_sleep)
common/libcommon.a(cmd_mmc.o)
                              (__u_boot_cmd_mmcinfo)
common/libcommon.a(cmd_nand.o)
                              (__u_boot_cmd_nand)
common/libcommon.a(cmd_net.o)
                              (__u_boot_cmd_bootp)
common/libcommon.a(cmd_nvedit.o)
                              lib_arm/libarm.a(board.o) (getenv_r)
common/libcommon.a(cmd_reginfo.o)
                              (__u_boot_cmd_reginfo)
common/libcommon.a(cmd_usbd.o)
                              (__u_boot_cmd_dnw)
common/libcommon.a(cmd_ximg.o)
                              (__u_boot_cmd_imxtract)
common/libcommon.a(command.o)
                              common/libcommon.a(main.o) (find_cmd)
common/libcommon.a(console.o)
                              cpu/s5p645x/movi.o (printf)
common/libcommon.a(devices.o)
                              common/libcommon.a(cmd_console.o) (devlist)
common/libcommon.a(dlmalloc.o)
                              drivers/mmc/libmmc.a(mmc.o) (free)
common/libcommon.a(env_common.o)
                              common/libcommon.a(cmd_nvedit.o) (env_get_addr)
common/libcommon.a(exports.o)
                              lib_arm/libarm.a(board.o) (jumptable_init)
common/libcommon.a(flash.o)   common/libcommon.a(cmd_load.o) (addr2info)
common/libcommon.a(hush.o)    common/libcommon.a(main.o) (u_boot_hush_start)
common/libcommon.a(lists.o)   common/libcommon.a(cmd_console.o) (ListGetPtrToItem)
common/libcommon.a(s_record.o)
                              common/libcommon.a(cmd_load.o) (srec_decode)
common/libcommon.a(usb.o)     common/libcommon.a(cmd_bootm.o) (usb_stop)
common/libcommon.a(xyzModem.o)
                              common/libcommon.a(cmd_load.o) (xyzModem_error)
common/libcommon.a(cmd_movi.o)
                              cpu/s5p645x/movi.o (raw_area_control)
common/libcommon.a(cmd_lcd.o)
                              (__u_boot_cmd_lcd)
common/libcommon.a(cmd_fastboot.o)
[...]
Memory Configuration

Name             Origin             Length             Attributes
*default*        0x00000000         0xffffffff

Linker script and memory map

                0x00000000                . = 0x0
                0x00000000                . = ALIGN (0x4)

.text           0xc7e00000    0x30f38
 cpu/s5p645x/start.o(.text)
 .text          0xc7e00000      0x4a0 cpu/s5p645x/start.o
                0xc7e00040                _end_vect
                0xc7e00184                theLastJump
                0xc7e00480                arm1136_cache_flush
                0xc7e0004c                _bss_start
                0xc7e00050                _bss_end
                0xc7e00048                _armboot_start
                0xc7e00128                copy_from_nand
                0xc7e00000                _start
                0xc7e000c0                after_copy
 cpu/s5p645x/start_irom.o(.text)
 .text          0xc7e004a0       0xa4 cpu/s5p645x/start_irom.o
                0xc7e004a4                load_bl2_irom
 cpu/s5p645x/s5p6450/cpu_init.o(.text)
 .text          0xc7e00544      0x144 cpu/s5p645x/s5p6450/cpu_init.o
                0xc7e00544                mem_ctrl_asm_init
 board/samsung/smdk6450/lowlevel_init.o(.text)
 .text          0xc7e00688      0x308 board/samsung/smdk6450/lowlevel_init.o
                0xc7e0068c                lowlevel_init
                0xc7e008a0                nand_asm_init
 cpu/s5p645x/nand_cp.o(.text)
 .text          0xc7e00990      0x1e4 cpu/s5p645x/nand_cp.o
                0xc7e00a50                copy_uboot_to_ram
                0xc7e00990                nand_bl2_copy
                0xc7e009f0                nand_bl2_copy_adv
 cpu/s5p645x/movi.o(.text)
 .text          0xc7e00b74       0xc4 cpu/s5p645x/movi.o
                0xc7e00c20                print_movi_bl2_info
                0xc7e00b98                movi_write_bl1
                0xc7e00b74                movi_bl2_copy
                0xc7e00c08                movi_read_env
                0xc7e00bf0                movi_write_env
 *(.text)
 .text          0xc7e00c38        0x4 lib_arm/div0.o
                0xc7e00c38                __div0
 .text          0xc7e00c3c      0x4dc cpu/s5p645x/libs5p645x.a(interrupts.o)
                0xc7e00cbc                set_timer
                0xc7e0105c                reset_timer
                0xc7e00f84                do_fiq
                0xc7e00c48                interrupt_init
                0xc7e01038                do_undefined_instruction
                0xc7e00e08                show_regs
                0xc7e00f60                do_irq
                0xc7e00df0                get_tbclk
                0xc7e00d54                get_timer
                0xc7e00ccc                reset_timer_masked
                0xc7e00f44                bad_mode
                0xc7e00cf4                get_timer_masked
                0xc7e01084                udelay
                0xc7e00d68                udelay_masked
                0xc7e00ff0                do_prefetch_abort
                0xc7e00ddc                get_ticks
                0xc7e00c40                disable_interrupts
                0xc7e00fa8                do_not_used
                0xc7e00fcc                do_data_abort
                0xc7e01014                do_software_interrupt
                0xc7e00c3c                enable_interrupts
 .text          0xc7e01118      0x188 cpu/s5p645x/libs5p645x.a(cpu.o)
                0xc7e01160                cleanup_before_linux
                0xc7e0114c                cpu_mmc_init
                0xc7e01268                dcache_enable
                0xc7e01144                cpu_init
                0xc7e011c8                icache_enable
                0xc7e01230                branch_enable
                0xc7e011b0                do_reset
                0xc7e01214                branch_disable
                0xc7e0118c                reset_cpu
                0xc7e011e4                branch_status
                0xc7e01284                icache_disable
                0xc7e011f4                dcache_status
                0xc7e01204                icache_status
                0xc7e0124c                dcache_disable
 .text          0xc7e012a0      0x138 cpu/s5p645x/libs5p645x.a(setup_hsmmc.o)
                0xc7e012a0                setup_sdhci0_cfg_card
                0xc7e012d4                setup_hsmmc0_cfg_gpio
                0xc7e01314                setup_hsmmc_clock
 .text          0xc7e013d8       0x8c cpu/s5p645x/libs5p645x.a(serial.o)
                0xc7e013d8                serial_setbrg
                0xc7e01408                serial_tstc
                0xc7e013dc                serial_putc
                0xc7e0145c                serial_init
                0xc7e0141c                serial_puts
                0xc7e01440                serial_getc
 .text          0xc7e01464      0x194 cpu/s5p645x/s5p6450/libs5p6450.a(speed.o)
                0xc7e01510                get_HCLK
                0xc7e01538                get_PCLK
                0xc7e014d0                get_MPLL_CLK
                0xc7e014e0                get_FCLK
                0xc7e014e8                get_ARMCLK
                0xc7e014d8                get_UCLK
                0xc7e01560                print_cpuinfo
 .text          0xc7e015f8       0x98 lib_arm/libarm.a(_udivsi3.o)
                0xc7e015f8                __udivsi3
 .text          0xc7e01690      0x3b4 lib_arm/libarm.a(board.o)
                0xc7e016f4                __yellow_LED_off
                0xc7e016e8                green_LED_on
                0xc7e016f8                hang
                0xc7e016e8                __green_LED_on
                0xc7e016f0                __yellow_LED_on
                0xc7e016f0                yellow_LED_on
                0xc7e016ec                __green_LED_off
                0xc7e016e4                __red_LED_off
                0xc7e017b8                start_armboot
                0xc7e019dc                strmhz
                0xc7e016dc                coloured_LED_init
                0xc7e016f4                yellow_LED_off
                0xc7e016e4                red_LED_off
                0xc7e01690                sbrk
                0xc7e016ec                green_LED_off
                0xc7e016dc                __coloured_LED_init
                0xc7e016e0                red_LED_on
                0xc7e016e0                __red_LED_on
 *fill*         0xc7e01a44       0x1c 00
 .text          0xc7e01a60      0x140 lib_arm/libarm.a(_divsi3.o)
                0xc7e01a60                __divsi3
 .text          0xc7e01ba0      0x100 lib_arm/libarm.a(_modsi3.o)
                0xc7e01ba0                __modsi3
 .text          0xc7e01ca0     0x1530 net/libnet.a(net.o)
                0xc7e01e8c                getenv_IPaddr
                0xc7e01d4c                NetCksumOk
                0xc7e02a74                NetSetTimeout
                0xc7e01d70                copy_filename
                0xc7e01e9c                NetEthHdrSize
                0xc7e01f40                ip_to_string
                0xc7e02cc0                ArpTimeoutCheck
                0xc7e02314                NetReceive
                0xc7e01e18                string_to_ip
                0xc7e02ab0                NetSendUDPPacket
                0xc7e01f8c                print_IPaddr
                0xc7e01fb0                NetSetEther
                0xc7e02d44                NetLoop
                0xc7e021f0                ArpRequest
                0xc7e01ee0                VLAN_to_string
                0xc7e01e08                getenv_VLAN
                0xc7e01d08                NetCksum
                0xc7e02068                NetSetIP
                0xc7e01dc0                string_to_VLAN
                0xc7e02c40                NetStartAgain
                0xc7e01cf8                NetSetHandler
                0xc7e028ec                PingSend
                0xc7e021ec                NetSendPacket
 .text          0xc7e031d0      0x7bc net/libnet.a(tftp.o)
                0xc7e033a4                TftpStart
 .text          0xc7e0398c      0xa3c net/libnet.a(bootp.o)
                0xc7e03ffc                DhcpRequest
                0xc7e03e24                BootpRequest
 .text          0xc7e043c8      0x1a8 net/libnet.a(rarp.o)
                0xc7e043c8                RarpRequest
 .text          0xc7e04570        0x8 net/libnet.a(eth.o)
                0xc7e04570                eth_initialize
 .text          0xc7e04578      0xe04 net/libnet.a(nfs.o)
                0xc7e04b80                NfsStart
 .text          0xc7e0537c     0x1220 drivers/mmc/libmmc.a(mmc.o)
                0xc7e053e4                mmc_send_ext_csd
                0xc7e05594                sd_switch
                0xc7e06214                mmc_send_app_op_cond
                0xc7e05be8                mmc_startup
                0xc7e06528                print_mmc_devices
                0xc7e05720                board_mmc_init
                0xc7e053ac                mmc_set_blocklen
                0xc7e0539c                mmc_send_cmd
                0xc7e05614                mmc_set_clock
                0xc7e06408                mmc_init
                0xc7e05434                mmc_set_relative_addr
                0xc7e0635c                mmc_send_op_cond
                0xc7e056b8                mmc_register
                0xc7e05774                mmc_get_dev
                0xc7e0546c                mmc_switch
                0xc7e05604                mmc_set_ios
                0xc7e059fc                movi_read
                0xc7e054bc                mmc_change_freq
                0xc7e05634                mmc_set_bus_width
                0xc7e05728                find_mmc_device
                0xc7e06308                mmc_go_idle
                0xc7e0563c                mmc_send_if_cond
                0xc7e05a14                sd_change_freq
                0xc7e05844                movi_write
                0xc7e0646c                mmc_initialize
 .text          0xc7e0659c      0x558 drivers/mmc/libmmc.a(s3c_hsmmc.o)
                0xc7e0659c                smdk_s3c_hsmmc_init
 .text          0xc7e06af4      0xc10 drivers/net/libnet.a(dm9000x.o)
                0xc7e06ec0                eth_halt
                0xc7e06d34                read_srom_word
                0xc7e06e58                write_srom_word
                0xc7e074c8                eth_rx
                0xc7e06f08                eth_init
                0xc7e0762c                eth_send
 .text          0xc7e07704      0xde4 common/libcommon.a(main.o)
                0xc7e07704                __show_boot_progress
                0xc7e07808                run_command
                0xc7e07794                do_run
                0xc7e07708                parse_line
                0xc7e0837c                readline
                0xc7e07704                show_boot_progress
                0xc7e08388                main_loop
                0xc7e07cdc                readline_into_buffer
 .text          0xc7e084e8      0x190 common/libcommon.a(cmd_autoscript.o)
                0xc7e08634                do_autoscript
                0xc7e08508                autoscript
 .text          0xc7e08678      0x100 common/libcommon.a(cmd_bdinfo.o)
                0xc7e0868c                do_bdinfo
 .text          0xc7e08778      0x800 common/libcommon.a(image.o)
                0xc7e089fc                getenv_bootm_size
                0xc7e08ab4                image_print_contents
                0xc7e0889c                genimg_get_comp_id
                0xc7e088e4                genimg_get_os_id
                0xc7e08848                genimg_has_config
                0xc7e088cc                genimg_get_arch_id
                0xc7e087fc                genimg_get_arch_name
                0xc7e08d14                boot_get_ramdisk
                0xc7e08cc0                image_check_hcrc
                0xc7e087e4                genimg_get_os_name
                0xc7e08814                genimg_get_type_name
                0xc7e089bc                genimg_get_format
                0xc7e0882c                genimg_get_comp_name
                0xc7e08c84                image_check_dcrc
                0xc7e08a30                getenv_bootm_low
                0xc7e08844                genimg_get_image
                0xc7e088b4                genimg_get_type_id
                0xc7e08798                image_multi_count
                0xc7e089f8                memmove_wd
                0xc7e088fc                image_multi_getimg
                0xc7e08a64                getenv_yesno
 .text          0xc7e08f78       0xa4 common/libcommon.a(cmd_boot.o)
                0xc7e08f90                do_go
                0xc7e08f78                do_go_exec
 .text          0xc7e0901c      0xd30 common/libcommon.a(cmd_bootm.o)
                0xc7e09144                print_image_hdr
                0xc7e095a4                do_bootd
                0xc7e095c8                do_bootm
                0xc7e0903c                board_lmb_reserve
                0xc7e0903c                __board_lmb_reserve
                0xc7e09544                do_iminfo
 .text          0xc7e09d4c      0x144 common/libcommon.a(cmd_cache.o)
                0xc7e09d88                do_dcache
                0xc7e09e0c                do_icache
 .text          0xc7e09e90       0xe0 common/libcommon.a(cmd_console.o)
                0xc7e09e90                do_coninfo
 .text          0xc7e09f70      0x324 common/libcommon.a(cmd_date.o)
                0xc7e0a180                do_date
                0xc7e09fb4                mk_date
 .text          0xc7e0a294      0x3c8 common/libcommon.a(cmd_elf.o)
                0xc7e0a5bc                do_bootelf
                0xc7e0a3fc                do_bootvx
                0xc7e0a294                valid_elf_image
                0xc7e0a578                do_bootelf_exec
                0xc7e0a2ec                load_elf_image
 .text          0xc7e0a65c      0x558 common/libcommon.a(cmd_ext2.o)
                0xc7e0a65c                ext_format
                0xc7e0a750                do_ext3_format
                0xc7e0aa64                do_ext2ls
                0xc7e0a760                do_ext2_format
                0xc7e0a770                do_ext2load
 .text          0xc7e0abb4      0x4ac common/libcommon.a(cmd_fat.o)
                0xc7e0aec0                do_fat_fsload
                0xc7e0abb4                do_fat_format
                0xc7e0aca4                do_fat_fsinfo
                0xc7e0adac                do_fat_ls
 .text          0xc7e0b060      0x5a8 common/libcommon.a(cmd_flash.o)
                0xc7e0b090                do_flinfo
                0xc7e0b078                flash_sect_erase
                0xc7e0b2f0                do_protect
                0xc7e0b4bc                do_flerase
                0xc7e0b060                flash_sect_protect
 .text          0xc7e0b608      0x2ec common/libcommon.a(cmd_itest.o)
                0xc7e0b670                binary_test
                0xc7e0b84c                do_itest
 .text          0xc7e0b8f4      0xf58 common/libcommon.a(cmd_load.o)
                0xc7e0b9c4                k_data_init
                0xc7e0bb50                s1_sendpacket
                0xc7e0bb78                handle_send_packet
                0xc7e0ba50                k_data_restore
                0xc7e0bd70                send_nack
                0xc7e0be58                do_load_serial_bin
                0xc7e0bab4                k_data_char
                0xc7e0b91c                chk1
                0xc7e0b9ec                k_data_save
                0xc7e0b8f4                ktrans
                0xc7e0bb1c                send_pad
                0xc7e0bdd4                send_ack
                0xc7e0c540                do_load_serial
 .text          0xc7e0c84c      0xa14 common/libcommon.a(cmd_mem.o)
                0xc7e0c84c                do_mem_base
                0xc7e0d08c                do_mem_mw
                0xc7e0c890                do_mem_crc
                0xc7e0cc68                do_mem_nm
                0xc7e0cc90                do_mem_mm
                0xc7e0cdb0                do_mem_cp
                0xc7e0c948                do_mem_mtest
                0xc7e0cee0                do_mem_cmp
                0xc7e0ca70                cmd_get_data_size
                0xc7e0ccb8                do_mem_loop
                0xc7e0d15c                do_mem_md
 .text          0xc7e0d260       0x90 common/libcommon.a(cmd_misc.o)
                0xc7e0d260                do_sleep
 .text          0xc7e0d2f0      0x48c common/libcommon.a(cmd_mmc.o)
                0xc7e0d474                do_mmcops
                0xc7e0d2f0                do_mmcinfo
 .text          0xc7e0d77c      0xf98 common/libcommon.a(cmd_nand.o)
                0xc7e0d8e4                do_nandboot
                0xc7e0db20                do_nand
 .text          0xc7e0e714      0x3d8 common/libcommon.a(cmd_net.o)
                0xc7e0eac8                do_rarpb
                0xc7e0e714                do_ping
                0xc7e0ead4                do_tftpb
                0xc7e0eabc                do_dhcp
                0xc7e0eae0                do_bootp
                0xc7e0eab0                do_nfs
 .text          0xc7e0eaec      0x890 common/libcommon.a(cmd_nvedit.o)
                0xc7e0ec30                getenv
                0xc7e0eca0                _do_setenv
                0xc7e0eb4c                getenv_r
                0xc7e0f200                do_printenv
                0xc7e0f1b8                setenv
                0xc7e0ec04                do_saveenv
                0xc7e0f178                do_setenv
                0xc7e0eaec                envmatch
 .text          0xc7e0f37c        0x8 common/libcommon.a(cmd_reginfo.o)
                0xc7e0f37c                do_reginfo
 .text          0xc7e0f384      0x118 common/libcommon.a(cmd_usbd.o)
                0xc7e0f384                do_usbd_dnw
 .text          0xc7e0f49c      0x240 common/libcommon.a(cmd_ximg.o)
                0xc7e0f49c                do_imgextract
 .text          0xc7e0f6dc      0x764 common/libcommon.a(command.o)
                0xc7e0f770                do_echo
                0xc7e0f9c0                do_exit
                0xc7e0f6dc                find_cmd
                0xc7e0f9f0                do_test
                0xc7e0f7f4                do_help
                0xc7e0f9a0                do_version
 .text          0xc7e0fe40      0x584 common/libcommon.a(console.o)
                0xc7e10140                console_init_r
                0xc7e10100                printf
                0xc7e0ffe0                console_assign
                0xc7e10350                getc
                0xc7e100b8                puts
                0xc7e0ffc4                dbg
                0xc7e102d8                serial_printf
                0xc7e0ff08                ftstc
                0xc7e10070                fprintf
                0xc7e10338                tstc
                0xc7e100d4                vprintf
                0xc7e10368                ctrlc
                0xc7e10318                putc
                0xc7e0ff88                disable_ctrlc
                0xc7e0fee0                fgetc
                0xc7e0ffa0                had_ctrlc
                0xc7e0ff30                fputc
                0xc7e0ffd0                console_init_f
                0xc7e0ffb0                clear_ctrlc
                0xc7e0ff5c                fputs
 .text          0xc7e103c4       0xec common/libcommon.a(devices.o)
                0xc7e103e0                device_register
                0xc7e103c4                devices_done
                0xc7e10404                devices_init
 .text          0xc7e104b0     0x10f0 common/libcommon.a(dlmalloc.o)
                0xc7e108d8                malloc
                0xc7e11024                pvalloc
                0xc7e11048                calloc
                0xc7e104e8                malloc_usable_size
                0xc7e11128                realloc
                0xc7e105a0                malloc_trim
                0xc7e104b0                malloc_bin_reloc
                0xc7e1052c                mallopt
                0xc7e10f14                memalign
                0xc7e108d4                cfree
                0xc7e1103c                valloc
                0xc7e10674                free
 .text          0xc7e115a0      0x164 common/libcommon.a(env_common.o)
                0xc7e116b4                env_get_char
                0xc7e115c0                env_get_addr
                0xc7e1160c                set_default_env
                0xc7e11654                env_relocate
                0xc7e115e0                env_crc_update
                0xc7e115a0                env_get_char_memory
 .text          0xc7e11704       0xe4 common/libcommon.a(exports.o)
                0xc7e11710                jumptable_init
                0xc7e11708                get_version
 .text          0xc7e117e8      0x364 common/libcommon.a(flash.o)
                0xc7e119dc                flash_write
                0xc7e117e8                flash_protect
                0xc7e118f4                addr2info
                0xc7e118fc                flash_perror
 .text          0xc7e11b4c     0x1c98 common/libcommon.a(hush.o)
                0xc7e11ee8                new_pipe
                0xc7e11c74                mapset
                0xc7e12ee0                parse_string_outer
                0xc7e12840                update_ifs_map
                0xc7e12e98                parse_file_outer
                0xc7e11b68                simple_itoa
                0xc7e1222c                reserved_word
                0xc7e11c98                u_boot_hush_start
 .text          0xc7e137e4      0x3e0 common/libcommon.a(lists.o)
                0xc7e13ae4                DisposeHandle
                0xc7e13b04                ListDispose
                0xc7e13918                ListInsertItems
                0xc7e137ec                ListSetAllocationPolicy
                0xc7e1383c                ListGetItemSize
                0xc7e13830                ListGetDataPtr
                0xc7e13b08                NewHandle
                0xc7e1389c                SetHandleSize
                0xc7e13adc                ListInsertItem
                0xc7e137e4                GetHandleSize
                0xc7e13848                ListNumItems
                0xc7e13800                ListGetPtrToItem
                0xc7e13b64                ListCreate
                0xc7e13854                ListGetItems
 .text          0xc7e13bc4      0x2cc common/libcommon.a(s_record.o)
                0xc7e13c34                srec_decode
 .text          0xc7e13e90     0x15e4 common/libcommon.a(usb.o)
                0xc7e14960                usb_set_idle
                0xc7e13ea8                usb_maxpacket
                0xc7e15248                usb_hub_probe
                0xc7e15444                usb_stop
                0xc7e153b0                usb_init
                0xc7e13e90                usb_disable_asynch
                0xc7e1530c                usb_clear_halt
                0xc7e14214                usb_bulk_msg
                0xc7e14870                usb_get_class_descriptor
                0xc7e152a8                usb_scan_devices
                0xc7e14588                usb_get_hub_descriptor
                0xc7e14374                usb_get_port_status
                0xc7e141f0                usb_submit_int_msg
                0xc7e1409c                usb_parse_config
                0xc7e14274                usb_control_msg
                0xc7e149c4                usb_set_protocol
                0xc7e14ee8                usb_hub_port_connect_change
                0xc7e14a8c                usb_set_interface
                0xc7e13fb8                usb_hub_allocate
                0xc7e14774                usb_string
                0xc7e148e8                usb_get_report
                0xc7e14ba0                usb_get_descriptor
                0xc7e15028                usb_hub_configure
                0xc7e145e8                usb_get_string
                0xc7e141f4                wait_ms
                0xc7e14530                usb_clear_hub_feature
                0xc7e14c10                usb_get_configuration_no
                0xc7e144d0                usb_clear_port_feature
                0xc7e1442c                usb_set_port_feature
                0xc7e14cb0                usb_new_device
                0xc7e143d4                usb_get_hub_status
                0xc7e14a24                usb_set_configuration
                0xc7e13ecc                usb_set_maxpacket
                0xc7e14b58                usb_set_address
                0xc7e14000                usb_alloc_new_device
                0xc7e13fa4                usb_hub_reset
                0xc7e13f7c                usb_get_dev_index
 .text          0xc7e15474      0xa10 common/libcommon.a(xyzModem.o)
                0xc7e155a8                xyzModem_error
                0xc7e15644                xyzModem_stream_close
                0xc7e156a4                CYGACC_COMM_IF_GETC_TIMEOUT
                0xc7e15474                parse_num
                0xc7e1572c                xyzModem_stream_terminate
                0xc7e15d28                xyzModem_stream_open
                0xc7e15698                CYGACC_COMM_IF_PUTC
                0xc7e15aac                xyzModem_stream_read
 .text          0xc7e15e84      0x538 common/libcommon.a(cmd_movi.o)
                0xc7e1620c                init_raw_area_table
                0xc7e15e84                do_movi
 .text          0xc7e163bc      0x3f4 common/libcommon.a(cmd_lcd.o)
                0xc7e163bc                do_lcd_test
 .text          0xc7e167b0     0x1828 common/libcommon.a(cmd_fastboot.o)
                0xc7e17c40                do_sdfuse
                0xc7e16804                fastboot_flash_get_ptn_count
                0xc7e1696c                fastboot_flash_add_ptn
                0xc7e17e2c                do_fastboot
                0xc7e167dc                fastboot_flash_get_ptn
                0xc7e16814                fastboot_flash_find_ptn
                0xc7e1688c                fastboot_flash_dump_ptn
 .text          0xc7e17fd8      0xb70 common/libcommon.a(cmd_mmc_fdisk.o)
                0xc7e1815c                make_partitionInfo
                0xc7e18700                encode_partitionInfo
                0xc7e18490                decode_partitionInfo
                0xc7e18044                encode_chs
                0xc7e184d0                get_mmc_part_info
                0xc7e18774                make_mmc_partition
                0xc7e1856c                print_mmc_part_info
                0xc7e18a48                create_mmc_fdisk
                0xc7e18064                get_SDInfo
                0xc7e18ad0                do_fdisk
                0xc7e183c8                get_mmc_mbr
                0xc7e18354                put_mmc_mbr
                0xc7e17fd8                calc_unit
                0xc7e18438                get_mmc_block_count
 .text          0xc7e18b48      0x74c common/libcommon.a(env_auto.o)
                0xc7e18c94                env_relocate_spec_movinand
                0xc7e18e04                env_relocate_spec
                0xc7e18c90                env_relocate_spec_onenand
                0xc7e18f50                saveenv_nand_adv
                0xc7e191f4                saveenv
                0xc7e18bc4                env_get_char_spec
                0xc7e18d0c                env_relocate_spec_nor
                0xc7e18bd0                env_init
                0xc7e191c8                saveenv_movinand
                0xc7e18bec                saveenv_onenand
                0xc7e18e64                saveenv_nor
                0xc7e19044                saveenv_nand
                0xc7e18d60                env_relocate_spec_nand
 .text          0xc7e19294      0x170 common/libcommon.a(gunzip.o)
                0xc7e19294                gunzip
                0xc7e193ec                zfree
                0xc7e193f4                zalloc
 .text          0xc7e19404       0x48 common/libcommon.a(crc16.o)
                0xc7e19404                cyg_crc16
 .text          0xc7e1944c       0xc0 board/samsung/smdk6450/libsmdk6450.a(smdk6450.o)
                0xc7e194c4                virt_to_phy_smdk6450
                0xc7e1949c                dram_init
                0xc7e194f4                checkboard
                0xc7e1944c                board_init
                0xc7e194bc                board_late_init
 .text          0xc7e1950c      0x5ec board/samsung/smdk6450/libsmdk6450.a(flash.o)
                0xc7e1989c                flash_erase
                0xc7e19aac                flash_init
                0xc7e19784                flash_print_info
                0xc7e1960c                write_buff
 .text          0xc7e19af8      0x1fc lib_generic/libgeneric.a(crc32.o)
                0xc7e19af8                crc32
                0xc7e19cf0                crc32_wd
                0xc7e19bf8                crc32_no_comp
 .text          0xc7e19cf4        0x0 lib_generic/libgeneric.a(ctype.o)
 .text          0xc7e19cf4      0x26c lib_generic/libgeneric.a(display_options.o)
                0xc7e19de0                print_buffer
                0xc7e19dc0                display_options
                0xc7e19cf4                print_size
 .text          0xc7e19f60      0x554 lib_generic/libgeneric.a(lmb.o)
                0xc7e1a2bc                lmb_overlaps_region
                0xc7e1a1bc                lmb_add
                0xc7e19f60                lmb_dump_all
                0xc7e1a1c0                lmb_free
                0xc7e1a478                lmb_alloc_base
                0xc7e1a4ac                lmb_alloc
                0xc7e1a310                __lmb_alloc_base
                0xc7e19fc4                lmb_init
                0xc7e1a41c                lmb_is_reserved
                0xc7e1a2b4                lmb_reserve
 .text          0xc7e1a4b4      0x538 lib_generic/libgeneric.a(string.o)
                0xc7e1a4b4                strcpy
                0xc7e1a8fc                memscan
                0xc7e1a878                memmove
                0xc7e1a858                memcpy
                0xc7e1a7c4                strswab
                0xc7e1a660                strnlen
                0xc7e1a628                strrchr
                0xc7e1a4f4                strcat
                0xc7e1a984                memchr
                0xc7e1a920                strstr
                0xc7e1a598                strncmp
                0xc7e1a4cc                strncpy
                0xc7e1a82c                bcopy
                0xc7e1a70c                strtok
                0xc7e1a8c0                memcmp
                0xc7e1a520                strncat
                0xc7e1a9b0                strdup
                0xc7e1a810                memset
                0xc7e1a56c                strcmp
                0xc7e1a790                strsep
                0xc7e1a688                strspn
                0xc7e1a608                strlen
                0xc7e1a5dc                strchr
                0xc7e1a6cc                strpbrk
 .text          0xc7e1a9ec      0x868 lib_generic/libgeneric.a(vsprintf.o)
                0xc7e1add0                vsprintf
                0xc7e1aaac                simple_strtol
                0xc7e1ad78                panic
                0xc7e1b224                sprintf
                0xc7e1a9ec                simple_strtoul
 .text          0xc7e1b254     0x2ea4 lib_generic/libgeneric.a(zlib.o)
                0xc7e1c19c                inflate
                0xc7e1bc3c                inflateInit2
                0xc7e1c06c                inflateIncomp
                0xc7e1bd84                adler32
                0xc7e1bad4                inflateReset
                0xc7e1bb3c                inflateSync
                0xc7e1bd7c                inflateInit
                0xc7e1ba34                inflateEnd
 .text          0xc7e1e0f8      0x6c8 cpu/s5p645x/libs5p645x.a(usb_ohci.o)
                0xc7e1e174                rh_check_port_status
                0xc7e1e19c                usb_lowlevel_stop
                0xc7e1e254                sohci_submit_job
                0xc7e1e18c                submit_int_msg
                0xc7e1e7b8                submit_bulk_msg
                0xc7e1e184                submit_control_msg
                0xc7e1e194                usb_lowlevel_init
                0xc7e1e17c                submit_common_msg
 .text          0xc7e1e7c0     0x2c38 cpu/s5p645x/libs5p645x.a(usbd-otg-hs.o)
                0xc7e20508                s3c_usb_dma_in_done
                0xc7e2061c                s3c_usb_set_all_outep_nak
                0xc7e2096c                s3c_usb_clear_upfile_info
                0xc7e20bb4                s3c_usb_verify_checksum
                0xc7e209dc                s3c_usb_set_opmode
                0xc7e20e54                s3c_usb_pkt_receive
                0xc7e21044                s3c_usb_transfer
                0xc7e2092c                s3c_usb_clear_dnfile_info
                0xc7e1fee8                s3c_usb_int_bulkin
                0xc7e1e8ac                s3c_usb_set_inep_xfersize
                0xc7e1f214                s3c_usb_transfer_ep0
                0xc7e1f0f0                s3c_usb_set_otherspeed_conf_desc
                0xc7e1e830                s3c_usb_set_soft_disconnect
                0xc7e20644                s3c_usb_clear_all_outep_nak
                0xc7e212dc                s3c_usbctl_init
                0xc7e20774                s3c_usb_set_descriptors
                0xc7e20e04                s3c_usb_int_bulkout
                0xc7e2116c                s3c_udc_int_hndlr
                0xc7e1e8e0                s3c_usb_set_outep_xfersize
                0xc7e212a4                s3c_usb_stop
                0xc7e1e860                s3c_usb_init_device
                0xc7e209ac                s3c_usb_check_setconf
                0xc7e1ec70                s3c_usb_set_feature
                0xc7e20f24                s3c_usb_dma_out_done
                0xc7e1eebc                s3c_usb_ep0_int_hndlr
                0xc7e2071c                s3c_usb_set_endpoint
                0xc7e20c8c                s3c_usb_download_continue
                0xc7e1e968                s3c_usb_write_in_fifo
                0xc7e211fc                s3c_usb_wait_cable_insert
                0xc7e1ebdc                s3c_usb_clear_feature
                0xc7e1e8a4                s3c_usbc_activate
                0xc7e1e914                s3c_usb_write_ep0_fifo
                0xc7e202e8                s3c_usb_download_start
                0xc7e2066c                s3c_usb_set_max_pktsize
                0xc7e1e818                s3c_usb_check_current_mode
                0xc7e1e7c0                s3c_usb_phy_off
                0xc7e1edec                s3c_usb_get_status
                0xc7e20910                s3c_usb_check_speed
                0xc7e200b8                s3c_usb_upload_start
                0xc7e1e7f8                s3c_usb_init_core
                0xc7e1e848                s3c_usb_clear_soft_disconnect
                0xc7e1e7d8                s3c_usb_core_soft_reset
                0xc7e20ed8                s3c_usb_print_pkt
                0xc7e20b1c                s3c_usb_set_init
                0xc7e20ab0                s3c_usb_reset
                0xc7e1ea0c                s3c_usb_get_desc
                0xc7e1e9bc                s3c_usb_read_out_fifo
                0xc7e21250                s3c_usb_init_phy
 .text          0xc7e213f8     0x2e88 cpu/s5p645x/libs5p645x.a(fastboot.o)
                0xc7e23488                fboot_usb_clear_dnfile_info
                0xc7e22c10                fboot_usb_upload_start
                0xc7e234c8                fboot_usb_clear_upfile_info
                0xc7e23d8c                fboot_usb_init_phy
                0xc7e21480                fboot_usb_clear_soft_disconnect
                0xc7e2167c                fboot_usb_get_desc
                0xc7e23538                fboot_usb_set_opmode
                0xc7e241d0                fastboot_poll
                0xc7e214dc                fboot_usbc_activate
                0xc7e23060                fboot_usb_dma_in_done
                0xc7e2360c                fboot_usb_reset
                0xc7e23274                fboot_usb_set_endpoint
                0xc7e21550                fboot_usb_set_outep_xfersize
                0xc7e214e4                fboot_usb_stop
                0xc7e2151c                fboot_usb_set_inep_xfersize
                0xc7e21eb8                fboot_usb_transfer_ep0
                0xc7e2346c                fboot_usb_check_speed
                0xc7e23678                fastboot_shutdown
                0xc7e236ac                fastboot_getvar
                0xc7e2162c                fboot_usb_read_out_fifo
                0xc7e21498                fboot_usb_init_device
                0xc7e236b4                fboot_usb_int_bulkin
                0xc7e23efc                fastboot_init
                0xc7e21880                fboot_usb_clear_feature
                0xc7e23508                fboot_usb_check_setconf
                0xc7e23c1c                fboot_usb_transfer
                0xc7e23174                fboot_usb_set_all_outep_nak
                0xc7e22e40                fboot_usb_download_start
                0xc7e2367c                fastboot_fifo_size
                0xc7e24224                fastboot_tx_status
                0xc7e23afc                fboot_usb_dma_out_done
                0xc7e23de0                fboot_usbctl_init
                0xc7e21a90                fboot_usb_get_status
                0xc7e23d48                fboot_usb_wait_cable_insert
                0xc7e21914                fboot_usb_set_feature
                0xc7e21584                fboot_usb_write_ep0_fifo
                0xc7e21b60                fboot_usb_ep0_int_hndlr
                0xc7e23abc                fboot_usb_print_pkt
                0xc7e23768                fastboot_preboot
                0xc7e21430                fboot_usb_init_core
                0xc7e21468                fboot_usb_set_soft_disconnect
                0xc7e238f0                fboot_usb_download_continue
                0xc7e24114                fboot_usb_int_hndlr
                0xc7e231c4                fboot_usb_set_max_pktsize
                0xc7e23824                fboot_usb_verify_checksum
                0xc7e23fe0                fboot_usb_int_bulkout
                0xc7e2319c                fboot_usb_clear_all_outep_nak
                0xc7e232cc                fboot_usb_set_descriptors
                0xc7e24090                fboot_usb_pkt_receive
                0xc7e215d8                fboot_usb_write_in_fifo
                0xc7e2378c                fboot_usb_set_init
                0xc7e213f8                fboot_usb_phy_off
                0xc7e21450                fboot_usb_check_current_mode
                0xc7e21410                fboot_usb_core_soft_reset
                0xc7e21d94                fboot_usb_set_otherspeed_conf_desc
 .text          0xc7e24280       0xb4 lib_arm/libarm.a(_umodsi3.o)
                0xc7e24280                __umodsi3
 .text          0xc7e24334      0x2fc lib_arm/libarm.a(bootm.o)
                0xc7e243e0                do_bootm_linux
                0xc7e24334                setup_mtdpartition_tag
 .text          0xc7e24630        0x4 lib_arm/libarm.a(cache.o)
                0xc7e24630                flush_cache
 .text          0xc7e24634     0x19c4 fs/fat/libfat.a(fat.o)
                0xc7e25828                file_fat_read
                0xc7e24f04                do_fat_read
                0xc7e25860                file_fat_ls
                0xc7e25990                fat_format_device
                0xc7e24ab4                file_fat_detectfs
                0xc7e2465c                disk_read
                0xc7e25870                fat_register_device
 .text          0xc7e25ff8     0x3798 fs/ext2/libext2fs.a(ext2fs.o)
                0xc7e289ac                ext2fs_read_file
                0xc7e288d4                ext2fs_close
                0xc7e26054                ext2fs_format
                0xc7e26014                default_journal_size
                0xc7e28fec                ext2fs_mount
                0xc7e29714                ext2fs_ls
                0xc7e25ff8                get_random_val
                0xc7e295e8                ext2fs_find_file
                0xc7e29670                ext2fs_open
                0xc7e288b4                ext2fs_free_node
                0xc7e28ee0                ext2fs_read
                0xc7e29334                ext2fs_find_file1
 .text          0xc7e29790      0x23c fs/ext2/libext2fs.a(dev.o)
                0xc7e29978                ext2fs_set_blk_dev
                0xc7e29790                ext2fs_devread
 .text          0xc7e299cc      0x350 disk/libdisk.a(part.o)
                0xc7e29aa8                dev_print
                0xc7e299cc                print_part
                0xc7e29cb8                get_dev
                0xc7e29c78                get_partition_info
                0xc7e29c9c                init_part
 .text          0xc7e29d1c      0x4ec disk/libdisk.a(part_dos.o)
                0xc7e29fe4                get_partition_info_dos
                0xc7e2a1dc                print_part_dos
                0xc7e29d64                test_part_dos
 .text          0xc7e2a208       0xa0 drivers/mtd/nand/libnand.a(nand.o)
                0xc7e2a208                nand_init
 .text          0xc7e2a2a8     0x3054 drivers/mtd/nand/libnand.a(nand_base.o)
                0xc7e2c5a0                nand_read
                0xc7e2a4c4                nand_wait_ready
                0xc7e2afb0                nand_scan_ident
                0xc7e2b9e0                nand_scan
                0xc7e2ca40                nand_erase_nand
                0xc7e2b4fc                nand_scan_tail
                0xc7e2af88                nand_release
 .text          0xc7e2d2fc        0x0 drivers/mtd/nand/libnand.a(nand_ids.o)
 .text          0xc7e2d2fc      0x220 drivers/mtd/nand/libnand.a(nand_ecc.o)
                0xc7e2d3f4                nand_correct_data
                0xc7e2d2fc                nand_calculate_ecc
 .text          0xc7e2d51c     0x1750 drivers/mtd/nand/libnand.a(nand_bbt.o)
                0xc7e2d7a8                nand_isbad_bbt
                0xc7e2eb94                nand_default_bbt
                0xc7e2e434                nand_update_bbt
                0xc7e2e710                nand_scan_bbt
 .text          0xc7e2ec6c      0xe84 drivers/mtd/nand/libnand.a(nand_util.o)
                0xc7e2ec74                nand_lock
                0xc7e2ecc8                nand_unlock
                0xc7e2edd8                nand_get_lock_status
                0xc7e2f788                nand_erase_opts
                0xc7e2ee64                nand_read_opts
                0xc7e2f224                nand_write_opts
 .text          0xc7e2faf0      0x290 drivers/rtc/librtc.a(date.o)
                0xc7e2faf0                GregorianDay
                0xc7e2fcec                mktime
                0xc7e2fbe4                to_tm
 .text          0xc7e2fd80      0x23c drivers/rtc/librtc.a(s5p64xx_rtc.o)
                0xc7e2fe04                rtc_set
                0xc7e2ff94                rtc_reset
                0xc7e2fea0                rtc_get
 .text          0xc7e2ffbc      0x120 lib_generic/libgeneric.a(div64.o)
                0xc7e2ffbc                __div64_32
 .text          0xc7e300dc      0xcc4 cpu/s5p645x/libs5p645x.a(nand.o)
                0xc7e30b28                board_nand_init
 .text          0xc7e30da0       0x1c lib_arm/libarm.a(_ashldi3.o)
                0xc7e30da0                __ashldi3
 .text          0xc7e30dbc       0x1c lib_arm/libarm.a(_ashrdi3.o)
                0xc7e30dbc                __ashrdi3
 lib_arm/div0.o()
 .data          0xc7e30dd8        0x0 lib_arm/div0.o
 .bss           0xc7e30dd8        0x0 lib_arm/div0.o
 .debug_abbrev  0xc7e30dd8       0x29 lib_arm/div0.o
 .debug_info    0xc7e30e01       0x39 lib_arm/div0.o
 .debug_line    0xc7e30e3a       0x38 lib_arm/div0.o
 *fill*         0xc7e30e72        0x2 00
 .debug_frame   0xc7e30e74       0x20 lib_arm/div0.o
 .debug_pubnames
                0xc7e30e94       0x1d lib_arm/div0.o
 .debug_aranges
                0xc7e30eb1       0x20 lib_arm/div0.o
 .debug_str     0xc7e30ed1       0x43 lib_arm/div0.o
 .comment       0xc7e30f14       0x12 lib_arm/div0.o
 .ARM.attributes
                0xc7e30f26       0x10 lib_arm/div0.o
 *fill*         0xc7e30f36        0x2 00
 .glue_7        0xc7e30f38        0x0 lib_arm/div0.o
 .glue_7t       0xc7e30f38        0x0 lib_arm/div0.o
 .vfp11_veneer  0xc7e30f38        0x0 lib_arm/div0.o

.glue_7         0xc7e30f38        0x0
 .glue_7        0xc7e30f38        0x0 cpu/s5p645x/start.o
 .glue_7        0xc7e30f38        0x0 cpu/s5p645x/start_irom.o
 .glue_7        0xc7e30f38        0x0 cpu/s5p645x/s5p6450/cpu_init.o
 .glue_7        0xc7e30f38        0x0 board/samsung/smdk6450/lowlevel_init.o
 .glue_7        0xc7e30f38        0x0 cpu/s5p645x/nand_cp.o
 .glue_7        0xc7e30f38        0x0 cpu/s5p645x/movi.o
 .glue_7        0xc7e30f38        0x0 cpu/s5p645x/libs5p645x.a(interrupts.o)
 .glue_7        0xc7e30f38        0x0 cpu/s5p645x/libs5p645x.a(cpu.o)
 .glue_7        0xc7e30f38        0x0 cpu/s5p645x/libs5p645x.a(setup_hsmmc.o)
 .glue_7        0xc7e30f38        0x0 cpu/s5p645x/libs5p645x.a(serial.o)
 .glue_7        0xc7e30f38        0x0 cpu/s5p645x/s5p6450/libs5p6450.a(speed.o)
 .glue_7        0xc7e30f38        0x0 lib_arm/libarm.a(_udivsi3.o)
 .glue_7        0xc7e30f38        0x0 lib_arm/libarm.a(board.o)
 .glue_7        0xc7e30f38        0x0 lib_arm/libarm.a(_divsi3.o)
 .glue_7        0xc7e30f38        0x0 lib_arm/libarm.a(_modsi3.o)
 .glue_7        0xc7e30f38        0x0 net/libnet.a(net.o)
 .glue_7        0xc7e30f38        0x0 net/libnet.a(tftp.o)
 .glue_7        0xc7e30f38        0x0 net/libnet.a(bootp.o)
 .glue_7        0xc7e30f38        0x0 net/libnet.a(rarp.o)
 .glue_7        0xc7e30f38        0x0 net/libnet.a(eth.o)
 .glue_7        0xc7e30f38        0x0 net/libnet.a(nfs.o)
 .glue_7        0xc7e30f38        0x0 drivers/mmc/libmmc.a(mmc.o)
 .glue_7        0xc7e30f38        0x0 drivers/mmc/libmmc.a(s3c_hsmmc.o)
 .glue_7        0xc7e30f38        0x0 drivers/net/libnet.a(dm9000x.o)
 .glue_7        0xc7e30f38        0x0 common/libcommon.a(main.o)
 .glue_7        0xc7e30f38        0x0 common/libcommon.a(cmd_autoscript.o)
 .glue_7        0xc7e30f38        0x0 common/libcommon.a(cmd_bdinfo.o)
 .glue_7        0xc7e30f38        0x0 common/libcommon.a(image.o)
 .glue_7        0xc7e30f38        0x0 common/libcommon.a(cmd_boot.o)
 .glue_7        0xc7e30f38        0x0 common/libcommon.a(cmd_bootm.o)
 .glue_7        0xc7e30f38        0x0 common/libcommon.a(cmd_cache.o)
 .glue_7        0xc7e30f38        0x0 common/libcommon.a(cmd_console.o)
 .glue_7        0xc7e30f38        0x0 common/libcommon.a(cmd_date.o)
 .glue_7        0xc7e30f38        0x0 common/libcommon.a(cmd_elf.o)
 .glue_7        0xc7e30f38        0x0 common/libcommon.a(cmd_ext2.o)
 .glue_7        0xc7e30f38        0x0 common/libcommon.a(cmd_fat.o)
 .glue_7        0xc7e30f38        0x0 common/libcommon.a(cmd_flash.o)
 .glue_7        0xc7e30f38        0x0 common/libcommon.a(cmd_itest.o)
 .glue_7        0xc7e30f38        0x0 common/libcommon.a(cmd_load.o)
 .glue_7        0xc7e30f38        0x0 common/libcommon.a(cmd_mem.o)
 .glue_7        0xc7e30f38        0x0 common/libcommon.a(cmd_misc.o)
 .glue_7        0xc7e30f38        0x0 common/libcommon.a(cmd_mmc.o)
 .glue_7        0xc7e30f38        0x0 common/libcommon.a(cmd_nand.o)
 .glue_7        0xc7e30f38        0x0 common/libcommon.a(cmd_net.o)
 .glue_7        0xc7e30f38        0x0 common/libcommon.a(cmd_nvedit.o)
 .glue_7        0xc7e30f38        0x0 common/libcommon.a(cmd_reginfo.o)
 .glue_7        0xc7e30f38        0x0 common/libcommon.a(cmd_usbd.o)
 .glue_7        0xc7e30f38        0x0 common/libcommon.a(cmd_ximg.o)
 .glue_7        0xc7e30f38        0x0 common/libcommon.a(command.o)
 .glue_7        0xc7e30f38        0x0 common/libcommon.a(console.o)
 .glue_7        0xc7e30f38        0x0 common/libcommon.a(devices.o)
 .glue_7        0xc7e30f38        0x0 common/libcommon.a(dlmalloc.o)
 .glue_7        0xc7e30f38        0x0 common/libcommon.a(env_common.o)
 .glue_7        0xc7e30f38        0x0 common/libcommon.a(exports.o)
 .glue_7        0xc7e30f38        0x0 common/libcommon.a(flash.o)
 .glue_7        0xc7e30f38        0x0 common/libcommon.a(hush.o)
 .glue_7        0xc7e30f38        0x0 common/libcommon.a(lists.o)
 .glue_7        0xc7e30f38        0x0 common/libcommon.a(s_record.o)
 .glue_7        0xc7e30f38        0x0 common/libcommon.a(usb.o)
 .glue_7        0xc7e30f38        0x0 common/libcommon.a(xyzModem.o)
 .glue_7        0xc7e30f38        0x0 common/libcommon.a(cmd_movi.o)
 .glue_7        0xc7e30f38        0x0 common/libcommon.a(cmd_lcd.o)
 .glue_7        0xc7e30f38        0x0 common/libcommon.a(cmd_fastboot.o)
 .glue_7        0xc7e30f38        0x0 common/libcommon.a(cmd_mmc_fdisk.o)
 .glue_7        0xc7e30f38        0x0 common/libcommon.a(env_auto.o)
 .glue_7        0xc7e30f38        0x0 common/libcommon.a(gunzip.o)
 .glue_7        0xc7e30f38        0x0 common/libcommon.a(crc16.o)
 .glue_7        0xc7e30f38        0x0 board/samsung/smdk6450/libsmdk6450.a(smdk6450.o)
 .glue_7        0xc7e30f38        0x0 board/samsung/smdk6450/libsmdk6450.a(flash.o)
 .glue_7        0xc7e30f38        0x0 lib_generic/libgeneric.a(crc32.o)
 .glue_7        0xc7e30f38        0x0 lib_generic/libgeneric.a(ctype.o)
 .glue_7        0xc7e30f38        0x0 lib_generic/libgeneric.a(display_options.o)
 .glue_7        0xc7e30f38        0x0 lib_generic/libgeneric.a(lmb.o)
 .glue_7        0xc7e30f38        0x0 lib_generic/libgeneric.a(string.o)
 .glue_7        0xc7e30f38        0x0 lib_generic/libgeneric.a(vsprintf.o)
 .glue_7        0xc7e30f38        0x0 lib_generic/libgeneric.a(zlib.o)
 .glue_7        0xc7e30f38        0x0 cpu/s5p645x/libs5p645x.a(usb_ohci.o)
 .glue_7        0xc7e30f38        0x0 cpu/s5p645x/libs5p645x.a(usbd-otg-hs.o)
 .glue_7        0xc7e30f38        0x0 cpu/s5p645x/libs5p645x.a(fastboot.o)
 .glue_7        0xc7e30f38        0x0 lib_arm/libarm.a(_umodsi3.o)
 .glue_7        0xc7e30f38        0x0 lib_arm/libarm.a(bootm.o)
 .glue_7        0xc7e30f38        0x0 lib_arm/libarm.a(cache.o)
 .glue_7        0xc7e30f38        0x0 fs/fat/libfat.a(fat.o)
 .glue_7        0xc7e30f38        0x0 fs/ext2/libext2fs.a(ext2fs.o)
 .glue_7        0xc7e30f38        0x0 fs/ext2/libext2fs.a(dev.o)
 .glue_7        0xc7e30f38        0x0 disk/libdisk.a(part.o)
 .glue_7        0xc7e30f38        0x0 disk/libdisk.a(part_dos.o)
 .glue_7        0xc7e30f38        0x0 drivers/mtd/nand/libnand.a(nand.o)
 .glue_7        0xc7e30f38        0x0 drivers/mtd/nand/libnand.a(nand_base.o)
 .glue_7        0xc7e30f38        0x0 drivers/mtd/nand/libnand.a(nand_ids.o)
 .glue_7        0xc7e30f38        0x0 drivers/mtd/nand/libnand.a(nand_ecc.o)
 .glue_7        0xc7e30f38        0x0 drivers/mtd/nand/libnand.a(nand_bbt.o)
 .glue_7        0xc7e30f38        0x0 drivers/mtd/nand/libnand.a(nand_util.o)
 .glue_7        0xc7e30f38        0x0 drivers/rtc/librtc.a(date.o)
 .glue_7        0xc7e30f38        0x0 drivers/rtc/librtc.a(s5p64xx_rtc.o)
 .glue_7        0xc7e30f38        0x0 lib_generic/libgeneric.a(div64.o)
 .glue_7        0xc7e30f38        0x0 cpu/s5p645x/libs5p645x.a(nand.o)
 .glue_7        0xc7e30f38        0x0 lib_arm/libarm.a(_ashldi3.o)
 .glue_7        0xc7e30f38        0x0 lib_arm/libarm.a(_ashrdi3.o)

.glue_7t        0xc7e30f38        0x0
 .glue_7t       0xc7e30f38        0x0 cpu/s5p645x/start.o
 .glue_7t       0xc7e30f38        0x0 cpu/s5p645x/start_irom.o
 .glue_7t       0xc7e30f38        0x0 cpu/s5p645x/s5p6450/cpu_init.o
 .glue_7t       0xc7e30f38        0x0 board/samsung/smdk6450/lowlevel_init.o
 .glue_7t       0xc7e30f38        0x0 cpu/s5p645x/nand_cp.o
 .glue_7t       0xc7e30f38        0x0 cpu/s5p645x/movi.o
 .glue_7t       0xc7e30f38        0x0 cpu/s5p645x/libs5p645x.a(interrupts.o)
 .glue_7t       0xc7e30f38        0x0 cpu/s5p645x/libs5p645x.a(cpu.o)
 .glue_7t       0xc7e30f38        0x0 cpu/s5p645x/libs5p645x.a(setup_hsmmc.o)
 .glue_7t       0xc7e30f38        0x0 cpu/s5p645x/libs5p645x.a(serial.o)
 .glue_7t       0xc7e30f38        0x0 cpu/s5p645x/s5p6450/libs5p6450.a(speed.o)
 .glue_7t       0xc7e30f38        0x0 lib_arm/libarm.a(_udivsi3.o)
 .glue_7t       0xc7e30f38        0x0 lib_arm/libarm.a(board.o)
 .glue_7t       0xc7e30f38        0x0 lib_arm/libarm.a(_divsi3.o)
 .glue_7t       0xc7e30f38        0x0 lib_arm/libarm.a(_modsi3.o)
 .glue_7t       0xc7e30f38        0x0 net/libnet.a(net.o)
 .glue_7t       0xc7e30f38        0x0 net/libnet.a(tftp.o)
 .glue_7t       0xc7e30f38        0x0 net/libnet.a(bootp.o)
 .glue_7t       0xc7e30f38        0x0 net/libnet.a(rarp.o)
 .glue_7t       0xc7e30f38        0x0 net/libnet.a(eth.o)
 .glue_7t       0xc7e30f38        0x0 net/libnet.a(nfs.o)
 .glue_7t       0xc7e30f38        0x0 drivers/mmc/libmmc.a(mmc.o)
 .glue_7t       0xc7e30f38        0x0 drivers/mmc/libmmc.a(s3c_hsmmc.o)
 .glue_7t       0xc7e30f38        0x0 drivers/net/libnet.a(dm9000x.o)
 .glue_7t       0xc7e30f38        0x0 common/libcommon.a(main.o)
 .glue_7t       0xc7e30f38        0x0 common/libcommon.a(cmd_autoscript.o)
 .glue_7t       0xc7e30f38        0x0 common/libcommon.a(cmd_bdinfo.o)
 .glue_7t       0xc7e30f38        0x0 common/libcommon.a(image.o)
 .glue_7t       0xc7e30f38        0x0 common/libcommon.a(cmd_boot.o)
 .glue_7t       0xc7e30f38        0x0 common/libcommon.a(cmd_bootm.o)
 .glue_7t       0xc7e30f38        0x0 common/libcommon.a(cmd_cache.o)
 .glue_7t       0xc7e30f38        0x0 common/libcommon.a(cmd_console.o)
 .glue_7t       0xc7e30f38        0x0 common/libcommon.a(cmd_date.o)
 .glue_7t       0xc7e30f38        0x0 common/libcommon.a(cmd_elf.o)
 .glue_7t       0xc7e30f38        0x0 common/libcommon.a(cmd_ext2.o)
 .glue_7t       0xc7e30f38        0x0 common/libcommon.a(cmd_fat.o)
 .glue_7t       0xc7e30f38        0x0 common/libcommon.a(cmd_flash.o)
 .glue_7t       0xc7e30f38        0x0 common/libcommon.a(cmd_itest.o)
 .glue_7t       0xc7e30f38        0x0 common/libcommon.a(cmd_load.o)
 .glue_7t       0xc7e30f38        0x0 common/libcommon.a(cmd_mem.o)
 .glue_7t       0xc7e30f38        0x0 common/libcommon.a(cmd_misc.o)
 .glue_7t       0xc7e30f38        0x0 common/libcommon.a(cmd_mmc.o)
 .glue_7t       0xc7e30f38        0x0 common/libcommon.a(cmd_nand.o)
 .glue_7t       0xc7e30f38        0x0 common/libcommon.a(cmd_net.o)
 .glue_7t       0xc7e30f38        0x0 common/libcommon.a(cmd_nvedit.o)
 .glue_7t       0xc7e30f38        0x0 common/libcommon.a(cmd_reginfo.o)
 .glue_7t       0xc7e30f38        0x0 common/libcommon.a(cmd_usbd.o)
 .glue_7t       0xc7e30f38        0x0 common/libcommon.a(cmd_ximg.o)
 .glue_7t       0xc7e30f38        0x0 common/libcommon.a(command.o)
 .glue_7t       0xc7e30f38        0x0 common/libcommon.a(console.o)
 .glue_7t       0xc7e30f38        0x0 common/libcommon.a(devices.o)
 .glue_7t       0xc7e30f38        0x0 common/libcommon.a(dlmalloc.o)
 .glue_7t       0xc7e30f38        0x0 common/libcommon.a(env_common.o)
 .glue_7t       0xc7e30f38        0x0 common/libcommon.a(exports.o)
 .glue_7t       0xc7e30f38        0x0 common/libcommon.a(flash.o)
 .glue_7t       0xc7e30f38        0x0 common/libcommon.a(hush.o)
 .glue_7t       0xc7e30f38        0x0 common/libcommon.a(lists.o)
 .glue_7t       0xc7e30f38        0x0 common/libcommon.a(s_record.o)
 .glue_7t       0xc7e30f38        0x0 common/libcommon.a(usb.o)
 .glue_7t       0xc7e30f38        0x0 common/libcommon.a(xyzModem.o)
 .glue_7t       0xc7e30f38        0x0 common/libcommon.a(cmd_movi.o)
 .glue_7t       0xc7e30f38        0x0 common/libcommon.a(cmd_lcd.o)
 .glue_7t       0xc7e30f38        0x0 common/libcommon.a(cmd_fastboot.o)
 .glue_7t       0xc7e30f38        0x0 common/libcommon.a(cmd_mmc_fdisk.o)
 .glue_7t       0xc7e30f38        0x0 common/libcommon.a(env_auto.o)
 .glue_7t       0xc7e30f38        0x0 common/libcommon.a(gunzip.o)
 .glue_7t       0xc7e30f38        0x0 common/libcommon.a(crc16.o)
 .glue_7t       0xc7e30f38        0x0 board/samsung/smdk6450/libsmdk6450.a(smdk6450.o)
 .glue_7t       0xc7e30f38        0x0 board/samsung/smdk6450/libsmdk6450.a(flash.o)
 .glue_7t       0xc7e30f38        0x0 lib_generic/libgeneric.a(crc32.o)
 .glue_7t       0xc7e30f38        0x0 lib_generic/libgeneric.a(ctype.o)
 .glue_7t       0xc7e30f38        0x0 lib_generic/libgeneric.a(display_options.o)
 .glue_7t       0xc7e30f38        0x0 lib_generic/libgeneric.a(lmb.o)
 .glue_7t       0xc7e30f38        0x0 lib_generic/libgeneric.a(string.o)
 .glue_7t       0xc7e30f38        0x0 lib_generic/libgeneric.a(vsprintf.o)
 .glue_7t       0xc7e30f38        0x0 lib_generic/libgeneric.a(zlib.o)
 .glue_7t       0xc7e30f38        0x0 cpu/s5p645x/libs5p645x.a(usb_ohci.o)
 .glue_7t       0xc7e30f38        0x0 cpu/s5p645x/libs5p645x.a(usbd-otg-hs.o)
 .glue_7t       0xc7e30f38        0x0 cpu/s5p645x/libs5p645x.a(fastboot.o)
 .glue_7t       0xc7e30f38        0x0 lib_arm/libarm.a(_umodsi3.o)
 .glue_7t       0xc7e30f38        0x0 lib_arm/libarm.a(bootm.o)
 .glue_7t       0xc7e30f38        0x0 lib_arm/libarm.a(cache.o)
 .glue_7t       0xc7e30f38        0x0 fs/fat/libfat.a(fat.o)
 .glue_7t       0xc7e30f38        0x0 fs/ext2/libext2fs.a(ext2fs.o)
 .glue_7t       0xc7e30f38        0x0 fs/ext2/libext2fs.a(dev.o)
 .glue_7t       0xc7e30f38        0x0 disk/libdisk.a(part.o)
 .glue_7t       0xc7e30f38        0x0 disk/libdisk.a(part_dos.o)
 .glue_7t       0xc7e30f38        0x0 drivers/mtd/nand/libnand.a(nand.o)
 .glue_7t       0xc7e30f38        0x0 drivers/mtd/nand/libnand.a(nand_base.o)
 .glue_7t       0xc7e30f38        0x0 drivers/mtd/nand/libnand.a(nand_ids.o)
 .glue_7t       0xc7e30f38        0x0 drivers/mtd/nand/libnand.a(nand_ecc.o)
 .glue_7t       0xc7e30f38        0x0 drivers/mtd/nand/libnand.a(nand_bbt.o)
 .glue_7t       0xc7e30f38        0x0 drivers/mtd/nand/libnand.a(nand_util.o)
 .glue_7t       0xc7e30f38        0x0 drivers/rtc/librtc.a(date.o)
 .glue_7t       0xc7e30f38        0x0 drivers/rtc/librtc.a(s5p64xx_rtc.o)
 .glue_7t       0xc7e30f38        0x0 lib_generic/libgeneric.a(div64.o)
 .glue_7t       0xc7e30f38        0x0 cpu/s5p645x/libs5p645x.a(nand.o)
 .glue_7t       0xc7e30f38        0x0 lib_arm/libarm.a(_ashldi3.o)
 .glue_7t       0xc7e30f38        0x0 lib_arm/libarm.a(_ashrdi3.o)

.vfp11_veneer   0xc7e30f38        0x0
 .vfp11_veneer  0xc7e30f38        0x0 cpu/s5p645x/start.o
 .vfp11_veneer  0xc7e30f38        0x0 cpu/s5p645x/start_irom.o
 .vfp11_veneer  0xc7e30f38        0x0 cpu/s5p645x/s5p6450/cpu_init.o
 .vfp11_veneer  0xc7e30f38        0x0 board/samsung/smdk6450/lowlevel_init.o
 .vfp11_veneer  0xc7e30f38        0x0 cpu/s5p645x/nand_cp.o
 .vfp11_veneer  0xc7e30f38        0x0 cpu/s5p645x/movi.o
 .vfp11_veneer  0xc7e30f38        0x0 cpu/s5p645x/libs5p645x.a(interrupts.o)
 .vfp11_veneer  0xc7e30f38        0x0 cpu/s5p645x/libs5p645x.a(cpu.o)
 .vfp11_veneer  0xc7e30f38        0x0 cpu/s5p645x/libs5p645x.a(setup_hsmmc.o)
 .vfp11_veneer  0xc7e30f38        0x0 cpu/s5p645x/libs5p645x.a(serial.o)
 .vfp11_veneer  0xc7e30f38        0x0 cpu/s5p645x/s5p6450/libs5p6450.a(speed.o)
 .vfp11_veneer  0xc7e30f38        0x0 lib_arm/libarm.a(_udivsi3.o)
 .vfp11_veneer  0xc7e30f38        0x0 lib_arm/libarm.a(board.o)
 .vfp11_veneer  0xc7e30f38        0x0 lib_arm/libarm.a(_divsi3.o)
 .vfp11_veneer  0xc7e30f38        0x0 lib_arm/libarm.a(_modsi3.o)
 .vfp11_veneer  0xc7e30f38        0x0 net/libnet.a(net.o)
 .vfp11_veneer  0xc7e30f38        0x0 net/libnet.a(tftp.o)
 .vfp11_veneer  0xc7e30f38        0x0 net/libnet.a(bootp.o)
 .vfp11_veneer  0xc7e30f38        0x0 net/libnet.a(rarp.o)
 .vfp11_veneer  0xc7e30f38        0x0 net/libnet.a(eth.o)
 .vfp11_veneer  0xc7e30f38        0x0 net/libnet.a(nfs.o)
 .vfp11_veneer  0xc7e30f38        0x0 drivers/mmc/libmmc.a(mmc.o)
 .vfp11_veneer  0xc7e30f38        0x0 drivers/mmc/libmmc.a(s3c_hsmmc.o)
 .vfp11_veneer  0xc7e30f38        0x0 drivers/net/libnet.a(dm9000x.o)
 .vfp11_veneer  0xc7e30f38        0x0 common/libcommon.a(main.o)
 .vfp11_veneer  0xc7e30f38        0x0 common/libcommon.a(cmd_autoscript.o)
 .vfp11_veneer  0xc7e30f38        0x0 common/libcommon.a(cmd_bdinfo.o)
 .vfp11_veneer  0xc7e30f38        0x0 common/libcommon.a(image.o)
 .vfp11_veneer  0xc7e30f38        0x0 common/libcommon.a(cmd_boot.o)
 .vfp11_veneer  0xc7e30f38        0x0 common/libcommon.a(cmd_bootm.o)
 .vfp11_veneer  0xc7e30f38        0x0 common/libcommon.a(cmd_cache.o)
 .vfp11_veneer  0xc7e30f38        0x0 common/libcommon.a(cmd_console.o)
 .vfp11_veneer  0xc7e30f38        0x0 common/libcommon.a(cmd_date.o)
 .vfp11_veneer  0xc7e30f38        0x0 common/libcommon.a(cmd_elf.o)
 .vfp11_veneer  0xc7e30f38        0x0 common/libcommon.a(cmd_ext2.o)
 .vfp11_veneer  0xc7e30f38        0x0 common/libcommon.a(cmd_fat.o)
 .vfp11_veneer  0xc7e30f38        0x0 common/libcommon.a(cmd_flash.o)
 .vfp11_veneer  0xc7e30f38        0x0 common/libcommon.a(cmd_itest.o)
 .vfp11_veneer  0xc7e30f38        0x0 common/libcommon.a(cmd_load.o)
 .vfp11_veneer  0xc7e30f38        0x0 common/libcommon.a(cmd_mem.o)
 .vfp11_veneer  0xc7e30f38        0x0 common/libcommon.a(cmd_misc.o)
 .vfp11_veneer  0xc7e30f38        0x0 common/libcommon.a(cmd_mmc.o)
 .vfp11_veneer  0xc7e30f38        0x0 common/libcommon.a(cmd_nand.o)
 .vfp11_veneer  0xc7e30f38        0x0 common/libcommon.a(cmd_net.o)
 .vfp11_veneer  0xc7e30f38        0x0 common/libcommon.a(cmd_nvedit.o)
 .vfp11_veneer  0xc7e30f38        0x0 common/libcommon.a(cmd_reginfo.o)
 .vfp11_veneer  0xc7e30f38        0x0 common/libcommon.a(cmd_usbd.o)
 .vfp11_veneer  0xc7e30f38        0x0 common/libcommon.a(cmd_ximg.o)
 .vfp11_veneer  0xc7e30f38        0x0 common/libcommon.a(command.o)
 .vfp11_veneer  0xc7e30f38        0x0 common/libcommon.a(console.o)
 .vfp11_veneer  0xc7e30f38        0x0 common/libcommon.a(devices.o)
 .vfp11_veneer  0xc7e30f38        0x0 common/libcommon.a(dlmalloc.o)
 .vfp11_veneer  0xc7e30f38        0x0 common/libcommon.a(env_common.o)
 .vfp11_veneer  0xc7e30f38        0x0 common/libcommon.a(exports.o)
 .vfp11_veneer  0xc7e30f38        0x0 common/libcommon.a(flash.o)
 .vfp11_veneer  0xc7e30f38        0x0 common/libcommon.a(hush.o)
 .vfp11_veneer  0xc7e30f38        0x0 common/libcommon.a(lists.o)
 .vfp11_veneer  0xc7e30f38        0x0 common/libcommon.a(s_record.o)
 .vfp11_veneer  0xc7e30f38        0x0 common/libcommon.a(usb.o)
 .vfp11_veneer  0xc7e30f38        0x0 common/libcommon.a(xyzModem.o)
 .vfp11_veneer  0xc7e30f38        0x0 common/libcommon.a(cmd_movi.o)
 .vfp11_veneer  0xc7e30f38        0x0 common/libcommon.a(cmd_lcd.o)
 .vfp11_veneer  0xc7e30f38        0x0 common/libcommon.a(cmd_fastboot.o)
 .vfp11_veneer  0xc7e30f38        0x0 common/libcommon.a(cmd_mmc_fdisk.o)
 .vfp11_veneer  0xc7e30f38        0x0 common/libcommon.a(env_auto.o)
 .vfp11_veneer  0xc7e30f38        0x0 common/libcommon.a(gunzip.o)
 .vfp11_veneer  0xc7e30f38        0x0 common/libcommon.a(crc16.o)
 .vfp11_veneer  0xc7e30f38        0x0 board/samsung/smdk6450/libsmdk6450.a(smdk6450.o)
 .vfp11_veneer  0xc7e30f38        0x0 board/samsung/smdk6450/libsmdk6450.a(flash.o)
 .vfp11_veneer  0xc7e30f38        0x0 lib_generic/libgeneric.a(crc32.o)
 .vfp11_veneer  0xc7e30f38        0x0 lib_generic/libgeneric.a(ctype.o)
 .vfp11_veneer  0xc7e30f38        0x0 lib_generic/libgeneric.a(display_options.o)
 .vfp11_veneer  0xc7e30f38        0x0 lib_generic/libgeneric.a(lmb.o)
 .vfp11_veneer  0xc7e30f38        0x0 lib_generic/libgeneric.a(string.o)
 .vfp11_veneer  0xc7e30f38        0x0 lib_generic/libgeneric.a(vsprintf.o)
 .vfp11_veneer  0xc7e30f38        0x0 lib_generic/libgeneric.a(zlib.o)
 .vfp11_veneer  0xc7e30f38        0x0 cpu/s5p645x/libs5p645x.a(usb_ohci.o)
 .vfp11_veneer  0xc7e30f38        0x0 cpu/s5p645x/libs5p645x.a(usbd-otg-hs.o)
 .vfp11_veneer  0xc7e30f38        0x0 cpu/s5p645x/libs5p645x.a(fastboot.o)
 .vfp11_veneer  0xc7e30f38        0x0 lib_arm/libarm.a(_umodsi3.o)
 .vfp11_veneer  0xc7e30f38        0x0 lib_arm/libarm.a(bootm.o)
 .vfp11_veneer  0xc7e30f38        0x0 lib_arm/libarm.a(cache.o)
 .vfp11_veneer  0xc7e30f38        0x0 fs/fat/libfat.a(fat.o)
 .vfp11_veneer  0xc7e30f38        0x0 fs/ext2/libext2fs.a(ext2fs.o)
 .vfp11_veneer  0xc7e30f38        0x0 fs/ext2/libext2fs.a(dev.o)
 .vfp11_veneer  0xc7e30f38        0x0 disk/libdisk.a(part.o)
 .vfp11_veneer  0xc7e30f38        0x0 disk/libdisk.a(part_dos.o)
 .vfp11_veneer  0xc7e30f38        0x0 drivers/mtd/nand/libnand.a(nand.o)
 .vfp11_veneer  0xc7e30f38        0x0 drivers/mtd/nand/libnand.a(nand_base.o)
 .vfp11_veneer  0xc7e30f38        0x0 drivers/mtd/nand/libnand.a(nand_ids.o)
 .vfp11_veneer  0xc7e30f38        0x0 drivers/mtd/nand/libnand.a(nand_ecc.o)
 .vfp11_veneer  0xc7e30f38        0x0 drivers/mtd/nand/libnand.a(nand_bbt.o)
 .vfp11_veneer  0xc7e30f38        0x0 drivers/mtd/nand/libnand.a(nand_util.o)
 .vfp11_veneer  0xc7e30f38        0x0 drivers/rtc/librtc.a(date.o)
 .vfp11_veneer  0xc7e30f38        0x0 drivers/rtc/librtc.a(s5p64xx_rtc.o)
 .vfp11_veneer  0xc7e30f38        0x0 lib_generic/libgeneric.a(div64.o)
 .vfp11_veneer  0xc7e30f38        0x0 cpu/s5p645x/libs5p645x.a(nand.o)
 .vfp11_veneer  0xc7e30f38        0x0 lib_arm/libarm.a(_ashldi3.o)
 .vfp11_veneer  0xc7e30f38        0x0 lib_arm/libarm.a(_ashrdi3.o)
                0xc7e30f38                . = ALIGN (0x4)

.rodata         0xc7e30f38      0xa78
 *(.rodata)
 .rodata        0xc7e30f38       0x80 cpu/s5p645x/libs5p645x.a(interrupts.o)
 .rodata        0xc7e30fb8       0x38 lib_arm/libarm.a(board.o)
                0xc7e30fb8                version_string
 .rodata        0xc7e30ff0        0x8 net/libnet.a(net.o)
 .rodata        0xc7e30ff8       0x14 common/libcommon.a(cmd_nvedit.o)
 .rodata        0xc7e3100c       0x34 common/libcommon.a(cmd_fastboot.o)
 .rodata        0xc7e31040      0x200 common/libcommon.a(crc16.o)
 .rodata        0xc7e31240      0x400 lib_generic/libgeneric.a(crc32.o)
 .rodata        0xc7e31640       0x90 lib_generic/libgeneric.a(zlib.o)
 .rodata        0xc7e316d0       0xa2 cpu/s5p645x/libs5p645x.a(usbd-otg-hs.o)
                0xc7e316d0                string_desc0
                0xc7e31752                config_high_total
                0xc7e31729                config_full_total
                0xc7e31749                config_high
                0xc7e316d4                string_desc1
                0xc7e31716                qualifier_desc
                0xc7e31720                config_full
                0xc7e316ea                string_desc2
 *fill*         0xc7e31772        0x2 00
 .rodata        0xc7e31774       0xac cpu/s5p645x/libs5p645x.a(fastboot.o)
                0xc7e3177a                fboot_string_desc1
                0xc7e317f5                fboot_config_high
                0xc7e31792                fboot_string_desc2
                0xc7e317cc                fboot_config_full
                0xc7e31776                fboot_string_desc0
                0xc7e317aa                string_desc3
                0xc7e317fe                fboot_config_high_total
                0xc7e317d5                fboot_config_full_total
                0xc7e317c2                fboot_qualifier_desc
 .rodata        0xc7e31820       0x10 disk/libdisk.a(part.o)
 .rodata        0xc7e31830        0x8 drivers/mtd/nand/libnand.a(nand.o)
 .rodata        0xc7e31838       0x48 drivers/mtd/nand/libnand.a(nand_base.o)
 .rodata        0xc7e31880      0x100 drivers/mtd/nand/libnand.a(nand_ecc.o)
 .rodata        0xc7e31980       0x30 drivers/rtc/librtc.a(date.o)

.rodata.str1.4  0xc7e319b0     0x9154
 .rodata.str1.4
                0xc7e319b0        0xc cpu/s5p645x/movi.o
 .rodata.str1.4
                0xc7e319bc      0x297 cpu/s5p645x/libs5p645x.a(interrupts.o)
                                0x29c (size before relaxing)
 *fill*         0xc7e31c53        0x1 00
 .rodata.str1.4
                0xc7e31c54        0xd cpu/s5p645x/libs5p645x.a(cpu.o)
                                 0x10 (size before relaxing)
 *fill*         0xc7e31c61        0x3 00
 .rodata.str1.4
                0xc7e31c64       0x57 cpu/s5p645x/libs5p645x.a(setup_hsmmc.o)
                                 0x58 (size before relaxing)
 *fill*         0xc7e31cbb        0x1 00
 .rodata.str1.4
                0xc7e31cbc       0x62 cpu/s5p645x/s5p6450/libs5p6450.a(speed.o)
                                 0x64 (size before relaxing)
 *fill*         0xc7e31d1e        0x2 00
 .rodata.str1.4
                0xc7e31d20       0x9f lib_arm/libarm.a(board.o)
                                 0xa4 (size before relaxing)
 *fill*         0xc7e31dbf        0x1 00
 .rodata.str1.4
                0xc7e31dc0      0x1e5 net/libnet.a(net.o)
                                0x1ec (size before relaxing)
 *fill*         0xc7e31fa5        0x3 00
 .rodata.str1.4
                0xc7e31fa8      0x1e1 net/libnet.a(tftp.o)
                                0x1ec (size before relaxing)
 *fill*         0xc7e32189        0x3 00
 .rodata.str1.4
                0xc7e3218c      0x115 net/libnet.a(bootp.o)
                                0x14c (size before relaxing)
 *fill*         0xc7e322a1        0x3 00
 .rodata.str1.4
                0xc7e322a4       0x13 net/libnet.a(rarp.o)
                                 0x4c (size before relaxing)
 *fill*         0xc7e322b7        0x1 00
 .rodata.str1.4
                0xc7e322b8      0x101 net/libnet.a(nfs.o)
                                0x18c (size before relaxing)
 *fill*         0xc7e323b9        0x3 00
 .rodata.str1.4
                0xc7e323bc      0x268 drivers/mmc/libmmc.a(mmc.o)
                                0x26c (size before relaxing)
 .rodata.str1.4
                0xc7e32624      0x113 drivers/mmc/libmmc.a(s3c_hsmmc.o)
                                0x114 (size before relaxing)
 *fill*         0xc7e32737        0x1 00
 .rodata.str1.4
                0xc7e32738      0x232 drivers/net/libnet.a(dm9000x.o)
                                0x23c (size before relaxing)
 *fill*         0xc7e3296a        0x2 00
 .rodata.str1.4
                0xc7e3296c       0xfc common/libcommon.a(main.o)
                                0x100 (size before relaxing)
 .rodata.str1.4
                0xc7e32a68      0x11b common/libcommon.a(cmd_autoscript.o)
                                0x11c (size before relaxing)
 *fill*         0xc7e32b83        0x1 00
 .rodata.str1.4
                0xc7e32b84       0xbe common/libcommon.a(cmd_bdinfo.o)
                                 0xc0 (size before relaxing)
 *fill*         0xc7e32c42        0x2 00
 .rodata.str1.4
                0xc7e32c44      0x554 common/libcommon.a(image.o)
                                0x588 (size before relaxing)
 .rodata.str1.4
                0xc7e33198      0x10f common/libcommon.a(cmd_boot.o)
                                0x11c (size before relaxing)
 *fill*         0xc7e332a7        0x1 00
 .rodata.str1.4
                0xc7e332a8      0x76b common/libcommon.a(cmd_bootm.o)
                                0x98c (size before relaxing)
 *fill*         0xc7e33a13        0x1 00
 .rodata.str1.4
                0xc7e33a14      0x125 common/libcommon.a(cmd_cache.o)
                                0x13c (size before relaxing)
 *fill*         0xc7e33b39        0x3 00
 .rodata.str1.4
                0xc7e33b3c       0x6d common/libcommon.a(cmd_console.o)
                                 0x74 (size before relaxing)
 *fill*         0xc7e33ba9        0x3 00
 .rodata.str1.4
                0xc7e33bac      0x16c common/libcommon.a(cmd_date.o)
                                0x180 (size before relaxing)
 .rodata.str1.4
                0xc7e33d18      0x2b9 common/libcommon.a(cmd_elf.o)
                                0x2c8 (size before relaxing)
 *fill*         0xc7e33fd1        0x3 00
 .rodata.str1.4
                0xc7e33fd4      0x4af common/libcommon.a(cmd_ext2.o)
                                0x4f0 (size before relaxing)
 *fill*         0xc7e34483        0x1 00
 .rodata.str1.4
                0xc7e34484      0x3e8 common/libcommon.a(cmd_fat.o)
                                0x550 (size before relaxing)
 .rodata.str1.4
                0xc7e3486c      0x60f common/libcommon.a(cmd_flash.o)
                                0x628 (size before relaxing)
 *fill*         0xc7e34e7b        0x1 00
 .rodata.str1.4
                0xc7e34e7c       0xcf common/libcommon.a(cmd_itest.o)
                                 0xdc (size before relaxing)
 *fill*         0xc7e34f4b        0x1 00
 .rodata.str1.4
                0xc7e34f4c      0x377 common/libcommon.a(cmd_load.o)
                                0x398 (size before relaxing)
 *fill*         0xc7e352c3        0x1 00
 .rodata.str1.4
                0xc7e352c4      0x5fa common/libcommon.a(cmd_mem.o)
                                0x620 (size before relaxing)
 *fill*         0xc7e358be        0x2 00
 .rodata.str1.4
                0xc7e358c0       0x70 common/libcommon.a(cmd_misc.o)
                                 0x7c (size before relaxing)
 .rodata.str1.4
                0xc7e35930      0x24c common/libcommon.a(cmd_mmc.o)
                                0x25c (size before relaxing)
 .rodata.str1.4
                0xc7e35b7c      0x985 common/libcommon.a(cmd_nand.o)
                                0x9cc (size before relaxing)
 *fill*         0xc7e36501        0x3 00
 .rodata.str1.4
                0xc7e36504      0x265 common/libcommon.a(cmd_net.o)
                                0x2bc (size before relaxing)
 *fill*         0xc7e36769        0x3 00
 .rodata.str1.4
                0xc7e3676c      0x323 common/libcommon.a(cmd_nvedit.o)
                                0x3b4 (size before relaxing)
 *fill*         0xc7e36a8f        0x1 00
 .rodata.str1.4
                0xc7e36a90       0x2e common/libcommon.a(cmd_reginfo.o)
                                 0x30 (size before relaxing)
 *fill*         0xc7e36abe        0x2 00
 .rodata.str1.4
                0xc7e36ac0       0x94 common/libcommon.a(cmd_usbd.o)
                                 0xa0 (size before relaxing)
 .rodata.str1.4
                0xc7e36b54      0x126 common/libcommon.a(cmd_ximg.o)
                                0x1c8 (size before relaxing)
 *fill*         0xc7e36c7a        0x2 00
 .rodata.str1.4
                0xc7e36c7c      0x324 common/libcommon.a(command.o)
                                0x34c (size before relaxing)
 .rodata.str1.4
                0xc7e36fa0       0x81 common/libcommon.a(console.o)
                                 0x88 (size before relaxing)
 *fill*         0xc7e37021        0x3 00
 .rodata.str1.4
                0xc7e37024       0x2f common/libcommon.a(devices.o)
                                 0x48 (size before relaxing)
 *fill*         0xc7e37053        0x1 00
 .rodata.str1.4
                0xc7e37054       0x33 common/libcommon.a(env_common.o)
                                 0x34 (size before relaxing)
 *fill*         0xc7e37087        0x1 00
 .rodata.str1.4
                0xc7e37088      0x120 common/libcommon.a(flash.o)
 .rodata.str1.4
                0xc7e371a8      0x191 common/libcommon.a(hush.o)
                                0x1f4 (size before relaxing)
 *fill*         0xc7e37339        0x3 00
 .rodata.str1.4
                0xc7e3733c      0x278 common/libcommon.a(usb.o)
 .rodata.str1.4
                0xc7e375b4       0xf1 common/libcommon.a(xyzModem.o)
                                 0xf8 (size before relaxing)
 *fill*         0xc7e376a5        0x3 00
 .rodata.str1.4
                0xc7e376a8      0x31e common/libcommon.a(cmd_movi.o)
                                0x354 (size before relaxing)
 *fill*         0xc7e379c6        0x2 00
 .rodata.str1.4
                0xc7e379c8       0x13 common/libcommon.a(cmd_lcd.o)
                                 0x14 (size before relaxing)
 *fill*         0xc7e379db        0x1 00
 .rodata.str1.4
                0xc7e379dc      0xa44 common/libcommon.a(cmd_fastboot.o)
                                0xae8 (size before relaxing)
 .rodata.str1.4
                0xc7e38420      0x271 common/libcommon.a(cmd_mmc_fdisk.o)
                                0x278 (size before relaxing)
 *fill*         0xc7e38691        0x3 00
 .rodata.str1.4
                0xc7e38694      0x18d common/libcommon.a(env_auto.o)
                                0x198 (size before relaxing)
 *fill*         0xc7e38821        0x3 00
 .rodata.str1.4
                0xc7e38824       0x86 common/libcommon.a(gunzip.o)
                                 0x88 (size before relaxing)
 *fill*         0xc7e388aa        0x2 00
 .rodata.str1.4
                0xc7e388ac       0x5b board/samsung/smdk6450/libsmdk6450.a(smdk6450.o)
                                 0x5c (size before relaxing)
 *fill*         0xc7e38907        0x1 00
 .rodata.str1.4
                0xc7e38908       0xf9 board/samsung/smdk6450/libsmdk6450.a(flash.o)
                                0x108 (size before relaxing)
 *fill*         0xc7e38a01        0x3 00
 .rodata.str1.4
                0xc7e38a04       0x17 lib_generic/libgeneric.a(display_options.o)
                                 0x48 (size before relaxing)
 *fill*         0xc7e38a1b        0x1 00
 .rodata.str1.4
                0xc7e38a1c       0x34 lib_generic/libgeneric.a(lmb.o)
 .rodata.str1.4
                0xc7e38a50       0x57 lib_generic/libgeneric.a(vsprintf.o)
                                 0x58 (size before relaxing)
 *fill*         0xc7e38aa7        0x1 00
 .rodata.str1.4
                0xc7e38aa8      0x20d lib_generic/libgeneric.a(zlib.o)
                                0x214 (size before relaxing)
 *fill*         0xc7e38cb5        0x3 00
 .rodata.str1.4
                0xc7e38cb8       0xc5 cpu/s5p645x/libs5p645x.a(usb_ohci.o)
                                 0xc8 (size before relaxing)
 *fill*         0xc7e38d7d        0x3 00
 .rodata.str1.4
                0xc7e38d80      0x14e cpu/s5p645x/libs5p645x.a(usbd-otg-hs.o)
                                0x158 (size before relaxing)
 *fill*         0xc7e38ece        0x2 00
 .rodata.str1.4
                0xc7e38ed0       0x5b cpu/s5p645x/libs5p645x.a(fastboot.o)
                                0x178 (size before relaxing)
 *fill*         0xc7e38f2b        0x1 00
 .rodata.str1.4
                0xc7e38f2c       0x6f lib_arm/libarm.a(bootm.o)
                                 0x7c (size before relaxing)
 *fill*         0xc7e38f9b        0x1 00
 .rodata.str1.4
                0xc7e38f9c      0x3a2 fs/fat/libfat.a(fat.o)
                                0x3b0 (size before relaxing)
 *fill*         0xc7e3933e        0x2 00
 .rodata.str1.4
                0xc7e39340      0x527 fs/ext2/libext2fs.a(ext2fs.o)
                                0x5b8 (size before relaxing)
 *fill*         0xc7e39867        0x1 00
 .rodata.str1.4
                0xc7e39868       0xe1 fs/ext2/libext2fs.a(dev.o)
                                 0xe4 (size before relaxing)
 *fill*         0xc7e39949        0x3 00
 .rodata.str1.4
                0xc7e3994c      0x189 disk/libdisk.a(part.o)
                                0x1b0 (size before relaxing)
 *fill*         0xc7e39ad5        0x3 00
 .rodata.str1.4
                0xc7e39ad8       0xf9 disk/libdisk.a(part_dos.o)
                                0x10c (size before relaxing)
 *fill*         0xc7e39bd1        0x3 00
 .rodata.str1.4
                0xc7e39bd4        0x7 drivers/mtd/nand/libnand.a(nand.o)
                                  0xc (size before relaxing)
 *fill*         0xc7e39bdb        0x1 00
 .rodata.str1.4
                0xc7e39bdc      0x251 drivers/mtd/nand/libnand.a(nand_base.o)
                                0x254 (size before relaxing)
 *fill*         0xc7e39e2d        0x3 00
 .rodata.str1.4
                0xc7e39e30      0x43a drivers/mtd/nand/libnand.a(nand_ids.o)
                                0x444 (size before relaxing)
 *fill*         0xc7e3a26a        0x2 00
 .rodata.str1.4
                0xc7e3a26c      0x284 drivers/mtd/nand/libnand.a(nand_bbt.o)
 .rodata.str1.4
                0xc7e3a4f0      0x556 drivers/mtd/nand/libnand.a(nand_util.o)
                                0x55c (size before relaxing)
 *fill*         0xc7e3aa46        0x2 00
 .rodata.str1.4
                0xc7e3aa48       0xbc cpu/s5p645x/libs5p645x.a(nand.o)
                0xc7e3ab04                . = ALIGN (0x4)

.data           0xc7e3ab04     0x2b20
 *(.data)
 .data          0xc7e3ab04        0x0 cpu/s5p645x/start.o
 .data          0xc7e3ab04        0x0 cpu/s5p645x/start_irom.o
 .data          0xc7e3ab04        0x0 cpu/s5p645x/s5p6450/cpu_init.o
 .data          0xc7e3ab04        0x0 board/samsung/smdk6450/lowlevel_init.o
 .data          0xc7e3ab04        0x0 cpu/s5p645x/nand_cp.o
 .data          0xc7e3ab04        0x0 cpu/s5p645x/movi.o
 .data          0xc7e3ab04        0x0 cpu/s5p645x/libs5p645x.a(interrupts.o)
 .data          0xc7e3ab04        0x0 cpu/s5p645x/libs5p645x.a(cpu.o)
 .data          0xc7e3ab04        0x0 cpu/s5p645x/libs5p645x.a(setup_hsmmc.o)
 .data          0xc7e3ab04        0x0 cpu/s5p645x/libs5p645x.a(serial.o)
 .data          0xc7e3ab04        0x0 cpu/s5p645x/s5p6450/libs5p6450.a(speed.o)
 .data          0xc7e3ab04        0x0 lib_arm/libarm.a(_udivsi3.o)
 .data          0xc7e3ab04       0x34 lib_arm/libarm.a(board.o)
                0xc7e3ab04                init_sequence
 .data          0xc7e3ab38        0x0 lib_arm/libarm.a(_divsi3.o)
 .data          0xc7e3ab38        0x0 lib_arm/libarm.a(_modsi3.o)
 .data          0xc7e3ab38        0xa net/libnet.a(net.o)
                0xc7e3ab38                NetBcastAddr
                0xc7e3ab40                NetOurNativeVLAN
                0xc7e3ab3e                NetOurVLAN
 .data          0xc7e3ab42        0x2 net/libnet.a(tftp.o)
 .data          0xc7e3ab44        0x0 net/libnet.a(bootp.o)
 .data          0xc7e3ab44        0x0 net/libnet.a(rarp.o)
 .data          0xc7e3ab44        0x0 net/libnet.a(eth.o)
 .data          0xc7e3ab44        0x4 net/libnet.a(nfs.o)
 .data          0xc7e3ab48        0x4 drivers/mmc/libmmc.a(mmc.o)
 .data          0xc7e3ab4c        0x0 drivers/mmc/libmmc.a(s3c_hsmmc.o)
 .data          0xc7e3ab4c        0x0 drivers/net/libnet.a(dm9000x.o)
 .data          0xc7e3ab4c        0x4 common/libcommon.a(main.o)
 .data          0xc7e3ab50        0x0 common/libcommon.a(cmd_autoscript.o)
 .data          0xc7e3ab50        0x0 common/libcommon.a(cmd_bdinfo.o)
 .data          0xc7e3ab50      0x1f8 common/libcommon.a(image.o)
 .data          0xc7e3ad48        0x0 common/libcommon.a(cmd_boot.o)
 .data          0xc7e3ad48        0x4 common/libcommon.a(cmd_bootm.o)
                0xc7e3ad48                load_addr
 .data          0xc7e3ad4c        0x0 common/libcommon.a(cmd_cache.o)
 .data          0xc7e3ad4c        0x0 common/libcommon.a(cmd_console.o)
 .data          0xc7e3ad4c       0x1c common/libcommon.a(cmd_date.o)
                0xc7e3ad4c                weekdays
 .data          0xc7e3ad68        0x0 common/libcommon.a(cmd_elf.o)
 .data          0xc7e3ad68        0x0 common/libcommon.a(cmd_ext2.o)
 .data          0xc7e3ad68        0x0 common/libcommon.a(cmd_fat.o)
 .data          0xc7e3ad68        0x0 common/libcommon.a(cmd_flash.o)
 .data          0xc7e3ad68       0x68 common/libcommon.a(cmd_itest.o)
                0xc7e3ad68                op_table
 .data          0xc7e3add0        0x4 common/libcommon.a(cmd_load.o)
 .data          0xc7e3add4        0x4 common/libcommon.a(cmd_mem.o)
                0xc7e3add4                dp_last_length
 .data          0xc7e3add8        0x0 common/libcommon.a(cmd_misc.o)
 .data          0xc7e3add8        0x0 common/libcommon.a(cmd_mmc.o)
 .data          0xc7e3add8        0x0 common/libcommon.a(cmd_nand.o)
 .data          0xc7e3add8        0x0 common/libcommon.a(cmd_net.o)
 .data          0xc7e3add8        0x0 common/libcommon.a(cmd_nvedit.o)
 .data          0xc7e3add8        0x0 common/libcommon.a(cmd_reginfo.o)
 .data          0xc7e3add8        0x0 common/libcommon.a(cmd_usbd.o)
 .data          0xc7e3add8        0x0 common/libcommon.a(cmd_ximg.o)
 .data          0xc7e3add8        0x0 common/libcommon.a(command.o)
 .data          0xc7e3add8        0x0 common/libcommon.a(console.o)
 .data          0xc7e3add8        0xc common/libcommon.a(devices.o)
                0xc7e3add8                stdio_names
 .data          0xc7e3ade4      0x414 common/libcommon.a(dlmalloc.o)
 .data          0xc7e3b1f8      0x10c common/libcommon.a(env_common.o)
                0xc7e3b1f8                default_environment
                0xc7e3b300                default_environment_size
 .data          0xc7e3b304        0x0 common/libcommon.a(exports.o)
 .data          0xc7e3b304        0x0 common/libcommon.a(flash.o)
 .data          0xc7e3b304       0x84 common/libcommon.a(hush.o)
 .data          0xc7e3b388        0x0 common/libcommon.a(lists.o)
 .data          0xc7e3b388        0x0 common/libcommon.a(s_record.o)
 .data          0xc7e3b388        0x0 common/libcommon.a(usb.o)
 .data          0xc7e3b388        0x0 common/libcommon.a(xyzModem.o)
 .data          0xc7e3b388        0x0 common/libcommon.a(cmd_movi.o)
 .data          0xc7e3b388        0x0 common/libcommon.a(cmd_lcd.o)
 .data          0xc7e3b388       0x1c common/libcommon.a(cmd_fastboot.o)
 .data          0xc7e3b3a4        0x0 common/libcommon.a(cmd_mmc_fdisk.o)
 .data          0xc7e3b3a4        0x4 common/libcommon.a(env_auto.o)
                0xc7e3b3a4                env_name_spec
 .data          0xc7e3b3a8        0x0 common/libcommon.a(gunzip.o)
 .data          0xc7e3b3a8        0x0 common/libcommon.a(crc16.o)
 .data          0xc7e3b3a8        0x0 board/samsung/smdk6450/libsmdk6450.a(smdk6450.o)
 .data          0xc7e3b3a8        0x0 board/samsung/smdk6450/libsmdk6450.a(flash.o)
 .data          0xc7e3b3a8        0x0 lib_generic/libgeneric.a(crc32.o)
 .data          0xc7e3b3a8      0x100 lib_generic/libgeneric.a(ctype.o)
                0xc7e3b3a8                _ctype
 .data          0xc7e3b4a8        0x0 lib_generic/libgeneric.a(display_options.o)
 .data          0xc7e3b4a8        0x0 lib_generic/libgeneric.a(lmb.o)
 .data          0xc7e3b4a8        0x0 lib_generic/libgeneric.a(string.o)
 .data          0xc7e3b4a8        0x0 lib_generic/libgeneric.a(vsprintf.o)
 .data          0xc7e3b4a8      0x210 lib_generic/libgeneric.a(zlib.o)
                0xc7e3b4a8                zlib_version
                0xc7e3b4ac                z_errmsg
 .data          0xc7e3b6b8        0x0 cpu/s5p645x/libs5p645x.a(usb_ohci.o)
 .data          0xc7e3b6b8       0x35 cpu/s5p645x/libs5p645x.a(usbd-otg-hs.o)
                0xc7e3b6b8                test_pkt
 *fill*         0xc7e3b6ed        0x3 00
 .data          0xc7e3b6f0      0x100 cpu/s5p645x/libs5p645x.a(fastboot.o)
                0xc7e3b7b8                fboot_test_pkt
                0xc7e3b7b4                ptable_default_size
                0xc7e3b6f0                ptable_default
 .data          0xc7e3b7f0        0x0 lib_arm/libarm.a(_umodsi3.o)
 .data          0xc7e3b7f0        0x0 lib_arm/libarm.a(bootm.o)
 .data          0xc7e3b7f0        0x0 lib_arm/libarm.a(cache.o)
 .data          0xc7e3b7f0        0x4 fs/fat/libfat.a(fat.o)
 .data          0xc7e3b7f4        0x8 fs/ext2/libext2fs.a(ext2fs.o)
                0xc7e3b7f4                indir1_blkno
                0xc7e3b7f8                indir2_blkno
 .data          0xc7e3b7fc        0x0 fs/ext2/libext2fs.a(dev.o)
 .data          0xc7e3b7fc        0x0 disk/libdisk.a(part.o)
 .data          0xc7e3b7fc        0x0 disk/libdisk.a(part_dos.o)
 .data          0xc7e3b7fc        0x4 drivers/mtd/nand/libnand.a(nand.o)
                0xc7e3b7fc                nand_curr_device
 .data          0xc7e3b800      0x940 drivers/mtd/nand/libnand.a(nand_base.o)
 .data          0xc7e3c140      0x5c8 drivers/mtd/nand/libnand.a(nand_ids.o)
                0xc7e3c6c8                nand_manuf_ids
                0xc7e3c140                nand_flash_ids
 .data          0xc7e3c708        0x0 drivers/mtd/nand/libnand.a(nand_ecc.o)
 .data          0xc7e3c708      0x10c drivers/mtd/nand/libnand.a(nand_bbt.o)
 .data          0xc7e3c814      0x6f0 drivers/mtd/nand/libnand.a(nand_util.o)
 .data          0xc7e3cf04       0x30 drivers/rtc/librtc.a(date.o)
 .data          0xc7e3cf34        0x0 drivers/rtc/librtc.a(s5p64xx_rtc.o)
 .data          0xc7e3cf34        0x0 lib_generic/libgeneric.a(div64.o)
 .data          0xc7e3cf34      0x6f0 cpu/s5p645x/libs5p645x.a(nand.o)
 .data          0xc7e3d624        0x0 lib_arm/libarm.a(_ashldi3.o)
 .data          0xc7e3d624        0x0 lib_arm/libarm.a(_ashrdi3.o)
                0xc7e3d624                . = ALIGN (0x4)

.got
 *(.got)
                0xc7e3d624                __u_boot_cmd_start = .

.u_boot_cmd     0xc7e3d624      0x690
 *(.u_boot_cmd)
 .u_boot_cmd    0xc7e3d624       0x18 common/libcommon.a(cmd_autoscript.o)
                0xc7e3d624                __u_boot_cmd_autoscr
 .u_boot_cmd    0xc7e3d63c       0x18 common/libcommon.a(cmd_bdinfo.o)
                0xc7e3d63c                __u_boot_cmd_bdinfo
 .u_boot_cmd    0xc7e3d654       0x48 common/libcommon.a(cmd_boot.o)
                0xc7e3d66c                __u_boot_cmd_reset
                0xc7e3d684                __u_boot_cmd_re
                0xc7e3d654                __u_boot_cmd_go
 .u_boot_cmd    0xc7e3d69c       0x78 common/libcommon.a(cmd_bootm.o)
                0xc7e3d69c                __u_boot_cmd_bootm
                0xc7e3d6e4                __u_boot_cmd_iminfo
                0xc7e3d6cc                __u_boot_cmd_bootd
                0xc7e3d6b4                __u_boot_cmd_boot
                0xc7e3d6fc                __u_boot_cmd_imls
 .u_boot_cmd    0xc7e3d714       0x30 common/libcommon.a(cmd_cache.o)
                0xc7e3d72c                __u_boot_cmd_dcache
                0xc7e3d714                __u_boot_cmd_icache
 .u_boot_cmd    0xc7e3d744       0x18 common/libcommon.a(cmd_console.o)
                0xc7e3d744                __u_boot_cmd_coninfo
 .u_boot_cmd    0xc7e3d75c       0x18 common/libcommon.a(cmd_date.o)
                0xc7e3d75c                __u_boot_cmd_date
 .u_boot_cmd    0xc7e3d774       0x30 common/libcommon.a(cmd_elf.o)
                0xc7e3d78c                __u_boot_cmd_bootvx
                0xc7e3d774                __u_boot_cmd_bootelf
 .u_boot_cmd    0xc7e3d7a4       0x60 common/libcommon.a(cmd_ext2.o)
                0xc7e3d7bc                __u_boot_cmd_ext2load
                0xc7e3d7a4                __u_boot_cmd_ext2ls
                0xc7e3d7ec                __u_boot_cmd_ext3format
                0xc7e3d7d4                __u_boot_cmd_ext2format
 .u_boot_cmd    0xc7e3d804       0x60 common/libcommon.a(cmd_fat.o)
                0xc7e3d834                __u_boot_cmd_fatinfo
                0xc7e3d84c                __u_boot_cmd_fatformat
                0xc7e3d804                __u_boot_cmd_fatload
                0xc7e3d81c                __u_boot_cmd_fatls
 .u_boot_cmd    0xc7e3d864       0x48 common/libcommon.a(cmd_flash.o)
                0xc7e3d864                __u_boot_cmd_flinfo
                0xc7e3d87c                __u_boot_cmd_erase
                0xc7e3d894                __u_boot_cmd_protect
 .u_boot_cmd    0xc7e3d8ac       0x18 common/libcommon.a(cmd_itest.o)
                0xc7e3d8ac                __u_boot_cmd_itest
 .u_boot_cmd    0xc7e3d8c4       0x48 common/libcommon.a(cmd_load.o)
                0xc7e3d8f4                __u_boot_cmd_loady
                0xc7e3d8dc                __u_boot_cmd_loadb
                0xc7e3d8c4                __u_boot_cmd_loads
 .u_boot_cmd    0xc7e3d90c       0xf0 common/libcommon.a(cmd_mem.o)
                0xc7e3d90c                __u_boot_cmd_md
                0xc7e3d984                __u_boot_cmd_cmp
                0xc7e3d954                __u_boot_cmd_mw
                0xc7e3d9cc                __u_boot_cmd_loop
                0xc7e3d9b4                __u_boot_cmd_base
                0xc7e3d924                __u_boot_cmd_mm
                0xc7e3d99c                __u_boot_cmd_crc32
                0xc7e3d93c                __u_boot_cmd_nm
                0xc7e3d9e4                __u_boot_cmd_mtest
                0xc7e3d96c                __u_boot_cmd_cp
 .u_boot_cmd    0xc7e3d9fc       0x18 common/libcommon.a(cmd_misc.o)
                0xc7e3d9fc                __u_boot_cmd_sleep
 .u_boot_cmd    0xc7e3da14       0x30 common/libcommon.a(cmd_mmc.o)
                0xc7e3da2c                __u_boot_cmd_mmc
                0xc7e3da14                __u_boot_cmd_mmcinfo
 .u_boot_cmd    0xc7e3da44       0x30 common/libcommon.a(cmd_nand.o)
                0xc7e3da44                __u_boot_cmd_nand
                0xc7e3da5c                __u_boot_cmd_nboot
 .u_boot_cmd    0xc7e3da74       0x90 common/libcommon.a(cmd_net.o)
                0xc7e3dad4                __u_boot_cmd_nfs
                0xc7e3daec                __u_boot_cmd_ping
                0xc7e3daa4                __u_boot_cmd_rarpboot
                0xc7e3da8c                __u_boot_cmd_tftpboot
                0xc7e3da74                __u_boot_cmd_bootp
                0xc7e3dabc                __u_boot_cmd_dhcp
 .u_boot_cmd    0xc7e3db04       0x60 common/libcommon.a(cmd_nvedit.o)
                0xc7e3db4c                __u_boot_cmd_run
                0xc7e3db34                __u_boot_cmd_saveenv
                0xc7e3db04                __u_boot_cmd_printenv