Archive member included because of file (symbol)

cpu/s5p645x/libs5p645x.a(interrupts.o)
                              cpu/s5p645x/start.o (do_irq)
cpu/s5p645x/libs5p645x.a(cpu.o)
                              cpu/s5p645x/libs5p645x.a(interrupts.o) (reset_cpu)
cpu/s5p645x/libs5p645x.a(setup_hsmmc.o)
                              cpu/s5p645x/libs5p645x.a(cpu.o) (setup_hsmmc0_cfg_gpio)
cpu/s5p645x/libs5p645x.a(serial.o)
                              cpu/s5p645x/libs5p645x.a(cpu.o) (serial_tstc)
cpu/s5p645x/s5p6450/libs5p6450.a(speed.o)
                              cpu/s5p645x/libs5p645x.a(setup_hsmmc.o) (get_MPLL_CLK)
lib_arm/libarm.a(_udivsi3.o)  cpu/s5p645x/libs5p645x.a(interrupts.o) (__udivsi3)
lib_arm/libarm.a(board.o)     lib_arm/div0.o (hang)
lib_arm/libarm.a(_divsi3.o)   lib_arm/libarm.a(board.o) (__divsi3)
lib_arm/libarm.a(_modsi3.o)   lib_arm/libarm.a(board.o) (__modsi3)
net/libnet.a(net.o)           lib_arm/libarm.a(board.o) (copy_filename)
net/libnet.a(tftp.o)          net/libnet.a(net.o) (TftpStart)
net/libnet.a(bootp.o)         net/libnet.a(net.o) (BootpRequest)
net/libnet.a(rarp.o)          net/libnet.a(net.o) (RarpRequest)
net/libnet.a(eth.o)           lib_arm/libarm.a(board.o) (eth_initialize)
net/libnet.a(nfs.o)           net/libnet.a(net.o) (NfsStart)
drivers/mmc/libmmc.a(mmc.o)   cpu/s5p645x/movi.o (movi_write)
drivers/mmc/libmmc.a(s3c_hsmmc.o)
                              cpu/s5p645x/libs5p645x.a(cpu.o) (smdk_s3c_hsmmc_init)
drivers/mtd/nand/libnand.a(nand.o)
                              lib_arm/libarm.a(board.o) (nand_init)
drivers/mtd/nand/libnand.a(nand_base.o)
                              drivers/mtd/nand/libnand.a(nand.o) (nand_scan)
drivers/mtd/nand/libnand.a(nand_ids.o)
                              drivers/mtd/nand/libnand.a(nand_base.o) (nand_flash_ids)
drivers/mtd/nand/libnand.a(nand_ecc.o)
                              drivers/mtd/nand/libnand.a(nand_base.o) (nand_calculate_ecc)
drivers/mtd/nand/libnand.a(nand_bbt.o)
                              drivers/mtd/nand/libnand.a(nand_base.o) (nand_isbad_bbt)
drivers/net/libnet.a(dm9000x.o)
                              net/libnet.a(net.o) (eth_halt)
common/libcommon.a(main.o)    lib_arm/libarm.a(board.o) (main_loop)
common/libcommon.a(cmd_autoscript.o)
                              (__u_boot_cmd_autoscr)
common/libcommon.a(cmd_bdinfo.o)
                              (__u_boot_cmd_bdinfo)
common/libcommon.a(image.o)   common/libcommon.a(cmd_autoscript.o) (genimg_get_format)
common/libcommon.a(cmd_boot.o)
                              (__u_boot_cmd_go)
common/libcommon.a(cmd_bootm.o)
                              lib_arm/libarm.a(board.o) (load_addr)
common/libcommon.a(cmd_cache.o)
                              (__u_boot_cmd_icache)
common/libcommon.a(cmd_console.o)
                              (__u_boot_cmd_coninfo)
common/libcommon.a(cmd_date.o)
                              (__u_boot_cmd_date)
common/libcommon.a(cmd_elf.o)
                              common/libcommon.a(cmd_bootm.o) (do_bootvx)
common/libcommon.a(cmd_ext2.o)
                              (__u_boot_cmd_ext2ls)
common/libcommon.a(cmd_fat.o)
                              (__u_boot_cmd_fatload)
common/libcommon.a(cmd_flash.o)
                              (__u_boot_cmd_flinfo)
common/libcommon.a(cmd_itest.o)
                              (__u_boot_cmd_itest)
common/libcommon.a(cmd_load.o)
                              (__u_boot_cmd_loads)
common/libcommon.a(cmd_mem.o)
                              common/libcommon.a(cmd_itest.o) (cmd_get_data_size)
common/libcommon.a(cmd_misc.o)
                              (__u_boot_cmd_sleep)
common/libcommon.a(cmd_mmc.o)
                              (__u_boot_cmd_mmcinfo)
common/libcommon.a(cmd_nand.o)
                              (__u_boot_cmd_nand)
common/libcommon.a(cmd_net.o)
                              (__u_boot_cmd_bootp)
common/libcommon.a(cmd_nvedit.o)
                              lib_arm/libarm.a(board.o) (getenv_r)
common/libcommon.a(cmd_reginfo.o)
                              (__u_boot_cmd_reginfo)
common/libcommon.a(cmd_usbd.o)
                              (__u_boot_cmd_dnw)
common/libcommon.a(cmd_ximg.o)
                              (__u_boot_cmd_imxtract)
common/libcommon.a(command.o)
                              common/libcommon.a(main.o) (find_cmd)
common/libcommon.a(console.o)
                              cpu/s5p645x/movi.o (printf)
common/libcommon.a(devices.o)
                              common/libcommon.a(cmd_console.o) (devlist)
common/libcommon.a(dlmalloc.o)
                              drivers/mmc/libmmc.a(mmc.o) (free)
common/libcommon.a(env_common.o)
                              common/libcommon.a(cmd_nvedit.o) (env_get_addr)
common/libcommon.a(exports.o)
                              lib_arm/libarm.a(board.o) (jumptable_init)
common/libcommon.a(flash.o)   common/libcommon.a(cmd_load.o) (addr2info)
common/libcommon.a(hush.o)    common/libcommon.a(main.o) (u_boot_hush_start)
[...]
Memory Configuration

Name             Origin             Length             Attributes
*default*        0x00000000         0xffffffff

Linker script and memory map

                0x00000000                . = 0x0
                0x00000000                . = ALIGN (0x4)

.text           0xc7e00000    0x30f74
 cpu/s5p645x/start.o(.text)
 .text          0xc7e00000      0x4c0 cpu/s5p645x/start.o
                0xc7e00040                _end_vect
                0xc7e001a0                theLastJump
                0xc7e00480                arm1136_cache_flush
                0xc7e0004c                _bss_start
                0xc7e00050                _bss_end
                0xc7e00048                _armboot_start
                0xc7e00144                copy_from_nand
                0xc7e00000                _start
                0xc7e000c0                after_copy
 cpu/s5p645x/start_irom.o(.text)
 .text          0xc7e004c0       0xa4 cpu/s5p645x/start_irom.o
                0xc7e004c4                load_bl2_irom
 cpu/s5p645x/s5p6450/cpu_init.o(.text)
 .text          0xc7e00564      0x144 cpu/s5p645x/s5p6450/cpu_init.o
                0xc7e00564                mem_ctrl_asm_init
 board/samsung/smdk6450/lowlevel_init.o(.text)
 .text          0xc7e006a8      0x308 board/samsung/smdk6450/lowlevel_init.o
                0xc7e006ac                lowlevel_init
                0xc7e008c0                nand_asm_init
 cpu/s5p645x/nand_cp.o(.text)
 .text          0xc7e009b0      0x1e4 cpu/s5p645x/nand_cp.o
                0xc7e00a70                copy_uboot_to_ram
                0xc7e009b0                nand_bl2_copy
                0xc7e00a10                nand_bl2_copy_adv
 cpu/s5p645x/movi.o(.text)
 .text          0xc7e00b94       0xc4 cpu/s5p645x/movi.o
                0xc7e00c40                print_movi_bl2_info
                0xc7e00bb8                movi_write_bl1
                0xc7e00b94                movi_bl2_copy
                0xc7e00c28                movi_read_env
                0xc7e00c10                movi_write_env
 *(.text)
 .text          0xc7e00c58        0x4 lib_arm/div0.o
                0xc7e00c58                __div0
 .text          0xc7e00c5c      0x4dc cpu/s5p645x/libs5p645x.a(interrupts.o)
                0xc7e00cdc                set_timer
                0xc7e0107c                reset_timer
                0xc7e00fa4                do_fiq
                0xc7e00c68                interrupt_init
                0xc7e01058                do_undefined_instruction
                0xc7e00e28                show_regs
                0xc7e00f80                do_irq
                0xc7e00e10                get_tbclk
                0xc7e00d74                get_timer
                0xc7e00cec                reset_timer_masked
                0xc7e00f64                bad_mode
                0xc7e00d14                get_timer_masked
                0xc7e010a4                udelay
                0xc7e00d88                udelay_masked
                0xc7e01010                do_prefetch_abort
                0xc7e00dfc                get_ticks
                0xc7e00c60                disable_interrupts
                0xc7e00fc8                do_not_used
                0xc7e00fec                do_data_abort
                0xc7e01034                do_software_interrupt
                0xc7e00c5c                enable_interrupts
 .text          0xc7e01138      0x188 cpu/s5p645x/libs5p645x.a(cpu.o)
                0xc7e01180                cleanup_before_linux
                0xc7e0116c                cpu_mmc_init
                0xc7e01288                dcache_enable
                0xc7e01164                cpu_init
                0xc7e011e8                icache_enable
                0xc7e01250                branch_enable
                0xc7e011d0                do_reset
                0xc7e01234                branch_disable
                0xc7e011ac                reset_cpu
                0xc7e01204                branch_status
                0xc7e012a4                icache_disable
                0xc7e01214                dcache_status
                0xc7e01224                icache_status
                0xc7e0126c                dcache_disable
 .text          0xc7e012c0      0x138 cpu/s5p645x/libs5p645x.a(setup_hsmmc.o)
                0xc7e012c0                setup_sdhci0_cfg_card
                0xc7e012f4                setup_hsmmc0_cfg_gpio
                0xc7e01334                setup_hsmmc_clock
 .text          0xc7e013f8       0x8c cpu/s5p645x/libs5p645x.a(serial.o)
                0xc7e013f8                serial_setbrg
                0xc7e01428                serial_tstc
                0xc7e013fc                serial_putc
                0xc7e0147c                serial_init
                0xc7e0143c                serial_puts
                0xc7e01460                serial_getc
 .text          0xc7e01484      0x194 cpu/s5p645x/s5p6450/libs5p6450.a(speed.o)
                0xc7e01530                get_HCLK
                0xc7e01558                get_PCLK
                0xc7e014f0                get_MPLL_CLK
                0xc7e01500                get_FCLK
                0xc7e01508                get_ARMCLK
                0xc7e014f8                get_UCLK
                0xc7e01580                print_cpuinfo
 .text          0xc7e01618       0x98 lib_arm/libarm.a(_udivsi3.o)
                0xc7e01618                __udivsi3
 .text          0xc7e016b0      0x3d8 lib_arm/libarm.a(board.o)
                0xc7e01714                __yellow_LED_off
                0xc7e01708                green_LED_on
                0xc7e01718                hang
                0xc7e01708                __green_LED_on
                0xc7e01710                __yellow_LED_on
                0xc7e01710                yellow_LED_on
                0xc7e0170c                __green_LED_off
                0xc7e01704                __red_LED_off
                0xc7e017d8                start_armboot
                0xc7e01a20                strmhz
                0xc7e016fc                coloured_LED_init
                0xc7e01714                yellow_LED_off
                0xc7e01704                red_LED_off
                0xc7e016b0                sbrk
                0xc7e0170c                green_LED_off
                0xc7e016fc                __coloured_LED_init
                0xc7e01700                red_LED_on
                0xc7e01700                __red_LED_on
 *fill*         0xc7e01a88       0x18 00
 .text          0xc7e01aa0      0x140 lib_arm/libarm.a(_divsi3.o)
                0xc7e01aa0                __divsi3
 .text          0xc7e01be0      0x100 lib_arm/libarm.a(_modsi3.o)
                0xc7e01be0                __modsi3
 .text          0xc7e01ce0     0x1530 net/libnet.a(net.o)
                0xc7e01ecc                getenv_IPaddr
                0xc7e01d8c                NetCksumOk
                0xc7e02ab4                NetSetTimeout
                0xc7e01db0                copy_filename
                0xc7e01edc                NetEthHdrSize
                0xc7e01f80                ip_to_string
                0xc7e02d00                ArpTimeoutCheck
                0xc7e02354                NetReceive
                0xc7e01e58                string_to_ip
                0xc7e02af0                NetSendUDPPacket
                0xc7e01fcc                print_IPaddr
                0xc7e01ff0                NetSetEther
                0xc7e02d84                NetLoop
                0xc7e02230                ArpRequest
                0xc7e01f20                VLAN_to_string
                0xc7e01e48                getenv_VLAN
                0xc7e01d48                NetCksum
                0xc7e020a8                NetSetIP
                0xc7e01e00                string_to_VLAN
                0xc7e02c80                NetStartAgain
                0xc7e01d38                NetSetHandler
                0xc7e0292c                PingSend
                0xc7e0222c                NetSendPacket
 .text          0xc7e03210      0x7bc net/libnet.a(tftp.o)
                0xc7e033e4                TftpStart
 .text          0xc7e039cc      0xa3c net/libnet.a(bootp.o)
                0xc7e0403c                DhcpRequest
                0xc7e03e64                BootpRequest
 .text          0xc7e04408      0x1a8 net/libnet.a(rarp.o)
                0xc7e04408                RarpRequest
 .text          0xc7e045b0        0x8 net/libnet.a(eth.o)
                0xc7e045b0                eth_initialize
 .text          0xc7e045b8      0xe04 net/libnet.a(nfs.o)
                0xc7e04bc0                NfsStart
 .text          0xc7e053bc     0x1220 drivers/mmc/libmmc.a(mmc.o)
                0xc7e05424                mmc_send_ext_csd
                0xc7e055d4                sd_switch
                0xc7e06254                mmc_send_app_op_cond
                0xc7e05c28                mmc_startup
                0xc7e06568                print_mmc_devices
                0xc7e05760                board_mmc_init
                0xc7e053ec                mmc_set_blocklen
                0xc7e053dc                mmc_send_cmd
                0xc7e05654                mmc_set_clock
                0xc7e06448                mmc_init
                0xc7e05474                mmc_set_relative_addr
                0xc7e0639c                mmc_send_op_cond
                0xc7e056f8                mmc_register
                0xc7e057b4                mmc_get_dev
                0xc7e054ac                mmc_switch
                0xc7e05644                mmc_set_ios
                0xc7e05a3c                movi_read
                0xc7e054fc                mmc_change_freq
                0xc7e05674                mmc_set_bus_width
                0xc7e05768                find_mmc_device
                0xc7e06348                mmc_go_idle
                0xc7e0567c                mmc_send_if_cond
                0xc7e05a54                sd_change_freq
                0xc7e05884                movi_write
                0xc7e064ac                mmc_initialize
 .text          0xc7e065dc      0x558 drivers/mmc/libmmc.a(s3c_hsmmc.o)
                0xc7e065dc                smdk_s3c_hsmmc_init
 .text          0xc7e06b34       0xa0 drivers/mtd/nand/libnand.a(nand.o)
                0xc7e06b34                nand_init
 .text          0xc7e06bd4     0x3054 drivers/mtd/nand/libnand.a(nand_base.o)
                0xc7e08ecc                nand_read
                0xc7e06df0                nand_wait_ready
                0xc7e078dc                nand_scan_ident
                0xc7e0830c                nand_scan
                0xc7e0936c                nand_erase_nand
                0xc7e07e28                nand_scan_tail
                0xc7e078b4                nand_release
 .text          0xc7e09c28        0x0 drivers/mtd/nand/libnand.a(nand_ids.o)
 .text          0xc7e09c28      0x220 drivers/mtd/nand/libnand.a(nand_ecc.o)
                0xc7e09d20                nand_correct_data
                0xc7e09c28                nand_calculate_ecc
 .text          0xc7e09e48     0x1750 drivers/mtd/nand/libnand.a(nand_bbt.o)
                0xc7e0a0d4                nand_isbad_bbt
                0xc7e0b4c0                nand_default_bbt
                0xc7e0ad60                nand_update_bbt
                0xc7e0b03c                nand_scan_bbt
 .text          0xc7e0b598      0xc10 drivers/net/libnet.a(dm9000x.o)
                0xc7e0b964                eth_halt
                0xc7e0b7d8                read_srom_word
                0xc7e0b8fc                write_srom_word
                0xc7e0bf6c                eth_rx
                0xc7e0b9ac                eth_init
                0xc7e0c0d0                eth_send
 .text          0xc7e0c1a8      0xde4 common/libcommon.a(main.o)
                0xc7e0c1a8                __show_boot_progress
                0xc7e0c2ac                run_command
                0xc7e0c238                do_run
                0xc7e0c1ac                parse_line
                0xc7e0ce20                readline
                0xc7e0c1a8                show_boot_progress
                0xc7e0ce2c                main_loop
                0xc7e0c780                readline_into_buffer
 .text          0xc7e0cf8c      0x190 common/libcommon.a(cmd_autoscript.o)
                0xc7e0d0d8                do_autoscript
                0xc7e0cfac                autoscript
 .text          0xc7e0d11c      0x100 common/libcommon.a(cmd_bdinfo.o)
                0xc7e0d130                do_bdinfo
 .text          0xc7e0d21c      0x800 common/libcommon.a(image.o)
                0xc7e0d4a0                getenv_bootm_size
                0xc7e0d558                image_print_contents
                0xc7e0d340                genimg_get_comp_id
                0xc7e0d388                genimg_get_os_id
                0xc7e0d2ec                genimg_has_config
                0xc7e0d370                genimg_get_arch_id
                0xc7e0d2a0                genimg_get_arch_name
                0xc7e0d7b8                boot_get_ramdisk
                0xc7e0d764                image_check_hcrc
                0xc7e0d288                genimg_get_os_name
                0xc7e0d2b8                genimg_get_type_name
                0xc7e0d460                genimg_get_format
                0xc7e0d2d0                genimg_get_comp_name
                0xc7e0d728                image_check_dcrc
                0xc7e0d4d4                getenv_bootm_low
                0xc7e0d2e8                genimg_get_image
                0xc7e0d358                genimg_get_type_id
                0xc7e0d23c                image_multi_count
                0xc7e0d49c                memmove_wd
                0xc7e0d3a0                image_multi_getimg
                0xc7e0d508                getenv_yesno
 .text          0xc7e0da1c       0xa4 common/libcommon.a(cmd_boot.o)
                0xc7e0da34                do_go
                0xc7e0da1c                do_go_exec
 .text          0xc7e0dac0      0xd30 common/libcommon.a(cmd_bootm.o)
                0xc7e0dbe8                print_image_hdr
                0xc7e0e048                do_bootd
                0xc7e0e06c                do_bootm
                0xc7e0dae0                board_lmb_reserve
                0xc7e0dae0                __board_lmb_reserve
                0xc7e0dfe8                do_iminfo
 .text          0xc7e0e7f0      0x144 common/libcommon.a(cmd_cache.o)
                0xc7e0e82c                do_dcache
                0xc7e0e8b0                do_icache
 .text          0xc7e0e934       0xe0 common/libcommon.a(cmd_console.o)
                0xc7e0e934                do_coninfo
 .text          0xc7e0ea14      0x324 common/libcommon.a(cmd_date.o)
                0xc7e0ec24                do_date
                0xc7e0ea58                mk_date
 .text          0xc7e0ed38      0x3c8 common/libcommon.a(cmd_elf.o)
                0xc7e0f060                do_bootelf
                0xc7e0eea0                do_bootvx
                0xc7e0ed38                valid_elf_image
                0xc7e0f01c                do_bootelf_exec
                0xc7e0ed90                load_elf_image
 .text          0xc7e0f100      0x558 common/libcommon.a(cmd_ext2.o)
                0xc7e0f100                ext_format
                0xc7e0f1f4                do_ext3_format
                0xc7e0f508                do_ext2ls
                0xc7e0f204                do_ext2_format
                0xc7e0f214                do_ext2load
 .text          0xc7e0f658      0x4ac common/libcommon.a(cmd_fat.o)
                0xc7e0f964                do_fat_fsload
                0xc7e0f658                do_fat_format
                0xc7e0f748                do_fat_fsinfo
                0xc7e0f850                do_fat_ls
 .text          0xc7e0fb04      0x5a8 common/libcommon.a(cmd_flash.o)
                0xc7e0fb34                do_flinfo
                0xc7e0fb1c                flash_sect_erase
                0xc7e0fd94                do_protect
                0xc7e0ff60                do_flerase
                0xc7e0fb04                flash_sect_protect
 .text          0xc7e100ac      0x2ec common/libcommon.a(cmd_itest.o)
                0xc7e10114                binary_test
                0xc7e102f0                do_itest
 .text          0xc7e10398      0xf58 common/libcommon.a(cmd_load.o)
                0xc7e10468                k_data_init
                0xc7e105f4                s1_sendpacket
                0xc7e1061c                handle_send_packet
                0xc7e104f4                k_data_restore
                0xc7e10814                send_nack
                0xc7e108fc                do_load_serial_bin
                0xc7e10558                k_data_char
                0xc7e103c0                chk1
                0xc7e10490                k_data_save
                0xc7e10398                ktrans
                0xc7e105c0                send_pad
                0xc7e10878                send_ack
                0xc7e10fe4                do_load_serial
 .text          0xc7e112f0      0xa14 common/libcommon.a(cmd_mem.o)
                0xc7e112f0                do_mem_base
                0xc7e11b30                do_mem_mw
                0xc7e11334                do_mem_crc
                0xc7e1170c                do_mem_nm
                0xc7e11734                do_mem_mm
                0xc7e11854                do_mem_cp
                0xc7e113ec                do_mem_mtest
                0xc7e11984                do_mem_cmp
                0xc7e11514                cmd_get_data_size
                0xc7e1175c                do_mem_loop
                0xc7e11c00                do_mem_md
 .text          0xc7e11d04       0x90 common/libcommon.a(cmd_misc.o)
                0xc7e11d04                do_sleep
 .text          0xc7e11d94      0x48c common/libcommon.a(cmd_mmc.o)
                0xc7e11f18                do_mmcops
                0xc7e11d94                do_mmcinfo
 .text          0xc7e12220      0xf98 common/libcommon.a(cmd_nand.o)
                0xc7e12388                do_nandboot
                0xc7e125c4                do_nand
 .text          0xc7e131b8      0x3d8 common/libcommon.a(cmd_net.o)
                0xc7e1356c                do_rarpb
                0xc7e131b8                do_ping
                0xc7e13578                do_tftpb
                0xc7e13560                do_dhcp
                0xc7e13584                do_bootp
                0xc7e13554                do_nfs
 .text          0xc7e13590      0x890 common/libcommon.a(cmd_nvedit.o)
                0xc7e136d4                getenv
                0xc7e13744                _do_setenv
                0xc7e135f0                getenv_r
                0xc7e13ca4                do_printenv
                0xc7e13c5c                setenv
                0xc7e136a8                do_saveenv
                0xc7e13c1c                do_setenv
                0xc7e13590                envmatch
 .text          0xc7e13e20        0x8 common/libcommon.a(cmd_reginfo.o)
                0xc7e13e20                do_reginfo
 .text          0xc7e13e28      0x118 common/libcommon.a(cmd_usbd.o)
                0xc7e13e28                do_usbd_dnw
 .text          0xc7e13f40      0x240 common/libcommon.a(cmd_ximg.o)
                0xc7e13f40                do_imgextract
 .text          0xc7e14180      0x764 common/libcommon.a(command.o)
                0xc7e14214                do_echo
                0xc7e14464                do_exit
                0xc7e14180                find_cmd
                0xc7e14494                do_test
                0xc7e14298                do_help
                0xc7e14444                do_version
 .text          0xc7e148e4      0x584 common/libcommon.a(console.o)
                0xc7e14be4                console_init_r
                0xc7e14ba4                printf
                0xc7e14a84                console_assign
                0xc7e14df4                getc
                0xc7e14b5c                puts
                0xc7e14a68                dbg
                0xc7e14d7c                serial_printf
                0xc7e149ac                ftstc
                0xc7e14b14                fprintf
                0xc7e14ddc                tstc
                0xc7e14b78                vprintf
                0xc7e14e0c                ctrlc
                0xc7e14dbc                putc
                0xc7e14a2c                disable_ctrlc
                0xc7e14984                fgetc
                0xc7e14a44                had_ctrlc
                0xc7e149d4                fputc
                0xc7e14a74                console_init_f
                0xc7e14a54                clear_ctrlc
                0xc7e14a00                fputs
 .text          0xc7e14e68       0xec common/libcommon.a(devices.o)
                0xc7e14e84                device_register
                0xc7e14e68                devices_done
                0xc7e14ea8                devices_init
 .text          0xc7e14f54     0x10f0 common/libcommon.a(dlmalloc.o)
                0xc7e1537c                malloc
                0xc7e15ac8                pvalloc
                0xc7e15aec                calloc
                0xc7e14f8c                malloc_usable_size
                0xc7e15bcc                realloc
                0xc7e15044                malloc_trim
                0xc7e14f54                malloc_bin_reloc
                0xc7e14fd0                mallopt
                0xc7e159b8                memalign
                0xc7e15378                cfree
                0xc7e15ae0                valloc
                0xc7e15118                free
 .text          0xc7e16044      0x164 common/libcommon.a(env_common.o)
                0xc7e16158                env_get_char
                0xc7e16064                env_get_addr
                0xc7e160b0                set_default_env
                0xc7e160f8                env_relocate
                0xc7e16084                env_crc_update
                0xc7e16044                env_get_char_memory
 .text          0xc7e161a8       0xe4 common/libcommon.a(exports.o)
                0xc7e161b4                jumptable_init
                0xc7e161ac                get_version
 .text          0xc7e1628c      0x364 common/libcommon.a(flash.o)
                0xc7e16480                flash_write
                0xc7e1628c                flash_protect
                0xc7e16398                addr2info
                0xc7e163a0                flash_perror
 .text          0xc7e165f0     0x1c98 common/libcommon.a(hush.o)
                0xc7e1698c                new_pipe
                0xc7e16718                mapset
                0xc7e17984                parse_string_outer
                0xc7e172e4                update_ifs_map
                0xc7e1793c                parse_file_outer
                0xc7e1660c                simple_itoa
                0xc7e16cd0                reserved_word
                0xc7e1673c                u_boot_hush_start
 .text          0xc7e18288      0x3e0 common/libcommon.a(lists.o)
                0xc7e18588                DisposeHandle
                0xc7e185a8                ListDispose
                0xc7e183bc                ListInsertItems
                0xc7e18290                ListSetAllocationPolicy
                0xc7e182e0                ListGetItemSize
                0xc7e182d4                ListGetDataPtr
                0xc7e185ac                NewHandle
                0xc7e18340                SetHandleSize
                0xc7e18580                ListInsertItem
                0xc7e18288                GetHandleSize
                0xc7e182ec                ListNumItems
                0xc7e182a4                ListGetPtrToItem
                0xc7e18608                ListCreate
                0xc7e182f8                ListGetItems
 .text          0xc7e18668      0x2cc common/libcommon.a(s_record.o)
                0xc7e186d8                srec_decode
 .text          0xc7e18934     0x15e4 common/libcommon.a(usb.o)
                0xc7e19404                usb_set_idle
                0xc7e1894c                usb_maxpacket
                0xc7e19cec                usb_hub_probe
                0xc7e19ee8                usb_stop
                0xc7e19e54                usb_init
                0xc7e18934                usb_disable_asynch
                0xc7e19db0                usb_clear_halt
                0xc7e18cb8                usb_bulk_msg
                0xc7e19314                usb_get_class_descriptor
                0xc7e19d4c                usb_scan_devices
                0xc7e1902c                usb_get_hub_descriptor
                0xc7e18e18                usb_get_port_status
                0xc7e18c94                usb_submit_int_msg
                0xc7e18b40                usb_parse_config
                0xc7e18d18                usb_control_msg
                0xc7e19468                usb_set_protocol
                0xc7e1998c                usb_hub_port_connect_change
                0xc7e19530                usb_set_interface
                0xc7e18a5c                usb_hub_allocate
                0xc7e19218                usb_string
                0xc7e1938c                usb_get_report
                0xc7e19644                usb_get_descriptor
                0xc7e19acc                usb_hub_configure
                0xc7e1908c                usb_get_string
                0xc7e18c98                wait_ms
                0xc7e18fd4                usb_clear_hub_feature
                0xc7e196b4                usb_get_configuration_no
                0xc7e18f74                usb_clear_port_feature
                0xc7e18ed0                usb_set_port_feature
                0xc7e19754                usb_new_device
                0xc7e18e78                usb_get_hub_status
                0xc7e194c8                usb_set_configuration
                0xc7e18970                usb_set_maxpacket
                0xc7e195fc                usb_set_address
                0xc7e18aa4                usb_alloc_new_device
                0xc7e18a48                usb_hub_reset
                0xc7e18a20                usb_get_dev_index
 .text          0xc7e19f18      0xa10 common/libcommon.a(xyzModem.o)
                0xc7e1a04c                xyzModem_error
                0xc7e1a0e8                xyzModem_stream_close
                0xc7e1a148                CYGACC_COMM_IF_GETC_TIMEOUT
                0xc7e19f18                parse_num
                0xc7e1a1d0                xyzModem_stream_terminate
                0xc7e1a7cc                xyzModem_stream_open
                0xc7e1a13c                CYGACC_COMM_IF_PUTC
                0xc7e1a550                xyzModem_stream_read
 .text          0xc7e1a928      0x538 common/libcommon.a(cmd_movi.o)
                0xc7e1acb0                init_raw_area_table
                0xc7e1a928                do_movi
 .text          0xc7e1ae60      0x3f4 common/libcommon.a(cmd_lcd.o)
                0xc7e1ae60                do_lcd_test
 .text          0xc7e1b254     0x1824 common/libcommon.a(cmd_fastboot.o)
                0xc7e1c6e0                do_sdfuse
                0xc7e1b2a8                fastboot_flash_get_ptn_count
                0xc7e1b410                fastboot_flash_add_ptn
                0xc7e1c8cc                do_fastboot
                0xc7e1b280                fastboot_flash_get_ptn
                0xc7e1b2b8                fastboot_flash_find_ptn
                0xc7e1b330                fastboot_flash_dump_ptn
 .text          0xc7e1ca78      0xb70 common/libcommon.a(cmd_mmc_fdisk.o)
                0xc7e1cbfc                make_partitionInfo
                0xc7e1d1a0                encode_partitionInfo
                0xc7e1cf30                decode_partitionInfo
                0xc7e1cae4                encode_chs
                0xc7e1cf70                get_mmc_part_info
                0xc7e1d214                make_mmc_partition
                0xc7e1d00c                print_mmc_part_info
                0xc7e1d4e8                create_mmc_fdisk
                0xc7e1cb04                get_SDInfo
                0xc7e1d570                do_fdisk
                0xc7e1ce68                get_mmc_mbr
                0xc7e1cdf4                put_mmc_mbr
                0xc7e1ca78                calc_unit
                0xc7e1ced8                get_mmc_block_count
 .text          0xc7e1d5e8      0x74c common/libcommon.a(env_auto.o)
                0xc7e1d734                env_relocate_spec_movinand
                0xc7e1d8a4                env_relocate_spec
                0xc7e1d730                env_relocate_spec_onenand
                0xc7e1d9f0                saveenv_nand_adv
                0xc7e1dc94                saveenv
                0xc7e1d664                env_get_char_spec
                0xc7e1d7ac                env_relocate_spec_nor
                0xc7e1d670                env_init
                0xc7e1dc68                saveenv_movinand
                0xc7e1d68c                saveenv_onenand
                0xc7e1d904                saveenv_nor
                0xc7e1dae4                saveenv_nand
                0xc7e1d800                env_relocate_spec_nand
 .text          0xc7e1dd34      0x170 common/libcommon.a(gunzip.o)
                0xc7e1dd34                gunzip
                0xc7e1de8c                zfree
                0xc7e1de94                zalloc
 .text          0xc7e1dea4       0x48 common/libcommon.a(crc16.o)
                0xc7e1dea4                cyg_crc16
 .text          0xc7e1deec       0xc0 board/samsung/smdk6450/libsmdk6450.a(smdk6450.o)
                0xc7e1df64                virt_to_phy_smdk6450
                0xc7e1df3c                dram_init
                0xc7e1df94                checkboard
                0xc7e1deec                board_init
                0xc7e1df5c                board_late_init
 .text          0xc7e1dfac      0x5ec board/samsung/smdk6450/libsmdk6450.a(flash.o)
                0xc7e1e33c                flash_erase
                0xc7e1e54c                flash_init
                0xc7e1e224                flash_print_info
                0xc7e1e0ac                write_buff
 .text          0xc7e1e598      0x1fc lib_generic/libgeneric.a(crc32.o)
                0xc7e1e598                crc32
                0xc7e1e790                crc32_wd
                0xc7e1e698                crc32_no_comp
 .text          0xc7e1e794        0x0 lib_generic/libgeneric.a(ctype.o)
 .text          0xc7e1e794      0x26c lib_generic/libgeneric.a(display_options.o)
                0xc7e1e880                print_buffer
                0xc7e1e860                display_options
                0xc7e1e794                print_size
 .text          0xc7e1ea00      0x554 lib_generic/libgeneric.a(lmb.o)
                0xc7e1ed5c                lmb_overlaps_region
                0xc7e1ec5c                lmb_add
                0xc7e1ea00                lmb_dump_all
                0xc7e1ec60                lmb_free
                0xc7e1ef18                lmb_alloc_base
                0xc7e1ef4c                lmb_alloc
                0xc7e1edb0                __lmb_alloc_base
                0xc7e1ea64                lmb_init
                0xc7e1eebc                lmb_is_reserved
                0xc7e1ed54                lmb_reserve
 .text          0xc7e1ef54      0x538 lib_generic/libgeneric.a(string.o)
                0xc7e1ef54                strcpy
                0xc7e1f39c                memscan
                0xc7e1f318                memmove
                0xc7e1f2f8                memcpy
                0xc7e1f264                strswab
                0xc7e1f100                strnlen
                0xc7e1f0c8                strrchr
                0xc7e1ef94                strcat
                0xc7e1f424                memchr
                0xc7e1f3c0                strstr
                0xc7e1f038                strncmp
                0xc7e1ef6c                strncpy
                0xc7e1f2cc                bcopy
                0xc7e1f1ac                strtok
                0xc7e1f360                memcmp
                0xc7e1efc0                strncat
                0xc7e1f450                strdup
                0xc7e1f2b0                memset
                0xc7e1f00c                strcmp
                0xc7e1f230                strsep
                0xc7e1f128                strspn
                0xc7e1f0a8                strlen
                0xc7e1f07c                strchr
                0xc7e1f16c                strpbrk
 .text          0xc7e1f48c      0x868 lib_generic/libgeneric.a(vsprintf.o)
                0xc7e1f870                vsprintf
                0xc7e1f54c                simple_strtol
                0xc7e1f818                panic
                0xc7e1fcc4                sprintf
                0xc7e1f48c                simple_strtoul
 .text          0xc7e1fcf4     0x2ea4 lib_generic/libgeneric.a(zlib.o)
                0xc7e20c3c                inflate
                0xc7e206dc                inflateInit2
                0xc7e20b0c                inflateIncomp
                0xc7e20824                adler32
                0xc7e20574                inflateReset
                0xc7e205dc                inflateSync
                0xc7e2081c                inflateInit
                0xc7e204d4                inflateEnd
 .text          0xc7e22b98      0x6c8 cpu/s5p645x/libs5p645x.a(usb_ohci.o)
                0xc7e22c14                rh_check_port_status
                0xc7e22c3c                usb_lowlevel_stop
                0xc7e22cf4                sohci_submit_job
                0xc7e22c2c                submit_int_msg
                0xc7e23258                submit_bulk_msg
                0xc7e22c24                submit_control_msg
                0xc7e22c34                usb_lowlevel_init
                0xc7e22c1c                submit_common_msg
 .text          0xc7e23260      0xcc4 cpu/s5p645x/libs5p645x.a(nand.o)
                0xc7e23cac                board_nand_init
 .text          0xc7e23f24     0x2c38 cpu/s5p645x/libs5p645x.a(usbd-otg-hs.o)
                0xc7e25c6c                s3c_usb_dma_in_done
                0xc7e25d80                s3c_usb_set_all_outep_nak
                0xc7e260d0                s3c_usb_clear_upfile_info
                0xc7e26318                s3c_usb_verify_checksum
                0xc7e26140                s3c_usb_set_opmode
                0xc7e265b8                s3c_usb_pkt_receive
                0xc7e267a8                s3c_usb_transfer
                0xc7e26090                s3c_usb_clear_dnfile_info
                0xc7e2564c                s3c_usb_int_bulkin
                0xc7e24010                s3c_usb_set_inep_xfersize
                0xc7e24978                s3c_usb_transfer_ep0
                0xc7e24854                s3c_usb_set_otherspeed_conf_desc
                0xc7e23f94                s3c_usb_set_soft_disconnect
                0xc7e25da8                s3c_usb_clear_all_outep_nak
                0xc7e26a40                s3c_usbctl_init
                0xc7e25ed8                s3c_usb_set_descriptors
                0xc7e26568                s3c_usb_int_bulkout
                0xc7e268d0                s3c_udc_int_hndlr
                0xc7e24044                s3c_usb_set_outep_xfersize
                0xc7e26a08                s3c_usb_stop
                0xc7e23fc4                s3c_usb_init_device
                0xc7e26110                s3c_usb_check_setconf
                0xc7e243d4                s3c_usb_set_feature
                0xc7e26688                s3c_usb_dma_out_done
                0xc7e24620                s3c_usb_ep0_int_hndlr
                0xc7e25e80                s3c_usb_set_endpoint
                0xc7e263f0                s3c_usb_download_continue
                0xc7e240cc                s3c_usb_write_in_fifo
                0xc7e26960                s3c_usb_wait_cable_insert
                0xc7e24340                s3c_usb_clear_feature
                0xc7e24008                s3c_usbc_activate
                0xc7e24078                s3c_usb_write_ep0_fifo
                0xc7e25a4c                s3c_usb_download_start
                0xc7e25dd0                s3c_usb_set_max_pktsize
                0xc7e23f7c                s3c_usb_check_current_mode
                0xc7e23f24                s3c_usb_phy_off
                0xc7e24550                s3c_usb_get_status
                0xc7e26074                s3c_usb_check_speed
                0xc7e2581c                s3c_usb_upload_start
                0xc7e23f5c                s3c_usb_init_core
                0xc7e23fac                s3c_usb_clear_soft_disconnect
                0xc7e23f3c                s3c_usb_core_soft_reset
                0xc7e2663c                s3c_usb_print_pkt
                0xc7e26280                s3c_usb_set_init
                0xc7e26214                s3c_usb_reset
                0xc7e24170                s3c_usb_get_desc
                0xc7e24120                s3c_usb_read_out_fifo
                0xc7e269b4                s3c_usb_init_phy
 .text          0xc7e26b5c     0x2e88 cpu/s5p645x/libs5p645x.a(fastboot.o)
                0xc7e28bec                fboot_usb_clear_dnfile_info
                0xc7e28374                fboot_usb_upload_start
                0xc7e28c2c                fboot_usb_clear_upfile_info
                0xc7e294f0                fboot_usb_init_phy
                0xc7e26be4                fboot_usb_clear_soft_disconnect
                0xc7e26de0                fboot_usb_get_desc
                0xc7e28c9c                fboot_usb_set_opmode
                0xc7e29934                fastboot_poll
                0xc7e26c40                fboot_usbc_activate
                0xc7e287c4                fboot_usb_dma_in_done
                0xc7e28d70                fboot_usb_reset
                0xc7e289d8                fboot_usb_set_endpoint
                0xc7e26cb4                fboot_usb_set_outep_xfersize
                0xc7e26c48                fboot_usb_stop
                0xc7e26c80                fboot_usb_set_inep_xfersize
                0xc7e2761c                fboot_usb_transfer_ep0
                0xc7e28bd0                fboot_usb_check_speed
                0xc7e28ddc                fastboot_shutdown
                0xc7e28e10                fastboot_getvar
                0xc7e26d90                fboot_usb_read_out_fifo
                0xc7e26bfc                fboot_usb_init_device
                0xc7e28e18                fboot_usb_int_bulkin
                0xc7e29660                fastboot_init
                0xc7e26fe4                fboot_usb_clear_feature
                0xc7e28c6c                fboot_usb_check_setconf
                0xc7e29380                fboot_usb_transfer
                0xc7e288d8                fboot_usb_set_all_outep_nak
                0xc7e285a4                fboot_usb_download_start
                0xc7e28de0                fastboot_fifo_size
                0xc7e29988                fastboot_tx_status
                0xc7e29260                fboot_usb_dma_out_done
                0xc7e29544                fboot_usbctl_init
                0xc7e271f4                fboot_usb_get_status
                0xc7e294ac                fboot_usb_wait_cable_insert
                0xc7e27078                fboot_usb_set_feature
                0xc7e26ce8                fboot_usb_write_ep0_fifo
                0xc7e272c4                fboot_usb_ep0_int_hndlr
                0xc7e29220                fboot_usb_print_pkt
                0xc7e28ecc                fastboot_preboot
                0xc7e26b94                fboot_usb_init_core
                0xc7e26bcc                fboot_usb_set_soft_disconnect
                0xc7e29054                fboot_usb_download_continue
                0xc7e29878                fboot_usb_int_hndlr
                0xc7e28928                fboot_usb_set_max_pktsize
                0xc7e28f88                fboot_usb_verify_checksum
                0xc7e29744                fboot_usb_int_bulkout
                0xc7e28900                fboot_usb_clear_all_outep_nak
                0xc7e28a30                fboot_usb_set_descriptors
                0xc7e297f4                fboot_usb_pkt_receive
                0xc7e26d3c                fboot_usb_write_in_fifo
                0xc7e28ef0                fboot_usb_set_init
                0xc7e26b5c                fboot_usb_phy_off
                0xc7e26bb4                fboot_usb_check_current_mode
                0xc7e26b74                fboot_usb_core_soft_reset
                0xc7e274f8                fboot_usb_set_otherspeed_conf_desc
 .text          0xc7e299e4       0x1c lib_arm/libarm.a(_ashldi3.o)
                0xc7e299e4                __ashldi3
 .text          0xc7e29a00       0x1c lib_arm/libarm.a(_ashrdi3.o)
                0xc7e29a00                __ashrdi3
 .text          0xc7e29a1c       0xb4 lib_arm/libarm.a(_umodsi3.o)
                0xc7e29a1c                __umodsi3
 .text          0xc7e29ad0      0x2fc lib_arm/libarm.a(bootm.o)
                0xc7e29b7c                do_bootm_linux
                0xc7e29ad0                setup_mtdpartition_tag
 .text          0xc7e29dcc        0x4 lib_arm/libarm.a(cache.o)
                0xc7e29dcc                flush_cache
 .text          0xc7e29dd0     0x19c4 fs/fat/libfat.a(fat.o)
                0xc7e2afc4                file_fat_read
                0xc7e2a6a0                do_fat_read
                0xc7e2affc                file_fat_ls
                0xc7e2b12c                fat_format_device
                0xc7e2a250                file_fat_detectfs
                0xc7e29df8                disk_read
                0xc7e2b00c                fat_register_device
 .text          0xc7e2b794     0x3798 fs/ext2/libext2fs.a(ext2fs.o)
                0xc7e2e148                ext2fs_read_file
                0xc7e2e070                ext2fs_close
                0xc7e2b7f0                ext2fs_format
                0xc7e2b7b0                default_journal_size
                0xc7e2e788                ext2fs_mount
                0xc7e2eeb0                ext2fs_ls
                0xc7e2b794                get_random_val
                0xc7e2ed84                ext2fs_find_file
                0xc7e2ee0c                ext2fs_open
                0xc7e2e050                ext2fs_free_node
                0xc7e2e67c                ext2fs_read
                0xc7e2ead0                ext2fs_find_file1
 .text          0xc7e2ef2c      0x23c fs/ext2/libext2fs.a(dev.o)
                0xc7e2f114                ext2fs_set_blk_dev
                0xc7e2ef2c                ext2fs_devread
 .text          0xc7e2f168      0x350 disk/libdisk.a(part.o)
                0xc7e2f244                dev_print
                0xc7e2f168                print_part
                0xc7e2f454                get_dev
                0xc7e2f414                get_partition_info
                0xc7e2f438                init_part
 .text          0xc7e2f4b8      0x4ec disk/libdisk.a(part_dos.o)
                0xc7e2f780                get_partition_info_dos
                0xc7e2f978                print_part_dos
                0xc7e2f500                test_part_dos
 .text          0xc7e2f9a4      0xe84 drivers/mtd/nand/libnand.a(nand_util.o)
                0xc7e2f9ac                nand_lock
                0xc7e2fa00                nand_unlock
                0xc7e2fb10                nand_get_lock_status
                0xc7e304c0                nand_erase_opts
                0xc7e2fb9c                nand_read_opts
                0xc7e2ff5c                nand_write_opts
 .text          0xc7e30828      0x290 drivers/rtc/librtc.a(date.o)
                0xc7e30828                GregorianDay
                0xc7e30a24                mktime
                0xc7e3091c                to_tm
 .text          0xc7e30ab8      0x23c drivers/rtc/librtc.a(s5p64xx_rtc.o)
                0xc7e30b3c                rtc_set
                0xc7e30ccc                rtc_reset
                0xc7e30bd8                rtc_get
 .text          0xc7e30cf4      0x120 lib_generic/libgeneric.a(div64.o)
                0xc7e30cf4                __div64_32
 lib_arm/div0.o()
 .data          0xc7e30e14        0x0 lib_arm/div0.o
 .bss           0xc7e30e14        0x0 lib_arm/div0.o
 .debug_abbrev  0xc7e30e14       0x29 lib_arm/div0.o
 .debug_info    0xc7e30e3d       0x39 lib_arm/div0.o
 .debug_line    0xc7e30e76       0x38 lib_arm/div0.o
 *fill*         0xc7e30eae        0x2 00
 .debug_frame   0xc7e30eb0       0x20 lib_arm/div0.o
 .debug_pubnames
                0xc7e30ed0       0x1d lib_arm/div0.o
 .debug_aranges
                0xc7e30eed       0x20 lib_arm/div0.o
 .debug_str     0xc7e30f0d       0x43 lib_arm/div0.o
 .comment       0xc7e30f50       0x12 lib_arm/div0.o
 .ARM.attributes
                0xc7e30f62       0x10 lib_arm/div0.o
 *fill*         0xc7e30f72        0x2 00
 .glue_7        0xc7e30f74        0x0 lib_arm/div0.o
 .glue_7t       0xc7e30f74        0x0 lib_arm/div0.o
 .vfp11_veneer  0xc7e30f74        0x0 lib_arm/div0.o

.glue_7         0xc7e30f74        0x0
 .glue_7        0xc7e30f74        0x0 cpu/s5p645x/start.o
 .glue_7        0xc7e30f74        0x0 cpu/s5p645x/start_irom.o
 .glue_7        0xc7e30f74        0x0 cpu/s5p645x/s5p6450/cpu_init.o
 .glue_7        0xc7e30f74        0x0 board/samsung/smdk6450/lowlevel_init.o
 .glue_7        0xc7e30f74        0x0 cpu/s5p645x/nand_cp.o
 .glue_7        0xc7e30f74        0x0 cpu/s5p645x/movi.o
 .glue_7        0xc7e30f74        0x0 cpu/s5p645x/libs5p645x.a(interrupts.o)
 .glue_7        0xc7e30f74        0x0 cpu/s5p645x/libs5p645x.a(cpu.o)
 .glue_7        0xc7e30f74        0x0 cpu/s5p645x/libs5p645x.a(setup_hsmmc.o)
 .glue_7        0xc7e30f74        0x0 cpu/s5p645x/libs5p645x.a(serial.o)
 .glue_7        0xc7e30f74        0x0 cpu/s5p645x/s5p6450/libs5p6450.a(speed.o)
 .glue_7        0xc7e30f74        0x0 lib_arm/libarm.a(_udivsi3.o)
 .glue_7        0xc7e30f74        0x0 lib_arm/libarm.a(board.o)
 .glue_7        0xc7e30f74        0x0 lib_arm/libarm.a(_divsi3.o)
 .glue_7        0xc7e30f74        0x0 lib_arm/libarm.a(_modsi3.o)
 .glue_7        0xc7e30f74        0x0 net/libnet.a(net.o)
 .glue_7        0xc7e30f74        0x0 net/libnet.a(tftp.o)
 .glue_7        0xc7e30f74        0x0 net/libnet.a(bootp.o)
 .glue_7        0xc7e30f74        0x0 net/libnet.a(rarp.o)
 .glue_7        0xc7e30f74        0x0 net/libnet.a(eth.o)
 .glue_7        0xc7e30f74        0x0 net/libnet.a(nfs.o)
 .glue_7        0xc7e30f74        0x0 drivers/mmc/libmmc.a(mmc.o)
 .glue_7        0xc7e30f74        0x0 drivers/mmc/libmmc.a(s3c_hsmmc.o)
 .glue_7        0xc7e30f74        0x0 drivers/mtd/nand/libnand.a(nand.o)
 .glue_7        0xc7e30f74        0x0 drivers/mtd/nand/libnand.a(nand_base.o)
 .glue_7        0xc7e30f74        0x0 drivers/mtd/nand/libnand.a(nand_ids.o)
 .glue_7        0xc7e30f74        0x0 drivers/mtd/nand/libnand.a(nand_ecc.o)
 .glue_7        0xc7e30f74        0x0 drivers/mtd/nand/libnand.a(nand_bbt.o)
 .glue_7        0xc7e30f74        0x0 drivers/net/libnet.a(dm9000x.o)
 .glue_7        0xc7e30f74        0x0 common/libcommon.a(main.o)
 .glue_7        0xc7e30f74        0x0 common/libcommon.a(cmd_autoscript.o)
 .glue_7        0xc7e30f74        0x0 common/libcommon.a(cmd_bdinfo.o)
 .glue_7        0xc7e30f74        0x0 common/libcommon.a(image.o)
 .glue_7        0xc7e30f74        0x0 common/libcommon.a(cmd_boot.o)
 .glue_7        0xc7e30f74        0x0 common/libcommon.a(cmd_bootm.o)
 .glue_7        0xc7e30f74        0x0 common/libcommon.a(cmd_cache.o)
 .glue_7        0xc7e30f74        0x0 common/libcommon.a(cmd_console.o)
 .glue_7        0xc7e30f74        0x0 common/libcommon.a(cmd_date.o)
 .glue_7        0xc7e30f74        0x0 common/libcommon.a(cmd_elf.o)
 .glue_7        0xc7e30f74        0x0 common/libcommon.a(cmd_ext2.o)
 .glue_7        0xc7e30f74        0x0 common/libcommon.a(cmd_fat.o)
 .glue_7        0xc7e30f74        0x0 common/libcommon.a(cmd_flash.o)
 .glue_7        0xc7e30f74        0x0 common/libcommon.a(cmd_itest.o)
 .glue_7        0xc7e30f74        0x0 common/libcommon.a(cmd_load.o)
 .glue_7        0xc7e30f74        0x0 common/libcommon.a(cmd_mem.o)
 .glue_7        0xc7e30f74        0x0 common/libcommon.a(cmd_misc.o)
 .glue_7        0xc7e30f74        0x0 common/libcommon.a(cmd_mmc.o)
 .glue_7        0xc7e30f74        0x0 common/libcommon.a(cmd_nand.o)
 .glue_7        0xc7e30f74        0x0 common/libcommon.a(cmd_net.o)
 .glue_7        0xc7e30f74        0x0 common/libcommon.a(cmd_nvedit.o)
 .glue_7        0xc7e30f74        0x0 common/libcommon.a(cmd_reginfo.o)
 .glue_7        0xc7e30f74        0x0 common/libcommon.a(cmd_usbd.o)
 .glue_7        0xc7e30f74        0x0 common/libcommon.a(cmd_ximg.o)
 .glue_7        0xc7e30f74        0x0 common/libcommon.a(command.o)
 .glue_7        0xc7e30f74        0x0 common/libcommon.a(console.o)
 .glue_7        0xc7e30f74        0x0 common/libcommon.a(devices.o)
 .glue_7        0xc7e30f74        0x0 common/libcommon.a(dlmalloc.o)
 .glue_7        0xc7e30f74        0x0 common/libcommon.a(env_common.o)
 .glue_7        0xc7e30f74        0x0 common/libcommon.a(exports.o)
 .glue_7        0xc7e30f74        0x0 common/libcommon.a(flash.o)
 .glue_7        0xc7e30f74        0x0 common/libcommon.a(hush.o)
 .glue_7        0xc7e30f74        0x0 common/libcommon.a(lists.o)
 .glue_7        0xc7e30f74        0x0 common/libcommon.a(s_record.o)
 .glue_7        0xc7e30f74        0x0 common/libcommon.a(usb.o)
 .glue_7        0xc7e30f74        0x0 common/libcommon.a(xyzModem.o)
 .glue_7        0xc7e30f74        0x0 common/libcommon.a(cmd_movi.o)
 .glue_7        0xc7e30f74        0x0 common/libcommon.a(cmd_lcd.o)
 .glue_7        0xc7e30f74        0x0 common/libcommon.a(cmd_fastboot.o)
 .glue_7        0xc7e30f74        0x0 common/libcommon.a(cmd_mmc_fdisk.o)
 .glue_7        0xc7e30f74        0x0 common/libcommon.a(env_auto.o)
 .glue_7        0xc7e30f74        0x0 common/libcommon.a(gunzip.o)
 .glue_7        0xc7e30f74        0x0 common/libcommon.a(crc16.o)
 .glue_7        0xc7e30f74        0x0 board/samsung/smdk6450/libsmdk6450.a(smdk6450.o)
 .glue_7        0xc7e30f74        0x0 board/samsung/smdk6450/libsmdk6450.a(flash.o)
 .glue_7        0xc7e30f74        0x0 lib_generic/libgeneric.a(crc32.o)
 .glue_7        0xc7e30f74        0x0 lib_generic/libgeneric.a(ctype.o)
 .glue_7        0xc7e30f74        0x0 lib_generic/libgeneric.a(display_options.o)
 .glue_7        0xc7e30f74        0x0 lib_generic/libgeneric.a(lmb.o)
 .glue_7        0xc7e30f74        0x0 lib_generic/libgeneric.a(string.o)
 .glue_7        0xc7e30f74        0x0 lib_generic/libgeneric.a(vsprintf.o)
 .glue_7        0xc7e30f74        0x0 lib_generic/libgeneric.a(zlib.o)
 .glue_7        0xc7e30f74        0x0 cpu/s5p645x/libs5p645x.a(usb_ohci.o)
 .glue_7        0xc7e30f74        0x0 cpu/s5p645x/libs5p645x.a(nand.o)
 .glue_7        0xc7e30f74        0x0 cpu/s5p645x/libs5p645x.a(usbd-otg-hs.o)
 .glue_7        0xc7e30f74        0x0 cpu/s5p645x/libs5p645x.a(fastboot.o)
 .glue_7        0xc7e30f74        0x0 lib_arm/libarm.a(_ashldi3.o)
 .glue_7        0xc7e30f74        0x0 lib_arm/libarm.a(_ashrdi3.o)
 .glue_7        0xc7e30f74        0x0 lib_arm/libarm.a(_umodsi3.o)
 .glue_7        0xc7e30f74        0x0 lib_arm/libarm.a(bootm.o)
 .glue_7        0xc7e30f74        0x0 lib_arm/libarm.a(cache.o)
 .glue_7        0xc7e30f74        0x0 fs/fat/libfat.a(fat.o)
 .glue_7        0xc7e30f74        0x0 fs/ext2/libext2fs.a(ext2fs.o)
 .glue_7        0xc7e30f74        0x0 fs/ext2/libext2fs.a(dev.o)
 .glue_7        0xc7e30f74        0x0 disk/libdisk.a(part.o)
 .glue_7        0xc7e30f74        0x0 disk/libdisk.a(part_dos.o)
 .glue_7        0xc7e30f74        0x0 drivers/mtd/nand/libnand.a(nand_util.o)
 .glue_7        0xc7e30f74        0x0 drivers/rtc/librtc.a(date.o)
 .glue_7        0xc7e30f74        0x0 drivers/rtc/librtc.a(s5p64xx_rtc.o)
 .glue_7        0xc7e30f74        0x0 lib_generic/libgeneric.a(div64.o)

.glue_7t        0xc7e30f74        0x0
 .glue_7t       0xc7e30f74        0x0 cpu/s5p645x/start.o
 .glue_7t       0xc7e30f74        0x0 cpu/s5p645x/start_irom.o
 .glue_7t       0xc7e30f74        0x0 cpu/s5p645x/s5p6450/cpu_init.o
 .glue_7t       0xc7e30f74        0x0 board/samsung/smdk6450/lowlevel_init.o
 .glue_7t       0xc7e30f74        0x0 cpu/s5p645x/nand_cp.o
 .glue_7t       0xc7e30f74        0x0 cpu/s5p645x/movi.o
 .glue_7t       0xc7e30f74        0x0 cpu/s5p645x/libs5p645x.a(interrupts.o)
 .glue_7t       0xc7e30f74        0x0 cpu/s5p645x/libs5p645x.a(cpu.o)
 .glue_7t       0xc7e30f74        0x0 cpu/s5p645x/libs5p645x.a(setup_hsmmc.o)
 .glue_7t       0xc7e30f74        0x0 cpu/s5p645x/libs5p645x.a(serial.o)
 .glue_7t       0xc7e30f74        0x0 cpu/s5p645x/s5p6450/libs5p6450.a(speed.o)
 .glue_7t       0xc7e30f74        0x0 lib_arm/libarm.a(_udivsi3.o)
 .glue_7t       0xc7e30f74        0x0 lib_arm/libarm.a(board.o)
 .glue_7t       0xc7e30f74        0x0 lib_arm/libarm.a(_divsi3.o)
 .glue_7t       0xc7e30f74        0x0 lib_arm/libarm.a(_modsi3.o)
 .glue_7t       0xc7e30f74        0x0 net/libnet.a(net.o)
 .glue_7t       0xc7e30f74        0x0 net/libnet.a(tftp.o)
 .glue_7t       0xc7e30f74        0x0 net/libnet.a(bootp.o)
 .glue_7t       0xc7e30f74        0x0 net/libnet.a(rarp.o)
 .glue_7t       0xc7e30f74        0x0 net/libnet.a(eth.o)
 .glue_7t       0xc7e30f74        0x0 net/libnet.a(nfs.o)
 .glue_7t       0xc7e30f74        0x0 drivers/mmc/libmmc.a(mmc.o)
 .glue_7t       0xc7e30f74        0x0 drivers/mmc/libmmc.a(s3c_hsmmc.o)
 .glue_7t       0xc7e30f74        0x0 drivers/mtd/nand/libnand.a(nand.o)
 .glue_7t       0xc7e30f74        0x0 drivers/mtd/nand/libnand.a(nand_base.o)
 .glue_7t       0xc7e30f74        0x0 drivers/mtd/nand/libnand.a(nand_ids.o)
 .glue_7t       0xc7e30f74        0x0 drivers/mtd/nand/libnand.a(nand_ecc.o)
 .glue_7t       0xc7e30f74        0x0 drivers/mtd/nand/libnand.a(nand_bbt.o)
 .glue_7t       0xc7e30f74        0x0 drivers/net/libnet.a(dm9000x.o)
 .glue_7t       0xc7e30f74        0x0 common/libcommon.a(main.o)
 .glue_7t       0xc7e30f74        0x0 common/libcommon.a(cmd_autoscript.o)
 .glue_7t       0xc7e30f74        0x0 common/libcommon.a(cmd_bdinfo.o)
 .glue_7t       0xc7e30f74        0x0 common/libcommon.a(image.o)
 .glue_7t       0xc7e30f74        0x0 common/libcommon.a(cmd_boot.o)
 .glue_7t       0xc7e30f74        0x0 common/libcommon.a(cmd_bootm.o)
 .glue_7t       0xc7e30f74        0x0 common/libcommon.a(cmd_cache.o)
 .glue_7t       0xc7e30f74        0x0 common/libcommon.a(cmd_console.o)
 .glue_7t       0xc7e30f74        0x0 common/libcommon.a(cmd_date.o)
 .glue_7t       0xc7e30f74        0x0 common/libcommon.a(cmd_elf.o)
 .glue_7t       0xc7e30f74        0x0 common/libcommon.a(cmd_ext2.o)
 .glue_7t       0xc7e30f74        0x0 common/libcommon.a(cmd_fat.o)
 .glue_7t       0xc7e30f74        0x0 common/libcommon.a(cmd_flash.o)
 .glue_7t       0xc7e30f74        0x0 common/libcommon.a(cmd_itest.o)
 .glue_7t       0xc7e30f74        0x0 common/libcommon.a(cmd_load.o)
 .glue_7t       0xc7e30f74        0x0 common/libcommon.a(cmd_mem.o)
 .glue_7t       0xc7e30f74        0x0 common/libcommon.a(cmd_misc.o)
 .glue_7t       0xc7e30f74        0x0 common/libcommon.a(cmd_mmc.o)
 .glue_7t       0xc7e30f74        0x0 common/libcommon.a(cmd_nand.o)
 .glue_7t       0xc7e30f74        0x0 common/libcommon.a(cmd_net.o)
 .glue_7t       0xc7e30f74        0x0 common/libcommon.a(cmd_nvedit.o)
 .glue_7t       0xc7e30f74        0x0 common/libcommon.a(cmd_reginfo.o)
 .glue_7t       0xc7e30f74        0x0 common/libcommon.a(cmd_usbd.o)
 .glue_7t       0xc7e30f74        0x0 common/libcommon.a(cmd_ximg.o)
 .glue_7t       0xc7e30f74        0x0 common/libcommon.a(command.o)
 .glue_7t       0xc7e30f74        0x0 common/libcommon.a(console.o)
 .glue_7t       0xc7e30f74        0x0 common/libcommon.a(devices.o)
 .glue_7t       0xc7e30f74        0x0 common/libcommon.a(dlmalloc.o)
 .glue_7t       0xc7e30f74        0x0 common/libcommon.a(env_common.o)
 .glue_7t       0xc7e30f74        0x0 common/libcommon.a(exports.o)
 .glue_7t       0xc7e30f74        0x0 common/libcommon.a(flash.o)
 .glue_7t       0xc7e30f74        0x0 common/libcommon.a(hush.o)
 .glue_7t       0xc7e30f74        0x0 common/libcommon.a(lists.o)
 .glue_7t       0xc7e30f74        0x0 common/libcommon.a(s_record.o)
 .glue_7t       0xc7e30f74        0x0 common/libcommon.a(usb.o)
 .glue_7t       0xc7e30f74        0x0 common/libcommon.a(xyzModem.o)
 .glue_7t       0xc7e30f74        0x0 common/libcommon.a(cmd_movi.o)
 .glue_7t       0xc7e30f74        0x0 common/libcommon.a(cmd_lcd.o)
 .glue_7t       0xc7e30f74        0x0 common/libcommon.a(cmd_fastboot.o)
 .glue_7t       0xc7e30f74        0x0 common/libcommon.a(cmd_mmc_fdisk.o)
 .glue_7t       0xc7e30f74        0x0 common/libcommon.a(env_auto.o)
 .glue_7t       0xc7e30f74        0x0 common/libcommon.a(gunzip.o)
 .glue_7t       0xc7e30f74        0x0 common/libcommon.a(crc16.o)
 .glue_7t       0xc7e30f74        0x0 board/samsung/smdk6450/libsmdk6450.a(smdk6450.o)
 .glue_7t       0xc7e30f74        0x0 board/samsung/smdk6450/libsmdk6450.a(flash.o)
 .glue_7t       0xc7e30f74        0x0 lib_generic/libgeneric.a(crc32.o)
 .glue_7t       0xc7e30f74        0x0 lib_generic/libgeneric.a(ctype.o)
 .glue_7t       0xc7e30f74        0x0 lib_generic/libgeneric.a(display_options.o)
 .glue_7t       0xc7e30f74        0x0 lib_generic/libgeneric.a(lmb.o)
 .glue_7t       0xc7e30f74        0x0 lib_generic/libgeneric.a(string.o)
 .glue_7t       0xc7e30f74        0x0 lib_generic/libgeneric.a(vsprintf.o)
 .glue_7t       0xc7e30f74        0x0 lib_generic/libgeneric.a(zlib.o)
 .glue_7t       0xc7e30f74        0x0 cpu/s5p645x/libs5p645x.a(usb_ohci.o)
 .glue_7t       0xc7e30f74        0x0 cpu/s5p645x/libs5p645x.a(nand.o)
 .glue_7t       0xc7e30f74        0x0 cpu/s5p645x/libs5p645x.a(usbd-otg-hs.o)
 .glue_7t       0xc7e30f74        0x0 cpu/s5p645x/libs5p645x.a(fastboot.o)
 .glue_7t       0xc7e30f74        0x0 lib_arm/libarm.a(_ashldi3.o)
 .glue_7t       0xc7e30f74        0x0 lib_arm/libarm.a(_ashrdi3.o)
 .glue_7t       0xc7e30f74        0x0 lib_arm/libarm.a(_umodsi3.o)
 .glue_7t       0xc7e30f74        0x0 lib_arm/libarm.a(bootm.o)
 .glue_7t       0xc7e30f74        0x0 lib_arm/libarm.a(cache.o)
 .glue_7t       0xc7e30f74        0x0 fs/fat/libfat.a(fat.o)
 .glue_7t       0xc7e30f74        0x0 fs/ext2/libext2fs.a(ext2fs.o)
 .glue_7t       0xc7e30f74        0x0 fs/ext2/libext2fs.a(dev.o)
 .glue_7t       0xc7e30f74        0x0 disk/libdisk.a(part.o)
 .glue_7t       0xc7e30f74        0x0 disk/libdisk.a(part_dos.o)
 .glue_7t       0xc7e30f74        0x0 drivers/mtd/nand/libnand.a(nand_util.o)
 .glue_7t       0xc7e30f74        0x0 drivers/rtc/librtc.a(date.o)
 .glue_7t       0xc7e30f74        0x0 drivers/rtc/librtc.a(s5p64xx_rtc.o)
 .glue_7t       0xc7e30f74        0x0 lib_generic/libgeneric.a(div64.o)

.vfp11_veneer   0xc7e30f74        0x0
 .vfp11_veneer  0xc7e30f74        0x0 cpu/s5p645x/start.o
 .vfp11_veneer  0xc7e30f74        0x0 cpu/s5p645x/start_irom.o
 .vfp11_veneer  0xc7e30f74        0x0 cpu/s5p645x/s5p6450/cpu_init.o
 .vfp11_veneer  0xc7e30f74        0x0 board/samsung/smdk6450/lowlevel_init.o
 .vfp11_veneer  0xc7e30f74        0x0 cpu/s5p645x/nand_cp.o
 .vfp11_veneer  0xc7e30f74        0x0 cpu/s5p645x/movi.o
 .vfp11_veneer  0xc7e30f74        0x0 cpu/s5p645x/libs5p645x.a(interrupts.o)
 .vfp11_veneer  0xc7e30f74        0x0 cpu/s5p645x/libs5p645x.a(cpu.o)
 .vfp11_veneer  0xc7e30f74        0x0 cpu/s5p645x/libs5p645x.a(setup_hsmmc.o)
 .vfp11_veneer  0xc7e30f74        0x0 cpu/s5p645x/libs5p645x.a(serial.o)
 .vfp11_veneer  0xc7e30f74        0x0 cpu/s5p645x/s5p6450/libs5p6450.a(speed.o)
 .vfp11_veneer  0xc7e30f74        0x0 lib_arm/libarm.a(_udivsi3.o)
 .vfp11_veneer  0xc7e30f74        0x0 lib_arm/libarm.a(board.o)
 .vfp11_veneer  0xc7e30f74        0x0 lib_arm/libarm.a(_divsi3.o)
 .vfp11_veneer  0xc7e30f74        0x0 lib_arm/libarm.a(_modsi3.o)
 .vfp11_veneer  0xc7e30f74        0x0 net/libnet.a(net.o)
 .vfp11_veneer  0xc7e30f74        0x0 net/libnet.a(tftp.o)
 .vfp11_veneer  0xc7e30f74        0x0 net/libnet.a(bootp.o)
 .vfp11_veneer  0xc7e30f74        0x0 net/libnet.a(rarp.o)
 .vfp11_veneer  0xc7e30f74        0x0 net/libnet.a(eth.o)
 .vfp11_veneer  0xc7e30f74        0x0 net/libnet.a(nfs.o)
 .vfp11_veneer  0xc7e30f74        0x0 drivers/mmc/libmmc.a(mmc.o)
 .vfp11_veneer  0xc7e30f74        0x0 drivers/mmc/libmmc.a(s3c_hsmmc.o)
 .vfp11_veneer  0xc7e30f74        0x0 drivers/mtd/nand/libnand.a(nand.o)
 .vfp11_veneer  0xc7e30f74        0x0 drivers/mtd/nand/libnand.a(nand_base.o)
 .vfp11_veneer  0xc7e30f74        0x0 drivers/mtd/nand/libnand.a(nand_ids.o)
 .vfp11_veneer  0xc7e30f74        0x0 drivers/mtd/nand/libnand.a(nand_ecc.o)
 .vfp11_veneer  0xc7e30f74        0x0 drivers/mtd/nand/libnand.a(nand_bbt.o)
 .vfp11_veneer  0xc7e30f74        0x0 drivers/net/libnet.a(dm9000x.o)
 .vfp11_veneer  0xc7e30f74        0x0 common/libcommon.a(main.o)
 .vfp11_veneer  0xc7e30f74        0x0 common/libcommon.a(cmd_autoscript.o)
 .vfp11_veneer  0xc7e30f74        0x0 common/libcommon.a(cmd_bdinfo.o)
 .vfp11_veneer  0xc7e30f74        0x0 common/libcommon.a(image.o)
 .vfp11_veneer  0xc7e30f74        0x0 common/libcommon.a(cmd_boot.o)
 .vfp11_veneer  0xc7e30f74        0x0 common/libcommon.a(cmd_bootm.o)
 .vfp11_veneer  0xc7e30f74        0x0 common/libcommon.a(cmd_cache.o)
 .vfp11_veneer  0xc7e30f74        0x0 common/libcommon.a(cmd_console.o)
 .vfp11_veneer  0xc7e30f74        0x0 common/libcommon.a(cmd_date.o)
 .vfp11_veneer  0xc7e30f74        0x0 common/libcommon.a(cmd_elf.o)
 .vfp11_veneer  0xc7e30f74        0x0 common/libcommon.a(cmd_ext2.o)
 .vfp11_veneer  0xc7e30f74        0x0 common/libcommon.a(cmd_fat.o)
 .vfp11_veneer  0xc7e30f74        0x0 common/libcommon.a(cmd_flash.o)
 .vfp11_veneer  0xc7e30f74        0x0 common/libcommon.a(cmd_itest.o)
 .vfp11_veneer  0xc7e30f74        0x0 common/libcommon.a(cmd_load.o)
 .vfp11_veneer  0xc7e30f74        0x0 common/libcommon.a(cmd_mem.o)
 .vfp11_veneer  0xc7e30f74        0x0 common/libcommon.a(cmd_misc.o)
 .vfp11_veneer  0xc7e30f74        0x0 common/libcommon.a(cmd_mmc.o)
 .vfp11_veneer  0xc7e30f74        0x0 common/libcommon.a(cmd_nand.o)
 .vfp11_veneer  0xc7e30f74        0x0 common/libcommon.a(cmd_net.o)
 .vfp11_veneer  0xc7e30f74        0x0 common/libcommon.a(cmd_nvedit.o)
 .vfp11_veneer  0xc7e30f74        0x0 common/libcommon.a(cmd_reginfo.o)
 .vfp11_veneer  0xc7e30f74        0x0 common/libcommon.a(cmd_usbd.o)
 .vfp11_veneer  0xc7e30f74        0x0 common/libcommon.a(cmd_ximg.o)
 .vfp11_veneer  0xc7e30f74        0x0 common/libcommon.a(command.o)
 .vfp11_veneer  0xc7e30f74        0x0 common/libcommon.a(console.o)
 .vfp11_veneer  0xc7e30f74        0x0 common/libcommon.a(devices.o)
 .vfp11_veneer  0xc7e30f74        0x0 common/libcommon.a(dlmalloc.o)
 .vfp11_veneer  0xc7e30f74        0x0 common/libcommon.a(env_common.o)
 .vfp11_veneer  0xc7e30f74        0x0 common/libcommon.a(exports.o)
 .vfp11_veneer  0xc7e30f74        0x0 common/libcommon.a(flash.o)
 .vfp11_veneer  0xc7e30f74        0x0 common/libcommon.a(hush.o)
 .vfp11_veneer  0xc7e30f74        0x0 common/libcommon.a(lists.o)
 .vfp11_veneer  0xc7e30f74        0x0 common/libcommon.a(s_record.o)
 .vfp11_veneer  0xc7e30f74        0x0 common/libcommon.a(usb.o)
 .vfp11_veneer  0xc7e30f74        0x0 common/libcommon.a(xyzModem.o)
 .vfp11_veneer  0xc7e30f74        0x0 common/libcommon.a(cmd_movi.o)
 .vfp11_veneer  0xc7e30f74        0x0 common/libcommon.a(cmd_lcd.o)
 .vfp11_veneer  0xc7e30f74        0x0 common/libcommon.a(cmd_fastboot.o)
 .vfp11_veneer  0xc7e30f74        0x0 common/libcommon.a(cmd_mmc_fdisk.o)
 .vfp11_veneer  0xc7e30f74        0x0 common/libcommon.a(env_auto.o)
 .vfp11_veneer  0xc7e30f74        0x0 common/libcommon.a(gunzip.o)
 .vfp11_veneer  0xc7e30f74        0x0 common/libcommon.a(crc16.o)
 .vfp11_veneer  0xc7e30f74        0x0 board/samsung/smdk6450/libsmdk6450.a(smdk6450.o)
 .vfp11_veneer  0xc7e30f74        0x0 board/samsung/smdk6450/libsmdk6450.a(flash.o)
 .vfp11_veneer  0xc7e30f74        0x0 lib_generic/libgeneric.a(crc32.o)
 .vfp11_veneer  0xc7e30f74        0x0 lib_generic/libgeneric.a(ctype.o)
 .vfp11_veneer  0xc7e30f74        0x0 lib_generic/libgeneric.a(display_options.o)
 .vfp11_veneer  0xc7e30f74        0x0 lib_generic/libgeneric.a(lmb.o)
 .vfp11_veneer  0xc7e30f74        0x0 lib_generic/libgeneric.a(string.o)
 .vfp11_veneer  0xc7e30f74        0x0 lib_generic/libgeneric.a(vsprintf.o)
 .vfp11_veneer  0xc7e30f74        0x0 lib_generic/libgeneric.a(zlib.o)
 .vfp11_veneer  0xc7e30f74        0x0 cpu/s5p645x/libs5p645x.a(usb_ohci.o)
 .vfp11_veneer  0xc7e30f74        0x0 cpu/s5p645x/libs5p645x.a(nand.o)
 .vfp11_veneer  0xc7e30f74        0x0 cpu/s5p645x/libs5p645x.a(usbd-otg-hs.o)
 .vfp11_veneer  0xc7e30f74        0x0 cpu/s5p645x/libs5p645x.a(fastboot.o)
 .vfp11_veneer  0xc7e30f74        0x0 lib_arm/libarm.a(_ashldi3.o)
 .vfp11_veneer  0xc7e30f74        0x0 lib_arm/libarm.a(_ashrdi3.o)
 .vfp11_veneer  0xc7e30f74        0x0 lib_arm/libarm.a(_umodsi3.o)
 .vfp11_veneer  0xc7e30f74        0x0 lib_arm/libarm.a(bootm.o)
 .vfp11_veneer  0xc7e30f74        0x0 lib_arm/libarm.a(cache.o)
 .vfp11_veneer  0xc7e30f74        0x0 fs/fat/libfat.a(fat.o)
 .vfp11_veneer  0xc7e30f74        0x0 fs/ext2/libext2fs.a(ext2fs.o)
 .vfp11_veneer  0xc7e30f74        0x0 fs/ext2/libext2fs.a(dev.o)
 .vfp11_veneer  0xc7e30f74        0x0 disk/libdisk.a(part.o)
 .vfp11_veneer  0xc7e30f74        0x0 disk/libdisk.a(part_dos.o)
 .vfp11_veneer  0xc7e30f74        0x0 drivers/mtd/nand/libnand.a(nand_util.o)
 .vfp11_veneer  0xc7e30f74        0x0 drivers/rtc/librtc.a(date.o)
 .vfp11_veneer  0xc7e30f74        0x0 drivers/rtc/librtc.a(s5p64xx_rtc.o)
 .vfp11_veneer  0xc7e30f74        0x0 lib_generic/libgeneric.a(div64.o)
                0xc7e30f74                . = ALIGN (0x4)

.rodata         0xc7e30f74      0xa78
 *(.rodata)
 .rodata        0xc7e30f74       0x80 cpu/s5p645x/libs5p645x.a(interrupts.o)
 .rodata        0xc7e30ff4       0x38 lib_arm/libarm.a(board.o)
                0xc7e30ff4                version_string
 .rodata        0xc7e3102c        0x8 net/libnet.a(net.o)
 .rodata        0xc7e31034        0x8 drivers/mtd/nand/libnand.a(nand.o)
 .rodata        0xc7e3103c       0x48 drivers/mtd/nand/libnand.a(nand_base.o)
 .rodata        0xc7e31084      0x100 drivers/mtd/nand/libnand.a(nand_ecc.o)
 .rodata        0xc7e31184       0x14 common/libcommon.a(cmd_nvedit.o)
 .rodata        0xc7e31198       0x34 common/libcommon.a(cmd_fastboot.o)
 .rodata        0xc7e311cc      0x200 common/libcommon.a(crc16.o)
 .rodata        0xc7e313cc      0x400 lib_generic/libgeneric.a(crc32.o)
 .rodata        0xc7e317cc       0x90 lib_generic/libgeneric.a(zlib.o)
 .rodata        0xc7e3185c       0xa2 cpu/s5p645x/libs5p645x.a(usbd-otg-hs.o)
                0xc7e3185c                string_desc0
                0xc7e318de                config_high_total
                0xc7e318b5                config_full_total
                0xc7e318d5                config_high
                0xc7e31860                string_desc1
                0xc7e318a2                qualifier_desc
                0xc7e318ac                config_full
                0xc7e31876                string_desc2
 *fill*         0xc7e318fe        0x2 00
 .rodata        0xc7e31900       0xac cpu/s5p645x/libs5p645x.a(fastboot.o)
                0xc7e31906                fboot_string_desc1
                0xc7e31981                fboot_config_high
                0xc7e3191e                fboot_string_desc2
                0xc7e31958                fboot_config_full
                0xc7e31902                fboot_string_desc0
                0xc7e31936                string_desc3
                0xc7e3198a                fboot_config_high_total
                0xc7e31961                fboot_config_full_total
                0xc7e3194e                fboot_qualifier_desc
 .rodata        0xc7e319ac       0x10 disk/libdisk.a(part.o)
 .rodata        0xc7e319bc       0x30 drivers/rtc/librtc.a(date.o)

.rodata.str1.4  0xc7e319ec     0x915c
 .rodata.str1.4
                0xc7e319ec        0xc cpu/s5p645x/movi.o
 .rodata.str1.4
                0xc7e319f8      0x297 cpu/s5p645x/libs5p645x.a(interrupts.o)
                                0x29c (size before relaxing)
 *fill*         0xc7e31c8f        0x1 00
 .rodata.str1.4
                0xc7e31c90        0xd cpu/s5p645x/libs5p645x.a(cpu.o)
                                 0x10 (size before relaxing)
 *fill*         0xc7e31c9d        0x3 00
 .rodata.str1.4
                0xc7e31ca0       0x57 cpu/s5p645x/libs5p645x.a(setup_hsmmc.o)
                                 0x58 (size before relaxing)
 *fill*         0xc7e31cf7        0x1 00
 .rodata.str1.4
                0xc7e31cf8       0x62 cpu/s5p645x/s5p6450/libs5p6450.a(speed.o)
                                 0x64 (size before relaxing)
 *fill*         0xc7e31d5a        0x2 00
 .rodata.str1.4
                0xc7e31d5c       0xab lib_arm/libarm.a(board.o)
                                 0xb0 (size before relaxing)
 *fill*         0xc7e31e07        0x1 00
 .rodata.str1.4
                0xc7e31e08      0x1e5 net/libnet.a(net.o)
                                0x1ec (size before relaxing)
 *fill*         0xc7e31fed        0x3 00
 .rodata.str1.4
                0xc7e31ff0      0x1e1 net/libnet.a(tftp.o)
                                0x1ec (size before relaxing)
 *fill*         0xc7e321d1        0x3 00
 .rodata.str1.4
                0xc7e321d4      0x115 net/libnet.a(bootp.o)
                                0x14c (size before relaxing)
 *fill*         0xc7e322e9        0x3 00
 .rodata.str1.4
                0xc7e322ec       0x13 net/libnet.a(rarp.o)
                                 0x4c (size before relaxing)
 *fill*         0xc7e322ff        0x1 00
 .rodata.str1.4
                0xc7e32300      0x101 net/libnet.a(nfs.o)
                                0x18c (size before relaxing)
 *fill*         0xc7e32401        0x3 00
 .rodata.str1.4
                0xc7e32404      0x268 drivers/mmc/libmmc.a(mmc.o)
                                0x26c (size before relaxing)
 .rodata.str1.4
                0xc7e3266c      0x113 drivers/mmc/libmmc.a(s3c_hsmmc.o)
                                0x114 (size before relaxing)
 *fill*         0xc7e3277f        0x1 00
 .rodata.str1.4
                0xc7e32780        0x7 drivers/mtd/nand/libnand.a(nand.o)
                                  0xc (size before relaxing)
 *fill*         0xc7e32787        0x1 00
 .rodata.str1.4
                0xc7e32788      0x251 drivers/mtd/nand/libnand.a(nand_base.o)
                                0x254 (size before relaxing)
 *fill*         0xc7e329d9        0x3 00
 .rodata.str1.4
                0xc7e329dc      0x444 drivers/mtd/nand/libnand.a(nand_ids.o)
 .rodata.str1.4
                0xc7e32e20      0x284 drivers/mtd/nand/libnand.a(nand_bbt.o)
 .rodata.str1.4
                0xc7e330a4      0x232 drivers/net/libnet.a(dm9000x.o)
                                0x23c (size before relaxing)
 *fill*         0xc7e332d6        0x2 00
 .rodata.str1.4
                0xc7e332d8       0xfc common/libcommon.a(main.o)
                                0x100 (size before relaxing)
 .rodata.str1.4
                0xc7e333d4      0x11b common/libcommon.a(cmd_autoscript.o)
                                0x11c (size before relaxing)
 *fill*         0xc7e334ef        0x1 00
 .rodata.str1.4
                0xc7e334f0       0xbe common/libcommon.a(cmd_bdinfo.o)
                                 0xc0 (size before relaxing)
 *fill*         0xc7e335ae        0x2 00
 .rodata.str1.4
                0xc7e335b0      0x554 common/libcommon.a(image.o)
                                0x588 (size before relaxing)
 .rodata.str1.4
                0xc7e33b04      0x10f common/libcommon.a(cmd_boot.o)
                                0x11c (size before relaxing)
 *fill*         0xc7e33c13        0x1 00
 .rodata.str1.4
                0xc7e33c14      0x76b common/libcommon.a(cmd_bootm.o)
                                0x98c (size before relaxing)
 *fill*         0xc7e3437f        0x1 00
 .rodata.str1.4
                0xc7e34380      0x125 common/libcommon.a(cmd_cache.o)
                                0x13c (size before relaxing)
 *fill*         0xc7e344a5        0x3 00
 .rodata.str1.4
                0xc7e344a8       0x6d common/libcommon.a(cmd_console.o)
                                 0x74 (size before relaxing)
 *fill*         0xc7e34515        0x3 00
 .rodata.str1.4
                0xc7e34518      0x16c common/libcommon.a(cmd_date.o)
                                0x180 (size before relaxing)
 .rodata.str1.4
                0xc7e34684      0x2b9 common/libcommon.a(cmd_elf.o)
                                0x2c8 (size before relaxing)
 *fill*         0xc7e3493d        0x3 00
 .rodata.str1.4
                0xc7e34940      0x4af common/libcommon.a(cmd_ext2.o)
                                0x4f0 (size before relaxing)
 *fill*         0xc7e34def        0x1 00
 .rodata.str1.4
                0xc7e34df0      0x3e8 common/libcommon.a(cmd_fat.o)
                                0x550 (size before relaxing)
 .rodata.str1.4
                0xc7e351d8      0x60f common/libcommon.a(cmd_flash.o)
                                0x628 (size before relaxing)
 *fill*         0xc7e357e7        0x1 00
 .rodata.str1.4
                0xc7e357e8       0xcf common/libcommon.a(cmd_itest.o)
                                 0xdc (size before relaxing)
 *fill*         0xc7e358b7        0x1 00
 .rodata.str1.4
                0xc7e358b8      0x377 common/libcommon.a(cmd_load.o)
                                0x398 (size before relaxing)
 *fill*         0xc7e35c2f        0x1 00
 .rodata.str1.4
                0xc7e35c30      0x5fa common/libcommon.a(cmd_mem.o)
                                0x620 (size before relaxing)
 *fill*         0xc7e3622a        0x2 00
 .rodata.str1.4
                0xc7e3622c       0x70 common/libcommon.a(cmd_misc.o)
                                 0x7c (size before relaxing)
 .rodata.str1.4
                0xc7e3629c      0x24c common/libcommon.a(cmd_mmc.o)
                                0x25c (size before relaxing)
 .rodata.str1.4
                0xc7e364e8      0x985 common/libcommon.a(cmd_nand.o)
                                0x9cc (size before relaxing)
 *fill*         0xc7e36e6d        0x3 00
 .rodata.str1.4
                0xc7e36e70      0x265 common/libcommon.a(cmd_net.o)
                                0x2bc (size before relaxing)
 *fill*         0xc7e370d5        0x3 00
 .rodata.str1.4
                0xc7e370d8      0x323 common/libcommon.a(cmd_nvedit.o)
                                0x3b4 (size before relaxing)
 *fill*         0xc7e373fb        0x1 00
 .rodata.str1.4
                0xc7e373fc       0x2e common/libcommon.a(cmd_reginfo.o)
                                 0x30 (size before relaxing)
 *fill*         0xc7e3742a        0x2 00
 .rodata.str1.4
                0xc7e3742c       0x94 common/libcommon.a(cmd_usbd.o)
                                 0xa0 (size before relaxing)
 .rodata.str1.4
                0xc7e374c0      0x126 common/libcommon.a(cmd_ximg.o)
                                0x1c8 (size before relaxing)
 *fill*         0xc7e375e6        0x2 00
 .rodata.str1.4
                0xc7e375e8      0x324 common/libcommon.a(command.o)
                                0x34c (size before relaxing)
 .rodata.str1.4
                0xc7e3790c       0x81 common/libcommon.a(console.o)
                                 0x88 (size before relaxing)
 *fill*         0xc7e3798d        0x3 00
 .rodata.str1.4
                0xc7e37990       0x2f common/libcommon.a(devices.o)
                                 0x48 (size before relaxing)
 *fill*         0xc7e379bf        0x1 00
 .rodata.str1.4
                0xc7e379c0       0x33 common/libcommon.a(env_common.o)
                                 0x34 (size before relaxing)
 *fill*         0xc7e379f3        0x1 00
 .rodata.str1.4
                0xc7e379f4      0x120 common/libcommon.a(flash.o)
 .rodata.str1.4
                0xc7e37b14      0x18d common/libcommon.a(hush.o)
                                0x1f0 (size before relaxing)
 *fill*         0xc7e37ca1        0x3 00
 .rodata.str1.4
                0xc7e37ca4      0x278 common/libcommon.a(usb.o)
 .rodata.str1.4
                0xc7e37f1c       0xf1 common/libcommon.a(xyzModem.o)
                                 0xf8 (size before relaxing)
 *fill*         0xc7e3800d        0x3 00
 .rodata.str1.4
                0xc7e38010      0x31e common/libcommon.a(cmd_movi.o)
                                0x354 (size before relaxing)
 *fill*         0xc7e3832e        0x2 00
 .rodata.str1.4
                0xc7e38330       0x13 common/libcommon.a(cmd_lcd.o)
                                 0x14 (size before relaxing)
 *fill*         0xc7e38343        0x1 00
 .rodata.str1.4
                0xc7e38344      0xa44 common/libcommon.a(cmd_fastboot.o)
                                0xae8 (size before relaxing)
 .rodata.str1.4
                0xc7e38d88      0x271 common/libcommon.a(cmd_mmc_fdisk.o)
                                0x278 (size before relaxing)
 *fill*         0xc7e38ff9        0x3 00
 .rodata.str1.4
                0xc7e38ffc      0x18d common/libcommon.a(env_auto.o)
                                0x198 (size before relaxing)
 *fill*         0xc7e39189        0x3 00
 .rodata.str1.4
                0xc7e3918c       0x86 common/libcommon.a(gunzip.o)
                                 0x88 (size before relaxing)
 *fill*         0xc7e39212        0x2 00
 .rodata.str1.4
                0xc7e39214       0x5b board/samsung/smdk6450/libsmdk6450.a(smdk6450.o)
                                 0x5c (size before relaxing)
 *fill*         0xc7e3926f        0x1 00
 .rodata.str1.4
                0xc7e39270       0xf9 board/samsung/smdk6450/libsmdk6450.a(flash.o)
                                0x108 (size before relaxing)
 *fill*         0xc7e39369        0x3 00
 .rodata.str1.4
                0xc7e3936c       0x17 lib_generic/libgeneric.a(display_options.o)
                                 0x48 (size before relaxing)
 *fill*         0xc7e39383        0x1 00
 .rodata.str1.4
                0xc7e39384       0x34 lib_generic/libgeneric.a(lmb.o)
 .rodata.str1.4
                0xc7e393b8       0x57 lib_generic/libgeneric.a(vsprintf.o)
                                 0x58 (size before relaxing)
 *fill*         0xc7e3940f        0x1 00
 .rodata.str1.4
                0xc7e39410      0x20d lib_generic/libgeneric.a(zlib.o)
                                0x214 (size before relaxing)
 *fill*         0xc7e3961d        0x3 00
 .rodata.str1.4
                0xc7e39620       0xc5 cpu/s5p645x/libs5p645x.a(usb_ohci.o)
                                 0xc8 (size before relaxing)
 *fill*         0xc7e396e5        0x3 00
 .rodata.str1.4
                0xc7e396e8       0xbc cpu/s5p645x/libs5p645x.a(nand.o)
 .rodata.str1.4
                0xc7e397a4      0x14e cpu/s5p645x/libs5p645x.a(usbd-otg-hs.o)
                                0x158 (size before relaxing)
 *fill*         0xc7e398f2        0x2 00
 .rodata.str1.4
                0xc7e398f4       0x5b cpu/s5p645x/libs5p645x.a(fastboot.o)
                                0x178 (size before relaxing)
 *fill*         0xc7e3994f        0x1 00
 .rodata.str1.4
                0xc7e39950       0x6f lib_arm/libarm.a(bootm.o)
                                 0x7c (size before relaxing)
 *fill*         0xc7e399bf        0x1 00
 .rodata.str1.4
                0xc7e399c0      0x39a fs/fat/libfat.a(fat.o)
                                0x3b0 (size before relaxing)
 *fill*         0xc7e39d5a        0x2 00
 .rodata.str1.4
                0xc7e39d5c      0x527 fs/ext2/libext2fs.a(ext2fs.o)
                                0x5b8 (size before relaxing)
 *fill*         0xc7e3a283        0x1 00
 .rodata.str1.4
                0xc7e3a284       0xe1 fs/ext2/libext2fs.a(dev.o)
                                 0xe4 (size before relaxing)
 *fill*         0xc7e3a365        0x3 00
 .rodata.str1.4
                0xc7e3a368      0x189 disk/libdisk.a(part.o)
                                0x1b0 (size before relaxing)
 *fill*         0xc7e3a4f1        0x3 00
 .rodata.str1.4
                0xc7e3a4f4       0xf9 disk/libdisk.a(part_dos.o)
                                0x10c (size before relaxing)
 *fill*         0xc7e3a5ed        0x3 00
 .rodata.str1.4
                0xc7e3a5f0      0x558 drivers/mtd/nand/libnand.a(nand_util.o)
                                0x55c (size before relaxing)
                0xc7e3ab48                . = ALIGN (0x4)

.data           0xc7e3ab48     0x2b1c
 *(.data)
 .data          0xc7e3ab48        0x0 cpu/s5p645x/start.o
 .data          0xc7e3ab48        0x0 cpu/s5p645x/start_irom.o
 .data          0xc7e3ab48        0x0 cpu/s5p645x/s5p6450/cpu_init.o
 .data          0xc7e3ab48        0x0 board/samsung/smdk6450/lowlevel_init.o
 .data          0xc7e3ab48        0x0 cpu/s5p645x/nand_cp.o
 .data          0xc7e3ab48        0x0 cpu/s5p645x/movi.o
 .data          0xc7e3ab48        0x0 cpu/s5p645x/libs5p645x.a(interrupts.o)
 .data          0xc7e3ab48        0x0 cpu/s5p645x/libs5p645x.a(cpu.o)
 .data          0xc7e3ab48        0x0 cpu/s5p645x/libs5p645x.a(setup_hsmmc.o)
 .data          0xc7e3ab48        0x0 cpu/s5p645x/libs5p645x.a(serial.o)
 .data          0xc7e3ab48        0x0 cpu/s5p645x/s5p6450/libs5p6450.a(speed.o)
 .data          0xc7e3ab48        0x0 lib_arm/libarm.a(_udivsi3.o)
 .data          0xc7e3ab48       0x30 lib_arm/libarm.a(board.o)
                0xc7e3ab48                init_sequence
 .data          0xc7e3ab78        0x0 lib_arm/libarm.a(_divsi3.o)
 .data          0xc7e3ab78        0x0 lib_arm/libarm.a(_modsi3.o)
 .data          0xc7e3ab78        0xa net/libnet.a(net.o)
                0xc7e3ab78                NetBcastAddr
                0xc7e3ab80                NetOurNativeVLAN
                0xc7e3ab7e                NetOurVLAN
 .data          0xc7e3ab82        0x2 net/libnet.a(tftp.o)
 .data          0xc7e3ab84        0x0 net/libnet.a(bootp.o)
 .data          0xc7e3ab84        0x0 net/libnet.a(rarp.o)
 .data          0xc7e3ab84        0x0 net/libnet.a(eth.o)
 .data          0xc7e3ab84        0x4 net/libnet.a(nfs.o)
 .data          0xc7e3ab88        0x4 drivers/mmc/libmmc.a(mmc.o)
 .data          0xc7e3ab8c        0x0 drivers/mmc/libmmc.a(s3c_hsmmc.o)
 .data          0xc7e3ab8c        0x4 drivers/mtd/nand/libnand.a(nand.o)
                0xc7e3ab8c                nand_curr_device
 .data          0xc7e3ab90      0x940 drivers/mtd/nand/libnand.a(nand_base.o)
 .data          0xc7e3b4d0      0x5c8 drivers/mtd/nand/libnand.a(nand_ids.o)
                0xc7e3ba58                nand_manuf_ids
                0xc7e3b4d0                nand_flash_ids
 .data          0xc7e3ba98        0x0 drivers/mtd/nand/libnand.a(nand_ecc.o)
 .data          0xc7e3ba98      0x10c drivers/mtd/nand/libnand.a(nand_bbt.o)
 .data          0xc7e3bba4        0x0 drivers/net/libnet.a(dm9000x.o)
 .data          0xc7e3bba4        0x4 common/libcommon.a(main.o)
 .data          0xc7e3bba8        0x0 common/libcommon.a(cmd_autoscript.o)
 .data          0xc7e3bba8        0x0 common/libcommon.a(cmd_bdinfo.o)
 .data          0xc7e3bba8      0x1f8 common/libcommon.a(image.o)
 .data          0xc7e3bda0        0x0 common/libcommon.a(cmd_boot.o)
 .data          0xc7e3bda0        0x4 common/libcommon.a(cmd_bootm.o)
                0xc7e3bda0                load_addr
 .data          0xc7e3bda4        0x0 common/libcommon.a(cmd_cache.o)
 .data          0xc7e3bda4        0x0 common/libcommon.a(cmd_console.o)
 .data          0xc7e3bda4       0x1c common/libcommon.a(cmd_date.o)
                0xc7e3bda4                weekdays
 .data          0xc7e3bdc0        0x0 common/libcommon.a(cmd_elf.o)
 .data          0xc7e3bdc0        0x0 common/libcommon.a(cmd_ext2.o)
 .data          0xc7e3bdc0        0x0 common/libcommon.a(cmd_fat.o)
 .data          0xc7e3bdc0        0x0 common/libcommon.a(cmd_flash.o)
 .data          0xc7e3bdc0       0x68 common/libcommon.a(cmd_itest.o)
                0xc7e3bdc0                op_table
 .data          0xc7e3be28        0x4 common/libcommon.a(cmd_load.o)
 .data          0xc7e3be2c        0x4 common/libcommon.a(cmd_mem.o)
                0xc7e3be2c                dp_last_length
 .data          0xc7e3be30        0x0 common/libcommon.a(cmd_misc.o)
 .data          0xc7e3be30        0x0 common/libcommon.a(cmd_mmc.o)
 .data          0xc7e3be30        0x0 common/libcommon.a(cmd_nand.o)
 .data          0xc7e3be30        0x0 common/libcommon.a(cmd_net.o)
 .data          0xc7e3be30        0x0 common/libcommon.a(cmd_nvedit.o)
 .data          0xc7e3be30        0x0 common/libcommon.a(cmd_reginfo.o)
 .data          0xc7e3be30        0x0 common/libcommon.a(cmd_usbd.o)
 .data          0xc7e3be30        0x0 common/libcommon.a(cmd_ximg.o)
 .data          0xc7e3be30        0x0 common/libcommon.a(command.o)
 .data          0xc7e3be30        0x0 common/libcommon.a(console.o)
 .data          0xc7e3be30        0xc common/libcommon.a(devices.o)
                0xc7e3be30                stdio_names
 .data          0xc7e3be3c      0x414 common/libcommon.a(dlmalloc.o)
 .data          0xc7e3c250      0x10c common/libcommon.a(env_common.o)
                0xc7e3c250                default_environment
                0xc7e3c358                default_environment_size
 .data          0xc7e3c35c        0x0 common/libcommon.a(exports.o)
 .data          0xc7e3c35c        0x0 common/libcommon.a(flash.o)
 .data          0xc7e3c35c       0x84 common/libcommon.a(hush.o)
 .data          0xc7e3c3e0        0x0 common/libcommon.a(lists.o)
 .data          0xc7e3c3e0        0x0 common/libcommon.a(s_record.o)
 .data          0xc7e3c3e0        0x0 common/libcommon.a(usb.o)
 .data          0xc7e3c3e0        0x0 common/libcommon.a(xyzModem.o)
 .data          0xc7e3c3e0        0x0 common/libcommon.a(cmd_movi.o)
 .data          0xc7e3c3e0        0x0 common/libcommon.a(cmd_lcd.o)
 .data          0xc7e3c3e0       0x1c common/libcommon.a(cmd_fastboot.o)
 .data          0xc7e3c3fc        0x0 common/libcommon.a(cmd_mmc_fdisk.o)
 .data          0xc7e3c3fc        0x4 common/libcommon.a(env_auto.o)
                0xc7e3c3fc                env_name_spec
 .data          0xc7e3c400        0x0 common/libcommon.a(gunzip.o)
 .data          0xc7e3c400        0x0 common/libcommon.a(crc16.o)
 .data          0xc7e3c400        0x0 board/samsung/smdk6450/libsmdk6450.a(smdk6450.o)
 .data          0xc7e3c400        0x0 board/samsung/smdk6450/libsmdk6450.a(flash.o)
 .data          0xc7e3c400        0x0 lib_generic/libgeneric.a(crc32.o)
 .data          0xc7e3c400      0x100 lib_generic/libgeneric.a(ctype.o)
                0xc7e3c400                _ctype
 .data          0xc7e3c500        0x0 lib_generic/libgeneric.a(display_options.o)
 .data          0xc7e3c500        0x0 lib_generic/libgeneric.a(lmb.o)
 .data          0xc7e3c500        0x0 lib_generic/libgeneric.a(string.o)
 .data          0xc7e3c500        0x0 lib_generic/libgeneric.a(vsprintf.o)
 .data          0xc7e3c500      0x210 lib_generic/libgeneric.a(zlib.o)
                0xc7e3c500                zlib_version
                0xc7e3c504                z_errmsg
 .data          0xc7e3c710        0x0 cpu/s5p645x/libs5p645x.a(usb_ohci.o)
 .data          0xc7e3c710      0x6f0 cpu/s5p645x/libs5p645x.a(nand.o)
 .data          0xc7e3ce00       0x35 cpu/s5p645x/libs5p645x.a(usbd-otg-hs.o)
                0xc7e3ce00                test_pkt
 *fill*         0xc7e3ce35        0x3 00
 .data          0xc7e3ce38      0x100 cpu/s5p645x/libs5p645x.a(fastboot.o)
                0xc7e3cf00                fboot_test_pkt
                0xc7e3cefc                ptable_default_size
                0xc7e3ce38                ptable_default
 .data          0xc7e3cf38        0x0 lib_arm/libarm.a(_ashldi3.o)
 .data          0xc7e3cf38        0x0 lib_arm/libarm.a(_ashrdi3.o)
 .data          0xc7e3cf38        0x0 lib_arm/libarm.a(_umodsi3.o)
 .data          0xc7e3cf38        0x0 lib_arm/libarm.a(bootm.o)
 .data          0xc7e3cf38        0x0 lib_arm/libarm.a(cache.o)
 .data          0xc7e3cf38        0x4 fs/fat/libfat.a(fat.o)
 .data          0xc7e3cf3c        0x8 fs/ext2/libext2fs.a(ext2fs.o)
                0xc7e3cf3c                indir1_blkno
                0xc7e3cf40                indir2_blkno
 .data          0xc7e3cf44        0x0 fs/ext2/libext2fs.a(dev.o)
 .data          0xc7e3cf44        0x0 disk/libdisk.a(part.o)
 .data          0xc7e3cf44        0x0 disk/libdisk.a(part_dos.o)
 .data          0xc7e3cf44      0x6f0 drivers/mtd/nand/libnand.a(nand_util.o)
 .data          0xc7e3d634       0x30 drivers/rtc/librtc.a(date.o)
 .data          0xc7e3d664        0x0 drivers/rtc/librtc.a(s5p64xx_rtc.o)
 .data          0xc7e3d664        0x0 lib_generic/libgeneric.a(div64.o)
                0xc7e3d664                . = ALIGN (0x4)

.got
 *(.got)
                0xc7e3d664                __u_boot_cmd_start = .

.u_boot_cmd     0xc7e3d664      0x690
 *(.u_boot_cmd)
 .u_boot_cmd    0xc7e3d664       0x18 common/libcommon.a(cmd_autoscript.o)
                0xc7e3d664                __u_boot_cmd_autoscr
 .u_boot_cmd    0xc7e3d67c       0x18 common/libcommon.a(cmd_bdinfo.o)
                0xc7e3d67c                __u_boot_cmd_bdinfo
 .u_boot_cmd    0xc7e3d694       0x48 common/libcommon.a(cmd_boot.o)
                0xc7e3d6ac                __u_boot_cmd_reset
                0xc7e3d6c4                __u_boot_cmd_re
                0xc7e3d694                __u_boot_cmd_go
 .u_boot_cmd    0xc7e3d6dc       0x78 common/libcommon.a(cmd_bootm.o)
                0xc7e3d6dc                __u_boot_cmd_bootm
                0xc7e3d724                __u_boot_cmd_iminfo
                0xc7e3d70c                __u_boot_cmd_bootd
                0xc7e3d6f4                __u_boot_cmd_boot
                0xc7e3d73c                __u_boot_cmd_imls
 .u_boot_cmd    0xc7e3d754       0x30 common/libcommon.a(cmd_cache.o)
                0xc7e3d76c                __u_boot_cmd_dcache
                0xc7e3d754                __u_boot_cmd_icache
 .u_boot_cmd    0xc7e3d784       0x18 common/libcommon.a(cmd_console.o)
                0xc7e3d784                __u_boot_cmd_coninfo
 .u_boot_cmd    0xc7e3d79c       0x18 common/libcommon.a(cmd_date.o)
                0xc7e3d79c                __u_boot_cmd_date
 .u_boot_cmd    0xc7e3d7b4       0x30 common/libcommon.a(cmd_elf.o)
                0xc7e3d7cc                __u_boot_cmd_bootvx
                0xc7e3d7b4                __u_boot_cmd_bootelf
 .u_boot_cmd    0xc7e3d7e4       0x60 common/libcommon.a(cmd_ext2.o)
                0xc7e3d7fc                __u_boot_cmd_ext2load
                0xc7e3d7e4                __u_boot_cmd_ext2ls
                0xc7e3d82c                __u_boot_cmd_ext3format
                0xc7e3d814                __u_boot_cmd_ext2format
 .u_boot_cmd    0xc7e3d844       0x60 common/libcommon.a(cmd_fat.o)
                0xc7e3d874                __u_boot_cmd_fatinfo
                0xc7e3d88c                __u_boot_cmd_fatformat
                0xc7e3d844                __u_boot_cmd_fatload
                0xc7e3d85c                __u_boot_cmd_fatls
 .u_boot_cmd    0xc7e3d8a4       0x48 common/libcommon.a(cmd_flash.o)
                0xc7e3d8a4                __u_boot_cmd_flinfo
                0xc7e3d8bc                __u_boot_cmd_erase
                0xc7e3d8d4                __u_boot_cmd_protect
 .u_boot_cmd    0xc7e3d8ec       0x18 common/libcommon.a(cmd_itest.o)
                0xc7e3d8ec                __u_boot_cmd_itest
 .u_boot_cmd    0xc7e3d904       0x48 common/libcommon.a(cmd_load.o)
                0xc7e3d934                __u_boot_cmd_loady
                0xc7e3d91c                __u_boot_cmd_loadb
                0xc7e3d904                __u_boot_cmd_loads
 .u_boot_cmd    0xc7e3d94c       0xf0 common/libcommon.a(cmd_mem.o)
                0xc7e3d94c                __u_boot_cmd_md
                0xc7e3d9c4                __u_boot_cmd_cmp
                0xc7e3d994                __u_boot_cmd_mw
                0xc7e3da0c                __u_boot_cmd_loop
                0xc7e3d9f4                __u_boot_cmd_base
                0xc7e3d964                __u_boot_cmd_mm
                0xc7e3d9dc                __u_boot_cmd_crc32
                0xc7e3d97c                __u_boot_cmd_nm
                0xc7e3da24                __u_boot_cmd_mtest
                0xc7e3d9ac                __u_boot_cmd_cp
 .u_boot_cmd    0xc7e3da3c       0x18 common/libcommon.a(cmd_misc.o)
                0xc7e3da3c                __u_boot_cmd_sleep
 .u_boot_cmd    0xc7e3da54       0x30 common/libcommon.a(cmd_mmc.o)
                0xc7e3da6c                __u_boot_cmd_mmc
                0xc7e3da54                __u_boot_cmd_mmcinfo
 .u_boot_cmd    0xc7e3da84       0x30 common/libcommon.a(cmd_nand.o)
                0xc7e3da84                __u_boot_cmd_nand
                0xc7e3da9c                __u_boot_cmd_nboot
 .u_boot_cmd    0xc7e3dab4       0x90 common/libcommon.a(cmd_net.o)
                0xc7e3db14                __u_boot_cmd_nfs
                0xc7e3db2c                __u_boot_cmd_ping
                0xc7e3dae4                __u_boot_cmd_rarpboot
                0xc7e3dacc                __u_boot_cmd_tftpboot
                0xc7e3dab4                __u_boot_cmd_bootp
                0xc7e3dafc                __u_boot_cmd_dhcp
 .u_boot_cmd    0xc7e3db44       0x60 common/libcommon.a(cmd_nvedit.o)
                0xc7e3db8c                __u_boot_cmd_run
                0xc7e3db74                __u_boot_cmd_saveenv
                0xc7e3db44                __u_boot_cmd_printenv
                0xc7e3db5c                __u_boot_cmd_setenv
 .u_boot_cmd    0xc7e3dba4       0x18 common/libcommon.a(cmd_reginfo.o)