Archive member included because of file (symbol)

cpu/s5p645x/libs5p645x.a(interrupts.o)
                              cpu/s5p645x/start.o (do_irq)
cpu/s5p645x/libs5p645x.a(cpu.o)
                              cpu/s5p645x/libs5p645x.a(interrupts.o) (reset_cpu)
cpu/s5p645x/libs5p645x.a(setup_hsmmc.o)
                              cpu/s5p645x/libs5p645x.a(cpu.o) (setup_hsmmc0_cfg_gpio)
cpu/s5p645x/libs5p645x.a(serial.o)
                              cpu/s5p645x/libs5p645x.a(cpu.o) (serial_tstc)
cpu/s5p645x/s5p6450/libs5p6450.a(speed.o)
                              cpu/s5p645x/libs5p645x.a(setup_hsmmc.o) (get_MPLL_CLK)
lib_arm/libarm.a(_udivsi3.o)  cpu/s5p645x/libs5p645x.a(interrupts.o) (__udivsi3)
lib_arm/libarm.a(board.o)     lib_arm/div0.o (hang)
lib_arm/libarm.a(_divsi3.o)   lib_arm/libarm.a(board.o) (__divsi3)
lib_arm/libarm.a(_modsi3.o)   lib_arm/libarm.a(board.o) (__modsi3)
net/libnet.a(net.o)           lib_arm/libarm.a(board.o) (copy_filename)
net/libnet.a(tftp.o)          net/libnet.a(net.o) (TftpStart)
net/libnet.a(bootp.o)         net/libnet.a(net.o) (BootpRequest)
net/libnet.a(rarp.o)          net/libnet.a(net.o) (RarpRequest)
net/libnet.a(eth.o)           lib_arm/libarm.a(board.o) (eth_initialize)
net/libnet.a(nfs.o)           net/libnet.a(net.o) (NfsStart)
drivers/mmc/libmmc.a(mmc.o)   cpu/s5p645x/movi.o (movi_write)
drivers/mmc/libmmc.a(s3c_hsmmc.o)
                              cpu/s5p645x/libs5p645x.a(cpu.o) (smdk_s3c_hsmmc_init)
drivers/mtd/nand/libnand.a(nand.o)
                              lib_arm/libarm.a(board.o) (nand_init)
drivers/mtd/nand/libnand.a(nand_base.o)
                              drivers/mtd/nand/libnand.a(nand.o) (nand_scan)
drivers/mtd/nand/libnand.a(nand_ids.o)
                              drivers/mtd/nand/libnand.a(nand_base.o) (nand_flash_ids)
drivers/mtd/nand/libnand.a(nand_ecc.o)
                              drivers/mtd/nand/libnand.a(nand_base.o) (nand_calculate_ecc)
drivers/mtd/nand/libnand.a(nand_bbt.o)
                              drivers/mtd/nand/libnand.a(nand_base.o) (nand_isbad_bbt)
drivers/net/libnet.a(dm9000x.o)
                              net/libnet.a(net.o) (eth_halt)
common/libcommon.a(main.o)    lib_arm/libarm.a(board.o) (main_loop)
common/libcommon.a(cmd_autoscript.o)
                              (__u_boot_cmd_autoscr)
common/libcommon.a(cmd_bdinfo.o)
                              (__u_boot_cmd_bdinfo)
common/libcommon.a(image.o)   common/libcommon.a(cmd_autoscript.o) (genimg_get_format)
common/libcommon.a(cmd_boot.o)
                              (__u_boot_cmd_go)
common/libcommon.a(cmd_bootm.o)
                              lib_arm/libarm.a(board.o) (load_addr)
common/libcommon.a(cmd_cache.o)
                              (__u_boot_cmd_icache)
common/libcommon.a(cmd_console.o)
                              (__u_boot_cmd_coninfo)
common/libcommon.a(cmd_date.o)
                              (__u_boot_cmd_date)
common/libcommon.a(cmd_elf.o)
                              common/libcommon.a(cmd_bootm.o) (do_bootvx)
common/libcommon.a(cmd_ext2.o)
                              (__u_boot_cmd_ext2ls)
common/libcommon.a(cmd_fat.o)
                              (__u_boot_cmd_fatload)
common/libcommon.a(cmd_flash.o)
                              (__u_boot_cmd_flinfo)
common/libcommon.a(cmd_itest.o)
                              (__u_boot_cmd_itest)
common/libcommon.a(cmd_load.o)
                              (__u_boot_cmd_loads)
common/libcommon.a(cmd_mem.o)
                              common/libcommon.a(cmd_itest.o) (cmd_get_data_size)
common/libcommon.a(cmd_misc.o)
                              (__u_boot_cmd_sleep)
common/libcommon.a(cmd_mmc.o)
                              (__u_boot_cmd_mmcinfo)
common/libcommon.a(cmd_nand.o)
                              (__u_boot_cmd_nand)
common/libcommon.a(cmd_net.o)
                              (__u_boot_cmd_bootp)
common/libcommon.a(cmd_nvedit.o)
                              lib_arm/libarm.a(board.o) (getenv_r)
common/libcommon.a(cmd_reginfo.o)
                              (__u_boot_cmd_reginfo)
common/libcommon.a(cmd_usbd.o)
                              (__u_boot_cmd_dnw)
common/libcommon.a(cmd_ximg.o)
                              (__u_boot_cmd_imxtract)
common/libcommon.a(command.o)
                              common/libcommon.a(main.o) (find_cmd)
common/libcommon.a(console.o)
                              cpu/s5p645x/movi.o (printf)
common/libcommon.a(devices.o)
                              common/libcommon.a(cmd_console.o) (devlist)
common/libcommon.a(dlmalloc.o)
                              drivers/mmc/libmmc.a(mmc.o) (free)
common/libcommon.a(env_common.o)
                              common/libcommon.a(cmd_nvedit.o) (env_get_addr)
common/libcommon.a(exports.o)
                              lib_arm/libarm.a(board.o) (jumptable_init)
common/libcommon.a(flash.o)   common/libcommon.a(cmd_load.o) (addr2info)
common/libcommon.a(hush.o)    common/libcommon.a(main.o) (u_boot_hush_start)
[...]
Memory Configuration

Name             Origin             Length             Attributes
*default*        0x00000000         0xffffffff

Linker script and memory map

                0x00000000                . = 0x0
                0x00000000                . = ALIGN (0x4)

.text           0xc7e00000    0x30f54
 cpu/s5p645x/start.o(.text)
 .text          0xc7e00000      0x4c0 cpu/s5p645x/start.o
                0xc7e00040                _end_vect
                0xc7e001a0                theLastJump
                0xc7e00480                arm1136_cache_flush
                0xc7e0004c                _bss_start
                0xc7e00050                _bss_end
                0xc7e00048                _armboot_start
                0xc7e00144                copy_from_nand
                0xc7e00000                _start
                0xc7e000c0                after_copy
 cpu/s5p645x/start_irom.o(.text)
 .text          0xc7e004c0       0xa4 cpu/s5p645x/start_irom.o
                0xc7e004c4                load_bl2_irom
 cpu/s5p645x/s5p6450/cpu_init.o(.text)
 .text          0xc7e00564      0x144 cpu/s5p645x/s5p6450/cpu_init.o
                0xc7e00564                mem_ctrl_asm_init
 board/samsung/smdk6450/lowlevel_init.o(.text)
 .text          0xc7e006a8      0x300 board/samsung/smdk6450/lowlevel_init.o
                0xc7e006ac                lowlevel_init
                0xc7e008bc                nand_asm_init
 cpu/s5p645x/nand_cp.o(.text)
 .text          0xc7e009a8      0x1e4 cpu/s5p645x/nand_cp.o
                0xc7e00a68                copy_uboot_to_ram
                0xc7e009a8                nand_bl2_copy
                0xc7e00a08                nand_bl2_copy_adv
 cpu/s5p645x/movi.o(.text)
 .text          0xc7e00b8c       0xc4 cpu/s5p645x/movi.o
                0xc7e00c38                print_movi_bl2_info
                0xc7e00bb0                movi_write_bl1
                0xc7e00b8c                movi_bl2_copy
                0xc7e00c20                movi_read_env
                0xc7e00c08                movi_write_env
 *(.text)
 .text          0xc7e00c50        0x4 lib_arm/div0.o
                0xc7e00c50                __div0
 .text          0xc7e00c54      0x4dc cpu/s5p645x/libs5p645x.a(interrupts.o)
                0xc7e00cd4                set_timer
                0xc7e01074                reset_timer
                0xc7e00f9c                do_fiq
                0xc7e00c60                interrupt_init
                0xc7e01050                do_undefined_instruction
                0xc7e00e20                show_regs
                0xc7e00f78                do_irq
                0xc7e00e08                get_tbclk
                0xc7e00d6c                get_timer
                0xc7e00ce4                reset_timer_masked
                0xc7e00f5c                bad_mode
                0xc7e00d0c                get_timer_masked
                0xc7e0109c                udelay
                0xc7e00d80                udelay_masked
                0xc7e01008                do_prefetch_abort
                0xc7e00df4                get_ticks
                0xc7e00c58                disable_interrupts
                0xc7e00fc0                do_not_used
                0xc7e00fe4                do_data_abort
                0xc7e0102c                do_software_interrupt
                0xc7e00c54                enable_interrupts
 .text          0xc7e01130      0x188 cpu/s5p645x/libs5p645x.a(cpu.o)
                0xc7e01178                cleanup_before_linux
                0xc7e01164                cpu_mmc_init
                0xc7e01280                dcache_enable
                0xc7e0115c                cpu_init
                0xc7e011e0                icache_enable
                0xc7e01248                branch_enable
                0xc7e011c8                do_reset
                0xc7e0122c                branch_disable
                0xc7e011a4                reset_cpu
                0xc7e011fc                branch_status
                0xc7e0129c                icache_disable
                0xc7e0120c                dcache_status
                0xc7e0121c                icache_status
                0xc7e01264                dcache_disable
 .text          0xc7e012b8      0x138 cpu/s5p645x/libs5p645x.a(setup_hsmmc.o)
                0xc7e012b8                setup_sdhci0_cfg_card
                0xc7e012ec                setup_hsmmc0_cfg_gpio
                0xc7e0132c                setup_hsmmc_clock
 .text          0xc7e013f0       0x8c cpu/s5p645x/libs5p645x.a(serial.o)
                0xc7e013f0                serial_setbrg
                0xc7e01420                serial_tstc
                0xc7e013f4                serial_putc
                0xc7e01474                serial_init
                0xc7e01434                serial_puts
                0xc7e01458                serial_getc
 .text          0xc7e0147c      0x194 cpu/s5p645x/s5p6450/libs5p6450.a(speed.o)
                0xc7e01528                get_HCLK
                0xc7e01550                get_PCLK
                0xc7e014e8                get_MPLL_CLK
                0xc7e014f8                get_FCLK
                0xc7e01500                get_ARMCLK
                0xc7e014f0                get_UCLK
                0xc7e01578                print_cpuinfo
 .text          0xc7e01610       0x98 lib_arm/libarm.a(_udivsi3.o)
                0xc7e01610                __udivsi3
 .text          0xc7e016a8      0x3d8 lib_arm/libarm.a(board.o)
                0xc7e0170c                __yellow_LED_off
                0xc7e01700                green_LED_on
                0xc7e01710                hang
                0xc7e01700                __green_LED_on
                0xc7e01708                __yellow_LED_on
                0xc7e01708                yellow_LED_on
                0xc7e01704                __green_LED_off
                0xc7e016fc                __red_LED_off
                0xc7e017d0                start_armboot
                0xc7e01a18                strmhz
                0xc7e016f4                coloured_LED_init
                0xc7e0170c                yellow_LED_off
                0xc7e016fc                red_LED_off
                0xc7e016a8                sbrk
                0xc7e01704                green_LED_off
                0xc7e016f4                __coloured_LED_init
                0xc7e016f8                red_LED_on
                0xc7e016f8                __red_LED_on
 .text          0xc7e01a80      0x140 lib_arm/libarm.a(_divsi3.o)
                0xc7e01a80                __divsi3
 .text          0xc7e01bc0      0x100 lib_arm/libarm.a(_modsi3.o)
                0xc7e01bc0                __modsi3
 .text          0xc7e01cc0     0x1530 net/libnet.a(net.o)
                0xc7e01eac                getenv_IPaddr
                0xc7e01d6c                NetCksumOk
                0xc7e02a94                NetSetTimeout
                0xc7e01d90                copy_filename
                0xc7e01ebc                NetEthHdrSize
                0xc7e01f60                ip_to_string
                0xc7e02ce0                ArpTimeoutCheck
                0xc7e02334                NetReceive
                0xc7e01e38                string_to_ip
                0xc7e02ad0                NetSendUDPPacket
                0xc7e01fac                print_IPaddr
                0xc7e01fd0                NetSetEther
                0xc7e02d64                NetLoop
                0xc7e02210                ArpRequest
                0xc7e01f00                VLAN_to_string
                0xc7e01e28                getenv_VLAN
                0xc7e01d28                NetCksum
                0xc7e02088                NetSetIP
                0xc7e01de0                string_to_VLAN
                0xc7e02c60                NetStartAgain
                0xc7e01d18                NetSetHandler
                0xc7e0290c                PingSend
                0xc7e0220c                NetSendPacket
 .text          0xc7e031f0      0x7bc net/libnet.a(tftp.o)
                0xc7e033c4                TftpStart
 .text          0xc7e039ac      0xa3c net/libnet.a(bootp.o)
                0xc7e0401c                DhcpRequest
                0xc7e03e44                BootpRequest
 .text          0xc7e043e8      0x1a8 net/libnet.a(rarp.o)
                0xc7e043e8                RarpRequest
 .text          0xc7e04590        0x8 net/libnet.a(eth.o)
                0xc7e04590                eth_initialize
 .text          0xc7e04598      0xe04 net/libnet.a(nfs.o)
                0xc7e04ba0                NfsStart
 .text          0xc7e0539c     0x1220 drivers/mmc/libmmc.a(mmc.o)
                0xc7e05404                mmc_send_ext_csd
                0xc7e055b4                sd_switch
                0xc7e06234                mmc_send_app_op_cond
                0xc7e05c08                mmc_startup
                0xc7e06548                print_mmc_devices
                0xc7e05740                board_mmc_init
                0xc7e053cc                mmc_set_blocklen
                0xc7e053bc                mmc_send_cmd
                0xc7e05634                mmc_set_clock
                0xc7e06428                mmc_init
                0xc7e05454                mmc_set_relative_addr
                0xc7e0637c                mmc_send_op_cond
                0xc7e056d8                mmc_register
                0xc7e05794                mmc_get_dev
                0xc7e0548c                mmc_switch
                0xc7e05624                mmc_set_ios
                0xc7e05a1c                movi_read
                0xc7e054dc                mmc_change_freq
                0xc7e05654                mmc_set_bus_width
                0xc7e05748                find_mmc_device
                0xc7e06328                mmc_go_idle
                0xc7e0565c                mmc_send_if_cond
                0xc7e05a34                sd_change_freq
                0xc7e05864                movi_write
                0xc7e0648c                mmc_initialize
 .text          0xc7e065bc      0x558 drivers/mmc/libmmc.a(s3c_hsmmc.o)
                0xc7e065bc                smdk_s3c_hsmmc_init
 .text          0xc7e06b14       0xa0 drivers/mtd/nand/libnand.a(nand.o)
                0xc7e06b14                nand_init
 .text          0xc7e06bb4     0x3054 drivers/mtd/nand/libnand.a(nand_base.o)
                0xc7e08eac                nand_read
                0xc7e06dd0                nand_wait_ready
                0xc7e078bc                nand_scan_ident
                0xc7e082ec                nand_scan
                0xc7e0934c                nand_erase_nand
                0xc7e07e08                nand_scan_tail
                0xc7e07894                nand_release
 .text          0xc7e09c08        0x0 drivers/mtd/nand/libnand.a(nand_ids.o)
 .text          0xc7e09c08      0x220 drivers/mtd/nand/libnand.a(nand_ecc.o)
                0xc7e09d00                nand_correct_data
                0xc7e09c08                nand_calculate_ecc
 .text          0xc7e09e28     0x1750 drivers/mtd/nand/libnand.a(nand_bbt.o)
                0xc7e0a0b4                nand_isbad_bbt
                0xc7e0b4a0                nand_default_bbt
                0xc7e0ad40                nand_update_bbt
                0xc7e0b01c                nand_scan_bbt
 .text          0xc7e0b578      0xc10 drivers/net/libnet.a(dm9000x.o)
                0xc7e0b944                eth_halt
                0xc7e0b7b8                read_srom_word
                0xc7e0b8dc                write_srom_word
                0xc7e0bf4c                eth_rx
                0xc7e0b98c                eth_init
                0xc7e0c0b0                eth_send
 .text          0xc7e0c188      0xde4 common/libcommon.a(main.o)
                0xc7e0c188                __show_boot_progress
                0xc7e0c28c                run_command
                0xc7e0c218                do_run
                0xc7e0c18c                parse_line
                0xc7e0ce00                readline
                0xc7e0c188                show_boot_progress
                0xc7e0ce0c                main_loop
                0xc7e0c760                readline_into_buffer
 .text          0xc7e0cf6c      0x190 common/libcommon.a(cmd_autoscript.o)
                0xc7e0d0b8                do_autoscript
                0xc7e0cf8c                autoscript
 .text          0xc7e0d0fc      0x100 common/libcommon.a(cmd_bdinfo.o)
                0xc7e0d110                do_bdinfo
 .text          0xc7e0d1fc      0x800 common/libcommon.a(image.o)
                0xc7e0d480                getenv_bootm_size
                0xc7e0d538                image_print_contents
                0xc7e0d320                genimg_get_comp_id
                0xc7e0d368                genimg_get_os_id
                0xc7e0d2cc                genimg_has_config
                0xc7e0d350                genimg_get_arch_id
                0xc7e0d280                genimg_get_arch_name
                0xc7e0d798                boot_get_ramdisk
                0xc7e0d744                image_check_hcrc
                0xc7e0d268                genimg_get_os_name
                0xc7e0d298                genimg_get_type_name
                0xc7e0d440                genimg_get_format
                0xc7e0d2b0                genimg_get_comp_name
                0xc7e0d708                image_check_dcrc
                0xc7e0d4b4                getenv_bootm_low
                0xc7e0d2c8                genimg_get_image
                0xc7e0d338                genimg_get_type_id
                0xc7e0d21c                image_multi_count
                0xc7e0d47c                memmove_wd
                0xc7e0d380                image_multi_getimg
                0xc7e0d4e8                getenv_yesno
 .text          0xc7e0d9fc       0xa4 common/libcommon.a(cmd_boot.o)
                0xc7e0da14                do_go
                0xc7e0d9fc                do_go_exec
 .text          0xc7e0daa0      0xd30 common/libcommon.a(cmd_bootm.o)
                0xc7e0dbc8                print_image_hdr
                0xc7e0e028                do_bootd
                0xc7e0e04c                do_bootm
                0xc7e0dac0                board_lmb_reserve
                0xc7e0dac0                __board_lmb_reserve
                0xc7e0dfc8                do_iminfo
 .text          0xc7e0e7d0      0x144 common/libcommon.a(cmd_cache.o)
                0xc7e0e80c                do_dcache
                0xc7e0e890                do_icache
 .text          0xc7e0e914       0xe0 common/libcommon.a(cmd_console.o)
                0xc7e0e914                do_coninfo
 .text          0xc7e0e9f4      0x324 common/libcommon.a(cmd_date.o)
                0xc7e0ec04                do_date
                0xc7e0ea38                mk_date
 .text          0xc7e0ed18      0x3c8 common/libcommon.a(cmd_elf.o)
                0xc7e0f040                do_bootelf
                0xc7e0ee80                do_bootvx
                0xc7e0ed18                valid_elf_image
                0xc7e0effc                do_bootelf_exec
                0xc7e0ed70                load_elf_image
 .text          0xc7e0f0e0      0x558 common/libcommon.a(cmd_ext2.o)
                0xc7e0f0e0                ext_format
                0xc7e0f1d4                do_ext3_format
                0xc7e0f4e8                do_ext2ls
                0xc7e0f1e4                do_ext2_format
                0xc7e0f1f4                do_ext2load
 .text          0xc7e0f638      0x4ac common/libcommon.a(cmd_fat.o)
                0xc7e0f944                do_fat_fsload
                0xc7e0f638                do_fat_format
                0xc7e0f728                do_fat_fsinfo
                0xc7e0f830                do_fat_ls
 .text          0xc7e0fae4      0x5a8 common/libcommon.a(cmd_flash.o)
                0xc7e0fb14                do_flinfo
                0xc7e0fafc                flash_sect_erase
                0xc7e0fd74                do_protect
                0xc7e0ff40                do_flerase
                0xc7e0fae4                flash_sect_protect
 .text          0xc7e1008c      0x2ec common/libcommon.a(cmd_itest.o)
                0xc7e100f4                binary_test
                0xc7e102d0                do_itest
 .text          0xc7e10378      0xf58 common/libcommon.a(cmd_load.o)
                0xc7e10448                k_data_init
                0xc7e105d4                s1_sendpacket
                0xc7e105fc                handle_send_packet
                0xc7e104d4                k_data_restore
                0xc7e107f4                send_nack
                0xc7e108dc                do_load_serial_bin
                0xc7e10538                k_data_char
                0xc7e103a0                chk1
                0xc7e10470                k_data_save
                0xc7e10378                ktrans
                0xc7e105a0                send_pad
                0xc7e10858                send_ack
                0xc7e10fc4                do_load_serial
 .text          0xc7e112d0      0xa14 common/libcommon.a(cmd_mem.o)
                0xc7e112d0                do_mem_base
                0xc7e11b10                do_mem_mw
                0xc7e11314                do_mem_crc
                0xc7e116ec                do_mem_nm
                0xc7e11714                do_mem_mm
                0xc7e11834                do_mem_cp
                0xc7e113cc                do_mem_mtest
                0xc7e11964                do_mem_cmp
                0xc7e114f4                cmd_get_data_size
                0xc7e1173c                do_mem_loop
                0xc7e11be0                do_mem_md
 .text          0xc7e11ce4       0x90 common/libcommon.a(cmd_misc.o)
                0xc7e11ce4                do_sleep
 .text          0xc7e11d74      0x48c common/libcommon.a(cmd_mmc.o)
                0xc7e11ef8                do_mmcops
                0xc7e11d74                do_mmcinfo
 .text          0xc7e12200      0xf98 common/libcommon.a(cmd_nand.o)
                0xc7e12368                do_nandboot
                0xc7e125a4                do_nand
 .text          0xc7e13198      0x3d8 common/libcommon.a(cmd_net.o)
                0xc7e1354c                do_rarpb
                0xc7e13198                do_ping
                0xc7e13558                do_tftpb
                0xc7e13540                do_dhcp
                0xc7e13564                do_bootp
                0xc7e13534                do_nfs
 .text          0xc7e13570      0x890 common/libcommon.a(cmd_nvedit.o)
                0xc7e136b4                getenv
                0xc7e13724                _do_setenv
                0xc7e135d0                getenv_r
                0xc7e13c84                do_printenv
                0xc7e13c3c                setenv
                0xc7e13688                do_saveenv
                0xc7e13bfc                do_setenv
                0xc7e13570                envmatch
 .text          0xc7e13e00        0x8 common/libcommon.a(cmd_reginfo.o)
                0xc7e13e00                do_reginfo
 .text          0xc7e13e08      0x118 common/libcommon.a(cmd_usbd.o)
                0xc7e13e08                do_usbd_dnw
 .text          0xc7e13f20      0x240 common/libcommon.a(cmd_ximg.o)
                0xc7e13f20                do_imgextract
 .text          0xc7e14160      0x764 common/libcommon.a(command.o)
                0xc7e141f4                do_echo
                0xc7e14444                do_exit
                0xc7e14160                find_cmd
                0xc7e14474                do_test
                0xc7e14278                do_help
                0xc7e14424                do_version
 .text          0xc7e148c4      0x584 common/libcommon.a(console.o)
                0xc7e14bc4                console_init_r
                0xc7e14b84                printf
                0xc7e14a64                console_assign
                0xc7e14dd4                getc
                0xc7e14b3c                puts
                0xc7e14a48                dbg
                0xc7e14d5c                serial_printf
                0xc7e1498c                ftstc
                0xc7e14af4                fprintf
                0xc7e14dbc                tstc
                0xc7e14b58                vprintf
                0xc7e14dec                ctrlc
                0xc7e14d9c                putc
                0xc7e14a0c                disable_ctrlc
                0xc7e14964                fgetc
                0xc7e14a24                had_ctrlc
                0xc7e149b4                fputc
                0xc7e14a54                console_init_f
                0xc7e14a34                clear_ctrlc
                0xc7e149e0                fputs
 .text          0xc7e14e48       0xec common/libcommon.a(devices.o)
                0xc7e14e64                device_register
                0xc7e14e48                devices_done
                0xc7e14e88                devices_init
 .text          0xc7e14f34     0x10f0 common/libcommon.a(dlmalloc.o)
                0xc7e1535c                malloc
                0xc7e15aa8                pvalloc
                0xc7e15acc                calloc
                0xc7e14f6c                malloc_usable_size
                0xc7e15bac                realloc
                0xc7e15024                malloc_trim
                0xc7e14f34                malloc_bin_reloc
                0xc7e14fb0                mallopt
                0xc7e15998                memalign
                0xc7e15358                cfree
                0xc7e15ac0                valloc
                0xc7e150f8                free
 .text          0xc7e16024      0x164 common/libcommon.a(env_common.o)
                0xc7e16138                env_get_char
                0xc7e16044                env_get_addr
                0xc7e16090                set_default_env
                0xc7e160d8                env_relocate
                0xc7e16064                env_crc_update
                0xc7e16024                env_get_char_memory
 .text          0xc7e16188       0xe4 common/libcommon.a(exports.o)
                0xc7e16194                jumptable_init
                0xc7e1618c                get_version
 .text          0xc7e1626c      0x364 common/libcommon.a(flash.o)
                0xc7e16460                flash_write
                0xc7e1626c                flash_protect
                0xc7e16378                addr2info
                0xc7e16380                flash_perror
 .text          0xc7e165d0     0x1c98 common/libcommon.a(hush.o)
                0xc7e1696c                new_pipe
                0xc7e166f8                mapset
                0xc7e17964                parse_string_outer
                0xc7e172c4                update_ifs_map
                0xc7e1791c                parse_file_outer
                0xc7e165ec                simple_itoa
                0xc7e16cb0                reserved_word
                0xc7e1671c                u_boot_hush_start
 .text          0xc7e18268      0x3e0 common/libcommon.a(lists.o)
                0xc7e18568                DisposeHandle
                0xc7e18588                ListDispose
                0xc7e1839c                ListInsertItems
                0xc7e18270                ListSetAllocationPolicy
                0xc7e182c0                ListGetItemSize
                0xc7e182b4                ListGetDataPtr
                0xc7e1858c                NewHandle
                0xc7e18320                SetHandleSize
                0xc7e18560                ListInsertItem
                0xc7e18268                GetHandleSize
                0xc7e182cc                ListNumItems
                0xc7e18284                ListGetPtrToItem
                0xc7e185e8                ListCreate
                0xc7e182d8                ListGetItems
 .text          0xc7e18648      0x2cc common/libcommon.a(s_record.o)
                0xc7e186b8                srec_decode
 .text          0xc7e18914     0x15e4 common/libcommon.a(usb.o)
                0xc7e193e4                usb_set_idle
                0xc7e1892c                usb_maxpacket
                0xc7e19ccc                usb_hub_probe
                0xc7e19ec8                usb_stop
                0xc7e19e34                usb_init
                0xc7e18914                usb_disable_asynch
                0xc7e19d90                usb_clear_halt
                0xc7e18c98                usb_bulk_msg
                0xc7e192f4                usb_get_class_descriptor
                0xc7e19d2c                usb_scan_devices
                0xc7e1900c                usb_get_hub_descriptor
                0xc7e18df8                usb_get_port_status
                0xc7e18c74                usb_submit_int_msg
                0xc7e18b20                usb_parse_config
                0xc7e18cf8                usb_control_msg
                0xc7e19448                usb_set_protocol
                0xc7e1996c                usb_hub_port_connect_change
                0xc7e19510                usb_set_interface
                0xc7e18a3c                usb_hub_allocate
                0xc7e191f8                usb_string
                0xc7e1936c                usb_get_report
                0xc7e19624                usb_get_descriptor
                0xc7e19aac                usb_hub_configure
                0xc7e1906c                usb_get_string
                0xc7e18c78                wait_ms
                0xc7e18fb4                usb_clear_hub_feature
                0xc7e19694                usb_get_configuration_no
                0xc7e18f54                usb_clear_port_feature
                0xc7e18eb0                usb_set_port_feature
                0xc7e19734                usb_new_device
                0xc7e18e58                usb_get_hub_status
                0xc7e194a8                usb_set_configuration
                0xc7e18950                usb_set_maxpacket
                0xc7e195dc                usb_set_address
                0xc7e18a84                usb_alloc_new_device
                0xc7e18a28                usb_hub_reset
                0xc7e18a00                usb_get_dev_index
 .text          0xc7e19ef8      0xa10 common/libcommon.a(xyzModem.o)
                0xc7e1a02c                xyzModem_error
                0xc7e1a0c8                xyzModem_stream_close
                0xc7e1a128                CYGACC_COMM_IF_GETC_TIMEOUT
                0xc7e19ef8                parse_num
                0xc7e1a1b0                xyzModem_stream_terminate
                0xc7e1a7ac                xyzModem_stream_open
                0xc7e1a11c                CYGACC_COMM_IF_PUTC
                0xc7e1a530                xyzModem_stream_read
 .text          0xc7e1a908      0x538 common/libcommon.a(cmd_movi.o)
                0xc7e1ac90                init_raw_area_table
                0xc7e1a908                do_movi
 .text          0xc7e1ae40      0x3f4 common/libcommon.a(cmd_lcd.o)
                0xc7e1ae40                do_lcd_test
 .text          0xc7e1b234     0x1824 common/libcommon.a(cmd_fastboot.o)
                0xc7e1c6c0                do_sdfuse
                0xc7e1b288                fastboot_flash_get_ptn_count
                0xc7e1b3f0                fastboot_flash_add_ptn
                0xc7e1c8ac                do_fastboot
                0xc7e1b260                fastboot_flash_get_ptn
                0xc7e1b298                fastboot_flash_find_ptn
                0xc7e1b310                fastboot_flash_dump_ptn
 .text          0xc7e1ca58      0xb70 common/libcommon.a(cmd_mmc_fdisk.o)
                0xc7e1cbdc                make_partitionInfo
                0xc7e1d180                encode_partitionInfo
                0xc7e1cf10                decode_partitionInfo
                0xc7e1cac4                encode_chs
                0xc7e1cf50                get_mmc_part_info
                0xc7e1d1f4                make_mmc_partition
                0xc7e1cfec                print_mmc_part_info
                0xc7e1d4c8                create_mmc_fdisk
                0xc7e1cae4                get_SDInfo
                0xc7e1d550                do_fdisk
                0xc7e1ce48                get_mmc_mbr
                0xc7e1cdd4                put_mmc_mbr
                0xc7e1ca58                calc_unit
                0xc7e1ceb8                get_mmc_block_count
 .text          0xc7e1d5c8      0x74c common/libcommon.a(env_auto.o)
                0xc7e1d714                env_relocate_spec_movinand
                0xc7e1d884                env_relocate_spec
                0xc7e1d710                env_relocate_spec_onenand
                0xc7e1d9d0                saveenv_nand_adv
                0xc7e1dc74                saveenv
                0xc7e1d644                env_get_char_spec
                0xc7e1d78c                env_relocate_spec_nor
                0xc7e1d650                env_init
                0xc7e1dc48                saveenv_movinand
                0xc7e1d66c                saveenv_onenand
                0xc7e1d8e4                saveenv_nor
                0xc7e1dac4                saveenv_nand
                0xc7e1d7e0                env_relocate_spec_nand
 .text          0xc7e1dd14      0x170 common/libcommon.a(gunzip.o)
                0xc7e1dd14                gunzip
                0xc7e1de6c                zfree
                0xc7e1de74                zalloc
 .text          0xc7e1de84       0x48 common/libcommon.a(crc16.o)
                0xc7e1de84                cyg_crc16
 .text          0xc7e1decc       0xc0 board/samsung/smdk6450/libsmdk6450.a(smdk6450.o)
                0xc7e1df44                virt_to_phy_smdk6450
                0xc7e1df1c                dram_init
                0xc7e1df74                checkboard
                0xc7e1decc                board_init
                0xc7e1df3c                board_late_init
 .text          0xc7e1df8c      0x5ec board/samsung/smdk6450/libsmdk6450.a(flash.o)
                0xc7e1e31c                flash_erase
                0xc7e1e52c                flash_init
                0xc7e1e204                flash_print_info
                0xc7e1e08c                write_buff
 .text          0xc7e1e578      0x1fc lib_generic/libgeneric.a(crc32.o)
                0xc7e1e578                crc32
                0xc7e1e770                crc32_wd
                0xc7e1e678                crc32_no_comp
 .text          0xc7e1e774        0x0 lib_generic/libgeneric.a(ctype.o)
 .text          0xc7e1e774      0x26c lib_generic/libgeneric.a(display_options.o)
                0xc7e1e860                print_buffer
                0xc7e1e840                display_options
                0xc7e1e774                print_size
 .text          0xc7e1e9e0      0x554 lib_generic/libgeneric.a(lmb.o)
                0xc7e1ed3c                lmb_overlaps_region
                0xc7e1ec3c                lmb_add
                0xc7e1e9e0                lmb_dump_all
                0xc7e1ec40                lmb_free
                0xc7e1eef8                lmb_alloc_base
                0xc7e1ef2c                lmb_alloc
                0xc7e1ed90                __lmb_alloc_base
                0xc7e1ea44                lmb_init
                0xc7e1ee9c                lmb_is_reserved
                0xc7e1ed34                lmb_reserve
 .text          0xc7e1ef34      0x538 lib_generic/libgeneric.a(string.o)
                0xc7e1ef34                strcpy
                0xc7e1f37c                memscan
                0xc7e1f2f8                memmove
                0xc7e1f2d8                memcpy
                0xc7e1f244                strswab
                0xc7e1f0e0                strnlen
                0xc7e1f0a8                strrchr
                0xc7e1ef74                strcat
                0xc7e1f404                memchr
                0xc7e1f3a0                strstr
                0xc7e1f018                strncmp
                0xc7e1ef4c                strncpy
                0xc7e1f2ac                bcopy
                0xc7e1f18c                strtok
                0xc7e1f340                memcmp
                0xc7e1efa0                strncat
                0xc7e1f430                strdup
                0xc7e1f290                memset
                0xc7e1efec                strcmp
                0xc7e1f210                strsep
                0xc7e1f108                strspn
                0xc7e1f088                strlen
                0xc7e1f05c                strchr
                0xc7e1f14c                strpbrk
 .text          0xc7e1f46c      0x868 lib_generic/libgeneric.a(vsprintf.o)
                0xc7e1f850                vsprintf
                0xc7e1f52c                simple_strtol
                0xc7e1f7f8                panic
                0xc7e1fca4                sprintf
                0xc7e1f46c                simple_strtoul
 .text          0xc7e1fcd4     0x2ea4 lib_generic/libgeneric.a(zlib.o)
                0xc7e20c1c                inflate
                0xc7e206bc                inflateInit2
                0xc7e20aec                inflateIncomp
                0xc7e20804                adler32
                0xc7e20554                inflateReset
                0xc7e205bc                inflateSync
                0xc7e207fc                inflateInit
                0xc7e204b4                inflateEnd
 .text          0xc7e22b78      0x6c8 cpu/s5p645x/libs5p645x.a(usb_ohci.o)
                0xc7e22bf4                rh_check_port_status
                0xc7e22c1c                usb_lowlevel_stop
                0xc7e22cd4                sohci_submit_job
                0xc7e22c0c                submit_int_msg
                0xc7e23238                submit_bulk_msg
                0xc7e22c04                submit_control_msg
                0xc7e22c14                usb_lowlevel_init
                0xc7e22bfc                submit_common_msg
 .text          0xc7e23240      0xcc4 cpu/s5p645x/libs5p645x.a(nand.o)
                0xc7e23c8c                board_nand_init
 .text          0xc7e23f04     0x2c38 cpu/s5p645x/libs5p645x.a(usbd-otg-hs.o)
                0xc7e25c4c                s3c_usb_dma_in_done
                0xc7e25d60                s3c_usb_set_all_outep_nak
                0xc7e260b0                s3c_usb_clear_upfile_info
                0xc7e262f8                s3c_usb_verify_checksum
                0xc7e26120                s3c_usb_set_opmode
                0xc7e26598                s3c_usb_pkt_receive
                0xc7e26788                s3c_usb_transfer
                0xc7e26070                s3c_usb_clear_dnfile_info
                0xc7e2562c                s3c_usb_int_bulkin
                0xc7e23ff0                s3c_usb_set_inep_xfersize
                0xc7e24958                s3c_usb_transfer_ep0
                0xc7e24834                s3c_usb_set_otherspeed_conf_desc
                0xc7e23f74                s3c_usb_set_soft_disconnect
                0xc7e25d88                s3c_usb_clear_all_outep_nak
                0xc7e26a20                s3c_usbctl_init
                0xc7e25eb8                s3c_usb_set_descriptors
                0xc7e26548                s3c_usb_int_bulkout
                0xc7e268b0                s3c_udc_int_hndlr
                0xc7e24024                s3c_usb_set_outep_xfersize
                0xc7e269e8                s3c_usb_stop
                0xc7e23fa4                s3c_usb_init_device
                0xc7e260f0                s3c_usb_check_setconf
                0xc7e243b4                s3c_usb_set_feature
                0xc7e26668                s3c_usb_dma_out_done
                0xc7e24600                s3c_usb_ep0_int_hndlr
                0xc7e25e60                s3c_usb_set_endpoint
                0xc7e263d0                s3c_usb_download_continue
                0xc7e240ac                s3c_usb_write_in_fifo
                0xc7e26940                s3c_usb_wait_cable_insert
                0xc7e24320                s3c_usb_clear_feature
                0xc7e23fe8                s3c_usbc_activate
                0xc7e24058                s3c_usb_write_ep0_fifo
                0xc7e25a2c                s3c_usb_download_start
                0xc7e25db0                s3c_usb_set_max_pktsize
                0xc7e23f5c                s3c_usb_check_current_mode
                0xc7e23f04                s3c_usb_phy_off
                0xc7e24530                s3c_usb_get_status
                0xc7e26054                s3c_usb_check_speed
                0xc7e257fc                s3c_usb_upload_start
                0xc7e23f3c                s3c_usb_init_core
                0xc7e23f8c                s3c_usb_clear_soft_disconnect
                0xc7e23f1c                s3c_usb_core_soft_reset
                0xc7e2661c                s3c_usb_print_pkt
                0xc7e26260                s3c_usb_set_init
                0xc7e261f4                s3c_usb_reset
                0xc7e24150                s3c_usb_get_desc
                0xc7e24100                s3c_usb_read_out_fifo
                0xc7e26994                s3c_usb_init_phy
 .text          0xc7e26b3c     0x2e88 cpu/s5p645x/libs5p645x.a(fastboot.o)
                0xc7e28bcc                fboot_usb_clear_dnfile_info
                0xc7e28354                fboot_usb_upload_start
                0xc7e28c0c                fboot_usb_clear_upfile_info
                0xc7e294d0                fboot_usb_init_phy
                0xc7e26bc4                fboot_usb_clear_soft_disconnect
                0xc7e26dc0                fboot_usb_get_desc
                0xc7e28c7c                fboot_usb_set_opmode
                0xc7e29914                fastboot_poll
                0xc7e26c20                fboot_usbc_activate
                0xc7e287a4                fboot_usb_dma_in_done
                0xc7e28d50                fboot_usb_reset
                0xc7e289b8                fboot_usb_set_endpoint
                0xc7e26c94                fboot_usb_set_outep_xfersize
                0xc7e26c28                fboot_usb_stop
                0xc7e26c60                fboot_usb_set_inep_xfersize
                0xc7e275fc                fboot_usb_transfer_ep0
                0xc7e28bb0                fboot_usb_check_speed
                0xc7e28dbc                fastboot_shutdown
                0xc7e28df0                fastboot_getvar
                0xc7e26d70                fboot_usb_read_out_fifo
                0xc7e26bdc                fboot_usb_init_device
                0xc7e28df8                fboot_usb_int_bulkin
                0xc7e29640                fastboot_init
                0xc7e26fc4                fboot_usb_clear_feature
                0xc7e28c4c                fboot_usb_check_setconf
                0xc7e29360                fboot_usb_transfer
                0xc7e288b8                fboot_usb_set_all_outep_nak
                0xc7e28584                fboot_usb_download_start
                0xc7e28dc0                fastboot_fifo_size
                0xc7e29968                fastboot_tx_status
                0xc7e29240                fboot_usb_dma_out_done
                0xc7e29524                fboot_usbctl_init
                0xc7e271d4                fboot_usb_get_status
                0xc7e2948c                fboot_usb_wait_cable_insert
                0xc7e27058                fboot_usb_set_feature
                0xc7e26cc8                fboot_usb_write_ep0_fifo
                0xc7e272a4                fboot_usb_ep0_int_hndlr
                0xc7e29200                fboot_usb_print_pkt
                0xc7e28eac                fastboot_preboot
                0xc7e26b74                fboot_usb_init_core
                0xc7e26bac                fboot_usb_set_soft_disconnect
                0xc7e29034                fboot_usb_download_continue
                0xc7e29858                fboot_usb_int_hndlr
                0xc7e28908                fboot_usb_set_max_pktsize
                0xc7e28f68                fboot_usb_verify_checksum
                0xc7e29724                fboot_usb_int_bulkout
                0xc7e288e0                fboot_usb_clear_all_outep_nak
                0xc7e28a10                fboot_usb_set_descriptors
                0xc7e297d4                fboot_usb_pkt_receive
                0xc7e26d1c                fboot_usb_write_in_fifo
                0xc7e28ed0                fboot_usb_set_init
                0xc7e26b3c                fboot_usb_phy_off
                0xc7e26b94                fboot_usb_check_current_mode
                0xc7e26b54                fboot_usb_core_soft_reset
                0xc7e274d8                fboot_usb_set_otherspeed_conf_desc
 .text          0xc7e299c4       0x1c lib_arm/libarm.a(_ashldi3.o)
                0xc7e299c4                __ashldi3
 .text          0xc7e299e0       0x1c lib_arm/libarm.a(_ashrdi3.o)
                0xc7e299e0                __ashrdi3
 .text          0xc7e299fc       0xb4 lib_arm/libarm.a(_umodsi3.o)
                0xc7e299fc                __umodsi3
 .text          0xc7e29ab0      0x2fc lib_arm/libarm.a(bootm.o)
                0xc7e29b5c                do_bootm_linux
                0xc7e29ab0                setup_mtdpartition_tag
 .text          0xc7e29dac        0x4 lib_arm/libarm.a(cache.o)
                0xc7e29dac                flush_cache
 .text          0xc7e29db0     0x19c4 fs/fat/libfat.a(fat.o)
                0xc7e2afa4                file_fat_read
                0xc7e2a680                do_fat_read
                0xc7e2afdc                file_fat_ls
                0xc7e2b10c                fat_format_device
                0xc7e2a230                file_fat_detectfs
                0xc7e29dd8                disk_read
                0xc7e2afec                fat_register_device
 .text          0xc7e2b774     0x3798 fs/ext2/libext2fs.a(ext2fs.o)
                0xc7e2e128                ext2fs_read_file
                0xc7e2e050                ext2fs_close
                0xc7e2b7d0                ext2fs_format
                0xc7e2b790                default_journal_size
                0xc7e2e768                ext2fs_mount
                0xc7e2ee90                ext2fs_ls
                0xc7e2b774                get_random_val
                0xc7e2ed64                ext2fs_find_file
                0xc7e2edec                ext2fs_open
                0xc7e2e030                ext2fs_free_node
                0xc7e2e65c                ext2fs_read
                0xc7e2eab0                ext2fs_find_file1
 .text          0xc7e2ef0c      0x23c fs/ext2/libext2fs.a(dev.o)
                0xc7e2f0f4                ext2fs_set_blk_dev
                0xc7e2ef0c                ext2fs_devread
 .text          0xc7e2f148      0x350 disk/libdisk.a(part.o)
                0xc7e2f224                dev_print
                0xc7e2f148                print_part
                0xc7e2f434                get_dev
                0xc7e2f3f4                get_partition_info
                0xc7e2f418                init_part
 .text          0xc7e2f498      0x4ec disk/libdisk.a(part_dos.o)
                0xc7e2f760                get_partition_info_dos
                0xc7e2f958                print_part_dos
                0xc7e2f4e0                test_part_dos
 .text          0xc7e2f984      0xe84 drivers/mtd/nand/libnand.a(nand_util.o)
                0xc7e2f98c                nand_lock
                0xc7e2f9e0                nand_unlock
                0xc7e2faf0                nand_get_lock_status
                0xc7e304a0                nand_erase_opts
                0xc7e2fb7c                nand_read_opts
                0xc7e2ff3c                nand_write_opts
 .text          0xc7e30808      0x290 drivers/rtc/librtc.a(date.o)
                0xc7e30808                GregorianDay
                0xc7e30a04                mktime
                0xc7e308fc                to_tm
 .text          0xc7e30a98      0x23c drivers/rtc/librtc.a(s5p64xx_rtc.o)
                0xc7e30b1c                rtc_set
                0xc7e30cac                rtc_reset
                0xc7e30bb8                rtc_get
 .text          0xc7e30cd4      0x120 lib_generic/libgeneric.a(div64.o)
                0xc7e30cd4                __div64_32
 lib_arm/div0.o()
 .data          0xc7e30df4        0x0 lib_arm/div0.o
 .bss           0xc7e30df4        0x0 lib_arm/div0.o
 .debug_abbrev  0xc7e30df4       0x29 lib_arm/div0.o
 .debug_info    0xc7e30e1d       0x39 lib_arm/div0.o
 .debug_line    0xc7e30e56       0x38 lib_arm/div0.o
 *fill*         0xc7e30e8e        0x2 00
 .debug_frame   0xc7e30e90       0x20 lib_arm/div0.o
 .debug_pubnames
                0xc7e30eb0       0x1d lib_arm/div0.o
 .debug_aranges
                0xc7e30ecd       0x20 lib_arm/div0.o
 .debug_str     0xc7e30eed       0x43 lib_arm/div0.o
 .comment       0xc7e30f30       0x12 lib_arm/div0.o
 .ARM.attributes
                0xc7e30f42       0x10 lib_arm/div0.o
 *fill*         0xc7e30f52        0x2 00
 .glue_7        0xc7e30f54        0x0 lib_arm/div0.o
 .glue_7t       0xc7e30f54        0x0 lib_arm/div0.o
 .vfp11_veneer  0xc7e30f54        0x0 lib_arm/div0.o

.glue_7         0xc7e30f54        0x0
 .glue_7        0xc7e30f54        0x0 cpu/s5p645x/start.o
 .glue_7        0xc7e30f54        0x0 cpu/s5p645x/start_irom.o
 .glue_7        0xc7e30f54        0x0 cpu/s5p645x/s5p6450/cpu_init.o
 .glue_7        0xc7e30f54        0x0 board/samsung/smdk6450/lowlevel_init.o
 .glue_7        0xc7e30f54        0x0 cpu/s5p645x/nand_cp.o
 .glue_7        0xc7e30f54        0x0 cpu/s5p645x/movi.o
 .glue_7        0xc7e30f54        0x0 cpu/s5p645x/libs5p645x.a(interrupts.o)
 .glue_7        0xc7e30f54        0x0 cpu/s5p645x/libs5p645x.a(cpu.o)
 .glue_7        0xc7e30f54        0x0 cpu/s5p645x/libs5p645x.a(setup_hsmmc.o)
 .glue_7        0xc7e30f54        0x0 cpu/s5p645x/libs5p645x.a(serial.o)
 .glue_7        0xc7e30f54        0x0 cpu/s5p645x/s5p6450/libs5p6450.a(speed.o)
 .glue_7        0xc7e30f54        0x0 lib_arm/libarm.a(_udivsi3.o)
 .glue_7        0xc7e30f54        0x0 lib_arm/libarm.a(board.o)
 .glue_7        0xc7e30f54        0x0 lib_arm/libarm.a(_divsi3.o)
 .glue_7        0xc7e30f54        0x0 lib_arm/libarm.a(_modsi3.o)
 .glue_7        0xc7e30f54        0x0 net/libnet.a(net.o)
 .glue_7        0xc7e30f54        0x0 net/libnet.a(tftp.o)
 .glue_7        0xc7e30f54        0x0 net/libnet.a(bootp.o)
 .glue_7        0xc7e30f54        0x0 net/libnet.a(rarp.o)
 .glue_7        0xc7e30f54        0x0 net/libnet.a(eth.o)
 .glue_7        0xc7e30f54        0x0 net/libnet.a(nfs.o)
 .glue_7        0xc7e30f54        0x0 drivers/mmc/libmmc.a(mmc.o)
 .glue_7        0xc7e30f54        0x0 drivers/mmc/libmmc.a(s3c_hsmmc.o)
 .glue_7        0xc7e30f54        0x0 drivers/mtd/nand/libnand.a(nand.o)
 .glue_7        0xc7e30f54        0x0 drivers/mtd/nand/libnand.a(nand_base.o)
 .glue_7        0xc7e30f54        0x0 drivers/mtd/nand/libnand.a(nand_ids.o)
 .glue_7        0xc7e30f54        0x0 drivers/mtd/nand/libnand.a(nand_ecc.o)
 .glue_7        0xc7e30f54        0x0 drivers/mtd/nand/libnand.a(nand_bbt.o)
 .glue_7        0xc7e30f54        0x0 drivers/net/libnet.a(dm9000x.o)
 .glue_7        0xc7e30f54        0x0 common/libcommon.a(main.o)
 .glue_7        0xc7e30f54        0x0 common/libcommon.a(cmd_autoscript.o)
 .glue_7        0xc7e30f54        0x0 common/libcommon.a(cmd_bdinfo.o)
 .glue_7        0xc7e30f54        0x0 common/libcommon.a(image.o)
 .glue_7        0xc7e30f54        0x0 common/libcommon.a(cmd_boot.o)
 .glue_7        0xc7e30f54        0x0 common/libcommon.a(cmd_bootm.o)
 .glue_7        0xc7e30f54        0x0 common/libcommon.a(cmd_cache.o)
 .glue_7        0xc7e30f54        0x0 common/libcommon.a(cmd_console.o)
 .glue_7        0xc7e30f54        0x0 common/libcommon.a(cmd_date.o)
 .glue_7        0xc7e30f54        0x0 common/libcommon.a(cmd_elf.o)
 .glue_7        0xc7e30f54        0x0 common/libcommon.a(cmd_ext2.o)
 .glue_7        0xc7e30f54        0x0 common/libcommon.a(cmd_fat.o)
 .glue_7        0xc7e30f54        0x0 common/libcommon.a(cmd_flash.o)
 .glue_7        0xc7e30f54        0x0 common/libcommon.a(cmd_itest.o)
 .glue_7        0xc7e30f54        0x0 common/libcommon.a(cmd_load.o)
 .glue_7        0xc7e30f54        0x0 common/libcommon.a(cmd_mem.o)
 .glue_7        0xc7e30f54        0x0 common/libcommon.a(cmd_misc.o)
 .glue_7        0xc7e30f54        0x0 common/libcommon.a(cmd_mmc.o)
 .glue_7        0xc7e30f54        0x0 common/libcommon.a(cmd_nand.o)
 .glue_7        0xc7e30f54        0x0 common/libcommon.a(cmd_net.o)
 .glue_7        0xc7e30f54        0x0 common/libcommon.a(cmd_nvedit.o)
 .glue_7        0xc7e30f54        0x0 common/libcommon.a(cmd_reginfo.o)
 .glue_7        0xc7e30f54        0x0 common/libcommon.a(cmd_usbd.o)
 .glue_7        0xc7e30f54        0x0 common/libcommon.a(cmd_ximg.o)
 .glue_7        0xc7e30f54        0x0 common/libcommon.a(command.o)
 .glue_7        0xc7e30f54        0x0 common/libcommon.a(console.o)
 .glue_7        0xc7e30f54        0x0 common/libcommon.a(devices.o)
 .glue_7        0xc7e30f54        0x0 common/libcommon.a(dlmalloc.o)
 .glue_7        0xc7e30f54        0x0 common/libcommon.a(env_common.o)
 .glue_7        0xc7e30f54        0x0 common/libcommon.a(exports.o)
 .glue_7        0xc7e30f54        0x0 common/libcommon.a(flash.o)
 .glue_7        0xc7e30f54        0x0 common/libcommon.a(hush.o)
 .glue_7        0xc7e30f54        0x0 common/libcommon.a(lists.o)
 .glue_7        0xc7e30f54        0x0 common/libcommon.a(s_record.o)
 .glue_7        0xc7e30f54        0x0 common/libcommon.a(usb.o)
 .glue_7        0xc7e30f54        0x0 common/libcommon.a(xyzModem.o)
 .glue_7        0xc7e30f54        0x0 common/libcommon.a(cmd_movi.o)
 .glue_7        0xc7e30f54        0x0 common/libcommon.a(cmd_lcd.o)
 .glue_7        0xc7e30f54        0x0 common/libcommon.a(cmd_fastboot.o)
 .glue_7        0xc7e30f54        0x0 common/libcommon.a(cmd_mmc_fdisk.o)
 .glue_7        0xc7e30f54        0x0 common/libcommon.a(env_auto.o)
 .glue_7        0xc7e30f54        0x0 common/libcommon.a(gunzip.o)
 .glue_7        0xc7e30f54        0x0 common/libcommon.a(crc16.o)
 .glue_7        0xc7e30f54        0x0 board/samsung/smdk6450/libsmdk6450.a(smdk6450.o)
 .glue_7        0xc7e30f54        0x0 board/samsung/smdk6450/libsmdk6450.a(flash.o)
 .glue_7        0xc7e30f54        0x0 lib_generic/libgeneric.a(crc32.o)
 .glue_7        0xc7e30f54        0x0 lib_generic/libgeneric.a(ctype.o)
 .glue_7        0xc7e30f54        0x0 lib_generic/libgeneric.a(display_options.o)
 .glue_7        0xc7e30f54        0x0 lib_generic/libgeneric.a(lmb.o)
 .glue_7        0xc7e30f54        0x0 lib_generic/libgeneric.a(string.o)
 .glue_7        0xc7e30f54        0x0 lib_generic/libgeneric.a(vsprintf.o)
 .glue_7        0xc7e30f54        0x0 lib_generic/libgeneric.a(zlib.o)
 .glue_7        0xc7e30f54        0x0 cpu/s5p645x/libs5p645x.a(usb_ohci.o)
 .glue_7        0xc7e30f54        0x0 cpu/s5p645x/libs5p645x.a(nand.o)
 .glue_7        0xc7e30f54        0x0 cpu/s5p645x/libs5p645x.a(usbd-otg-hs.o)
 .glue_7        0xc7e30f54        0x0 cpu/s5p645x/libs5p645x.a(fastboot.o)
 .glue_7        0xc7e30f54        0x0 lib_arm/libarm.a(_ashldi3.o)
 .glue_7        0xc7e30f54        0x0 lib_arm/libarm.a(_ashrdi3.o)
 .glue_7        0xc7e30f54        0x0 lib_arm/libarm.a(_umodsi3.o)
 .glue_7        0xc7e30f54        0x0 lib_arm/libarm.a(bootm.o)
 .glue_7        0xc7e30f54        0x0 lib_arm/libarm.a(cache.o)
 .glue_7        0xc7e30f54        0x0 fs/fat/libfat.a(fat.o)
 .glue_7        0xc7e30f54        0x0 fs/ext2/libext2fs.a(ext2fs.o)
 .glue_7        0xc7e30f54        0x0 fs/ext2/libext2fs.a(dev.o)
 .glue_7        0xc7e30f54        0x0 disk/libdisk.a(part.o)
 .glue_7        0xc7e30f54        0x0 disk/libdisk.a(part_dos.o)
 .glue_7        0xc7e30f54        0x0 drivers/mtd/nand/libnand.a(nand_util.o)
 .glue_7        0xc7e30f54        0x0 drivers/rtc/librtc.a(date.o)
 .glue_7        0xc7e30f54        0x0 drivers/rtc/librtc.a(s5p64xx_rtc.o)
 .glue_7        0xc7e30f54        0x0 lib_generic/libgeneric.a(div64.o)

.glue_7t        0xc7e30f54        0x0
 .glue_7t       0xc7e30f54        0x0 cpu/s5p645x/start.o
 .glue_7t       0xc7e30f54        0x0 cpu/s5p645x/start_irom.o
 .glue_7t       0xc7e30f54        0x0 cpu/s5p645x/s5p6450/cpu_init.o
 .glue_7t       0xc7e30f54        0x0 board/samsung/smdk6450/lowlevel_init.o
 .glue_7t       0xc7e30f54        0x0 cpu/s5p645x/nand_cp.o
 .glue_7t       0xc7e30f54        0x0 cpu/s5p645x/movi.o
 .glue_7t       0xc7e30f54        0x0 cpu/s5p645x/libs5p645x.a(interrupts.o)
 .glue_7t       0xc7e30f54        0x0 cpu/s5p645x/libs5p645x.a(cpu.o)
 .glue_7t       0xc7e30f54        0x0 cpu/s5p645x/libs5p645x.a(setup_hsmmc.o)
 .glue_7t       0xc7e30f54        0x0 cpu/s5p645x/libs5p645x.a(serial.o)
 .glue_7t       0xc7e30f54        0x0 cpu/s5p645x/s5p6450/libs5p6450.a(speed.o)
 .glue_7t       0xc7e30f54        0x0 lib_arm/libarm.a(_udivsi3.o)
 .glue_7t       0xc7e30f54        0x0 lib_arm/libarm.a(board.o)
 .glue_7t       0xc7e30f54        0x0 lib_arm/libarm.a(_divsi3.o)
 .glue_7t       0xc7e30f54        0x0 lib_arm/libarm.a(_modsi3.o)
 .glue_7t       0xc7e30f54        0x0 net/libnet.a(net.o)
 .glue_7t       0xc7e30f54        0x0 net/libnet.a(tftp.o)
 .glue_7t       0xc7e30f54        0x0 net/libnet.a(bootp.o)
 .glue_7t       0xc7e30f54        0x0 net/libnet.a(rarp.o)
 .glue_7t       0xc7e30f54        0x0 net/libnet.a(eth.o)
 .glue_7t       0xc7e30f54        0x0 net/libnet.a(nfs.o)
 .glue_7t       0xc7e30f54        0x0 drivers/mmc/libmmc.a(mmc.o)
 .glue_7t       0xc7e30f54        0x0 drivers/mmc/libmmc.a(s3c_hsmmc.o)
 .glue_7t       0xc7e30f54        0x0 drivers/mtd/nand/libnand.a(nand.o)
 .glue_7t       0xc7e30f54        0x0 drivers/mtd/nand/libnand.a(nand_base.o)
 .glue_7t       0xc7e30f54        0x0 drivers/mtd/nand/libnand.a(nand_ids.o)
 .glue_7t       0xc7e30f54        0x0 drivers/mtd/nand/libnand.a(nand_ecc.o)
 .glue_7t       0xc7e30f54        0x0 drivers/mtd/nand/libnand.a(nand_bbt.o)
 .glue_7t       0xc7e30f54        0x0 drivers/net/libnet.a(dm9000x.o)
 .glue_7t       0xc7e30f54        0x0 common/libcommon.a(main.o)
 .glue_7t       0xc7e30f54        0x0 common/libcommon.a(cmd_autoscript.o)
 .glue_7t       0xc7e30f54        0x0 common/libcommon.a(cmd_bdinfo.o)
 .glue_7t       0xc7e30f54        0x0 common/libcommon.a(image.o)
 .glue_7t       0xc7e30f54        0x0 common/libcommon.a(cmd_boot.o)
 .glue_7t       0xc7e30f54        0x0 common/libcommon.a(cmd_bootm.o)
 .glue_7t       0xc7e30f54        0x0 common/libcommon.a(cmd_cache.o)
 .glue_7t       0xc7e30f54        0x0 common/libcommon.a(cmd_console.o)
 .glue_7t       0xc7e30f54        0x0 common/libcommon.a(cmd_date.o)
 .glue_7t       0xc7e30f54        0x0 common/libcommon.a(cmd_elf.o)
 .glue_7t       0xc7e30f54        0x0 common/libcommon.a(cmd_ext2.o)
 .glue_7t       0xc7e30f54        0x0 common/libcommon.a(cmd_fat.o)
 .glue_7t       0xc7e30f54        0x0 common/libcommon.a(cmd_flash.o)
 .glue_7t       0xc7e30f54        0x0 common/libcommon.a(cmd_itest.o)
 .glue_7t       0xc7e30f54        0x0 common/libcommon.a(cmd_load.o)
 .glue_7t       0xc7e30f54        0x0 common/libcommon.a(cmd_mem.o)
 .glue_7t       0xc7e30f54        0x0 common/libcommon.a(cmd_misc.o)
 .glue_7t       0xc7e30f54        0x0 common/libcommon.a(cmd_mmc.o)
 .glue_7t       0xc7e30f54        0x0 common/libcommon.a(cmd_nand.o)
 .glue_7t       0xc7e30f54        0x0 common/libcommon.a(cmd_net.o)
 .glue_7t       0xc7e30f54        0x0 common/libcommon.a(cmd_nvedit.o)
 .glue_7t       0xc7e30f54        0x0 common/libcommon.a(cmd_reginfo.o)
 .glue_7t       0xc7e30f54        0x0 common/libcommon.a(cmd_usbd.o)
 .glue_7t       0xc7e30f54        0x0 common/libcommon.a(cmd_ximg.o)
 .glue_7t       0xc7e30f54        0x0 common/libcommon.a(command.o)
 .glue_7t       0xc7e30f54        0x0 common/libcommon.a(console.o)
 .glue_7t       0xc7e30f54        0x0 common/libcommon.a(devices.o)
 .glue_7t       0xc7e30f54        0x0 common/libcommon.a(dlmalloc.o)
 .glue_7t       0xc7e30f54        0x0 common/libcommon.a(env_common.o)
 .glue_7t       0xc7e30f54        0x0 common/libcommon.a(exports.o)
 .glue_7t       0xc7e30f54        0x0 common/libcommon.a(flash.o)
 .glue_7t       0xc7e30f54        0x0 common/libcommon.a(hush.o)
 .glue_7t       0xc7e30f54        0x0 common/libcommon.a(lists.o)
 .glue_7t       0xc7e30f54        0x0 common/libcommon.a(s_record.o)
 .glue_7t       0xc7e30f54        0x0 common/libcommon.a(usb.o)
 .glue_7t       0xc7e30f54        0x0 common/libcommon.a(xyzModem.o)
 .glue_7t       0xc7e30f54        0x0 common/libcommon.a(cmd_movi.o)
 .glue_7t       0xc7e30f54        0x0 common/libcommon.a(cmd_lcd.o)
 .glue_7t       0xc7e30f54        0x0 common/libcommon.a(cmd_fastboot.o)
 .glue_7t       0xc7e30f54        0x0 common/libcommon.a(cmd_mmc_fdisk.o)
 .glue_7t       0xc7e30f54        0x0 common/libcommon.a(env_auto.o)
 .glue_7t       0xc7e30f54        0x0 common/libcommon.a(gunzip.o)
 .glue_7t       0xc7e30f54        0x0 common/libcommon.a(crc16.o)
 .glue_7t       0xc7e30f54        0x0 board/samsung/smdk6450/libsmdk6450.a(smdk6450.o)
 .glue_7t       0xc7e30f54        0x0 board/samsung/smdk6450/libsmdk6450.a(flash.o)
 .glue_7t       0xc7e30f54        0x0 lib_generic/libgeneric.a(crc32.o)
 .glue_7t       0xc7e30f54        0x0 lib_generic/libgeneric.a(ctype.o)
 .glue_7t       0xc7e30f54        0x0 lib_generic/libgeneric.a(display_options.o)
 .glue_7t       0xc7e30f54        0x0 lib_generic/libgeneric.a(lmb.o)
 .glue_7t       0xc7e30f54        0x0 lib_generic/libgeneric.a(string.o)
 .glue_7t       0xc7e30f54        0x0 lib_generic/libgeneric.a(vsprintf.o)
 .glue_7t       0xc7e30f54        0x0 lib_generic/libgeneric.a(zlib.o)
 .glue_7t       0xc7e30f54        0x0 cpu/s5p645x/libs5p645x.a(usb_ohci.o)
 .glue_7t       0xc7e30f54        0x0 cpu/s5p645x/libs5p645x.a(nand.o)
 .glue_7t       0xc7e30f54        0x0 cpu/s5p645x/libs5p645x.a(usbd-otg-hs.o)
 .glue_7t       0xc7e30f54        0x0 cpu/s5p645x/libs5p645x.a(fastboot.o)
 .glue_7t       0xc7e30f54        0x0 lib_arm/libarm.a(_ashldi3.o)
 .glue_7t       0xc7e30f54        0x0 lib_arm/libarm.a(_ashrdi3.o)
 .glue_7t       0xc7e30f54        0x0 lib_arm/libarm.a(_umodsi3.o)
 .glue_7t       0xc7e30f54        0x0 lib_arm/libarm.a(bootm.o)
 .glue_7t       0xc7e30f54        0x0 lib_arm/libarm.a(cache.o)
 .glue_7t       0xc7e30f54        0x0 fs/fat/libfat.a(fat.o)
 .glue_7t       0xc7e30f54        0x0 fs/ext2/libext2fs.a(ext2fs.o)
 .glue_7t       0xc7e30f54        0x0 fs/ext2/libext2fs.a(dev.o)
 .glue_7t       0xc7e30f54        0x0 disk/libdisk.a(part.o)
 .glue_7t       0xc7e30f54        0x0 disk/libdisk.a(part_dos.o)
 .glue_7t       0xc7e30f54        0x0 drivers/mtd/nand/libnand.a(nand_util.o)
 .glue_7t       0xc7e30f54        0x0 drivers/rtc/librtc.a(date.o)
 .glue_7t       0xc7e30f54        0x0 drivers/rtc/librtc.a(s5p64xx_rtc.o)
 .glue_7t       0xc7e30f54        0x0 lib_generic/libgeneric.a(div64.o)

.vfp11_veneer   0xc7e30f54        0x0
 .vfp11_veneer  0xc7e30f54        0x0 cpu/s5p645x/start.o
 .vfp11_veneer  0xc7e30f54        0x0 cpu/s5p645x/start_irom.o
 .vfp11_veneer  0xc7e30f54        0x0 cpu/s5p645x/s5p6450/cpu_init.o
 .vfp11_veneer  0xc7e30f54        0x0 board/samsung/smdk6450/lowlevel_init.o
 .vfp11_veneer  0xc7e30f54        0x0 cpu/s5p645x/nand_cp.o
 .vfp11_veneer  0xc7e30f54        0x0 cpu/s5p645x/movi.o
 .vfp11_veneer  0xc7e30f54        0x0 cpu/s5p645x/libs5p645x.a(interrupts.o)
 .vfp11_veneer  0xc7e30f54        0x0 cpu/s5p645x/libs5p645x.a(cpu.o)
 .vfp11_veneer  0xc7e30f54        0x0 cpu/s5p645x/libs5p645x.a(setup_hsmmc.o)
 .vfp11_veneer  0xc7e30f54        0x0 cpu/s5p645x/libs5p645x.a(serial.o)
 .vfp11_veneer  0xc7e30f54        0x0 cpu/s5p645x/s5p6450/libs5p6450.a(speed.o)
 .vfp11_veneer  0xc7e30f54        0x0 lib_arm/libarm.a(_udivsi3.o)
 .vfp11_veneer  0xc7e30f54        0x0 lib_arm/libarm.a(board.o)
 .vfp11_veneer  0xc7e30f54        0x0 lib_arm/libarm.a(_divsi3.o)
 .vfp11_veneer  0xc7e30f54        0x0 lib_arm/libarm.a(_modsi3.o)
 .vfp11_veneer  0xc7e30f54        0x0 net/libnet.a(net.o)
 .vfp11_veneer  0xc7e30f54        0x0 net/libnet.a(tftp.o)
 .vfp11_veneer  0xc7e30f54        0x0 net/libnet.a(bootp.o)
 .vfp11_veneer  0xc7e30f54        0x0 net/libnet.a(rarp.o)
 .vfp11_veneer  0xc7e30f54        0x0 net/libnet.a(eth.o)
 .vfp11_veneer  0xc7e30f54        0x0 net/libnet.a(nfs.o)
 .vfp11_veneer  0xc7e30f54        0x0 drivers/mmc/libmmc.a(mmc.o)
 .vfp11_veneer  0xc7e30f54        0x0 drivers/mmc/libmmc.a(s3c_hsmmc.o)
 .vfp11_veneer  0xc7e30f54        0x0 drivers/mtd/nand/libnand.a(nand.o)
 .vfp11_veneer  0xc7e30f54        0x0 drivers/mtd/nand/libnand.a(nand_base.o)
 .vfp11_veneer  0xc7e30f54        0x0 drivers/mtd/nand/libnand.a(nand_ids.o)
 .vfp11_veneer  0xc7e30f54        0x0 drivers/mtd/nand/libnand.a(nand_ecc.o)
 .vfp11_veneer  0xc7e30f54        0x0 drivers/mtd/nand/libnand.a(nand_bbt.o)
 .vfp11_veneer  0xc7e30f54        0x0 drivers/net/libnet.a(dm9000x.o)
 .vfp11_veneer  0xc7e30f54        0x0 common/libcommon.a(main.o)
 .vfp11_veneer  0xc7e30f54        0x0 common/libcommon.a(cmd_autoscript.o)
 .vfp11_veneer  0xc7e30f54        0x0 common/libcommon.a(cmd_bdinfo.o)
 .vfp11_veneer  0xc7e30f54        0x0 common/libcommon.a(image.o)
 .vfp11_veneer  0xc7e30f54        0x0 common/libcommon.a(cmd_boot.o)
 .vfp11_veneer  0xc7e30f54        0x0 common/libcommon.a(cmd_bootm.o)
 .vfp11_veneer  0xc7e30f54        0x0 common/libcommon.a(cmd_cache.o)
 .vfp11_veneer  0xc7e30f54        0x0 common/libcommon.a(cmd_console.o)
 .vfp11_veneer  0xc7e30f54        0x0 common/libcommon.a(cmd_date.o)
 .vfp11_veneer  0xc7e30f54        0x0 common/libcommon.a(cmd_elf.o)
 .vfp11_veneer  0xc7e30f54        0x0 common/libcommon.a(cmd_ext2.o)
 .vfp11_veneer  0xc7e30f54        0x0 common/libcommon.a(cmd_fat.o)
 .vfp11_veneer  0xc7e30f54        0x0 common/libcommon.a(cmd_flash.o)
 .vfp11_veneer  0xc7e30f54        0x0 common/libcommon.a(cmd_itest.o)
 .vfp11_veneer  0xc7e30f54        0x0 common/libcommon.a(cmd_load.o)
 .vfp11_veneer  0xc7e30f54        0x0 common/libcommon.a(cmd_mem.o)
 .vfp11_veneer  0xc7e30f54        0x0 common/libcommon.a(cmd_misc.o)
 .vfp11_veneer  0xc7e30f54        0x0 common/libcommon.a(cmd_mmc.o)
 .vfp11_veneer  0xc7e30f54        0x0 common/libcommon.a(cmd_nand.o)
 .vfp11_veneer  0xc7e30f54        0x0 common/libcommon.a(cmd_net.o)
 .vfp11_veneer  0xc7e30f54        0x0 common/libcommon.a(cmd_nvedit.o)
 .vfp11_veneer  0xc7e30f54        0x0 common/libcommon.a(cmd_reginfo.o)
 .vfp11_veneer  0xc7e30f54        0x0 common/libcommon.a(cmd_usbd.o)
 .vfp11_veneer  0xc7e30f54        0x0 common/libcommon.a(cmd_ximg.o)
 .vfp11_veneer  0xc7e30f54        0x0 common/libcommon.a(command.o)
 .vfp11_veneer  0xc7e30f54        0x0 common/libcommon.a(console.o)
 .vfp11_veneer  0xc7e30f54        0x0 common/libcommon.a(devices.o)
 .vfp11_veneer  0xc7e30f54        0x0 common/libcommon.a(dlmalloc.o)
 .vfp11_veneer  0xc7e30f54        0x0 common/libcommon.a(env_common.o)
 .vfp11_veneer  0xc7e30f54        0x0 common/libcommon.a(exports.o)
 .vfp11_veneer  0xc7e30f54        0x0 common/libcommon.a(flash.o)
 .vfp11_veneer  0xc7e30f54        0x0 common/libcommon.a(hush.o)
 .vfp11_veneer  0xc7e30f54        0x0 common/libcommon.a(lists.o)
 .vfp11_veneer  0xc7e30f54        0x0 common/libcommon.a(s_record.o)
 .vfp11_veneer  0xc7e30f54        0x0 common/libcommon.a(usb.o)
 .vfp11_veneer  0xc7e30f54        0x0 common/libcommon.a(xyzModem.o)
 .vfp11_veneer  0xc7e30f54        0x0 common/libcommon.a(cmd_movi.o)
 .vfp11_veneer  0xc7e30f54        0x0 common/libcommon.a(cmd_lcd.o)
 .vfp11_veneer  0xc7e30f54        0x0 common/libcommon.a(cmd_fastboot.o)
 .vfp11_veneer  0xc7e30f54        0x0 common/libcommon.a(cmd_mmc_fdisk.o)
 .vfp11_veneer  0xc7e30f54        0x0 common/libcommon.a(env_auto.o)
 .vfp11_veneer  0xc7e30f54        0x0 common/libcommon.a(gunzip.o)
 .vfp11_veneer  0xc7e30f54        0x0 common/libcommon.a(crc16.o)
 .vfp11_veneer  0xc7e30f54        0x0 board/samsung/smdk6450/libsmdk6450.a(smdk6450.o)
 .vfp11_veneer  0xc7e30f54        0x0 board/samsung/smdk6450/libsmdk6450.a(flash.o)
 .vfp11_veneer  0xc7e30f54        0x0 lib_generic/libgeneric.a(crc32.o)
 .vfp11_veneer  0xc7e30f54        0x0 lib_generic/libgeneric.a(ctype.o)
 .vfp11_veneer  0xc7e30f54        0x0 lib_generic/libgeneric.a(display_options.o)
 .vfp11_veneer  0xc7e30f54        0x0 lib_generic/libgeneric.a(lmb.o)
 .vfp11_veneer  0xc7e30f54        0x0 lib_generic/libgeneric.a(string.o)
 .vfp11_veneer  0xc7e30f54        0x0 lib_generic/libgeneric.a(vsprintf.o)
 .vfp11_veneer  0xc7e30f54        0x0 lib_generic/libgeneric.a(zlib.o)
 .vfp11_veneer  0xc7e30f54        0x0 cpu/s5p645x/libs5p645x.a(usb_ohci.o)
 .vfp11_veneer  0xc7e30f54        0x0 cpu/s5p645x/libs5p645x.a(nand.o)
 .vfp11_veneer  0xc7e30f54        0x0 cpu/s5p645x/libs5p645x.a(usbd-otg-hs.o)
 .vfp11_veneer  0xc7e30f54        0x0 cpu/s5p645x/libs5p645x.a(fastboot.o)
 .vfp11_veneer  0xc7e30f54        0x0 lib_arm/libarm.a(_ashldi3.o)
 .vfp11_veneer  0xc7e30f54        0x0 lib_arm/libarm.a(_ashrdi3.o)
 .vfp11_veneer  0xc7e30f54        0x0 lib_arm/libarm.a(_umodsi3.o)
 .vfp11_veneer  0xc7e30f54        0x0 lib_arm/libarm.a(bootm.o)
 .vfp11_veneer  0xc7e30f54        0x0 lib_arm/libarm.a(cache.o)
 .vfp11_veneer  0xc7e30f54        0x0 fs/fat/libfat.a(fat.o)
 .vfp11_veneer  0xc7e30f54        0x0 fs/ext2/libext2fs.a(ext2fs.o)
 .vfp11_veneer  0xc7e30f54        0x0 fs/ext2/libext2fs.a(dev.o)
 .vfp11_veneer  0xc7e30f54        0x0 disk/libdisk.a(part.o)
 .vfp11_veneer  0xc7e30f54        0x0 disk/libdisk.a(part_dos.o)
 .vfp11_veneer  0xc7e30f54        0x0 drivers/mtd/nand/libnand.a(nand_util.o)
 .vfp11_veneer  0xc7e30f54        0x0 drivers/rtc/librtc.a(date.o)
 .vfp11_veneer  0xc7e30f54        0x0 drivers/rtc/librtc.a(s5p64xx_rtc.o)
 .vfp11_veneer  0xc7e30f54        0x0 lib_generic/libgeneric.a(div64.o)
                0xc7e30f54                . = ALIGN (0x4)

.rodata         0xc7e30f54      0xa78
 *(.rodata)
 .rodata        0xc7e30f54       0x80 cpu/s5p645x/libs5p645x.a(interrupts.o)
 .rodata        0xc7e30fd4       0x38 lib_arm/libarm.a(board.o)
                0xc7e30fd4                version_string
 .rodata        0xc7e3100c        0x8 net/libnet.a(net.o)
 .rodata        0xc7e31014        0x8 drivers/mtd/nand/libnand.a(nand.o)
 .rodata        0xc7e3101c       0x48 drivers/mtd/nand/libnand.a(nand_base.o)
 .rodata        0xc7e31064      0x100 drivers/mtd/nand/libnand.a(nand_ecc.o)
 .rodata        0xc7e31164       0x14 common/libcommon.a(cmd_nvedit.o)
 .rodata        0xc7e31178       0x34 common/libcommon.a(cmd_fastboot.o)
 .rodata        0xc7e311ac      0x200 common/libcommon.a(crc16.o)
 .rodata        0xc7e313ac      0x400 lib_generic/libgeneric.a(crc32.o)
 .rodata        0xc7e317ac       0x90 lib_generic/libgeneric.a(zlib.o)
 .rodata        0xc7e3183c       0xa2 cpu/s5p645x/libs5p645x.a(usbd-otg-hs.o)
                0xc7e3183c                string_desc0
                0xc7e318be                config_high_total
                0xc7e31895                config_full_total
                0xc7e318b5                config_high
                0xc7e31840                string_desc1
                0xc7e31882                qualifier_desc
                0xc7e3188c                config_full
                0xc7e31856                string_desc2
 *fill*         0xc7e318de        0x2 00
 .rodata        0xc7e318e0       0xac cpu/s5p645x/libs5p645x.a(fastboot.o)
                0xc7e318e6                fboot_string_desc1
                0xc7e31961                fboot_config_high
                0xc7e318fe                fboot_string_desc2
                0xc7e31938                fboot_config_full
                0xc7e318e2                fboot_string_desc0
                0xc7e31916                string_desc3
                0xc7e3196a                fboot_config_high_total
                0xc7e31941                fboot_config_full_total
                0xc7e3192e                fboot_qualifier_desc
 .rodata        0xc7e3198c       0x10 disk/libdisk.a(part.o)
 .rodata        0xc7e3199c       0x30 drivers/rtc/librtc.a(date.o)

.rodata.str1.4  0xc7e319cc     0x915c
 .rodata.str1.4
                0xc7e319cc        0xc cpu/s5p645x/movi.o
 .rodata.str1.4
                0xc7e319d8      0x297 cpu/s5p645x/libs5p645x.a(interrupts.o)
                                0x29c (size before relaxing)
 *fill*         0xc7e31c6f        0x1 00
 .rodata.str1.4
                0xc7e31c70        0xd cpu/s5p645x/libs5p645x.a(cpu.o)
                                 0x10 (size before relaxing)
 *fill*         0xc7e31c7d        0x3 00
 .rodata.str1.4
                0xc7e31c80       0x57 cpu/s5p645x/libs5p645x.a(setup_hsmmc.o)
                                 0x58 (size before relaxing)
 *fill*         0xc7e31cd7        0x1 00
 .rodata.str1.4
                0xc7e31cd8       0x62 cpu/s5p645x/s5p6450/libs5p6450.a(speed.o)
                                 0x64 (size before relaxing)
 *fill*         0xc7e31d3a        0x2 00
 .rodata.str1.4
                0xc7e31d3c       0xab lib_arm/libarm.a(board.o)
                                 0xb0 (size before relaxing)
 *fill*         0xc7e31de7        0x1 00
 .rodata.str1.4
                0xc7e31de8      0x1e5 net/libnet.a(net.o)
                                0x1ec (size before relaxing)
 *fill*         0xc7e31fcd        0x3 00
 .rodata.str1.4
                0xc7e31fd0      0x1e1 net/libnet.a(tftp.o)
                                0x1ec (size before relaxing)
 *fill*         0xc7e321b1        0x3 00
 .rodata.str1.4
                0xc7e321b4      0x115 net/libnet.a(bootp.o)
                                0x14c (size before relaxing)
 *fill*         0xc7e322c9        0x3 00
 .rodata.str1.4
                0xc7e322cc       0x13 net/libnet.a(rarp.o)
                                 0x4c (size before relaxing)
 *fill*         0xc7e322df        0x1 00
 .rodata.str1.4
                0xc7e322e0      0x101 net/libnet.a(nfs.o)
                                0x18c (size before relaxing)
 *fill*         0xc7e323e1        0x3 00
 .rodata.str1.4
                0xc7e323e4      0x268 drivers/mmc/libmmc.a(mmc.o)
                                0x26c (size before relaxing)
 .rodata.str1.4
                0xc7e3264c      0x113 drivers/mmc/libmmc.a(s3c_hsmmc.o)
                                0x114 (size before relaxing)
 *fill*         0xc7e3275f        0x1 00
 .rodata.str1.4
                0xc7e32760        0x7 drivers/mtd/nand/libnand.a(nand.o)
                                  0xc (size before relaxing)
 *fill*         0xc7e32767        0x1 00
 .rodata.str1.4
                0xc7e32768      0x251 drivers/mtd/nand/libnand.a(nand_base.o)
                                0x254 (size before relaxing)
 *fill*         0xc7e329b9        0x3 00
 .rodata.str1.4
                0xc7e329bc      0x444 drivers/mtd/nand/libnand.a(nand_ids.o)
 .rodata.str1.4
                0xc7e32e00      0x284 drivers/mtd/nand/libnand.a(nand_bbt.o)
 .rodata.str1.4
                0xc7e33084      0x232 drivers/net/libnet.a(dm9000x.o)
                                0x23c (size before relaxing)
 *fill*         0xc7e332b6        0x2 00
 .rodata.str1.4
                0xc7e332b8       0xfc common/libcommon.a(main.o)
                                0x100 (size before relaxing)
 .rodata.str1.4
                0xc7e333b4      0x11b common/libcommon.a(cmd_autoscript.o)
                                0x11c (size before relaxing)
 *fill*         0xc7e334cf        0x1 00
 .rodata.str1.4
                0xc7e334d0       0xbe common/libcommon.a(cmd_bdinfo.o)
                                 0xc0 (size before relaxing)
 *fill*         0xc7e3358e        0x2 00
 .rodata.str1.4
                0xc7e33590      0x554 common/libcommon.a(image.o)
                                0x588 (size before relaxing)
 .rodata.str1.4
                0xc7e33ae4      0x10f common/libcommon.a(cmd_boot.o)
                                0x11c (size before relaxing)
 *fill*         0xc7e33bf3        0x1 00
 .rodata.str1.4
                0xc7e33bf4      0x76b common/libcommon.a(cmd_bootm.o)
                                0x98c (size before relaxing)
 *fill*         0xc7e3435f        0x1 00
 .rodata.str1.4
                0xc7e34360      0x125 common/libcommon.a(cmd_cache.o)
                                0x13c (size before relaxing)
 *fill*         0xc7e34485        0x3 00
 .rodata.str1.4
                0xc7e34488       0x6d common/libcommon.a(cmd_console.o)
                                 0x74 (size before relaxing)
 *fill*         0xc7e344f5        0x3 00
 .rodata.str1.4
                0xc7e344f8      0x16c common/libcommon.a(cmd_date.o)
                                0x180 (size before relaxing)
 .rodata.str1.4
                0xc7e34664      0x2b9 common/libcommon.a(cmd_elf.o)
                                0x2c8 (size before relaxing)
 *fill*         0xc7e3491d        0x3 00
 .rodata.str1.4
                0xc7e34920      0x4af common/libcommon.a(cmd_ext2.o)
                                0x4f0 (size before relaxing)
 *fill*         0xc7e34dcf        0x1 00
 .rodata.str1.4
                0xc7e34dd0      0x3e8 common/libcommon.a(cmd_fat.o)
                                0x550 (size before relaxing)
 .rodata.str1.4
                0xc7e351b8      0x60f common/libcommon.a(cmd_flash.o)
                                0x628 (size before relaxing)
 *fill*         0xc7e357c7        0x1 00
 .rodata.str1.4
                0xc7e357c8       0xcf common/libcommon.a(cmd_itest.o)
                                 0xdc (size before relaxing)
 *fill*         0xc7e35897        0x1 00
 .rodata.str1.4
                0xc7e35898      0x377 common/libcommon.a(cmd_load.o)
                                0x398 (size before relaxing)
 *fill*         0xc7e35c0f        0x1 00
 .rodata.str1.4
                0xc7e35c10      0x5fa common/libcommon.a(cmd_mem.o)
                                0x620 (size before relaxing)
 *fill*         0xc7e3620a        0x2 00
 .rodata.str1.4
                0xc7e3620c       0x70 common/libcommon.a(cmd_misc.o)
                                 0x7c (size before relaxing)
 .rodata.str1.4
                0xc7e3627c      0x24c common/libcommon.a(cmd_mmc.o)
                                0x25c (size before relaxing)
 .rodata.str1.4
                0xc7e364c8      0x985 common/libcommon.a(cmd_nand.o)
                                0x9cc (size before relaxing)
 *fill*         0xc7e36e4d        0x3 00
 .rodata.str1.4
                0xc7e36e50      0x265 common/libcommon.a(cmd_net.o)
                                0x2bc (size before relaxing)
 *fill*         0xc7e370b5        0x3 00
 .rodata.str1.4
                0xc7e370b8      0x323 common/libcommon.a(cmd_nvedit.o)
                                0x3b4 (size before relaxing)
 *fill*         0xc7e373db        0x1 00
 .rodata.str1.4
                0xc7e373dc       0x2e common/libcommon.a(cmd_reginfo.o)
                                 0x30 (size before relaxing)
 *fill*         0xc7e3740a        0x2 00
 .rodata.str1.4
                0xc7e3740c       0x94 common/libcommon.a(cmd_usbd.o)
                                 0xa0 (size before relaxing)
 .rodata.str1.4
                0xc7e374a0      0x126 common/libcommon.a(cmd_ximg.o)
                                0x1c8 (size before relaxing)
 *fill*         0xc7e375c6        0x2 00
 .rodata.str1.4
                0xc7e375c8      0x324 common/libcommon.a(command.o)
                                0x34c (size before relaxing)
 .rodata.str1.4
                0xc7e378ec       0x81 common/libcommon.a(console.o)
                                 0x88 (size before relaxing)
 *fill*         0xc7e3796d        0x3 00
 .rodata.str1.4
                0xc7e37970       0x2f common/libcommon.a(devices.o)
                                 0x48 (size before relaxing)
 *fill*         0xc7e3799f        0x1 00
 .rodata.str1.4
                0xc7e379a0       0x33 common/libcommon.a(env_common.o)
                                 0x34 (size before relaxing)
 *fill*         0xc7e379d3        0x1 00
 .rodata.str1.4
                0xc7e379d4      0x120 common/libcommon.a(flash.o)
 .rodata.str1.4
                0xc7e37af4      0x18d common/libcommon.a(hush.o)
                                0x1f0 (size before relaxing)
 *fill*         0xc7e37c81        0x3 00
 .rodata.str1.4
                0xc7e37c84      0x278 common/libcommon.a(usb.o)
 .rodata.str1.4
                0xc7e37efc       0xf1 common/libcommon.a(xyzModem.o)
                                 0xf8 (size before relaxing)
 *fill*         0xc7e37fed        0x3 00
 .rodata.str1.4
                0xc7e37ff0      0x31e common/libcommon.a(cmd_movi.o)
                                0x354 (size before relaxing)
 *fill*         0xc7e3830e        0x2 00
 .rodata.str1.4
                0xc7e38310       0x13 common/libcommon.a(cmd_lcd.o)
                                 0x14 (size before relaxing)
 *fill*         0xc7e38323        0x1 00
 .rodata.str1.4
                0xc7e38324      0xa44 common/libcommon.a(cmd_fastboot.o)
                                0xae8 (size before relaxing)
 .rodata.str1.4
                0xc7e38d68      0x271 common/libcommon.a(cmd_mmc_fdisk.o)
                                0x278 (size before relaxing)
 *fill*         0xc7e38fd9        0x3 00
 .rodata.str1.4
                0xc7e38fdc      0x18d common/libcommon.a(env_auto.o)
                                0x198 (size before relaxing)
 *fill*         0xc7e39169        0x3 00
 .rodata.str1.4
                0xc7e3916c       0x86 common/libcommon.a(gunzip.o)
                                 0x88 (size before relaxing)
 *fill*         0xc7e391f2        0x2 00
 .rodata.str1.4
                0xc7e391f4       0x5b board/samsung/smdk6450/libsmdk6450.a(smdk6450.o)
                                 0x5c (size before relaxing)
 *fill*         0xc7e3924f        0x1 00
 .rodata.str1.4
                0xc7e39250       0xf9 board/samsung/smdk6450/libsmdk6450.a(flash.o)
                                0x108 (size before relaxing)
 *fill*         0xc7e39349        0x3 00
 .rodata.str1.4
                0xc7e3934c       0x17 lib_generic/libgeneric.a(display_options.o)
                                 0x48 (size before relaxing)
 *fill*         0xc7e39363        0x1 00
 .rodata.str1.4
                0xc7e39364       0x34 lib_generic/libgeneric.a(lmb.o)
 .rodata.str1.4
                0xc7e39398       0x57 lib_generic/libgeneric.a(vsprintf.o)
                                 0x58 (size before relaxing)
 *fill*         0xc7e393ef        0x1 00
 .rodata.str1.4
                0xc7e393f0      0x20d lib_generic/libgeneric.a(zlib.o)
                                0x214 (size before relaxing)
 *fill*         0xc7e395fd        0x3 00
 .rodata.str1.4
                0xc7e39600       0xc5 cpu/s5p645x/libs5p645x.a(usb_ohci.o)
                                 0xc8 (size before relaxing)
 *fill*         0xc7e396c5        0x3 00
 .rodata.str1.4
                0xc7e396c8       0xbc cpu/s5p645x/libs5p645x.a(nand.o)
 .rodata.str1.4
                0xc7e39784      0x14e cpu/s5p645x/libs5p645x.a(usbd-otg-hs.o)
                                0x158 (size before relaxing)
 *fill*         0xc7e398d2        0x2 00
 .rodata.str1.4
                0xc7e398d4       0x5b cpu/s5p645x/libs5p645x.a(fastboot.o)
                                0x178 (size before relaxing)
 *fill*         0xc7e3992f        0x1 00
 .rodata.str1.4
                0xc7e39930       0x6f lib_arm/libarm.a(bootm.o)
                                 0x7c (size before relaxing)
 *fill*         0xc7e3999f        0x1 00
 .rodata.str1.4
                0xc7e399a0      0x39a fs/fat/libfat.a(fat.o)
                                0x3b0 (size before relaxing)
 *fill*         0xc7e39d3a        0x2 00
 .rodata.str1.4
                0xc7e39d3c      0x527 fs/ext2/libext2fs.a(ext2fs.o)
                                0x5b8 (size before relaxing)
 *fill*         0xc7e3a263        0x1 00
 .rodata.str1.4
                0xc7e3a264       0xe1 fs/ext2/libext2fs.a(dev.o)
                                 0xe4 (size before relaxing)
 *fill*         0xc7e3a345        0x3 00
 .rodata.str1.4
                0xc7e3a348      0x189 disk/libdisk.a(part.o)
                                0x1b0 (size before relaxing)
 *fill*         0xc7e3a4d1        0x3 00
 .rodata.str1.4
                0xc7e3a4d4       0xf9 disk/libdisk.a(part_dos.o)
                                0x10c (size before relaxing)
 *fill*         0xc7e3a5cd        0x3 00
 .rodata.str1.4
                0xc7e3a5d0      0x558 drivers/mtd/nand/libnand.a(nand_util.o)
                                0x55c (size before relaxing)
                0xc7e3ab28                . = ALIGN (0x4)

.data           0xc7e3ab28     0x2b1c
 *(.data)
 .data          0xc7e3ab28        0x0 cpu/s5p645x/start.o
 .data          0xc7e3ab28        0x0 cpu/s5p645x/start_irom.o
 .data          0xc7e3ab28        0x0 cpu/s5p645x/s5p6450/cpu_init.o
 .data          0xc7e3ab28        0x0 board/samsung/smdk6450/lowlevel_init.o
 .data          0xc7e3ab28        0x0 cpu/s5p645x/nand_cp.o
 .data          0xc7e3ab28        0x0 cpu/s5p645x/movi.o
 .data          0xc7e3ab28        0x0 cpu/s5p645x/libs5p645x.a(interrupts.o)
 .data          0xc7e3ab28        0x0 cpu/s5p645x/libs5p645x.a(cpu.o)
 .data          0xc7e3ab28        0x0 cpu/s5p645x/libs5p645x.a(setup_hsmmc.o)
 .data          0xc7e3ab28        0x0 cpu/s5p645x/libs5p645x.a(serial.o)
 .data          0xc7e3ab28        0x0 cpu/s5p645x/s5p6450/libs5p6450.a(speed.o)
 .data          0xc7e3ab28        0x0 lib_arm/libarm.a(_udivsi3.o)
 .data          0xc7e3ab28       0x30 lib_arm/libarm.a(board.o)
                0xc7e3ab28                init_sequence
 .data          0xc7e3ab58        0x0 lib_arm/libarm.a(_divsi3.o)
 .data          0xc7e3ab58        0x0 lib_arm/libarm.a(_modsi3.o)
 .data          0xc7e3ab58        0xa net/libnet.a(net.o)
                0xc7e3ab58                NetBcastAddr
                0xc7e3ab60                NetOurNativeVLAN
                0xc7e3ab5e                NetOurVLAN
 .data          0xc7e3ab62        0x2 net/libnet.a(tftp.o)
 .data          0xc7e3ab64        0x0 net/libnet.a(bootp.o)
 .data          0xc7e3ab64        0x0 net/libnet.a(rarp.o)
 .data          0xc7e3ab64        0x0 net/libnet.a(eth.o)
 .data          0xc7e3ab64        0x4 net/libnet.a(nfs.o)
 .data          0xc7e3ab68        0x4 drivers/mmc/libmmc.a(mmc.o)
 .data          0xc7e3ab6c        0x0 drivers/mmc/libmmc.a(s3c_hsmmc.o)
 .data          0xc7e3ab6c        0x4 drivers/mtd/nand/libnand.a(nand.o)
                0xc7e3ab6c                nand_curr_device
 .data          0xc7e3ab70      0x940 drivers/mtd/nand/libnand.a(nand_base.o)
 .data          0xc7e3b4b0      0x5c8 drivers/mtd/nand/libnand.a(nand_ids.o)
                0xc7e3ba38                nand_manuf_ids
                0xc7e3b4b0                nand_flash_ids
 .data          0xc7e3ba78        0x0 drivers/mtd/nand/libnand.a(nand_ecc.o)
 .data          0xc7e3ba78      0x10c drivers/mtd/nand/libnand.a(nand_bbt.o)
 .data          0xc7e3bb84        0x0 drivers/net/libnet.a(dm9000x.o)
 .data          0xc7e3bb84        0x4 common/libcommon.a(main.o)
 .data          0xc7e3bb88        0x0 common/libcommon.a(cmd_autoscript.o)
 .data          0xc7e3bb88        0x0 common/libcommon.a(cmd_bdinfo.o)
 .data          0xc7e3bb88      0x1f8 common/libcommon.a(image.o)
 .data          0xc7e3bd80        0x0 common/libcommon.a(cmd_boot.o)
 .data          0xc7e3bd80        0x4 common/libcommon.a(cmd_bootm.o)
                0xc7e3bd80                load_addr
 .data          0xc7e3bd84        0x0 common/libcommon.a(cmd_cache.o)
 .data          0xc7e3bd84        0x0 common/libcommon.a(cmd_console.o)
 .data          0xc7e3bd84       0x1c common/libcommon.a(cmd_date.o)
                0xc7e3bd84                weekdays
 .data          0xc7e3bda0        0x0 common/libcommon.a(cmd_elf.o)
 .data          0xc7e3bda0        0x0 common/libcommon.a(cmd_ext2.o)
 .data          0xc7e3bda0        0x0 common/libcommon.a(cmd_fat.o)
 .data          0xc7e3bda0        0x0 common/libcommon.a(cmd_flash.o)
 .data          0xc7e3bda0       0x68 common/libcommon.a(cmd_itest.o)
                0xc7e3bda0                op_table
 .data          0xc7e3be08        0x4 common/libcommon.a(cmd_load.o)
 .data          0xc7e3be0c        0x4 common/libcommon.a(cmd_mem.o)
                0xc7e3be0c                dp_last_length
 .data          0xc7e3be10        0x0 common/libcommon.a(cmd_misc.o)
 .data          0xc7e3be10        0x0 common/libcommon.a(cmd_mmc.o)
 .data          0xc7e3be10        0x0 common/libcommon.a(cmd_nand.o)
 .data          0xc7e3be10        0x0 common/libcommon.a(cmd_net.o)
 .data          0xc7e3be10        0x0 common/libcommon.a(cmd_nvedit.o)
 .data          0xc7e3be10        0x0 common/libcommon.a(cmd_reginfo.o)
 .data          0xc7e3be10        0x0 common/libcommon.a(cmd_usbd.o)
 .data          0xc7e3be10        0x0 common/libcommon.a(cmd_ximg.o)
 .data          0xc7e3be10        0x0 common/libcommon.a(command.o)
 .data          0xc7e3be10        0x0 common/libcommon.a(console.o)
 .data          0xc7e3be10        0xc common/libcommon.a(devices.o)
                0xc7e3be10                stdio_names
 .data          0xc7e3be1c      0x414 common/libcommon.a(dlmalloc.o)
 .data          0xc7e3c230      0x10c common/libcommon.a(env_common.o)
                0xc7e3c230                default_environment
                0xc7e3c338                default_environment_size
 .data          0xc7e3c33c        0x0 common/libcommon.a(exports.o)
 .data          0xc7e3c33c        0x0 common/libcommon.a(flash.o)
 .data          0xc7e3c33c       0x84 common/libcommon.a(hush.o)
 .data          0xc7e3c3c0        0x0 common/libcommon.a(lists.o)
 .data          0xc7e3c3c0        0x0 common/libcommon.a(s_record.o)
 .data          0xc7e3c3c0        0x0 common/libcommon.a(usb.o)
 .data          0xc7e3c3c0        0x0 common/libcommon.a(xyzModem.o)
 .data          0xc7e3c3c0        0x0 common/libcommon.a(cmd_movi.o)
 .data          0xc7e3c3c0        0x0 common/libcommon.a(cmd_lcd.o)
 .data          0xc7e3c3c0       0x1c common/libcommon.a(cmd_fastboot.o)
 .data          0xc7e3c3dc        0x0 common/libcommon.a(cmd_mmc_fdisk.o)
 .data          0xc7e3c3dc        0x4 common/libcommon.a(env_auto.o)
                0xc7e3c3dc                env_name_spec
 .data          0xc7e3c3e0        0x0 common/libcommon.a(gunzip.o)
 .data          0xc7e3c3e0        0x0 common/libcommon.a(crc16.o)
 .data          0xc7e3c3e0        0x0 board/samsung/smdk6450/libsmdk6450.a(smdk6450.o)
 .data          0xc7e3c3e0        0x0 board/samsung/smdk6450/libsmdk6450.a(flash.o)
 .data          0xc7e3c3e0        0x0 lib_generic/libgeneric.a(crc32.o)
 .data          0xc7e3c3e0      0x100 lib_generic/libgeneric.a(ctype.o)
                0xc7e3c3e0                _ctype
 .data          0xc7e3c4e0        0x0 lib_generic/libgeneric.a(display_options.o)
 .data          0xc7e3c4e0        0x0 lib_generic/libgeneric.a(lmb.o)
 .data          0xc7e3c4e0        0x0 lib_generic/libgeneric.a(string.o)
 .data          0xc7e3c4e0        0x0 lib_generic/libgeneric.a(vsprintf.o)
 .data          0xc7e3c4e0      0x210 lib_generic/libgeneric.a(zlib.o)
                0xc7e3c4e0                zlib_version
                0xc7e3c4e4                z_errmsg
 .data          0xc7e3c6f0        0x0 cpu/s5p645x/libs5p645x.a(usb_ohci.o)
 .data          0xc7e3c6f0      0x6f0 cpu/s5p645x/libs5p645x.a(nand.o)
 .data          0xc7e3cde0       0x35 cpu/s5p645x/libs5p645x.a(usbd-otg-hs.o)
                0xc7e3cde0                test_pkt
 *fill*         0xc7e3ce15        0x3 00
 .data          0xc7e3ce18      0x100 cpu/s5p645x/libs5p645x.a(fastboot.o)
                0xc7e3cee0                fboot_test_pkt
                0xc7e3cedc                ptable_default_size
                0xc7e3ce18                ptable_default
 .data          0xc7e3cf18        0x0 lib_arm/libarm.a(_ashldi3.o)
 .data          0xc7e3cf18        0x0 lib_arm/libarm.a(_ashrdi3.o)
 .data          0xc7e3cf18        0x0 lib_arm/libarm.a(_umodsi3.o)
 .data          0xc7e3cf18        0x0 lib_arm/libarm.a(bootm.o)
 .data          0xc7e3cf18        0x0 lib_arm/libarm.a(cache.o)
 .data          0xc7e3cf18        0x4 fs/fat/libfat.a(fat.o)
 .data          0xc7e3cf1c        0x8 fs/ext2/libext2fs.a(ext2fs.o)
                0xc7e3cf1c                indir1_blkno
                0xc7e3cf20                indir2_blkno
 .data          0xc7e3cf24        0x0 fs/ext2/libext2fs.a(dev.o)
 .data          0xc7e3cf24        0x0 disk/libdisk.a(part.o)
 .data          0xc7e3cf24        0x0 disk/libdisk.a(part_dos.o)
 .data          0xc7e3cf24      0x6f0 drivers/mtd/nand/libnand.a(nand_util.o)
 .data          0xc7e3d614       0x30 drivers/rtc/librtc.a(date.o)
 .data          0xc7e3d644        0x0 drivers/rtc/librtc.a(s5p64xx_rtc.o)
 .data          0xc7e3d644        0x0 lib_generic/libgeneric.a(div64.o)
                0xc7e3d644                . = ALIGN (0x4)

.got
 *(.got)
                0xc7e3d644                __u_boot_cmd_start = .

.u_boot_cmd     0xc7e3d644      0x690
 *(.u_boot_cmd)
 .u_boot_cmd    0xc7e3d644       0x18 common/libcommon.a(cmd_autoscript.o)
                0xc7e3d644                __u_boot_cmd_autoscr
 .u_boot_cmd    0xc7e3d65c       0x18 common/libcommon.a(cmd_bdinfo.o)
                0xc7e3d65c                __u_boot_cmd_bdinfo
 .u_boot_cmd    0xc7e3d674       0x48 common/libcommon.a(cmd_boot.o)
                0xc7e3d68c                __u_boot_cmd_reset
                0xc7e3d6a4                __u_boot_cmd_re
                0xc7e3d674                __u_boot_cmd_go
 .u_boot_cmd    0xc7e3d6bc       0x78 common/libcommon.a(cmd_bootm.o)
                0xc7e3d6bc                __u_boot_cmd_bootm
                0xc7e3d704                __u_boot_cmd_iminfo
                0xc7e3d6ec                __u_boot_cmd_bootd
                0xc7e3d6d4                __u_boot_cmd_boot
                0xc7e3d71c                __u_boot_cmd_imls
 .u_boot_cmd    0xc7e3d734       0x30 common/libcommon.a(cmd_cache.o)
                0xc7e3d74c                __u_boot_cmd_dcache
                0xc7e3d734                __u_boot_cmd_icache
 .u_boot_cmd    0xc7e3d764       0x18 common/libcommon.a(cmd_console.o)
                0xc7e3d764                __u_boot_cmd_coninfo
 .u_boot_cmd    0xc7e3d77c       0x18 common/libcommon.a(cmd_date.o)
                0xc7e3d77c                __u_boot_cmd_date
 .u_boot_cmd    0xc7e3d794       0x30 common/libcommon.a(cmd_elf.o)
                0xc7e3d7ac                __u_boot_cmd_bootvx
                0xc7e3d794                __u_boot_cmd_bootelf
 .u_boot_cmd    0xc7e3d7c4       0x60 common/libcommon.a(cmd_ext2.o)
                0xc7e3d7dc                __u_boot_cmd_ext2load
                0xc7e3d7c4                __u_boot_cmd_ext2ls
                0xc7e3d80c                __u_boot_cmd_ext3format
                0xc7e3d7f4                __u_boot_cmd_ext2format
 .u_boot_cmd    0xc7e3d824       0x60 common/libcommon.a(cmd_fat.o)
                0xc7e3d854                __u_boot_cmd_fatinfo
                0xc7e3d86c                __u_boot_cmd_fatformat
                0xc7e3d824                __u_boot_cmd_fatload
                0xc7e3d83c                __u_boot_cmd_fatls
 .u_boot_cmd    0xc7e3d884       0x48 common/libcommon.a(cmd_flash.o)
                0xc7e3d884                __u_boot_cmd_flinfo
                0xc7e3d89c                __u_boot_cmd_erase
                0xc7e3d8b4                __u_boot_cmd_protect
 .u_boot_cmd    0xc7e3d8cc       0x18 common/libcommon.a(cmd_itest.o)
                0xc7e3d8cc                __u_boot_cmd_itest
 .u_boot_cmd    0xc7e3d8e4       0x48 common/libcommon.a(cmd_load.o)
                0xc7e3d914                __u_boot_cmd_loady
                0xc7e3d8fc                __u_boot_cmd_loadb
                0xc7e3d8e4                __u_boot_cmd_loads
 .u_boot_cmd    0xc7e3d92c       0xf0 common/libcommon.a(cmd_mem.o)
                0xc7e3d92c                __u_boot_cmd_md
                0xc7e3d9a4                __u_boot_cmd_cmp
                0xc7e3d974                __u_boot_cmd_mw
                0xc7e3d9ec                __u_boot_cmd_loop
                0xc7e3d9d4                __u_boot_cmd_base
                0xc7e3d944                __u_boot_cmd_mm
                0xc7e3d9bc                __u_boot_cmd_crc32
                0xc7e3d95c                __u_boot_cmd_nm
                0xc7e3da04                __u_boot_cmd_mtest
                0xc7e3d98c                __u_boot_cmd_cp
 .u_boot_cmd    0xc7e3da1c       0x18 common/libcommon.a(cmd_misc.o)
                0xc7e3da1c                __u_boot_cmd_sleep
 .u_boot_cmd    0xc7e3da34       0x30 common/libcommon.a(cmd_mmc.o)
                0xc7e3da4c                __u_boot_cmd_mmc
                0xc7e3da34                __u_boot_cmd_mmcinfo
 .u_boot_cmd    0xc7e3da64       0x30 common/libcommon.a(cmd_nand.o)
                0xc7e3da64                __u_boot_cmd_nand
                0xc7e3da7c                __u_boot_cmd_nboot
 .u_boot_cmd    0xc7e3da94       0x90 common/libcommon.a(cmd_net.o)
                0xc7e3daf4                __u_boot_cmd_nfs
                0xc7e3db0c                __u_boot_cmd_ping
                0xc7e3dac4                __u_boot_cmd_rarpboot
                0xc7e3daac                __u_boot_cmd_tftpboot
                0xc7e3da94                __u_boot_cmd_bootp
                0xc7e3dadc                __u_boot_cmd_dhcp
 .u_boot_cmd    0xc7e3db24       0x60 common/libcommon.a(cmd_nvedit.o)
                0xc7e3db6c                __u_boot_cmd_run
                0xc7e3db54                __u_boot_cmd_saveenv
                0xc7e3db24                __u_boot_cmd_printenv
                0xc7e3db3c                __u_boot_cmd_setenv
 .u_boot_cmd    0xc7e3db84       0x18 common/libcommon.a(cmd_reginfo.o)
                0xc7e3db84                __u_boot_cmd_reginfo