Archive member included because of file (symbol)

cpu/s5p645x/libs5p645x.a(interrupts.o)
                              cpu/s5p645x/start.o (do_irq)
cpu/s5p645x/libs5p645x.a(cpu.o)
                              cpu/s5p645x/libs5p645x.a(interrupts.o) (reset_cpu)
cpu/s5p645x/libs5p645x.a(setup_hsmmc.o)
                              cpu/s5p645x/libs5p645x.a(cpu.o) (setup_hsmmc0_cfg_gpio)
cpu/s5p645x/libs5p645x.a(serial.o)
                              cpu/s5p645x/libs5p645x.a(cpu.o) (serial_tstc)
cpu/s5p645x/s5p6450/libs5p6450.a(speed.o)
                              cpu/s5p645x/libs5p645x.a(setup_hsmmc.o) (get_MPLL_CLK)
lib_arm/libarm.a(_udivsi3.o)  cpu/s5p645x/libs5p645x.a(interrupts.o) (__udivsi3)
lib_arm/libarm.a(board.o)     lib_arm/div0.o (hang)
lib_arm/libarm.a(_divsi3.o)   lib_arm/libarm.a(board.o) (__divsi3)
lib_arm/libarm.a(_modsi3.o)   lib_arm/libarm.a(board.o) (__modsi3)
net/libnet.a(net.o)           lib_arm/libarm.a(board.o) (copy_filename)
net/libnet.a(tftp.o)          net/libnet.a(net.o) (TftpStart)
net/libnet.a(bootp.o)         net/libnet.a(net.o) (BootpRequest)
net/libnet.a(rarp.o)          net/libnet.a(net.o) (RarpRequest)
net/libnet.a(eth.o)           lib_arm/libarm.a(board.o) (eth_initialize)
net/libnet.a(nfs.o)           net/libnet.a(net.o) (NfsStart)
drivers/mmc/libmmc.a(mmc.o)   cpu/s5p645x/movi.o (movi_write)
drivers/mmc/libmmc.a(s3c_hsmmc.o)
                              cpu/s5p645x/libs5p645x.a(cpu.o) (smdk_s3c_hsmmc_init)
drivers/mtd/nand/libnand.a(nand.o)
                              lib_arm/libarm.a(board.o) (nand_init)
drivers/mtd/nand/libnand.a(nand_base.o)
                              drivers/mtd/nand/libnand.a(nand.o) (nand_scan)
drivers/mtd/nand/libnand.a(nand_ids.o)
                              drivers/mtd/nand/libnand.a(nand_base.o) (nand_flash_ids)
drivers/mtd/nand/libnand.a(nand_ecc.o)
                              drivers/mtd/nand/libnand.a(nand_base.o) (nand_calculate_ecc)
drivers/mtd/nand/libnand.a(nand_bbt.o)
                              drivers/mtd/nand/libnand.a(nand_base.o) (nand_isbad_bbt)
drivers/net/libnet.a(dm9000x.o)
                              net/libnet.a(net.o) (eth_halt)
common/libcommon.a(main.o)    lib_arm/libarm.a(board.o) (main_loop)
common/libcommon.a(cmd_autoscript.o)
                              (__u_boot_cmd_autoscr)
common/libcommon.a(cmd_bdinfo.o)
                              (__u_boot_cmd_bdinfo)
common/libcommon.a(image.o)   common/libcommon.a(cmd_autoscript.o) (genimg_get_format)
common/libcommon.a(cmd_boot.o)
                              (__u_boot_cmd_go)
common/libcommon.a(cmd_bootm.o)
                              lib_arm/libarm.a(board.o) (load_addr)
common/libcommon.a(cmd_cache.o)
                              (__u_boot_cmd_icache)
common/libcommon.a(cmd_console.o)
                              (__u_boot_cmd_coninfo)
common/libcommon.a(cmd_date.o)
                              (__u_boot_cmd_date)
common/libcommon.a(cmd_elf.o)
                              common/libcommon.a(cmd_bootm.o) (do_bootvx)
common/libcommon.a(cmd_ext2.o)
                              (__u_boot_cmd_ext2ls)
common/libcommon.a(cmd_fat.o)
                              (__u_boot_cmd_fatload)
common/libcommon.a(cmd_flash.o)
                              (__u_boot_cmd_flinfo)
common/libcommon.a(cmd_itest.o)
                              (__u_boot_cmd_itest)
common/libcommon.a(cmd_load.o)
                              (__u_boot_cmd_loads)
common/libcommon.a(cmd_mem.o)
                              common/libcommon.a(cmd_itest.o) (cmd_get_data_size)
common/libcommon.a(cmd_misc.o)
                              (__u_boot_cmd_sleep)
common/libcommon.a(cmd_mmc.o)
                              (__u_boot_cmd_mmcinfo)
common/libcommon.a(cmd_nand.o)
                              (__u_boot_cmd_nand)
common/libcommon.a(cmd_net.o)
                              (__u_boot_cmd_bootp)
common/libcommon.a(cmd_nvedit.o)
                              lib_arm/libarm.a(board.o) (getenv_r)
common/libcommon.a(cmd_reginfo.o)
                              (__u_boot_cmd_reginfo)
common/libcommon.a(cmd_usbd.o)
                              (__u_boot_cmd_dnw)
common/libcommon.a(cmd_ximg.o)
                              (__u_boot_cmd_imxtract)
common/libcommon.a(command.o)
                              common/libcommon.a(main.o) (find_cmd)
common/libcommon.a(console.o)
                              cpu/s5p645x/movi.o (printf)
common/libcommon.a(devices.o)
                              common/libcommon.a(cmd_console.o) (devlist)
common/libcommon.a(dlmalloc.o)
                              drivers/mmc/libmmc.a(mmc.o) (free)
common/libcommon.a(env_common.o)
                              common/libcommon.a(cmd_nvedit.o) (env_get_addr)
common/libcommon.a(exports.o)
                              lib_arm/libarm.a(board.o) (jumptable_init)
common/libcommon.a(flash.o)   common/libcommon.a(cmd_load.o) (addr2info)
common/libcommon.a(hush.o)    common/libcommon.a(main.o) (u_boot_hush_start)
[...]
Memory Configuration

Name             Origin             Length             Attributes
*default*        0x00000000         0xffffffff

Linker script and memory map

                0x00000000                . = 0x0
                0x00000000                . = ALIGN (0x4)

.text           0xc7e00000    0x30f34
 cpu/s5p645x/start.o(.text)
 .text          0xc7e00000      0x4e0 cpu/s5p645x/start.o
                0xc7e00040                _end_vect
                0xc7e001a4                theLastJump
                0xc7e004a0                arm1136_cache_flush
                0xc7e0004c                _bss_start
                0xc7e00050                _bss_end
                0xc7e00048                _armboot_start
                0xc7e00148                copy_from_nand
                0xc7e00000                _start
                0xc7e000e0                after_copy
 cpu/s5p645x/start_irom.o(.text)
 .text          0xc7e004e0       0xa4 cpu/s5p645x/start_irom.o
                0xc7e004e4                load_bl2_irom
 cpu/s5p645x/s5p6450/cpu_init.o(.text)
 .text          0xc7e00584       0xf8 cpu/s5p645x/s5p6450/cpu_init.o
                0xc7e00584                mem_ctrl_asm_init
 board/samsung/smdk6450/lowlevel_init.o(.text)
 .text          0xc7e0067c      0x300 board/samsung/smdk6450/lowlevel_init.o
                0xc7e00680                lowlevel_init
                0xc7e00890                nand_asm_init
 cpu/s5p645x/nand_cp.o(.text)
 .text          0xc7e0097c      0x1e4 cpu/s5p645x/nand_cp.o
                0xc7e00a3c                copy_uboot_to_ram
                0xc7e0097c                nand_bl2_copy
                0xc7e009dc                nand_bl2_copy_adv
 cpu/s5p645x/movi.o(.text)
 .text          0xc7e00b60       0xc4 cpu/s5p645x/movi.o
                0xc7e00c0c                print_movi_bl2_info
                0xc7e00b84                movi_write_bl1
                0xc7e00b60                movi_bl2_copy
                0xc7e00bf4                movi_read_env
                0xc7e00bdc                movi_write_env
 *(.text)
 .text          0xc7e00c24        0x4 lib_arm/div0.o
                0xc7e00c24                __div0
 .text          0xc7e00c28      0x4dc cpu/s5p645x/libs5p645x.a(interrupts.o)
                0xc7e00ca8                set_timer
                0xc7e01048                reset_timer
                0xc7e00f70                do_fiq
                0xc7e00c34                interrupt_init
                0xc7e01024                do_undefined_instruction
                0xc7e00df4                show_regs
                0xc7e00f4c                do_irq
                0xc7e00ddc                get_tbclk
                0xc7e00d40                get_timer
                0xc7e00cb8                reset_timer_masked
                0xc7e00f30                bad_mode
                0xc7e00ce0                get_timer_masked
                0xc7e01070                udelay
                0xc7e00d54                udelay_masked
                0xc7e00fdc                do_prefetch_abort
                0xc7e00dc8                get_ticks
                0xc7e00c2c                disable_interrupts
                0xc7e00f94                do_not_used
                0xc7e00fb8                do_data_abort
                0xc7e01000                do_software_interrupt
                0xc7e00c28                enable_interrupts
 .text          0xc7e01104      0x188 cpu/s5p645x/libs5p645x.a(cpu.o)
                0xc7e0114c                cleanup_before_linux
                0xc7e01138                cpu_mmc_init
                0xc7e01254                dcache_enable
                0xc7e01130                cpu_init
                0xc7e011b4                icache_enable
                0xc7e0121c                branch_enable
                0xc7e0119c                do_reset
                0xc7e01200                branch_disable
                0xc7e01178                reset_cpu
                0xc7e011d0                branch_status
                0xc7e01270                icache_disable
                0xc7e011e0                dcache_status
                0xc7e011f0                icache_status
                0xc7e01238                dcache_disable
 .text          0xc7e0128c      0x138 cpu/s5p645x/libs5p645x.a(setup_hsmmc.o)
                0xc7e0128c                setup_sdhci0_cfg_card
                0xc7e012c0                setup_hsmmc0_cfg_gpio
                0xc7e01300                setup_hsmmc_clock
 .text          0xc7e013c4       0x8c cpu/s5p645x/libs5p645x.a(serial.o)
                0xc7e013c4                serial_setbrg
                0xc7e013f4                serial_tstc
                0xc7e013c8                serial_putc
                0xc7e01448                serial_init
                0xc7e01408                serial_puts
                0xc7e0142c                serial_getc
 .text          0xc7e01450      0x194 cpu/s5p645x/s5p6450/libs5p6450.a(speed.o)
                0xc7e014fc                get_HCLK
                0xc7e01524                get_PCLK
                0xc7e014bc                get_MPLL_CLK
                0xc7e014cc                get_FCLK
                0xc7e014d4                get_ARMCLK
                0xc7e014c4                get_UCLK
                0xc7e0154c                print_cpuinfo
 .text          0xc7e015e4       0x98 lib_arm/libarm.a(_udivsi3.o)
                0xc7e015e4                __udivsi3
 .text          0xc7e0167c      0x3d8 lib_arm/libarm.a(board.o)
                0xc7e016e0                __yellow_LED_off
                0xc7e016d4                green_LED_on
                0xc7e016e4                hang
                0xc7e016d4                __green_LED_on
                0xc7e016dc                __yellow_LED_on
                0xc7e016dc                yellow_LED_on
                0xc7e016d8                __green_LED_off
                0xc7e016d0                __red_LED_off
                0xc7e017a4                start_armboot
                0xc7e019ec                strmhz
                0xc7e016c8                coloured_LED_init
                0xc7e016e0                yellow_LED_off
                0xc7e016d0                red_LED_off
                0xc7e0167c                sbrk
                0xc7e016d8                green_LED_off
                0xc7e016c8                __coloured_LED_init
                0xc7e016cc                red_LED_on
                0xc7e016cc                __red_LED_on
 *fill*         0xc7e01a54        0xc 00
 .text          0xc7e01a60      0x140 lib_arm/libarm.a(_divsi3.o)
                0xc7e01a60                __divsi3
 .text          0xc7e01ba0      0x100 lib_arm/libarm.a(_modsi3.o)
                0xc7e01ba0                __modsi3
 .text          0xc7e01ca0     0x1530 net/libnet.a(net.o)
                0xc7e01e8c                getenv_IPaddr
                0xc7e01d4c                NetCksumOk
                0xc7e02a74                NetSetTimeout
                0xc7e01d70                copy_filename
                0xc7e01e9c                NetEthHdrSize
                0xc7e01f40                ip_to_string
                0xc7e02cc0                ArpTimeoutCheck
                0xc7e02314                NetReceive
                0xc7e01e18                string_to_ip
                0xc7e02ab0                NetSendUDPPacket
                0xc7e01f8c                print_IPaddr
                0xc7e01fb0                NetSetEther
                0xc7e02d44                NetLoop
                0xc7e021f0                ArpRequest
                0xc7e01ee0                VLAN_to_string
                0xc7e01e08                getenv_VLAN
                0xc7e01d08                NetCksum
                0xc7e02068                NetSetIP
                0xc7e01dc0                string_to_VLAN
                0xc7e02c40                NetStartAgain
                0xc7e01cf8                NetSetHandler
                0xc7e028ec                PingSend
                0xc7e021ec                NetSendPacket
 .text          0xc7e031d0      0x7bc net/libnet.a(tftp.o)
                0xc7e033a4                TftpStart
 .text          0xc7e0398c      0xa3c net/libnet.a(bootp.o)
                0xc7e03ffc                DhcpRequest
                0xc7e03e24                BootpRequest
 .text          0xc7e043c8      0x1a8 net/libnet.a(rarp.o)
                0xc7e043c8                RarpRequest
 .text          0xc7e04570        0x8 net/libnet.a(eth.o)
                0xc7e04570                eth_initialize
 .text          0xc7e04578      0xe04 net/libnet.a(nfs.o)
                0xc7e04b80                NfsStart
 .text          0xc7e0537c     0x1220 drivers/mmc/libmmc.a(mmc.o)
                0xc7e053e4                mmc_send_ext_csd
                0xc7e05594                sd_switch
                0xc7e06214                mmc_send_app_op_cond
                0xc7e05be8                mmc_startup
                0xc7e06528                print_mmc_devices
                0xc7e05720                board_mmc_init
                0xc7e053ac                mmc_set_blocklen
                0xc7e0539c                mmc_send_cmd
                0xc7e05614                mmc_set_clock
                0xc7e06408                mmc_init
                0xc7e05434                mmc_set_relative_addr
                0xc7e0635c                mmc_send_op_cond
                0xc7e056b8                mmc_register
                0xc7e05774                mmc_get_dev
                0xc7e0546c                mmc_switch
                0xc7e05604                mmc_set_ios
                0xc7e059fc                movi_read
                0xc7e054bc                mmc_change_freq
                0xc7e05634                mmc_set_bus_width
                0xc7e05728                find_mmc_device
                0xc7e06308                mmc_go_idle
                0xc7e0563c                mmc_send_if_cond
                0xc7e05a14                sd_change_freq
                0xc7e05844                movi_write
                0xc7e0646c                mmc_initialize
 .text          0xc7e0659c      0x558 drivers/mmc/libmmc.a(s3c_hsmmc.o)
                0xc7e0659c                smdk_s3c_hsmmc_init
 .text          0xc7e06af4       0xa0 drivers/mtd/nand/libnand.a(nand.o)
                0xc7e06af4                nand_init
 .text          0xc7e06b94     0x3054 drivers/mtd/nand/libnand.a(nand_base.o)
                0xc7e08e8c                nand_read
                0xc7e06db0                nand_wait_ready
                0xc7e0789c                nand_scan_ident
                0xc7e082cc                nand_scan
                0xc7e0932c                nand_erase_nand
                0xc7e07de8                nand_scan_tail
                0xc7e07874                nand_release
 .text          0xc7e09be8        0x0 drivers/mtd/nand/libnand.a(nand_ids.o)
 .text          0xc7e09be8      0x220 drivers/mtd/nand/libnand.a(nand_ecc.o)
                0xc7e09ce0                nand_correct_data
                0xc7e09be8                nand_calculate_ecc
 .text          0xc7e09e08     0x1750 drivers/mtd/nand/libnand.a(nand_bbt.o)
                0xc7e0a094                nand_isbad_bbt
                0xc7e0b480                nand_default_bbt
                0xc7e0ad20                nand_update_bbt
                0xc7e0affc                nand_scan_bbt
 .text          0xc7e0b558      0xc10 drivers/net/libnet.a(dm9000x.o)
                0xc7e0b924                eth_halt
                0xc7e0b798                read_srom_word
                0xc7e0b8bc                write_srom_word
                0xc7e0bf2c                eth_rx
                0xc7e0b96c                eth_init
                0xc7e0c090                eth_send
 .text          0xc7e0c168      0xde4 common/libcommon.a(main.o)
                0xc7e0c168                __show_boot_progress
                0xc7e0c26c                run_command
                0xc7e0c1f8                do_run
                0xc7e0c16c                parse_line
                0xc7e0cde0                readline
                0xc7e0c168                show_boot_progress
                0xc7e0cdec                main_loop
                0xc7e0c740                readline_into_buffer
 .text          0xc7e0cf4c      0x190 common/libcommon.a(cmd_autoscript.o)
                0xc7e0d098                do_autoscript
                0xc7e0cf6c                autoscript
 .text          0xc7e0d0dc      0x100 common/libcommon.a(cmd_bdinfo.o)
                0xc7e0d0f0                do_bdinfo
 .text          0xc7e0d1dc      0x800 common/libcommon.a(image.o)
                0xc7e0d460                getenv_bootm_size
                0xc7e0d518                image_print_contents
                0xc7e0d300                genimg_get_comp_id
                0xc7e0d348                genimg_get_os_id
                0xc7e0d2ac                genimg_has_config
                0xc7e0d330                genimg_get_arch_id
                0xc7e0d260                genimg_get_arch_name
                0xc7e0d778                boot_get_ramdisk
                0xc7e0d724                image_check_hcrc
                0xc7e0d248                genimg_get_os_name
                0xc7e0d278                genimg_get_type_name
                0xc7e0d420                genimg_get_format
                0xc7e0d290                genimg_get_comp_name
                0xc7e0d6e8                image_check_dcrc
                0xc7e0d494                getenv_bootm_low
                0xc7e0d2a8                genimg_get_image
                0xc7e0d318                genimg_get_type_id
                0xc7e0d1fc                image_multi_count
                0xc7e0d45c                memmove_wd
                0xc7e0d360                image_multi_getimg
                0xc7e0d4c8                getenv_yesno
 .text          0xc7e0d9dc       0xa4 common/libcommon.a(cmd_boot.o)
                0xc7e0d9f4                do_go
                0xc7e0d9dc                do_go_exec
 .text          0xc7e0da80      0xd30 common/libcommon.a(cmd_bootm.o)
                0xc7e0dba8                print_image_hdr
                0xc7e0e008                do_bootd
                0xc7e0e02c                do_bootm
                0xc7e0daa0                board_lmb_reserve
                0xc7e0daa0                __board_lmb_reserve
                0xc7e0dfa8                do_iminfo
 .text          0xc7e0e7b0      0x144 common/libcommon.a(cmd_cache.o)
                0xc7e0e7ec                do_dcache
                0xc7e0e870                do_icache
 .text          0xc7e0e8f4       0xe0 common/libcommon.a(cmd_console.o)
                0xc7e0e8f4                do_coninfo
 .text          0xc7e0e9d4      0x324 common/libcommon.a(cmd_date.o)
                0xc7e0ebe4                do_date
                0xc7e0ea18                mk_date
 .text          0xc7e0ecf8      0x3c8 common/libcommon.a(cmd_elf.o)
                0xc7e0f020                do_bootelf
                0xc7e0ee60                do_bootvx
                0xc7e0ecf8                valid_elf_image
                0xc7e0efdc                do_bootelf_exec
                0xc7e0ed50                load_elf_image
 .text          0xc7e0f0c0      0x558 common/libcommon.a(cmd_ext2.o)
                0xc7e0f0c0                ext_format
                0xc7e0f1b4                do_ext3_format
                0xc7e0f4c8                do_ext2ls
                0xc7e0f1c4                do_ext2_format
                0xc7e0f1d4                do_ext2load
 .text          0xc7e0f618      0x4ac common/libcommon.a(cmd_fat.o)
                0xc7e0f924                do_fat_fsload
                0xc7e0f618                do_fat_format
                0xc7e0f708                do_fat_fsinfo
                0xc7e0f810                do_fat_ls
 .text          0xc7e0fac4      0x5a8 common/libcommon.a(cmd_flash.o)
                0xc7e0faf4                do_flinfo
                0xc7e0fadc                flash_sect_erase
                0xc7e0fd54                do_protect
                0xc7e0ff20                do_flerase
                0xc7e0fac4                flash_sect_protect
 .text          0xc7e1006c      0x2ec common/libcommon.a(cmd_itest.o)
                0xc7e100d4                binary_test
                0xc7e102b0                do_itest
 .text          0xc7e10358      0xf58 common/libcommon.a(cmd_load.o)
                0xc7e10428                k_data_init
                0xc7e105b4                s1_sendpacket
                0xc7e105dc                handle_send_packet
                0xc7e104b4                k_data_restore
                0xc7e107d4                send_nack
                0xc7e108bc                do_load_serial_bin
                0xc7e10518                k_data_char
                0xc7e10380                chk1
                0xc7e10450                k_data_save
                0xc7e10358                ktrans
                0xc7e10580                send_pad
                0xc7e10838                send_ack
                0xc7e10fa4                do_load_serial
 .text          0xc7e112b0      0xa14 common/libcommon.a(cmd_mem.o)
                0xc7e112b0                do_mem_base
                0xc7e11af0                do_mem_mw
                0xc7e112f4                do_mem_crc
                0xc7e116cc                do_mem_nm
                0xc7e116f4                do_mem_mm
                0xc7e11814                do_mem_cp
                0xc7e113ac                do_mem_mtest
                0xc7e11944                do_mem_cmp
                0xc7e114d4                cmd_get_data_size
                0xc7e1171c                do_mem_loop
                0xc7e11bc0                do_mem_md
 .text          0xc7e11cc4       0x90 common/libcommon.a(cmd_misc.o)
                0xc7e11cc4                do_sleep
 .text          0xc7e11d54      0x48c common/libcommon.a(cmd_mmc.o)
                0xc7e11ed8                do_mmcops
                0xc7e11d54                do_mmcinfo
 .text          0xc7e121e0      0xf98 common/libcommon.a(cmd_nand.o)
                0xc7e12348                do_nandboot
                0xc7e12584                do_nand
 .text          0xc7e13178      0x3d8 common/libcommon.a(cmd_net.o)
                0xc7e1352c                do_rarpb
                0xc7e13178                do_ping
                0xc7e13538                do_tftpb
                0xc7e13520                do_dhcp
                0xc7e13544                do_bootp
                0xc7e13514                do_nfs
 .text          0xc7e13550      0x890 common/libcommon.a(cmd_nvedit.o)
                0xc7e13694                getenv
                0xc7e13704                _do_setenv
                0xc7e135b0                getenv_r
                0xc7e13c64                do_printenv
                0xc7e13c1c                setenv
                0xc7e13668                do_saveenv
                0xc7e13bdc                do_setenv
                0xc7e13550                envmatch
 .text          0xc7e13de0        0x8 common/libcommon.a(cmd_reginfo.o)
                0xc7e13de0                do_reginfo
 .text          0xc7e13de8      0x118 common/libcommon.a(cmd_usbd.o)
                0xc7e13de8                do_usbd_dnw
 .text          0xc7e13f00      0x240 common/libcommon.a(cmd_ximg.o)
                0xc7e13f00                do_imgextract
 .text          0xc7e14140      0x764 common/libcommon.a(command.o)
                0xc7e141d4                do_echo
                0xc7e14424                do_exit
                0xc7e14140                find_cmd
                0xc7e14454                do_test
                0xc7e14258                do_help
                0xc7e14404                do_version
 .text          0xc7e148a4      0x584 common/libcommon.a(console.o)
                0xc7e14ba4                console_init_r
                0xc7e14b64                printf
                0xc7e14a44                console_assign
                0xc7e14db4                getc
                0xc7e14b1c                puts
                0xc7e14a28                dbg
                0xc7e14d3c                serial_printf
                0xc7e1496c                ftstc
                0xc7e14ad4                fprintf
                0xc7e14d9c                tstc
                0xc7e14b38                vprintf
                0xc7e14dcc                ctrlc
                0xc7e14d7c                putc
                0xc7e149ec                disable_ctrlc
                0xc7e14944                fgetc
                0xc7e14a04                had_ctrlc
                0xc7e14994                fputc
                0xc7e14a34                console_init_f
                0xc7e14a14                clear_ctrlc
                0xc7e149c0                fputs
 .text          0xc7e14e28       0xec common/libcommon.a(devices.o)
                0xc7e14e44                device_register
                0xc7e14e28                devices_done
                0xc7e14e68                devices_init
 .text          0xc7e14f14     0x10f0 common/libcommon.a(dlmalloc.o)
                0xc7e1533c                malloc
                0xc7e15a88                pvalloc
                0xc7e15aac                calloc
                0xc7e14f4c                malloc_usable_size
                0xc7e15b8c                realloc
                0xc7e15004                malloc_trim
                0xc7e14f14                malloc_bin_reloc
                0xc7e14f90                mallopt
                0xc7e15978                memalign
                0xc7e15338                cfree
                0xc7e15aa0                valloc
                0xc7e150d8                free
 .text          0xc7e16004      0x164 common/libcommon.a(env_common.o)
                0xc7e16118                env_get_char
                0xc7e16024                env_get_addr
                0xc7e16070                set_default_env
                0xc7e160b8                env_relocate
                0xc7e16044                env_crc_update
                0xc7e16004                env_get_char_memory
 .text          0xc7e16168       0xe4 common/libcommon.a(exports.o)
                0xc7e16174                jumptable_init
                0xc7e1616c                get_version
 .text          0xc7e1624c      0x364 common/libcommon.a(flash.o)
                0xc7e16440                flash_write
                0xc7e1624c                flash_protect
                0xc7e16358                addr2info
                0xc7e16360                flash_perror
 .text          0xc7e165b0     0x1c98 common/libcommon.a(hush.o)
                0xc7e1694c                new_pipe
                0xc7e166d8                mapset
                0xc7e17944                parse_string_outer
                0xc7e172a4                update_ifs_map
                0xc7e178fc                parse_file_outer
                0xc7e165cc                simple_itoa
                0xc7e16c90                reserved_word
                0xc7e166fc                u_boot_hush_start
 .text          0xc7e18248      0x3e0 common/libcommon.a(lists.o)
                0xc7e18548                DisposeHandle
                0xc7e18568                ListDispose
                0xc7e1837c                ListInsertItems
                0xc7e18250                ListSetAllocationPolicy
                0xc7e182a0                ListGetItemSize
                0xc7e18294                ListGetDataPtr
                0xc7e1856c                NewHandle
                0xc7e18300                SetHandleSize
                0xc7e18540                ListInsertItem
                0xc7e18248                GetHandleSize
                0xc7e182ac                ListNumItems
                0xc7e18264                ListGetPtrToItem
                0xc7e185c8                ListCreate
                0xc7e182b8                ListGetItems
 .text          0xc7e18628      0x2cc common/libcommon.a(s_record.o)
                0xc7e18698                srec_decode
 .text          0xc7e188f4     0x15e4 common/libcommon.a(usb.o)
                0xc7e193c4                usb_set_idle
                0xc7e1890c                usb_maxpacket
                0xc7e19cac                usb_hub_probe
                0xc7e19ea8                usb_stop
                0xc7e19e14                usb_init
                0xc7e188f4                usb_disable_asynch
                0xc7e19d70                usb_clear_halt
                0xc7e18c78                usb_bulk_msg
                0xc7e192d4                usb_get_class_descriptor
                0xc7e19d0c                usb_scan_devices
                0xc7e18fec                usb_get_hub_descriptor
                0xc7e18dd8                usb_get_port_status
                0xc7e18c54                usb_submit_int_msg
                0xc7e18b00                usb_parse_config
                0xc7e18cd8                usb_control_msg
                0xc7e19428                usb_set_protocol
                0xc7e1994c                usb_hub_port_connect_change
                0xc7e194f0                usb_set_interface
                0xc7e18a1c                usb_hub_allocate
                0xc7e191d8                usb_string
                0xc7e1934c                usb_get_report
                0xc7e19604                usb_get_descriptor
                0xc7e19a8c                usb_hub_configure
                0xc7e1904c                usb_get_string
                0xc7e18c58                wait_ms
                0xc7e18f94                usb_clear_hub_feature
                0xc7e19674                usb_get_configuration_no
                0xc7e18f34                usb_clear_port_feature
                0xc7e18e90                usb_set_port_feature
                0xc7e19714                usb_new_device
                0xc7e18e38                usb_get_hub_status
                0xc7e19488                usb_set_configuration
                0xc7e18930                usb_set_maxpacket
                0xc7e195bc                usb_set_address
                0xc7e18a64                usb_alloc_new_device
                0xc7e18a08                usb_hub_reset
                0xc7e189e0                usb_get_dev_index
 .text          0xc7e19ed8      0xa10 common/libcommon.a(xyzModem.o)
                0xc7e1a00c                xyzModem_error
                0xc7e1a0a8                xyzModem_stream_close
                0xc7e1a108                CYGACC_COMM_IF_GETC_TIMEOUT
                0xc7e19ed8                parse_num
                0xc7e1a190                xyzModem_stream_terminate
                0xc7e1a78c                xyzModem_stream_open
                0xc7e1a0fc                CYGACC_COMM_IF_PUTC
                0xc7e1a510                xyzModem_stream_read
 .text          0xc7e1a8e8      0x538 common/libcommon.a(cmd_movi.o)
                0xc7e1ac70                init_raw_area_table
                0xc7e1a8e8                do_movi
 .text          0xc7e1ae20      0x3f4 common/libcommon.a(cmd_lcd.o)
                0xc7e1ae20                do_lcd_test
 .text          0xc7e1b214     0x1824 common/libcommon.a(cmd_fastboot.o)
                0xc7e1c6a0                do_sdfuse
                0xc7e1b268                fastboot_flash_get_ptn_count
                0xc7e1b3d0                fastboot_flash_add_ptn
                0xc7e1c88c                do_fastboot
                0xc7e1b240                fastboot_flash_get_ptn
                0xc7e1b278                fastboot_flash_find_ptn
                0xc7e1b2f0                fastboot_flash_dump_ptn
 .text          0xc7e1ca38      0xb70 common/libcommon.a(cmd_mmc_fdisk.o)
                0xc7e1cbbc                make_partitionInfo
                0xc7e1d160                encode_partitionInfo
                0xc7e1cef0                decode_partitionInfo
                0xc7e1caa4                encode_chs
                0xc7e1cf30                get_mmc_part_info
                0xc7e1d1d4                make_mmc_partition
                0xc7e1cfcc                print_mmc_part_info
                0xc7e1d4a8                create_mmc_fdisk
                0xc7e1cac4                get_SDInfo
                0xc7e1d530                do_fdisk
                0xc7e1ce28                get_mmc_mbr
                0xc7e1cdb4                put_mmc_mbr
                0xc7e1ca38                calc_unit
                0xc7e1ce98                get_mmc_block_count
 .text          0xc7e1d5a8      0x74c common/libcommon.a(env_auto.o)
                0xc7e1d6f4                env_relocate_spec_movinand
                0xc7e1d864                env_relocate_spec
                0xc7e1d6f0                env_relocate_spec_onenand
                0xc7e1d9b0                saveenv_nand_adv
                0xc7e1dc54                saveenv
                0xc7e1d624                env_get_char_spec
                0xc7e1d76c                env_relocate_spec_nor
                0xc7e1d630                env_init
                0xc7e1dc28                saveenv_movinand
                0xc7e1d64c                saveenv_onenand
                0xc7e1d8c4                saveenv_nor
                0xc7e1daa4                saveenv_nand
                0xc7e1d7c0                env_relocate_spec_nand
 .text          0xc7e1dcf4      0x170 common/libcommon.a(gunzip.o)
                0xc7e1dcf4                gunzip
                0xc7e1de4c                zfree
                0xc7e1de54                zalloc
 .text          0xc7e1de64       0x48 common/libcommon.a(crc16.o)
                0xc7e1de64                cyg_crc16
 .text          0xc7e1deac       0xc0 board/samsung/smdk6450/libsmdk6450.a(smdk6450.o)
                0xc7e1df24                virt_to_phy_smdk6450
                0xc7e1defc                dram_init
                0xc7e1df54                checkboard
                0xc7e1deac                board_init
                0xc7e1df1c                board_late_init
 .text          0xc7e1df6c      0x5ec board/samsung/smdk6450/libsmdk6450.a(flash.o)
                0xc7e1e2fc                flash_erase
                0xc7e1e50c                flash_init
                0xc7e1e1e4                flash_print_info
                0xc7e1e06c                write_buff
 .text          0xc7e1e558      0x1fc lib_generic/libgeneric.a(crc32.o)
                0xc7e1e558                crc32
                0xc7e1e750                crc32_wd
                0xc7e1e658                crc32_no_comp
 .text          0xc7e1e754        0x0 lib_generic/libgeneric.a(ctype.o)
 .text          0xc7e1e754      0x26c lib_generic/libgeneric.a(display_options.o)
                0xc7e1e840                print_buffer
                0xc7e1e820                display_options
                0xc7e1e754                print_size
 .text          0xc7e1e9c0      0x554 lib_generic/libgeneric.a(lmb.o)
                0xc7e1ed1c                lmb_overlaps_region
                0xc7e1ec1c                lmb_add
                0xc7e1e9c0                lmb_dump_all
                0xc7e1ec20                lmb_free
                0xc7e1eed8                lmb_alloc_base
                0xc7e1ef0c                lmb_alloc
                0xc7e1ed70                __lmb_alloc_base
                0xc7e1ea24                lmb_init
                0xc7e1ee7c                lmb_is_reserved
                0xc7e1ed14                lmb_reserve
 .text          0xc7e1ef14      0x538 lib_generic/libgeneric.a(string.o)
                0xc7e1ef14                strcpy
                0xc7e1f35c                memscan
                0xc7e1f2d8                memmove
                0xc7e1f2b8                memcpy
                0xc7e1f224                strswab
                0xc7e1f0c0                strnlen
                0xc7e1f088                strrchr
                0xc7e1ef54                strcat
                0xc7e1f3e4                memchr
                0xc7e1f380                strstr
                0xc7e1eff8                strncmp
                0xc7e1ef2c                strncpy
                0xc7e1f28c                bcopy
                0xc7e1f16c                strtok
                0xc7e1f320                memcmp
                0xc7e1ef80                strncat
                0xc7e1f410                strdup
                0xc7e1f270                memset
                0xc7e1efcc                strcmp
                0xc7e1f1f0                strsep
                0xc7e1f0e8                strspn
                0xc7e1f068                strlen
                0xc7e1f03c                strchr
                0xc7e1f12c                strpbrk
 .text          0xc7e1f44c      0x868 lib_generic/libgeneric.a(vsprintf.o)
                0xc7e1f830                vsprintf
                0xc7e1f50c                simple_strtol
                0xc7e1f7d8                panic
                0xc7e1fc84                sprintf
                0xc7e1f44c                simple_strtoul
 .text          0xc7e1fcb4     0x2ea4 lib_generic/libgeneric.a(zlib.o)
                0xc7e20bfc                inflate
                0xc7e2069c                inflateInit2
                0xc7e20acc                inflateIncomp
                0xc7e207e4                adler32
                0xc7e20534                inflateReset
                0xc7e2059c                inflateSync
                0xc7e207dc                inflateInit
                0xc7e20494                inflateEnd
 .text          0xc7e22b58      0x6c8 cpu/s5p645x/libs5p645x.a(usb_ohci.o)
                0xc7e22bd4                rh_check_port_status
                0xc7e22bfc                usb_lowlevel_stop
                0xc7e22cb4                sohci_submit_job
                0xc7e22bec                submit_int_msg
                0xc7e23218                submit_bulk_msg
                0xc7e22be4                submit_control_msg
                0xc7e22bf4                usb_lowlevel_init
                0xc7e22bdc                submit_common_msg
 .text          0xc7e23220      0xcc4 cpu/s5p645x/libs5p645x.a(nand.o)
                0xc7e23c6c                board_nand_init
 .text          0xc7e23ee4     0x2c38 cpu/s5p645x/libs5p645x.a(usbd-otg-hs.o)
                0xc7e25c2c                s3c_usb_dma_in_done
                0xc7e25d40                s3c_usb_set_all_outep_nak
                0xc7e26090                s3c_usb_clear_upfile_info
                0xc7e262d8                s3c_usb_verify_checksum
                0xc7e26100                s3c_usb_set_opmode
                0xc7e26578                s3c_usb_pkt_receive
                0xc7e26768                s3c_usb_transfer
                0xc7e26050                s3c_usb_clear_dnfile_info
                0xc7e2560c                s3c_usb_int_bulkin
                0xc7e23fd0                s3c_usb_set_inep_xfersize
                0xc7e24938                s3c_usb_transfer_ep0
                0xc7e24814                s3c_usb_set_otherspeed_conf_desc
                0xc7e23f54                s3c_usb_set_soft_disconnect
                0xc7e25d68                s3c_usb_clear_all_outep_nak
                0xc7e26a00                s3c_usbctl_init
                0xc7e25e98                s3c_usb_set_descriptors
                0xc7e26528                s3c_usb_int_bulkout
                0xc7e26890                s3c_udc_int_hndlr
                0xc7e24004                s3c_usb_set_outep_xfersize
                0xc7e269c8                s3c_usb_stop
                0xc7e23f84                s3c_usb_init_device
                0xc7e260d0                s3c_usb_check_setconf
                0xc7e24394                s3c_usb_set_feature
                0xc7e26648                s3c_usb_dma_out_done
                0xc7e245e0                s3c_usb_ep0_int_hndlr
                0xc7e25e40                s3c_usb_set_endpoint
                0xc7e263b0                s3c_usb_download_continue
                0xc7e2408c                s3c_usb_write_in_fifo
                0xc7e26920                s3c_usb_wait_cable_insert
                0xc7e24300                s3c_usb_clear_feature
                0xc7e23fc8                s3c_usbc_activate
                0xc7e24038                s3c_usb_write_ep0_fifo
                0xc7e25a0c                s3c_usb_download_start
                0xc7e25d90                s3c_usb_set_max_pktsize
                0xc7e23f3c                s3c_usb_check_current_mode
                0xc7e23ee4                s3c_usb_phy_off
                0xc7e24510                s3c_usb_get_status
                0xc7e26034                s3c_usb_check_speed
                0xc7e257dc                s3c_usb_upload_start
                0xc7e23f1c                s3c_usb_init_core
                0xc7e23f6c                s3c_usb_clear_soft_disconnect
                0xc7e23efc                s3c_usb_core_soft_reset
                0xc7e265fc                s3c_usb_print_pkt
                0xc7e26240                s3c_usb_set_init
                0xc7e261d4                s3c_usb_reset
                0xc7e24130                s3c_usb_get_desc
                0xc7e240e0                s3c_usb_read_out_fifo
                0xc7e26974                s3c_usb_init_phy
 .text          0xc7e26b1c     0x2e88 cpu/s5p645x/libs5p645x.a(fastboot.o)
                0xc7e28bac                fboot_usb_clear_dnfile_info
                0xc7e28334                fboot_usb_upload_start
                0xc7e28bec                fboot_usb_clear_upfile_info
                0xc7e294b0                fboot_usb_init_phy
                0xc7e26ba4                fboot_usb_clear_soft_disconnect
                0xc7e26da0                fboot_usb_get_desc
                0xc7e28c5c                fboot_usb_set_opmode
                0xc7e298f4                fastboot_poll
                0xc7e26c00                fboot_usbc_activate
                0xc7e28784                fboot_usb_dma_in_done
                0xc7e28d30                fboot_usb_reset
                0xc7e28998                fboot_usb_set_endpoint
                0xc7e26c74                fboot_usb_set_outep_xfersize
                0xc7e26c08                fboot_usb_stop
                0xc7e26c40                fboot_usb_set_inep_xfersize
                0xc7e275dc                fboot_usb_transfer_ep0
                0xc7e28b90                fboot_usb_check_speed
                0xc7e28d9c                fastboot_shutdown
                0xc7e28dd0                fastboot_getvar
                0xc7e26d50                fboot_usb_read_out_fifo
                0xc7e26bbc                fboot_usb_init_device
                0xc7e28dd8                fboot_usb_int_bulkin
                0xc7e29620                fastboot_init
                0xc7e26fa4                fboot_usb_clear_feature
                0xc7e28c2c                fboot_usb_check_setconf
                0xc7e29340                fboot_usb_transfer
                0xc7e28898                fboot_usb_set_all_outep_nak
                0xc7e28564                fboot_usb_download_start
                0xc7e28da0                fastboot_fifo_size
                0xc7e29948                fastboot_tx_status
                0xc7e29220                fboot_usb_dma_out_done
                0xc7e29504                fboot_usbctl_init
                0xc7e271b4                fboot_usb_get_status
                0xc7e2946c                fboot_usb_wait_cable_insert
                0xc7e27038                fboot_usb_set_feature
                0xc7e26ca8                fboot_usb_write_ep0_fifo
                0xc7e27284                fboot_usb_ep0_int_hndlr
                0xc7e291e0                fboot_usb_print_pkt
                0xc7e28e8c                fastboot_preboot
                0xc7e26b54                fboot_usb_init_core
                0xc7e26b8c                fboot_usb_set_soft_disconnect
                0xc7e29014                fboot_usb_download_continue
                0xc7e29838                fboot_usb_int_hndlr
                0xc7e288e8                fboot_usb_set_max_pktsize
                0xc7e28f48                fboot_usb_verify_checksum
                0xc7e29704                fboot_usb_int_bulkout
                0xc7e288c0                fboot_usb_clear_all_outep_nak
                0xc7e289f0                fboot_usb_set_descriptors
                0xc7e297b4                fboot_usb_pkt_receive
                0xc7e26cfc                fboot_usb_write_in_fifo
                0xc7e28eb0                fboot_usb_set_init
                0xc7e26b1c                fboot_usb_phy_off
                0xc7e26b74                fboot_usb_check_current_mode
                0xc7e26b34                fboot_usb_core_soft_reset
                0xc7e274b8                fboot_usb_set_otherspeed_conf_desc
 .text          0xc7e299a4       0x1c lib_arm/libarm.a(_ashldi3.o)
                0xc7e299a4                __ashldi3
 .text          0xc7e299c0       0x1c lib_arm/libarm.a(_ashrdi3.o)
                0xc7e299c0                __ashrdi3
 .text          0xc7e299dc       0xb4 lib_arm/libarm.a(_umodsi3.o)
                0xc7e299dc                __umodsi3
 .text          0xc7e29a90      0x2fc lib_arm/libarm.a(bootm.o)
                0xc7e29b3c                do_bootm_linux
                0xc7e29a90                setup_mtdpartition_tag
 .text          0xc7e29d8c        0x4 lib_arm/libarm.a(cache.o)
                0xc7e29d8c                flush_cache
 .text          0xc7e29d90     0x19c4 fs/fat/libfat.a(fat.o)
                0xc7e2af84                file_fat_read
                0xc7e2a660                do_fat_read
                0xc7e2afbc                file_fat_ls
                0xc7e2b0ec                fat_format_device
                0xc7e2a210                file_fat_detectfs
                0xc7e29db8                disk_read
                0xc7e2afcc                fat_register_device
 .text          0xc7e2b754     0x3798 fs/ext2/libext2fs.a(ext2fs.o)
                0xc7e2e108                ext2fs_read_file
                0xc7e2e030                ext2fs_close
                0xc7e2b7b0                ext2fs_format
                0xc7e2b770                default_journal_size
                0xc7e2e748                ext2fs_mount
                0xc7e2ee70                ext2fs_ls
                0xc7e2b754                get_random_val
                0xc7e2ed44                ext2fs_find_file
                0xc7e2edcc                ext2fs_open
                0xc7e2e010                ext2fs_free_node
                0xc7e2e63c                ext2fs_read
                0xc7e2ea90                ext2fs_find_file1
 .text          0xc7e2eeec      0x23c fs/ext2/libext2fs.a(dev.o)
                0xc7e2f0d4                ext2fs_set_blk_dev
                0xc7e2eeec                ext2fs_devread
 .text          0xc7e2f128      0x350 disk/libdisk.a(part.o)
                0xc7e2f204                dev_print
                0xc7e2f128                print_part
                0xc7e2f414                get_dev
                0xc7e2f3d4                get_partition_info
                0xc7e2f3f8                init_part
 .text          0xc7e2f478      0x4ec disk/libdisk.a(part_dos.o)
                0xc7e2f740                get_partition_info_dos
                0xc7e2f938                print_part_dos
                0xc7e2f4c0                test_part_dos
 .text          0xc7e2f964      0xe84 drivers/mtd/nand/libnand.a(nand_util.o)
                0xc7e2f96c                nand_lock
                0xc7e2f9c0                nand_unlock
                0xc7e2fad0                nand_get_lock_status
                0xc7e30480                nand_erase_opts
                0xc7e2fb5c                nand_read_opts
                0xc7e2ff1c                nand_write_opts
 .text          0xc7e307e8      0x290 drivers/rtc/librtc.a(date.o)
                0xc7e307e8                GregorianDay
                0xc7e309e4                mktime
                0xc7e308dc                to_tm
 .text          0xc7e30a78      0x23c drivers/rtc/librtc.a(s5p64xx_rtc.o)
                0xc7e30afc                rtc_set
                0xc7e30c8c                rtc_reset
                0xc7e30b98                rtc_get
 .text          0xc7e30cb4      0x120 lib_generic/libgeneric.a(div64.o)
                0xc7e30cb4                __div64_32
 lib_arm/div0.o()
 .data          0xc7e30dd4        0x0 lib_arm/div0.o
 .bss           0xc7e30dd4        0x0 lib_arm/div0.o
 .debug_abbrev  0xc7e30dd4       0x29 lib_arm/div0.o
 .debug_info    0xc7e30dfd       0x39 lib_arm/div0.o
 .debug_line    0xc7e30e36       0x38 lib_arm/div0.o
 *fill*         0xc7e30e6e        0x2 00
 .debug_frame   0xc7e30e70       0x20 lib_arm/div0.o
 .debug_pubnames
                0xc7e30e90       0x1d lib_arm/div0.o
 .debug_aranges
                0xc7e30ead       0x20 lib_arm/div0.o
 .debug_str     0xc7e30ecd       0x43 lib_arm/div0.o
 .comment       0xc7e30f10       0x12 lib_arm/div0.o
 .ARM.attributes
                0xc7e30f22       0x10 lib_arm/div0.o
 *fill*         0xc7e30f32        0x2 00
 .glue_7        0xc7e30f34        0x0 lib_arm/div0.o
 .glue_7t       0xc7e30f34        0x0 lib_arm/div0.o
 .vfp11_veneer  0xc7e30f34        0x0 lib_arm/div0.o

.glue_7         0xc7e30f34        0x0
 .glue_7        0xc7e30f34        0x0 cpu/s5p645x/start.o
 .glue_7        0xc7e30f34        0x0 cpu/s5p645x/start_irom.o
 .glue_7        0xc7e30f34        0x0 cpu/s5p645x/s5p6450/cpu_init.o
 .glue_7        0xc7e30f34        0x0 board/samsung/smdk6450/lowlevel_init.o
 .glue_7        0xc7e30f34        0x0 cpu/s5p645x/nand_cp.o
 .glue_7        0xc7e30f34        0x0 cpu/s5p645x/movi.o
 .glue_7        0xc7e30f34        0x0 cpu/s5p645x/libs5p645x.a(interrupts.o)
 .glue_7        0xc7e30f34        0x0 cpu/s5p645x/libs5p645x.a(cpu.o)
 .glue_7        0xc7e30f34        0x0 cpu/s5p645x/libs5p645x.a(setup_hsmmc.o)
 .glue_7        0xc7e30f34        0x0 cpu/s5p645x/libs5p645x.a(serial.o)
 .glue_7        0xc7e30f34        0x0 cpu/s5p645x/s5p6450/libs5p6450.a(speed.o)
 .glue_7        0xc7e30f34        0x0 lib_arm/libarm.a(_udivsi3.o)
 .glue_7        0xc7e30f34        0x0 lib_arm/libarm.a(board.o)
 .glue_7        0xc7e30f34        0x0 lib_arm/libarm.a(_divsi3.o)
 .glue_7        0xc7e30f34        0x0 lib_arm/libarm.a(_modsi3.o)
 .glue_7        0xc7e30f34        0x0 net/libnet.a(net.o)
 .glue_7        0xc7e30f34        0x0 net/libnet.a(tftp.o)
 .glue_7        0xc7e30f34        0x0 net/libnet.a(bootp.o)
 .glue_7        0xc7e30f34        0x0 net/libnet.a(rarp.o)
 .glue_7        0xc7e30f34        0x0 net/libnet.a(eth.o)
 .glue_7        0xc7e30f34        0x0 net/libnet.a(nfs.o)
 .glue_7        0xc7e30f34        0x0 drivers/mmc/libmmc.a(mmc.o)
 .glue_7        0xc7e30f34        0x0 drivers/mmc/libmmc.a(s3c_hsmmc.o)
 .glue_7        0xc7e30f34        0x0 drivers/mtd/nand/libnand.a(nand.o)
 .glue_7        0xc7e30f34        0x0 drivers/mtd/nand/libnand.a(nand_base.o)
 .glue_7        0xc7e30f34        0x0 drivers/mtd/nand/libnand.a(nand_ids.o)
 .glue_7        0xc7e30f34        0x0 drivers/mtd/nand/libnand.a(nand_ecc.o)
 .glue_7        0xc7e30f34        0x0 drivers/mtd/nand/libnand.a(nand_bbt.o)
 .glue_7        0xc7e30f34        0x0 drivers/net/libnet.a(dm9000x.o)
 .glue_7        0xc7e30f34        0x0 common/libcommon.a(main.o)
 .glue_7        0xc7e30f34        0x0 common/libcommon.a(cmd_autoscript.o)
 .glue_7        0xc7e30f34        0x0 common/libcommon.a(cmd_bdinfo.o)
 .glue_7        0xc7e30f34        0x0 common/libcommon.a(image.o)
 .glue_7        0xc7e30f34        0x0 common/libcommon.a(cmd_boot.o)
 .glue_7        0xc7e30f34        0x0 common/libcommon.a(cmd_bootm.o)
 .glue_7        0xc7e30f34        0x0 common/libcommon.a(cmd_cache.o)
 .glue_7        0xc7e30f34        0x0 common/libcommon.a(cmd_console.o)
 .glue_7        0xc7e30f34        0x0 common/libcommon.a(cmd_date.o)
 .glue_7        0xc7e30f34        0x0 common/libcommon.a(cmd_elf.o)
 .glue_7        0xc7e30f34        0x0 common/libcommon.a(cmd_ext2.o)
 .glue_7        0xc7e30f34        0x0 common/libcommon.a(cmd_fat.o)
 .glue_7        0xc7e30f34        0x0 common/libcommon.a(cmd_flash.o)
 .glue_7        0xc7e30f34        0x0 common/libcommon.a(cmd_itest.o)
 .glue_7        0xc7e30f34        0x0 common/libcommon.a(cmd_load.o)
 .glue_7        0xc7e30f34        0x0 common/libcommon.a(cmd_mem.o)
 .glue_7        0xc7e30f34        0x0 common/libcommon.a(cmd_misc.o)
 .glue_7        0xc7e30f34        0x0 common/libcommon.a(cmd_mmc.o)
 .glue_7        0xc7e30f34        0x0 common/libcommon.a(cmd_nand.o)
 .glue_7        0xc7e30f34        0x0 common/libcommon.a(cmd_net.o)
 .glue_7        0xc7e30f34        0x0 common/libcommon.a(cmd_nvedit.o)
 .glue_7        0xc7e30f34        0x0 common/libcommon.a(cmd_reginfo.o)
 .glue_7        0xc7e30f34        0x0 common/libcommon.a(cmd_usbd.o)
 .glue_7        0xc7e30f34        0x0 common/libcommon.a(cmd_ximg.o)
 .glue_7        0xc7e30f34        0x0 common/libcommon.a(command.o)
 .glue_7        0xc7e30f34        0x0 common/libcommon.a(console.o)
 .glue_7        0xc7e30f34        0x0 common/libcommon.a(devices.o)
 .glue_7        0xc7e30f34        0x0 common/libcommon.a(dlmalloc.o)
 .glue_7        0xc7e30f34        0x0 common/libcommon.a(env_common.o)
 .glue_7        0xc7e30f34        0x0 common/libcommon.a(exports.o)
 .glue_7        0xc7e30f34        0x0 common/libcommon.a(flash.o)
 .glue_7        0xc7e30f34        0x0 common/libcommon.a(hush.o)
 .glue_7        0xc7e30f34        0x0 common/libcommon.a(lists.o)
 .glue_7        0xc7e30f34        0x0 common/libcommon.a(s_record.o)
 .glue_7        0xc7e30f34        0x0 common/libcommon.a(usb.o)
 .glue_7        0xc7e30f34        0x0 common/libcommon.a(xyzModem.o)
 .glue_7        0xc7e30f34        0x0 common/libcommon.a(cmd_movi.o)
 .glue_7        0xc7e30f34        0x0 common/libcommon.a(cmd_lcd.o)
 .glue_7        0xc7e30f34        0x0 common/libcommon.a(cmd_fastboot.o)
 .glue_7        0xc7e30f34        0x0 common/libcommon.a(cmd_mmc_fdisk.o)
 .glue_7        0xc7e30f34        0x0 common/libcommon.a(env_auto.o)
 .glue_7        0xc7e30f34        0x0 common/libcommon.a(gunzip.o)
 .glue_7        0xc7e30f34        0x0 common/libcommon.a(crc16.o)
 .glue_7        0xc7e30f34        0x0 board/samsung/smdk6450/libsmdk6450.a(smdk6450.o)
 .glue_7        0xc7e30f34        0x0 board/samsung/smdk6450/libsmdk6450.a(flash.o)
 .glue_7        0xc7e30f34        0x0 lib_generic/libgeneric.a(crc32.o)
 .glue_7        0xc7e30f34        0x0 lib_generic/libgeneric.a(ctype.o)
 .glue_7        0xc7e30f34        0x0 lib_generic/libgeneric.a(display_options.o)
 .glue_7        0xc7e30f34        0x0 lib_generic/libgeneric.a(lmb.o)
 .glue_7        0xc7e30f34        0x0 lib_generic/libgeneric.a(string.o)
 .glue_7        0xc7e30f34        0x0 lib_generic/libgeneric.a(vsprintf.o)
 .glue_7        0xc7e30f34        0x0 lib_generic/libgeneric.a(zlib.o)
 .glue_7        0xc7e30f34        0x0 cpu/s5p645x/libs5p645x.a(usb_ohci.o)
 .glue_7        0xc7e30f34        0x0 cpu/s5p645x/libs5p645x.a(nand.o)
 .glue_7        0xc7e30f34        0x0 cpu/s5p645x/libs5p645x.a(usbd-otg-hs.o)
 .glue_7        0xc7e30f34        0x0 cpu/s5p645x/libs5p645x.a(fastboot.o)
 .glue_7        0xc7e30f34        0x0 lib_arm/libarm.a(_ashldi3.o)
 .glue_7        0xc7e30f34        0x0 lib_arm/libarm.a(_ashrdi3.o)
 .glue_7        0xc7e30f34        0x0 lib_arm/libarm.a(_umodsi3.o)
 .glue_7        0xc7e30f34        0x0 lib_arm/libarm.a(bootm.o)
 .glue_7        0xc7e30f34        0x0 lib_arm/libarm.a(cache.o)
 .glue_7        0xc7e30f34        0x0 fs/fat/libfat.a(fat.o)
 .glue_7        0xc7e30f34        0x0 fs/ext2/libext2fs.a(ext2fs.o)
 .glue_7        0xc7e30f34        0x0 fs/ext2/libext2fs.a(dev.o)
 .glue_7        0xc7e30f34        0x0 disk/libdisk.a(part.o)
 .glue_7        0xc7e30f34        0x0 disk/libdisk.a(part_dos.o)
 .glue_7        0xc7e30f34        0x0 drivers/mtd/nand/libnand.a(nand_util.o)
 .glue_7        0xc7e30f34        0x0 drivers/rtc/librtc.a(date.o)
 .glue_7        0xc7e30f34        0x0 drivers/rtc/librtc.a(s5p64xx_rtc.o)
 .glue_7        0xc7e30f34        0x0 lib_generic/libgeneric.a(div64.o)

.glue_7t        0xc7e30f34        0x0
 .glue_7t       0xc7e30f34        0x0 cpu/s5p645x/start.o
 .glue_7t       0xc7e30f34        0x0 cpu/s5p645x/start_irom.o
 .glue_7t       0xc7e30f34        0x0 cpu/s5p645x/s5p6450/cpu_init.o
 .glue_7t       0xc7e30f34        0x0 board/samsung/smdk6450/lowlevel_init.o
 .glue_7t       0xc7e30f34        0x0 cpu/s5p645x/nand_cp.o
 .glue_7t       0xc7e30f34        0x0 cpu/s5p645x/movi.o
 .glue_7t       0xc7e30f34        0x0 cpu/s5p645x/libs5p645x.a(interrupts.o)
 .glue_7t       0xc7e30f34        0x0 cpu/s5p645x/libs5p645x.a(cpu.o)
 .glue_7t       0xc7e30f34        0x0 cpu/s5p645x/libs5p645x.a(setup_hsmmc.o)
 .glue_7t       0xc7e30f34        0x0 cpu/s5p645x/libs5p645x.a(serial.o)
 .glue_7t       0xc7e30f34        0x0 cpu/s5p645x/s5p6450/libs5p6450.a(speed.o)
 .glue_7t       0xc7e30f34        0x0 lib_arm/libarm.a(_udivsi3.o)
 .glue_7t       0xc7e30f34        0x0 lib_arm/libarm.a(board.o)
 .glue_7t       0xc7e30f34        0x0 lib_arm/libarm.a(_divsi3.o)
 .glue_7t       0xc7e30f34        0x0 lib_arm/libarm.a(_modsi3.o)
 .glue_7t       0xc7e30f34        0x0 net/libnet.a(net.o)
 .glue_7t       0xc7e30f34        0x0 net/libnet.a(tftp.o)
 .glue_7t       0xc7e30f34        0x0 net/libnet.a(bootp.o)
 .glue_7t       0xc7e30f34        0x0 net/libnet.a(rarp.o)
 .glue_7t       0xc7e30f34        0x0 net/libnet.a(eth.o)
 .glue_7t       0xc7e30f34        0x0 net/libnet.a(nfs.o)
 .glue_7t       0xc7e30f34        0x0 drivers/mmc/libmmc.a(mmc.o)
 .glue_7t       0xc7e30f34        0x0 drivers/mmc/libmmc.a(s3c_hsmmc.o)
 .glue_7t       0xc7e30f34        0x0 drivers/mtd/nand/libnand.a(nand.o)
 .glue_7t       0xc7e30f34        0x0 drivers/mtd/nand/libnand.a(nand_base.o)
 .glue_7t       0xc7e30f34        0x0 drivers/mtd/nand/libnand.a(nand_ids.o)
 .glue_7t       0xc7e30f34        0x0 drivers/mtd/nand/libnand.a(nand_ecc.o)
 .glue_7t       0xc7e30f34        0x0 drivers/mtd/nand/libnand.a(nand_bbt.o)
 .glue_7t       0xc7e30f34        0x0 drivers/net/libnet.a(dm9000x.o)
 .glue_7t       0xc7e30f34        0x0 common/libcommon.a(main.o)
 .glue_7t       0xc7e30f34        0x0 common/libcommon.a(cmd_autoscript.o)
 .glue_7t       0xc7e30f34        0x0 common/libcommon.a(cmd_bdinfo.o)
 .glue_7t       0xc7e30f34        0x0 common/libcommon.a(image.o)
 .glue_7t       0xc7e30f34        0x0 common/libcommon.a(cmd_boot.o)
 .glue_7t       0xc7e30f34        0x0 common/libcommon.a(cmd_bootm.o)
 .glue_7t       0xc7e30f34        0x0 common/libcommon.a(cmd_cache.o)
 .glue_7t       0xc7e30f34        0x0 common/libcommon.a(cmd_console.o)
 .glue_7t       0xc7e30f34        0x0 common/libcommon.a(cmd_date.o)
 .glue_7t       0xc7e30f34        0x0 common/libcommon.a(cmd_elf.o)
 .glue_7t       0xc7e30f34        0x0 common/libcommon.a(cmd_ext2.o)
 .glue_7t       0xc7e30f34        0x0 common/libcommon.a(cmd_fat.o)
 .glue_7t       0xc7e30f34        0x0 common/libcommon.a(cmd_flash.o)
 .glue_7t       0xc7e30f34        0x0 common/libcommon.a(cmd_itest.o)
 .glue_7t       0xc7e30f34        0x0 common/libcommon.a(cmd_load.o)
 .glue_7t       0xc7e30f34        0x0 common/libcommon.a(cmd_mem.o)
 .glue_7t       0xc7e30f34        0x0 common/libcommon.a(cmd_misc.o)
 .glue_7t       0xc7e30f34        0x0 common/libcommon.a(cmd_mmc.o)
 .glue_7t       0xc7e30f34        0x0 common/libcommon.a(cmd_nand.o)
 .glue_7t       0xc7e30f34        0x0 common/libcommon.a(cmd_net.o)
 .glue_7t       0xc7e30f34        0x0 common/libcommon.a(cmd_nvedit.o)
 .glue_7t       0xc7e30f34        0x0 common/libcommon.a(cmd_reginfo.o)
 .glue_7t       0xc7e30f34        0x0 common/libcommon.a(cmd_usbd.o)
 .glue_7t       0xc7e30f34        0x0 common/libcommon.a(cmd_ximg.o)
 .glue_7t       0xc7e30f34        0x0 common/libcommon.a(command.o)
 .glue_7t       0xc7e30f34        0x0 common/libcommon.a(console.o)
 .glue_7t       0xc7e30f34        0x0 common/libcommon.a(devices.o)
 .glue_7t       0xc7e30f34        0x0 common/libcommon.a(dlmalloc.o)
 .glue_7t       0xc7e30f34        0x0 common/libcommon.a(env_common.o)
 .glue_7t       0xc7e30f34        0x0 common/libcommon.a(exports.o)
 .glue_7t       0xc7e30f34        0x0 common/libcommon.a(flash.o)
 .glue_7t       0xc7e30f34        0x0 common/libcommon.a(hush.o)
 .glue_7t       0xc7e30f34        0x0 common/libcommon.a(lists.o)
 .glue_7t       0xc7e30f34        0x0 common/libcommon.a(s_record.o)
 .glue_7t       0xc7e30f34        0x0 common/libcommon.a(usb.o)
 .glue_7t       0xc7e30f34        0x0 common/libcommon.a(xyzModem.o)
 .glue_7t       0xc7e30f34        0x0 common/libcommon.a(cmd_movi.o)
 .glue_7t       0xc7e30f34        0x0 common/libcommon.a(cmd_lcd.o)
 .glue_7t       0xc7e30f34        0x0 common/libcommon.a(cmd_fastboot.o)
 .glue_7t       0xc7e30f34        0x0 common/libcommon.a(cmd_mmc_fdisk.o)
 .glue_7t       0xc7e30f34        0x0 common/libcommon.a(env_auto.o)
 .glue_7t       0xc7e30f34        0x0 common/libcommon.a(gunzip.o)
 .glue_7t       0xc7e30f34        0x0 common/libcommon.a(crc16.o)
 .glue_7t       0xc7e30f34        0x0 board/samsung/smdk6450/libsmdk6450.a(smdk6450.o)
 .glue_7t       0xc7e30f34        0x0 board/samsung/smdk6450/libsmdk6450.a(flash.o)
 .glue_7t       0xc7e30f34        0x0 lib_generic/libgeneric.a(crc32.o)
 .glue_7t       0xc7e30f34        0x0 lib_generic/libgeneric.a(ctype.o)
 .glue_7t       0xc7e30f34        0x0 lib_generic/libgeneric.a(display_options.o)
 .glue_7t       0xc7e30f34        0x0 lib_generic/libgeneric.a(lmb.o)
 .glue_7t       0xc7e30f34        0x0 lib_generic/libgeneric.a(string.o)
 .glue_7t       0xc7e30f34        0x0 lib_generic/libgeneric.a(vsprintf.o)
 .glue_7t       0xc7e30f34        0x0 lib_generic/libgeneric.a(zlib.o)
 .glue_7t       0xc7e30f34        0x0 cpu/s5p645x/libs5p645x.a(usb_ohci.o)
 .glue_7t       0xc7e30f34        0x0 cpu/s5p645x/libs5p645x.a(nand.o)
 .glue_7t       0xc7e30f34        0x0 cpu/s5p645x/libs5p645x.a(usbd-otg-hs.o)
 .glue_7t       0xc7e30f34        0x0 cpu/s5p645x/libs5p645x.a(fastboot.o)
 .glue_7t       0xc7e30f34        0x0 lib_arm/libarm.a(_ashldi3.o)
 .glue_7t       0xc7e30f34        0x0 lib_arm/libarm.a(_ashrdi3.o)
 .glue_7t       0xc7e30f34        0x0 lib_arm/libarm.a(_umodsi3.o)
 .glue_7t       0xc7e30f34        0x0 lib_arm/libarm.a(bootm.o)
 .glue_7t       0xc7e30f34        0x0 lib_arm/libarm.a(cache.o)
 .glue_7t       0xc7e30f34        0x0 fs/fat/libfat.a(fat.o)
 .glue_7t       0xc7e30f34        0x0 fs/ext2/libext2fs.a(ext2fs.o)
 .glue_7t       0xc7e30f34        0x0 fs/ext2/libext2fs.a(dev.o)
 .glue_7t       0xc7e30f34        0x0 disk/libdisk.a(part.o)
 .glue_7t       0xc7e30f34        0x0 disk/libdisk.a(part_dos.o)
 .glue_7t       0xc7e30f34        0x0 drivers/mtd/nand/libnand.a(nand_util.o)
 .glue_7t       0xc7e30f34        0x0 drivers/rtc/librtc.a(date.o)
 .glue_7t       0xc7e30f34        0x0 drivers/rtc/librtc.a(s5p64xx_rtc.o)
 .glue_7t       0xc7e30f34        0x0 lib_generic/libgeneric.a(div64.o)

.vfp11_veneer   0xc7e30f34        0x0
 .vfp11_veneer  0xc7e30f34        0x0 cpu/s5p645x/start.o
 .vfp11_veneer  0xc7e30f34        0x0 cpu/s5p645x/start_irom.o
 .vfp11_veneer  0xc7e30f34        0x0 cpu/s5p645x/s5p6450/cpu_init.o
 .vfp11_veneer  0xc7e30f34        0x0 board/samsung/smdk6450/lowlevel_init.o
 .vfp11_veneer  0xc7e30f34        0x0 cpu/s5p645x/nand_cp.o
 .vfp11_veneer  0xc7e30f34        0x0 cpu/s5p645x/movi.o
 .vfp11_veneer  0xc7e30f34        0x0 cpu/s5p645x/libs5p645x.a(interrupts.o)
 .vfp11_veneer  0xc7e30f34        0x0 cpu/s5p645x/libs5p645x.a(cpu.o)
 .vfp11_veneer  0xc7e30f34        0x0 cpu/s5p645x/libs5p645x.a(setup_hsmmc.o)
 .vfp11_veneer  0xc7e30f34        0x0 cpu/s5p645x/libs5p645x.a(serial.o)
 .vfp11_veneer  0xc7e30f34        0x0 cpu/s5p645x/s5p6450/libs5p6450.a(speed.o)
 .vfp11_veneer  0xc7e30f34        0x0 lib_arm/libarm.a(_udivsi3.o)
 .vfp11_veneer  0xc7e30f34        0x0 lib_arm/libarm.a(board.o)
 .vfp11_veneer  0xc7e30f34        0x0 lib_arm/libarm.a(_divsi3.o)
 .vfp11_veneer  0xc7e30f34        0x0 lib_arm/libarm.a(_modsi3.o)
 .vfp11_veneer  0xc7e30f34        0x0 net/libnet.a(net.o)
 .vfp11_veneer  0xc7e30f34        0x0 net/libnet.a(tftp.o)
 .vfp11_veneer  0xc7e30f34        0x0 net/libnet.a(bootp.o)
 .vfp11_veneer  0xc7e30f34        0x0 net/libnet.a(rarp.o)
 .vfp11_veneer  0xc7e30f34        0x0 net/libnet.a(eth.o)
 .vfp11_veneer  0xc7e30f34        0x0 net/libnet.a(nfs.o)
 .vfp11_veneer  0xc7e30f34        0x0 drivers/mmc/libmmc.a(mmc.o)
 .vfp11_veneer  0xc7e30f34        0x0 drivers/mmc/libmmc.a(s3c_hsmmc.o)
 .vfp11_veneer  0xc7e30f34        0x0 drivers/mtd/nand/libnand.a(nand.o)
 .vfp11_veneer  0xc7e30f34        0x0 drivers/mtd/nand/libnand.a(nand_base.o)
 .vfp11_veneer  0xc7e30f34        0x0 drivers/mtd/nand/libnand.a(nand_ids.o)
 .vfp11_veneer  0xc7e30f34        0x0 drivers/mtd/nand/libnand.a(nand_ecc.o)
 .vfp11_veneer  0xc7e30f34        0x0 drivers/mtd/nand/libnand.a(nand_bbt.o)
 .vfp11_veneer  0xc7e30f34        0x0 drivers/net/libnet.a(dm9000x.o)
 .vfp11_veneer  0xc7e30f34        0x0 common/libcommon.a(main.o)
 .vfp11_veneer  0xc7e30f34        0x0 common/libcommon.a(cmd_autoscript.o)
 .vfp11_veneer  0xc7e30f34        0x0 common/libcommon.a(cmd_bdinfo.o)
 .vfp11_veneer  0xc7e30f34        0x0 common/libcommon.a(image.o)
 .vfp11_veneer  0xc7e30f34        0x0 common/libcommon.a(cmd_boot.o)
 .vfp11_veneer  0xc7e30f34        0x0 common/libcommon.a(cmd_bootm.o)
 .vfp11_veneer  0xc7e30f34        0x0 common/libcommon.a(cmd_cache.o)
 .vfp11_veneer  0xc7e30f34        0x0 common/libcommon.a(cmd_console.o)
 .vfp11_veneer  0xc7e30f34        0x0 common/libcommon.a(cmd_date.o)
 .vfp11_veneer  0xc7e30f34        0x0 common/libcommon.a(cmd_elf.o)
 .vfp11_veneer  0xc7e30f34        0x0 common/libcommon.a(cmd_ext2.o)
 .vfp11_veneer  0xc7e30f34        0x0 common/libcommon.a(cmd_fat.o)
 .vfp11_veneer  0xc7e30f34        0x0 common/libcommon.a(cmd_flash.o)
 .vfp11_veneer  0xc7e30f34        0x0 common/libcommon.a(cmd_itest.o)
 .vfp11_veneer  0xc7e30f34        0x0 common/libcommon.a(cmd_load.o)
 .vfp11_veneer  0xc7e30f34        0x0 common/libcommon.a(cmd_mem.o)
 .vfp11_veneer  0xc7e30f34        0x0 common/libcommon.a(cmd_misc.o)
 .vfp11_veneer  0xc7e30f34        0x0 common/libcommon.a(cmd_mmc.o)
 .vfp11_veneer  0xc7e30f34        0x0 common/libcommon.a(cmd_nand.o)
 .vfp11_veneer  0xc7e30f34        0x0 common/libcommon.a(cmd_net.o)
 .vfp11_veneer  0xc7e30f34        0x0 common/libcommon.a(cmd_nvedit.o)
 .vfp11_veneer  0xc7e30f34        0x0 common/libcommon.a(cmd_reginfo.o)
 .vfp11_veneer  0xc7e30f34        0x0 common/libcommon.a(cmd_usbd.o)
 .vfp11_veneer  0xc7e30f34        0x0 common/libcommon.a(cmd_ximg.o)
 .vfp11_veneer  0xc7e30f34        0x0 common/libcommon.a(command.o)
 .vfp11_veneer  0xc7e30f34        0x0 common/libcommon.a(console.o)
 .vfp11_veneer  0xc7e30f34        0x0 common/libcommon.a(devices.o)
 .vfp11_veneer  0xc7e30f34        0x0 common/libcommon.a(dlmalloc.o)
 .vfp11_veneer  0xc7e30f34        0x0 common/libcommon.a(env_common.o)
 .vfp11_veneer  0xc7e30f34        0x0 common/libcommon.a(exports.o)
 .vfp11_veneer  0xc7e30f34        0x0 common/libcommon.a(flash.o)
 .vfp11_veneer  0xc7e30f34        0x0 common/libcommon.a(hush.o)
 .vfp11_veneer  0xc7e30f34        0x0 common/libcommon.a(lists.o)
 .vfp11_veneer  0xc7e30f34        0x0 common/libcommon.a(s_record.o)
 .vfp11_veneer  0xc7e30f34        0x0 common/libcommon.a(usb.o)
 .vfp11_veneer  0xc7e30f34        0x0 common/libcommon.a(xyzModem.o)
 .vfp11_veneer  0xc7e30f34        0x0 common/libcommon.a(cmd_movi.o)
 .vfp11_veneer  0xc7e30f34        0x0 common/libcommon.a(cmd_lcd.o)
 .vfp11_veneer  0xc7e30f34        0x0 common/libcommon.a(cmd_fastboot.o)
 .vfp11_veneer  0xc7e30f34        0x0 common/libcommon.a(cmd_mmc_fdisk.o)
 .vfp11_veneer  0xc7e30f34        0x0 common/libcommon.a(env_auto.o)
 .vfp11_veneer  0xc7e30f34        0x0 common/libcommon.a(gunzip.o)
 .vfp11_veneer  0xc7e30f34        0x0 common/libcommon.a(crc16.o)
 .vfp11_veneer  0xc7e30f34        0x0 board/samsung/smdk6450/libsmdk6450.a(smdk6450.o)
 .vfp11_veneer  0xc7e30f34        0x0 board/samsung/smdk6450/libsmdk6450.a(flash.o)
 .vfp11_veneer  0xc7e30f34        0x0 lib_generic/libgeneric.a(crc32.o)
 .vfp11_veneer  0xc7e30f34        0x0 lib_generic/libgeneric.a(ctype.o)
 .vfp11_veneer  0xc7e30f34        0x0 lib_generic/libgeneric.a(display_options.o)
 .vfp11_veneer  0xc7e30f34        0x0 lib_generic/libgeneric.a(lmb.o)
 .vfp11_veneer  0xc7e30f34        0x0 lib_generic/libgeneric.a(string.o)
 .vfp11_veneer  0xc7e30f34        0x0 lib_generic/libgeneric.a(vsprintf.o)
 .vfp11_veneer  0xc7e30f34        0x0 lib_generic/libgeneric.a(zlib.o)
 .vfp11_veneer  0xc7e30f34        0x0 cpu/s5p645x/libs5p645x.a(usb_ohci.o)
 .vfp11_veneer  0xc7e30f34        0x0 cpu/s5p645x/libs5p645x.a(nand.o)
 .vfp11_veneer  0xc7e30f34        0x0 cpu/s5p645x/libs5p645x.a(usbd-otg-hs.o)
 .vfp11_veneer  0xc7e30f34        0x0 cpu/s5p645x/libs5p645x.a(fastboot.o)
 .vfp11_veneer  0xc7e30f34        0x0 lib_arm/libarm.a(_ashldi3.o)
 .vfp11_veneer  0xc7e30f34        0x0 lib_arm/libarm.a(_ashrdi3.o)
 .vfp11_veneer  0xc7e30f34        0x0 lib_arm/libarm.a(_umodsi3.o)
 .vfp11_veneer  0xc7e30f34        0x0 lib_arm/libarm.a(bootm.o)
 .vfp11_veneer  0xc7e30f34        0x0 lib_arm/libarm.a(cache.o)
 .vfp11_veneer  0xc7e30f34        0x0 fs/fat/libfat.a(fat.o)
 .vfp11_veneer  0xc7e30f34        0x0 fs/ext2/libext2fs.a(ext2fs.o)
 .vfp11_veneer  0xc7e30f34        0x0 fs/ext2/libext2fs.a(dev.o)
 .vfp11_veneer  0xc7e30f34        0x0 disk/libdisk.a(part.o)
 .vfp11_veneer  0xc7e30f34        0x0 disk/libdisk.a(part_dos.o)
 .vfp11_veneer  0xc7e30f34        0x0 drivers/mtd/nand/libnand.a(nand_util.o)
 .vfp11_veneer  0xc7e30f34        0x0 drivers/rtc/librtc.a(date.o)
 .vfp11_veneer  0xc7e30f34        0x0 drivers/rtc/librtc.a(s5p64xx_rtc.o)
 .vfp11_veneer  0xc7e30f34        0x0 lib_generic/libgeneric.a(div64.o)
                0xc7e30f34                . = ALIGN (0x4)

.rodata         0xc7e30f34      0xa78
 *(.rodata)
 .rodata        0xc7e30f34       0x80 cpu/s5p645x/libs5p645x.a(interrupts.o)
 .rodata        0xc7e30fb4       0x38 lib_arm/libarm.a(board.o)
                0xc7e30fb4                version_string
 .rodata        0xc7e30fec        0x8 net/libnet.a(net.o)
 .rodata        0xc7e30ff4        0x8 drivers/mtd/nand/libnand.a(nand.o)
 .rodata        0xc7e30ffc       0x48 drivers/mtd/nand/libnand.a(nand_base.o)
 .rodata        0xc7e31044      0x100 drivers/mtd/nand/libnand.a(nand_ecc.o)
 .rodata        0xc7e31144       0x14 common/libcommon.a(cmd_nvedit.o)
 .rodata        0xc7e31158       0x34 common/libcommon.a(cmd_fastboot.o)
 .rodata        0xc7e3118c      0x200 common/libcommon.a(crc16.o)
 .rodata        0xc7e3138c      0x400 lib_generic/libgeneric.a(crc32.o)
 .rodata        0xc7e3178c       0x90 lib_generic/libgeneric.a(zlib.o)
 .rodata        0xc7e3181c       0xa2 cpu/s5p645x/libs5p645x.a(usbd-otg-hs.o)
                0xc7e3181c                string_desc0
                0xc7e3189e                config_high_total
                0xc7e31875                config_full_total
                0xc7e31895                config_high
                0xc7e31820                string_desc1
                0xc7e31862                qualifier_desc
                0xc7e3186c                config_full
                0xc7e31836                string_desc2
 *fill*         0xc7e318be        0x2 00
 .rodata        0xc7e318c0       0xac cpu/s5p645x/libs5p645x.a(fastboot.o)
                0xc7e318c6                fboot_string_desc1
                0xc7e31941                fboot_config_high
                0xc7e318de                fboot_string_desc2
                0xc7e31918                fboot_config_full
                0xc7e318c2                fboot_string_desc0
                0xc7e318f6                string_desc3
                0xc7e3194a                fboot_config_high_total
                0xc7e31921                fboot_config_full_total
                0xc7e3190e                fboot_qualifier_desc
 .rodata        0xc7e3196c       0x10 disk/libdisk.a(part.o)
 .rodata        0xc7e3197c       0x30 drivers/rtc/librtc.a(date.o)

.rodata.str1.4  0xc7e319ac     0x915c
 .rodata.str1.4
                0xc7e319ac        0xc cpu/s5p645x/movi.o
 .rodata.str1.4
                0xc7e319b8      0x297 cpu/s5p645x/libs5p645x.a(interrupts.o)
                                0x29c (size before relaxing)
 *fill*         0xc7e31c4f        0x1 00
 .rodata.str1.4
                0xc7e31c50        0xd cpu/s5p645x/libs5p645x.a(cpu.o)
                                 0x10 (size before relaxing)
 *fill*         0xc7e31c5d        0x3 00
 .rodata.str1.4
                0xc7e31c60       0x57 cpu/s5p645x/libs5p645x.a(setup_hsmmc.o)
                                 0x58 (size before relaxing)
 *fill*         0xc7e31cb7        0x1 00
 .rodata.str1.4
                0xc7e31cb8       0x62 cpu/s5p645x/s5p6450/libs5p6450.a(speed.o)
                                 0x64 (size before relaxing)
 *fill*         0xc7e31d1a        0x2 00
 .rodata.str1.4
                0xc7e31d1c       0xab lib_arm/libarm.a(board.o)
                                 0xb0 (size before relaxing)
 *fill*         0xc7e31dc7        0x1 00
 .rodata.str1.4
                0xc7e31dc8      0x1e5 net/libnet.a(net.o)
                                0x1ec (size before relaxing)
 *fill*         0xc7e31fad        0x3 00
 .rodata.str1.4
                0xc7e31fb0      0x1e1 net/libnet.a(tftp.o)
                                0x1ec (size before relaxing)
 *fill*         0xc7e32191        0x3 00
 .rodata.str1.4
                0xc7e32194      0x115 net/libnet.a(bootp.o)
                                0x14c (size before relaxing)
 *fill*         0xc7e322a9        0x3 00
 .rodata.str1.4
                0xc7e322ac       0x13 net/libnet.a(rarp.o)
                                 0x4c (size before relaxing)
 *fill*         0xc7e322bf        0x1 00
 .rodata.str1.4
                0xc7e322c0      0x101 net/libnet.a(nfs.o)
                                0x18c (size before relaxing)
 *fill*         0xc7e323c1        0x3 00
 .rodata.str1.4
                0xc7e323c4      0x268 drivers/mmc/libmmc.a(mmc.o)
                                0x26c (size before relaxing)
 .rodata.str1.4
                0xc7e3262c      0x113 drivers/mmc/libmmc.a(s3c_hsmmc.o)
                                0x114 (size before relaxing)
 *fill*         0xc7e3273f        0x1 00
 .rodata.str1.4
                0xc7e32740        0x7 drivers/mtd/nand/libnand.a(nand.o)
                                  0xc (size before relaxing)
 *fill*         0xc7e32747        0x1 00
 .rodata.str1.4
                0xc7e32748      0x251 drivers/mtd/nand/libnand.a(nand_base.o)
                                0x254 (size before relaxing)
 *fill*         0xc7e32999        0x3 00
 .rodata.str1.4
                0xc7e3299c      0x444 drivers/mtd/nand/libnand.a(nand_ids.o)
 .rodata.str1.4
                0xc7e32de0      0x284 drivers/mtd/nand/libnand.a(nand_bbt.o)
 .rodata.str1.4
                0xc7e33064      0x232 drivers/net/libnet.a(dm9000x.o)
                                0x23c (size before relaxing)
 *fill*         0xc7e33296        0x2 00
 .rodata.str1.4
                0xc7e33298       0xfc common/libcommon.a(main.o)
                                0x100 (size before relaxing)
 .rodata.str1.4
                0xc7e33394      0x11b common/libcommon.a(cmd_autoscript.o)
                                0x11c (size before relaxing)
 *fill*         0xc7e334af        0x1 00
 .rodata.str1.4
                0xc7e334b0       0xbe common/libcommon.a(cmd_bdinfo.o)
                                 0xc0 (size before relaxing)
 *fill*         0xc7e3356e        0x2 00
 .rodata.str1.4
                0xc7e33570      0x554 common/libcommon.a(image.o)
                                0x588 (size before relaxing)
 .rodata.str1.4
                0xc7e33ac4      0x10f common/libcommon.a(cmd_boot.o)
                                0x11c (size before relaxing)
 *fill*         0xc7e33bd3        0x1 00
 .rodata.str1.4
                0xc7e33bd4      0x76b common/libcommon.a(cmd_bootm.o)
                                0x98c (size before relaxing)
 *fill*         0xc7e3433f        0x1 00
 .rodata.str1.4
                0xc7e34340      0x125 common/libcommon.a(cmd_cache.o)
                                0x13c (size before relaxing)
 *fill*         0xc7e34465        0x3 00
 .rodata.str1.4
                0xc7e34468       0x6d common/libcommon.a(cmd_console.o)
                                 0x74 (size before relaxing)
 *fill*         0xc7e344d5        0x3 00
 .rodata.str1.4
                0xc7e344d8      0x16c common/libcommon.a(cmd_date.o)
                                0x180 (size before relaxing)
 .rodata.str1.4
                0xc7e34644      0x2b9 common/libcommon.a(cmd_elf.o)
                                0x2c8 (size before relaxing)
 *fill*         0xc7e348fd        0x3 00
 .rodata.str1.4
                0xc7e34900      0x4af common/libcommon.a(cmd_ext2.o)
                                0x4f0 (size before relaxing)
 *fill*         0xc7e34daf        0x1 00
 .rodata.str1.4
                0xc7e34db0      0x3e8 common/libcommon.a(cmd_fat.o)
                                0x550 (size before relaxing)
 .rodata.str1.4
                0xc7e35198      0x60f common/libcommon.a(cmd_flash.o)
                                0x628 (size before relaxing)
 *fill*         0xc7e357a7        0x1 00
 .rodata.str1.4
                0xc7e357a8       0xcf common/libcommon.a(cmd_itest.o)
                                 0xdc (size before relaxing)
 *fill*         0xc7e35877        0x1 00
 .rodata.str1.4
                0xc7e35878      0x377 common/libcommon.a(cmd_load.o)
                                0x398 (size before relaxing)
 *fill*         0xc7e35bef        0x1 00
 .rodata.str1.4
                0xc7e35bf0      0x5fa common/libcommon.a(cmd_mem.o)
                                0x620 (size before relaxing)
 *fill*         0xc7e361ea        0x2 00
 .rodata.str1.4
                0xc7e361ec       0x70 common/libcommon.a(cmd_misc.o)
                                 0x7c (size before relaxing)
 .rodata.str1.4
                0xc7e3625c      0x24c common/libcommon.a(cmd_mmc.o)
                                0x25c (size before relaxing)
 .rodata.str1.4
                0xc7e364a8      0x985 common/libcommon.a(cmd_nand.o)
                                0x9cc (size before relaxing)
 *fill*         0xc7e36e2d        0x3 00
 .rodata.str1.4
                0xc7e36e30      0x265 common/libcommon.a(cmd_net.o)
                                0x2bc (size before relaxing)
 *fill*         0xc7e37095        0x3 00
 .rodata.str1.4
                0xc7e37098      0x323 common/libcommon.a(cmd_nvedit.o)
                                0x3b4 (size before relaxing)
 *fill*         0xc7e373bb        0x1 00
 .rodata.str1.4
                0xc7e373bc       0x2e common/libcommon.a(cmd_reginfo.o)
                                 0x30 (size before relaxing)
 *fill*         0xc7e373ea        0x2 00
 .rodata.str1.4
                0xc7e373ec       0x94 common/libcommon.a(cmd_usbd.o)
                                 0xa0 (size before relaxing)
 .rodata.str1.4
                0xc7e37480      0x126 common/libcommon.a(cmd_ximg.o)
                                0x1c8 (size before relaxing)
 *fill*         0xc7e375a6        0x2 00
 .rodata.str1.4
                0xc7e375a8      0x324 common/libcommon.a(command.o)
                                0x34c (size before relaxing)
 .rodata.str1.4
                0xc7e378cc       0x81 common/libcommon.a(console.o)
                                 0x88 (size before relaxing)
 *fill*         0xc7e3794d        0x3 00
 .rodata.str1.4
                0xc7e37950       0x2f common/libcommon.a(devices.o)
                                 0x48 (size before relaxing)
 *fill*         0xc7e3797f        0x1 00
 .rodata.str1.4
                0xc7e37980       0x33 common/libcommon.a(env_common.o)
                                 0x34 (size before relaxing)
 *fill*         0xc7e379b3        0x1 00
 .rodata.str1.4
                0xc7e379b4      0x120 common/libcommon.a(flash.o)
 .rodata.str1.4
                0xc7e37ad4      0x18d common/libcommon.a(hush.o)
                                0x1f0 (size before relaxing)
 *fill*         0xc7e37c61        0x3 00
 .rodata.str1.4
                0xc7e37c64      0x278 common/libcommon.a(usb.o)
 .rodata.str1.4
                0xc7e37edc       0xf1 common/libcommon.a(xyzModem.o)
                                 0xf8 (size before relaxing)
 *fill*         0xc7e37fcd        0x3 00
 .rodata.str1.4
                0xc7e37fd0      0x31e common/libcommon.a(cmd_movi.o)
                                0x354 (size before relaxing)
 *fill*         0xc7e382ee        0x2 00
 .rodata.str1.4
                0xc7e382f0       0x13 common/libcommon.a(cmd_lcd.o)
                                 0x14 (size before relaxing)
 *fill*         0xc7e38303        0x1 00
 .rodata.str1.4
                0xc7e38304      0xa44 common/libcommon.a(cmd_fastboot.o)
                                0xae8 (size before relaxing)
 .rodata.str1.4
                0xc7e38d48      0x271 common/libcommon.a(cmd_mmc_fdisk.o)
                                0x278 (size before relaxing)
 *fill*         0xc7e38fb9        0x3 00
 .rodata.str1.4
                0xc7e38fbc      0x18d common/libcommon.a(env_auto.o)
                                0x198 (size before relaxing)
 *fill*         0xc7e39149        0x3 00
 .rodata.str1.4
                0xc7e3914c       0x86 common/libcommon.a(gunzip.o)
                                 0x88 (size before relaxing)
 *fill*         0xc7e391d2        0x2 00
 .rodata.str1.4
                0xc7e391d4       0x5b board/samsung/smdk6450/libsmdk6450.a(smdk6450.o)
                                 0x5c (size before relaxing)
 *fill*         0xc7e3922f        0x1 00
 .rodata.str1.4
                0xc7e39230       0xf9 board/samsung/smdk6450/libsmdk6450.a(flash.o)
                                0x108 (size before relaxing)
 *fill*         0xc7e39329        0x3 00
 .rodata.str1.4
                0xc7e3932c       0x17 lib_generic/libgeneric.a(display_options.o)
                                 0x48 (size before relaxing)
 *fill*         0xc7e39343        0x1 00
 .rodata.str1.4
                0xc7e39344       0x34 lib_generic/libgeneric.a(lmb.o)
 .rodata.str1.4
                0xc7e39378       0x57 lib_generic/libgeneric.a(vsprintf.o)
                                 0x58 (size before relaxing)
 *fill*         0xc7e393cf        0x1 00
 .rodata.str1.4
                0xc7e393d0      0x20d lib_generic/libgeneric.a(zlib.o)
                                0x214 (size before relaxing)
 *fill*         0xc7e395dd        0x3 00
 .rodata.str1.4
                0xc7e395e0       0xc5 cpu/s5p645x/libs5p645x.a(usb_ohci.o)
                                 0xc8 (size before relaxing)
 *fill*         0xc7e396a5        0x3 00
 .rodata.str1.4
                0xc7e396a8       0xbc cpu/s5p645x/libs5p645x.a(nand.o)
 .rodata.str1.4
                0xc7e39764      0x14e cpu/s5p645x/libs5p645x.a(usbd-otg-hs.o)
                                0x158 (size before relaxing)
 *fill*         0xc7e398b2        0x2 00
 .rodata.str1.4
                0xc7e398b4       0x5b cpu/s5p645x/libs5p645x.a(fastboot.o)
                                0x178 (size before relaxing)
 *fill*         0xc7e3990f        0x1 00
 .rodata.str1.4
                0xc7e39910       0x6f lib_arm/libarm.a(bootm.o)
                                 0x7c (size before relaxing)
 *fill*         0xc7e3997f        0x1 00
 .rodata.str1.4
                0xc7e39980      0x39a fs/fat/libfat.a(fat.o)
                                0x3b0 (size before relaxing)
 *fill*         0xc7e39d1a        0x2 00
 .rodata.str1.4
                0xc7e39d1c      0x527 fs/ext2/libext2fs.a(ext2fs.o)
                                0x5b8 (size before relaxing)
 *fill*         0xc7e3a243        0x1 00
 .rodata.str1.4
                0xc7e3a244       0xe1 fs/ext2/libext2fs.a(dev.o)
                                 0xe4 (size before relaxing)
 *fill*         0xc7e3a325        0x3 00
 .rodata.str1.4
                0xc7e3a328      0x189 disk/libdisk.a(part.o)
                                0x1b0 (size before relaxing)
 *fill*         0xc7e3a4b1        0x3 00
 .rodata.str1.4
                0xc7e3a4b4       0xf9 disk/libdisk.a(part_dos.o)
                                0x10c (size before relaxing)
 *fill*         0xc7e3a5ad        0x3 00
 .rodata.str1.4
                0xc7e3a5b0      0x558 drivers/mtd/nand/libnand.a(nand_util.o)
                                0x55c (size before relaxing)
                0xc7e3ab08                . = ALIGN (0x4)

.data           0xc7e3ab08     0x2b1c
 *(.data)
 .data          0xc7e3ab08        0x0 cpu/s5p645x/start.o
 .data          0xc7e3ab08        0x0 cpu/s5p645x/start_irom.o
 .data          0xc7e3ab08        0x0 cpu/s5p645x/s5p6450/cpu_init.o
 .data          0xc7e3ab08        0x0 board/samsung/smdk6450/lowlevel_init.o
 .data          0xc7e3ab08        0x0 cpu/s5p645x/nand_cp.o
 .data          0xc7e3ab08        0x0 cpu/s5p645x/movi.o
 .data          0xc7e3ab08        0x0 cpu/s5p645x/libs5p645x.a(interrupts.o)
 .data          0xc7e3ab08        0x0 cpu/s5p645x/libs5p645x.a(cpu.o)
 .data          0xc7e3ab08        0x0 cpu/s5p645x/libs5p645x.a(setup_hsmmc.o)
 .data          0xc7e3ab08        0x0 cpu/s5p645x/libs5p645x.a(serial.o)
 .data          0xc7e3ab08        0x0 cpu/s5p645x/s5p6450/libs5p6450.a(speed.o)
 .data          0xc7e3ab08        0x0 lib_arm/libarm.a(_udivsi3.o)
 .data          0xc7e3ab08       0x30 lib_arm/libarm.a(board.o)
                0xc7e3ab08                init_sequence
 .data          0xc7e3ab38        0x0 lib_arm/libarm.a(_divsi3.o)
 .data          0xc7e3ab38        0x0 lib_arm/libarm.a(_modsi3.o)
 .data          0xc7e3ab38        0xa net/libnet.a(net.o)
                0xc7e3ab38                NetBcastAddr
                0xc7e3ab40                NetOurNativeVLAN
                0xc7e3ab3e                NetOurVLAN
 .data          0xc7e3ab42        0x2 net/libnet.a(tftp.o)
 .data          0xc7e3ab44        0x0 net/libnet.a(bootp.o)
 .data          0xc7e3ab44        0x0 net/libnet.a(rarp.o)
 .data          0xc7e3ab44        0x0 net/libnet.a(eth.o)
 .data          0xc7e3ab44        0x4 net/libnet.a(nfs.o)
 .data          0xc7e3ab48        0x4 drivers/mmc/libmmc.a(mmc.o)
 .data          0xc7e3ab4c        0x0 drivers/mmc/libmmc.a(s3c_hsmmc.o)
 .data          0xc7e3ab4c        0x4 drivers/mtd/nand/libnand.a(nand.o)
                0xc7e3ab4c                nand_curr_device
 .data          0xc7e3ab50      0x940 drivers/mtd/nand/libnand.a(nand_base.o)
 .data          0xc7e3b490      0x5c8 drivers/mtd/nand/libnand.a(nand_ids.o)
                0xc7e3ba18                nand_manuf_ids
                0xc7e3b490                nand_flash_ids
 .data          0xc7e3ba58        0x0 drivers/mtd/nand/libnand.a(nand_ecc.o)
 .data          0xc7e3ba58      0x10c drivers/mtd/nand/libnand.a(nand_bbt.o)
 .data          0xc7e3bb64        0x0 drivers/net/libnet.a(dm9000x.o)
 .data          0xc7e3bb64        0x4 common/libcommon.a(main.o)
 .data          0xc7e3bb68        0x0 common/libcommon.a(cmd_autoscript.o)
 .data          0xc7e3bb68        0x0 common/libcommon.a(cmd_bdinfo.o)
 .data          0xc7e3bb68      0x1f8 common/libcommon.a(image.o)
 .data          0xc7e3bd60        0x0 common/libcommon.a(cmd_boot.o)
 .data          0xc7e3bd60        0x4 common/libcommon.a(cmd_bootm.o)
                0xc7e3bd60                load_addr
 .data          0xc7e3bd64        0x0 common/libcommon.a(cmd_cache.o)
 .data          0xc7e3bd64        0x0 common/libcommon.a(cmd_console.o)
 .data          0xc7e3bd64       0x1c common/libcommon.a(cmd_date.o)
                0xc7e3bd64                weekdays
 .data          0xc7e3bd80        0x0 common/libcommon.a(cmd_elf.o)
 .data          0xc7e3bd80        0x0 common/libcommon.a(cmd_ext2.o)
 .data          0xc7e3bd80        0x0 common/libcommon.a(cmd_fat.o)
 .data          0xc7e3bd80        0x0 common/libcommon.a(cmd_flash.o)
 .data          0xc7e3bd80       0x68 common/libcommon.a(cmd_itest.o)
                0xc7e3bd80                op_table
 .data          0xc7e3bde8        0x4 common/libcommon.a(cmd_load.o)
 .data          0xc7e3bdec        0x4 common/libcommon.a(cmd_mem.o)
                0xc7e3bdec                dp_last_length
 .data          0xc7e3bdf0        0x0 common/libcommon.a(cmd_misc.o)
 .data          0xc7e3bdf0        0x0 common/libcommon.a(cmd_mmc.o)
 .data          0xc7e3bdf0        0x0 common/libcommon.a(cmd_nand.o)
 .data          0xc7e3bdf0        0x0 common/libcommon.a(cmd_net.o)
 .data          0xc7e3bdf0        0x0 common/libcommon.a(cmd_nvedit.o)
 .data          0xc7e3bdf0        0x0 common/libcommon.a(cmd_reginfo.o)
 .data          0xc7e3bdf0        0x0 common/libcommon.a(cmd_usbd.o)
 .data          0xc7e3bdf0        0x0 common/libcommon.a(cmd_ximg.o)
 .data          0xc7e3bdf0        0x0 common/libcommon.a(command.o)
 .data          0xc7e3bdf0        0x0 common/libcommon.a(console.o)
 .data          0xc7e3bdf0        0xc common/libcommon.a(devices.o)
                0xc7e3bdf0                stdio_names
 .data          0xc7e3bdfc      0x414 common/libcommon.a(dlmalloc.o)
 .data          0xc7e3c210      0x10c common/libcommon.a(env_common.o)
                0xc7e3c210                default_environment
                0xc7e3c318                default_environment_size
 .data          0xc7e3c31c        0x0 common/libcommon.a(exports.o)
 .data          0xc7e3c31c        0x0 common/libcommon.a(flash.o)
 .data          0xc7e3c31c       0x84 common/libcommon.a(hush.o)
 .data          0xc7e3c3a0        0x0 common/libcommon.a(lists.o)
 .data          0xc7e3c3a0        0x0 common/libcommon.a(s_record.o)
 .data          0xc7e3c3a0        0x0 common/libcommon.a(usb.o)
 .data          0xc7e3c3a0        0x0 common/libcommon.a(xyzModem.o)
 .data          0xc7e3c3a0        0x0 common/libcommon.a(cmd_movi.o)
 .data          0xc7e3c3a0        0x0 common/libcommon.a(cmd_lcd.o)
 .data          0xc7e3c3a0       0x1c common/libcommon.a(cmd_fastboot.o)
 .data          0xc7e3c3bc        0x0 common/libcommon.a(cmd_mmc_fdisk.o)
 .data          0xc7e3c3bc        0x4 common/libcommon.a(env_auto.o)
                0xc7e3c3bc                env_name_spec
 .data          0xc7e3c3c0        0x0 common/libcommon.a(gunzip.o)
 .data          0xc7e3c3c0        0x0 common/libcommon.a(crc16.o)
 .data          0xc7e3c3c0        0x0 board/samsung/smdk6450/libsmdk6450.a(smdk6450.o)
 .data          0xc7e3c3c0        0x0 board/samsung/smdk6450/libsmdk6450.a(flash.o)
 .data          0xc7e3c3c0        0x0 lib_generic/libgeneric.a(crc32.o)
 .data          0xc7e3c3c0      0x100 lib_generic/libgeneric.a(ctype.o)
                0xc7e3c3c0                _ctype
 .data          0xc7e3c4c0        0x0 lib_generic/libgeneric.a(display_options.o)
 .data          0xc7e3c4c0        0x0 lib_generic/libgeneric.a(lmb.o)
 .data          0xc7e3c4c0        0x0 lib_generic/libgeneric.a(string.o)
 .data          0xc7e3c4c0        0x0 lib_generic/libgeneric.a(vsprintf.o)
 .data          0xc7e3c4c0      0x210 lib_generic/libgeneric.a(zlib.o)
                0xc7e3c4c0                zlib_version
                0xc7e3c4c4                z_errmsg
 .data          0xc7e3c6d0        0x0 cpu/s5p645x/libs5p645x.a(usb_ohci.o)
 .data          0xc7e3c6d0      0x6f0 cpu/s5p645x/libs5p645x.a(nand.o)
 .data          0xc7e3cdc0       0x35 cpu/s5p645x/libs5p645x.a(usbd-otg-hs.o)
                0xc7e3cdc0                test_pkt
 *fill*         0xc7e3cdf5        0x3 00
 .data          0xc7e3cdf8      0x100 cpu/s5p645x/libs5p645x.a(fastboot.o)
                0xc7e3cec0                fboot_test_pkt
                0xc7e3cebc                ptable_default_size
                0xc7e3cdf8                ptable_default
 .data          0xc7e3cef8        0x0 lib_arm/libarm.a(_ashldi3.o)
 .data          0xc7e3cef8        0x0 lib_arm/libarm.a(_ashrdi3.o)
 .data          0xc7e3cef8        0x0 lib_arm/libarm.a(_umodsi3.o)
 .data          0xc7e3cef8        0x0 lib_arm/libarm.a(bootm.o)
 .data          0xc7e3cef8        0x0 lib_arm/libarm.a(cache.o)
 .data          0xc7e3cef8        0x4 fs/fat/libfat.a(fat.o)
 .data          0xc7e3cefc        0x8 fs/ext2/libext2fs.a(ext2fs.o)
                0xc7e3cefc                indir1_blkno
                0xc7e3cf00                indir2_blkno
 .data          0xc7e3cf04        0x0 fs/ext2/libext2fs.a(dev.o)
 .data          0xc7e3cf04        0x0 disk/libdisk.a(part.o)
 .data          0xc7e3cf04        0x0 disk/libdisk.a(part_dos.o)
 .data          0xc7e3cf04      0x6f0 drivers/mtd/nand/libnand.a(nand_util.o)
 .data          0xc7e3d5f4       0x30 drivers/rtc/librtc.a(date.o)
 .data          0xc7e3d624        0x0 drivers/rtc/librtc.a(s5p64xx_rtc.o)
 .data          0xc7e3d624        0x0 lib_generic/libgeneric.a(div64.o)
                0xc7e3d624                . = ALIGN (0x4)

.got
 *(.got)
                0xc7e3d624                __u_boot_cmd_start = .

.u_boot_cmd     0xc7e3d624      0x690
 *(.u_boot_cmd)
 .u_boot_cmd    0xc7e3d624       0x18 common/libcommon.a(cmd_autoscript.o)
                0xc7e3d624                __u_boot_cmd_autoscr
 .u_boot_cmd    0xc7e3d63c       0x18 common/libcommon.a(cmd_bdinfo.o)
                0xc7e3d63c                __u_boot_cmd_bdinfo
 .u_boot_cmd    0xc7e3d654       0x48 common/libcommon.a(cmd_boot.o)
                0xc7e3d66c                __u_boot_cmd_reset
                0xc7e3d684                __u_boot_cmd_re
                0xc7e3d654                __u_boot_cmd_go
 .u_boot_cmd    0xc7e3d69c       0x78 common/libcommon.a(cmd_bootm.o)
                0xc7e3d69c                __u_boot_cmd_bootm
                0xc7e3d6e4                __u_boot_cmd_iminfo
                0xc7e3d6cc                __u_boot_cmd_bootd
                0xc7e3d6b4                __u_boot_cmd_boot
                0xc7e3d6fc                __u_boot_cmd_imls
 .u_boot_cmd    0xc7e3d714       0x30 common/libcommon.a(cmd_cache.o)
                0xc7e3d72c                __u_boot_cmd_dcache
                0xc7e3d714                __u_boot_cmd_icache
 .u_boot_cmd    0xc7e3d744       0x18 common/libcommon.a(cmd_console.o)
                0xc7e3d744                __u_boot_cmd_coninfo
 .u_boot_cmd    0xc7e3d75c       0x18 common/libcommon.a(cmd_date.o)
                0xc7e3d75c                __u_boot_cmd_date
 .u_boot_cmd    0xc7e3d774       0x30 common/libcommon.a(cmd_elf.o)
                0xc7e3d78c                __u_boot_cmd_bootvx
                0xc7e3d774                __u_boot_cmd_bootelf
 .u_boot_cmd    0xc7e3d7a4       0x60 common/libcommon.a(cmd_ext2.o)
                0xc7e3d7bc                __u_boot_cmd_ext2load
                0xc7e3d7a4                __u_boot_cmd_ext2ls
                0xc7e3d7ec                __u_boot_cmd_ext3format
                0xc7e3d7d4                __u_boot_cmd_ext2format
 .u_boot_cmd    0xc7e3d804       0x60 common/libcommon.a(cmd_fat.o)
                0xc7e3d834                __u_boot_cmd_fatinfo
                0xc7e3d84c                __u_boot_cmd_fatformat
                0xc7e3d804                __u_boot_cmd_fatload
                0xc7e3d81c                __u_boot_cmd_fatls
 .u_boot_cmd    0xc7e3d864       0x48 common/libcommon.a(cmd_flash.o)
                0xc7e3d864                __u_boot_cmd_flinfo
                0xc7e3d87c                __u_boot_cmd_erase
                0xc7e3d894                __u_boot_cmd_protect
 .u_boot_cmd    0xc7e3d8ac       0x18 common/libcommon.a(cmd_itest.o)
                0xc7e3d8ac                __u_boot_cmd_itest
 .u_boot_cmd    0xc7e3d8c4       0x48 common/libcommon.a(cmd_load.o)
                0xc7e3d8f4                __u_boot_cmd_loady
                0xc7e3d8dc                __u_boot_cmd_loadb
                0xc7e3d8c4                __u_boot_cmd_loads
 .u_boot_cmd    0xc7e3d90c       0xf0 common/libcommon.a(cmd_mem.o)
                0xc7e3d90c                __u_boot_cmd_md
                0xc7e3d984                __u_boot_cmd_cmp
                0xc7e3d954                __u_boot_cmd_mw
                0xc7e3d9cc                __u_boot_cmd_loop
                0xc7e3d9b4                __u_boot_cmd_base
                0xc7e3d924                __u_boot_cmd_mm
                0xc7e3d99c                __u_boot_cmd_crc32
                0xc7e3d93c                __u_boot_cmd_nm
                0xc7e3d9e4                __u_boot_cmd_mtest
                0xc7e3d96c                __u_boot_cmd_cp
 .u_boot_cmd    0xc7e3d9fc       0x18 common/libcommon.a(cmd_misc.o)
                0xc7e3d9fc                __u_boot_cmd_sleep
 .u_boot_cmd    0xc7e3da14       0x30 common/libcommon.a(cmd_mmc.o)
                0xc7e3da2c                __u_boot_cmd_mmc
                0xc7e3da14                __u_boot_cmd_mmcinfo
 .u_boot_cmd    0xc7e3da44       0x30 common/libcommon.a(cmd_nand.o)
                0xc7e3da44                __u_boot_cmd_nand
                0xc7e3da5c                __u_boot_cmd_nboot
 .u_boot_cmd    0xc7e3da74       0x90 common/libcommon.a(cmd_net.o)
                0xc7e3dad4                __u_boot_cmd_nfs
                0xc7e3daec                __u_boot_cmd_ping
                0xc7e3daa4                __u_boot_cmd_rarpboot
                0xc7e3da8c                __u_boot_cmd_tftpboot
                0xc7e3da74                __u_boot_cmd_bootp
                0xc7e3dabc                __u_boot_cmd_dhcp
 .u_boot_cmd    0xc7e3db04       0x60 common/libcommon.a(cmd_nvedit.o)
                0xc7e3db4c                __u_boot_cmd_run
                0xc7e3db34                __u_boot_cmd_saveenv
                0xc7e3db04                __u_boot_cmd_printenv
                0xc7e3db1c                __u_boot_cmd_setenv
 .u_boot_cmd    0xc7e3db64       0x18 common/libcommon.a(cmd_reginfo.o)