Archive member included because of file (symbol)

cpu/s5p645x/libs5p645x.a(interrupts.o)
                              cpu/s5p645x/start.o (do_irq)
cpu/s5p645x/libs5p645x.a(cpu.o)
                              cpu/s5p645x/libs5p645x.a(interrupts.o) (reset_cpu)
cpu/s5p645x/libs5p645x.a(setup_hsmmc.o)
                              cpu/s5p645x/libs5p645x.a(cpu.o) (setup_hsmmc0_cfg_gpio)
cpu/s5p645x/libs5p645x.a(serial.o)
                              cpu/s5p645x/libs5p645x.a(cpu.o) (serial_tstc)
cpu/s5p645x/s5p6450/libs5p6450.a(speed.o)
                              cpu/s5p645x/libs5p645x.a(setup_hsmmc.o) (get_MPLL_CLK)
lib_arm/libarm.a(_udivsi3.o)  cpu/s5p645x/libs5p645x.a(interrupts.o) (__udivsi3)
lib_arm/libarm.a(board.o)     lib_arm/div0.o (hang)
lib_arm/libarm.a(_divsi3.o)   lib_arm/libarm.a(board.o) (__divsi3)
lib_arm/libarm.a(_modsi3.o)   lib_arm/libarm.a(board.o) (__modsi3)
net/libnet.a(net.o)           lib_arm/libarm.a(board.o) (copy_filename)
net/libnet.a(tftp.o)          net/libnet.a(net.o) (TftpStart)
net/libnet.a(bootp.o)         net/libnet.a(net.o) (BootpRequest)
net/libnet.a(rarp.o)          net/libnet.a(net.o) (RarpRequest)
net/libnet.a(eth.o)           lib_arm/libarm.a(board.o) (eth_initialize)
net/libnet.a(nfs.o)           net/libnet.a(net.o) (NfsStart)
drivers/mmc/libmmc.a(mmc.o)   cpu/s5p645x/movi.o (movi_write)
drivers/mmc/libmmc.a(s3c_hsmmc.o)
                              cpu/s5p645x/libs5p645x.a(cpu.o) (smdk_s3c_hsmmc_init)
drivers/net/libnet.a(dm9000x.o)
                              net/libnet.a(net.o) (eth_halt)
common/libcommon.a(main.o)    lib_arm/libarm.a(board.o) (main_loop)
common/libcommon.a(cmd_autoscript.o)
                              (__u_boot_cmd_autoscr)
common/libcommon.a(cmd_bdinfo.o)
                              (__u_boot_cmd_bdinfo)
common/libcommon.a(image.o)   common/libcommon.a(cmd_autoscript.o) (genimg_get_format)
common/libcommon.a(cmd_boot.o)
                              (__u_boot_cmd_go)
common/libcommon.a(cmd_bootm.o)
                              lib_arm/libarm.a(board.o) (load_addr)
common/libcommon.a(cmd_cache.o)
                              (__u_boot_cmd_icache)
common/libcommon.a(cmd_console.o)
                              (__u_boot_cmd_coninfo)
common/libcommon.a(cmd_date.o)
                              (__u_boot_cmd_date)
common/libcommon.a(cmd_elf.o)
                              common/libcommon.a(cmd_bootm.o) (do_bootvx)
common/libcommon.a(cmd_ext2.o)
                              (__u_boot_cmd_ext2ls)
common/libcommon.a(cmd_fat.o)
                              (__u_boot_cmd_fatload)
common/libcommon.a(cmd_flash.o)
                              (__u_boot_cmd_flinfo)
common/libcommon.a(cmd_itest.o)
                              (__u_boot_cmd_itest)
common/libcommon.a(cmd_load.o)
                              (__u_boot_cmd_loads)
common/libcommon.a(cmd_mem.o)
                              common/libcommon.a(cmd_itest.o) (cmd_get_data_size)
common/libcommon.a(cmd_misc.o)
                              (__u_boot_cmd_sleep)
common/libcommon.a(cmd_mmc.o)
                              (__u_boot_cmd_mmcinfo)
common/libcommon.a(cmd_nand.o)
                              (__u_boot_cmd_nand)
common/libcommon.a(cmd_net.o)
                              (__u_boot_cmd_bootp)
common/libcommon.a(cmd_nvedit.o)
                              lib_arm/libarm.a(board.o) (getenv_r)
common/libcommon.a(cmd_reginfo.o)
                              (__u_boot_cmd_reginfo)
common/libcommon.a(cmd_usbd.o)
                              (__u_boot_cmd_dnw)
common/libcommon.a(cmd_ximg.o)
                              (__u_boot_cmd_imxtract)
common/libcommon.a(command.o)
                              common/libcommon.a(main.o) (find_cmd)
common/libcommon.a(console.o)
                              cpu/s5p645x/movi.o (printf)
common/libcommon.a(devices.o)
                              common/libcommon.a(cmd_console.o) (devlist)
common/libcommon.a(dlmalloc.o)
                              drivers/mmc/libmmc.a(mmc.o) (free)
common/libcommon.a(env_common.o)
                              common/libcommon.a(cmd_nvedit.o) (env_get_addr)
common/libcommon.a(exports.o)
                              lib_arm/libarm.a(board.o) (jumptable_init)
common/libcommon.a(flash.o)   common/libcommon.a(cmd_load.o) (addr2info)
common/libcommon.a(hush.o)    common/libcommon.a(main.o) (u_boot_hush_start)
common/libcommon.a(lists.o)   common/libcommon.a(cmd_console.o) (ListGetPtrToItem)
common/libcommon.a(s_record.o)
                              common/libcommon.a(cmd_load.o) (srec_decode)
common/libcommon.a(usb.o)     common/libcommon.a(cmd_bootm.o) (usb_stop)
common/libcommon.a(xyzModem.o)
                              common/libcommon.a(cmd_load.o) (xyzModem_error)
common/libcommon.a(cmd_movi.o)
                              cpu/s5p645x/movi.o (raw_area_control)
common/libcommon.a(cmd_lcd.o)
                              (__u_boot_cmd_lcd)
common/libcommon.a(cmd_fastboot.o)
[...]
Memory Configuration

Name             Origin             Length             Attributes
*default*        0x00000000         0xffffffff

Linker script and memory map

                0x00000000                . = 0x0
                0x00000000                . = ALIGN (0x4)

.text           0xc7e00000    0x31098
 cpu/s5p645x/start.o(.text)
 .text          0xc7e00000      0x4a0 cpu/s5p645x/start.o
                0xc7e00040                _end_vect
                0xc7e00184                theLastJump
                0xc7e00480                arm1136_cache_flush
                0xc7e0004c                _bss_start
                0xc7e00050                _bss_end
                0xc7e00048                _armboot_start
                0xc7e00128                copy_from_nand
                0xc7e00000                _start
                0xc7e000c0                after_copy
 cpu/s5p645x/start_irom.o(.text)
 .text          0xc7e004a0       0xa4 cpu/s5p645x/start_irom.o
                0xc7e004a4                load_bl2_irom
 cpu/s5p645x/s5p6450/cpu_init.o(.text)
 .text          0xc7e00544      0x144 cpu/s5p645x/s5p6450/cpu_init.o
                0xc7e00544                mem_ctrl_asm_init
 board/samsung/smdk6450/lowlevel_init.o(.text)
 .text          0xc7e00688      0x308 board/samsung/smdk6450/lowlevel_init.o
                0xc7e0068c                lowlevel_init
                0xc7e008a0                nand_asm_init
 cpu/s5p645x/nand_cp.o(.text)
 .text          0xc7e00990      0x1e4 cpu/s5p645x/nand_cp.o
                0xc7e00a50                copy_uboot_to_ram
                0xc7e00990                nand_bl2_copy
                0xc7e009f0                nand_bl2_copy_adv
 cpu/s5p645x/movi.o(.text)
 .text          0xc7e00b74       0xc4 cpu/s5p645x/movi.o
                0xc7e00c20                print_movi_bl2_info
                0xc7e00b98                movi_write_bl1
                0xc7e00b74                movi_bl2_copy
                0xc7e00c08                movi_read_env
                0xc7e00bf0                movi_write_env
 *(.text)
 .text          0xc7e00c38        0x4 lib_arm/div0.o
                0xc7e00c38                __div0
 .text          0xc7e00c3c      0x4dc cpu/s5p645x/libs5p645x.a(interrupts.o)
                0xc7e00cbc                set_timer
                0xc7e0105c                reset_timer
                0xc7e00f84                do_fiq
                0xc7e00c48                interrupt_init
                0xc7e01038                do_undefined_instruction
                0xc7e00e08                show_regs
                0xc7e00f60                do_irq
                0xc7e00df0                get_tbclk
                0xc7e00d54                get_timer
                0xc7e00ccc                reset_timer_masked
                0xc7e00f44                bad_mode
                0xc7e00cf4                get_timer_masked
                0xc7e01084                udelay
                0xc7e00d68                udelay_masked
                0xc7e00ff0                do_prefetch_abort
                0xc7e00ddc                get_ticks
                0xc7e00c40                disable_interrupts
                0xc7e00fa8                do_not_used
                0xc7e00fcc                do_data_abort
                0xc7e01014                do_software_interrupt
                0xc7e00c3c                enable_interrupts
 .text          0xc7e01118      0x188 cpu/s5p645x/libs5p645x.a(cpu.o)
                0xc7e01160                cleanup_before_linux
                0xc7e0114c                cpu_mmc_init
                0xc7e01268                dcache_enable
                0xc7e01144                cpu_init
                0xc7e011c8                icache_enable
                0xc7e01230                branch_enable
                0xc7e011b0                do_reset
                0xc7e01214                branch_disable
                0xc7e0118c                reset_cpu
                0xc7e011e4                branch_status
                0xc7e01284                icache_disable
                0xc7e011f4                dcache_status
                0xc7e01204                icache_status
                0xc7e0124c                dcache_disable
 .text          0xc7e012a0      0x214 cpu/s5p645x/libs5p645x.a(setup_hsmmc.o)
                0xc7e012a0                setup_sdhci0_cfg_card
                0xc7e012d4                setup_hsmmc0_cfg_gpio
                0xc7e0134c                setup_hsmmc_clock
 .text          0xc7e014b4       0x8c cpu/s5p645x/libs5p645x.a(serial.o)
                0xc7e014b4                serial_setbrg
                0xc7e014e4                serial_tstc
                0xc7e014b8                serial_putc
                0xc7e01538                serial_init
                0xc7e014f8                serial_puts
                0xc7e0151c                serial_getc
 .text          0xc7e01540      0x194 cpu/s5p645x/s5p6450/libs5p6450.a(speed.o)
                0xc7e015ec                get_HCLK
                0xc7e01614                get_PCLK
                0xc7e015ac                get_MPLL_CLK
                0xc7e015bc                get_FCLK
                0xc7e015c4                get_ARMCLK
                0xc7e015b4                get_UCLK
                0xc7e0163c                print_cpuinfo
 .text          0xc7e016d4       0x98 lib_arm/libarm.a(_udivsi3.o)
                0xc7e016d4                __udivsi3
 .text          0xc7e0176c      0x3b4 lib_arm/libarm.a(board.o)
                0xc7e017d0                __yellow_LED_off
                0xc7e017c4                green_LED_on
                0xc7e017d4                hang
                0xc7e017c4                __green_LED_on
                0xc7e017cc                __yellow_LED_on
                0xc7e017cc                yellow_LED_on
                0xc7e017c8                __green_LED_off
                0xc7e017c0                __red_LED_off
                0xc7e01894                start_armboot
                0xc7e01ab8                strmhz
                0xc7e017b8                coloured_LED_init
                0xc7e017d0                yellow_LED_off
                0xc7e017c0                red_LED_off
                0xc7e0176c                sbrk
                0xc7e017c8                green_LED_off
                0xc7e017b8                __coloured_LED_init
                0xc7e017bc                red_LED_on
                0xc7e017bc                __red_LED_on
 .text          0xc7e01b20      0x140 lib_arm/libarm.a(_divsi3.o)
                0xc7e01b20                __divsi3
 .text          0xc7e01c60      0x100 lib_arm/libarm.a(_modsi3.o)
                0xc7e01c60                __modsi3
 .text          0xc7e01d60     0x1530 net/libnet.a(net.o)
                0xc7e01f4c                getenv_IPaddr
                0xc7e01e0c                NetCksumOk
                0xc7e02b34                NetSetTimeout
                0xc7e01e30                copy_filename
                0xc7e01f5c                NetEthHdrSize
                0xc7e02000                ip_to_string
                0xc7e02d80                ArpTimeoutCheck
                0xc7e023d4                NetReceive
                0xc7e01ed8                string_to_ip
                0xc7e02b70                NetSendUDPPacket
                0xc7e0204c                print_IPaddr
                0xc7e02070                NetSetEther
                0xc7e02e04                NetLoop
                0xc7e022b0                ArpRequest
                0xc7e01fa0                VLAN_to_string
                0xc7e01ec8                getenv_VLAN
                0xc7e01dc8                NetCksum
                0xc7e02128                NetSetIP
                0xc7e01e80                string_to_VLAN
                0xc7e02d00                NetStartAgain
                0xc7e01db8                NetSetHandler
                0xc7e029ac                PingSend
                0xc7e022ac                NetSendPacket
 .text          0xc7e03290      0x7bc net/libnet.a(tftp.o)
                0xc7e03464                TftpStart
 .text          0xc7e03a4c      0xa3c net/libnet.a(bootp.o)
                0xc7e040bc                DhcpRequest
                0xc7e03ee4                BootpRequest
 .text          0xc7e04488      0x1a8 net/libnet.a(rarp.o)
                0xc7e04488                RarpRequest
 .text          0xc7e04630        0x8 net/libnet.a(eth.o)
                0xc7e04630                eth_initialize
 .text          0xc7e04638      0xe04 net/libnet.a(nfs.o)
                0xc7e04c40                NfsStart
 .text          0xc7e0543c     0x1270 drivers/mmc/libmmc.a(mmc.o)
                0xc7e054a4                mmc_send_ext_csd
                0xc7e05654                sd_switch
                0xc7e062d4                mmc_send_app_op_cond
                0xc7e05ca8                mmc_startup
                0xc7e06638                print_mmc_devices
                0xc7e057e0                board_mmc_init
                0xc7e0546c                mmc_set_blocklen
                0xc7e0545c                mmc_send_cmd
                0xc7e056d4                mmc_set_clock
                0xc7e064c8                mmc_init
                0xc7e054f4                mmc_set_relative_addr
                0xc7e0641c                mmc_send_op_cond
                0xc7e05778                mmc_register
                0xc7e05834                mmc_get_dev
                0xc7e0552c                mmc_switch
                0xc7e056c4                mmc_set_ios
                0xc7e05abc                movi_read
                0xc7e0557c                mmc_change_freq
                0xc7e056f4                mmc_set_bus_width
                0xc7e057e8                find_mmc_device
                0xc7e063c8                mmc_go_idle
                0xc7e056fc                mmc_send_if_cond
                0xc7e05ad4                sd_change_freq
                0xc7e05904                movi_write
                0xc7e0652c                mmc_initialize
 .text          0xc7e066ac      0x5d4 drivers/mmc/libmmc.a(s3c_hsmmc.o)
                0xc7e0679c                smdk_s3c_hsmmc_init
 .text          0xc7e06c80      0xc10 drivers/net/libnet.a(dm9000x.o)
                0xc7e0704c                eth_halt
                0xc7e06ec0                read_srom_word
                0xc7e06fe4                write_srom_word
                0xc7e07654                eth_rx
                0xc7e07094                eth_init
                0xc7e077b8                eth_send
 .text          0xc7e07890      0xde4 common/libcommon.a(main.o)
                0xc7e07890                __show_boot_progress
                0xc7e07994                run_command
                0xc7e07920                do_run
                0xc7e07894                parse_line
                0xc7e08508                readline
                0xc7e07890                show_boot_progress
                0xc7e08514                main_loop
                0xc7e07e68                readline_into_buffer
 .text          0xc7e08674      0x190 common/libcommon.a(cmd_autoscript.o)
                0xc7e087c0                do_autoscript
                0xc7e08694                autoscript
 .text          0xc7e08804      0x100 common/libcommon.a(cmd_bdinfo.o)
                0xc7e08818                do_bdinfo
 .text          0xc7e08904      0x800 common/libcommon.a(image.o)
                0xc7e08b88                getenv_bootm_size
                0xc7e08c40                image_print_contents
                0xc7e08a28                genimg_get_comp_id
                0xc7e08a70                genimg_get_os_id
                0xc7e089d4                genimg_has_config
                0xc7e08a58                genimg_get_arch_id
                0xc7e08988                genimg_get_arch_name
                0xc7e08ea0                boot_get_ramdisk
                0xc7e08e4c                image_check_hcrc
                0xc7e08970                genimg_get_os_name
                0xc7e089a0                genimg_get_type_name
                0xc7e08b48                genimg_get_format
                0xc7e089b8                genimg_get_comp_name
                0xc7e08e10                image_check_dcrc
                0xc7e08bbc                getenv_bootm_low
                0xc7e089d0                genimg_get_image
                0xc7e08a40                genimg_get_type_id
                0xc7e08924                image_multi_count
                0xc7e08b84                memmove_wd
                0xc7e08a88                image_multi_getimg
                0xc7e08bf0                getenv_yesno
 .text          0xc7e09104       0xa4 common/libcommon.a(cmd_boot.o)
                0xc7e0911c                do_go
                0xc7e09104                do_go_exec
 .text          0xc7e091a8      0xd30 common/libcommon.a(cmd_bootm.o)
                0xc7e092d0                print_image_hdr
                0xc7e09730                do_bootd
                0xc7e09754                do_bootm
                0xc7e091c8                board_lmb_reserve
                0xc7e091c8                __board_lmb_reserve
                0xc7e096d0                do_iminfo
 .text          0xc7e09ed8      0x144 common/libcommon.a(cmd_cache.o)
                0xc7e09f14                do_dcache
                0xc7e09f98                do_icache
 .text          0xc7e0a01c       0xe0 common/libcommon.a(cmd_console.o)
                0xc7e0a01c                do_coninfo
 .text          0xc7e0a0fc      0x324 common/libcommon.a(cmd_date.o)
                0xc7e0a30c                do_date
                0xc7e0a140                mk_date
 .text          0xc7e0a420      0x3c8 common/libcommon.a(cmd_elf.o)
                0xc7e0a748                do_bootelf
                0xc7e0a588                do_bootvx
                0xc7e0a420                valid_elf_image
                0xc7e0a704                do_bootelf_exec
                0xc7e0a478                load_elf_image
 .text          0xc7e0a7e8      0x558 common/libcommon.a(cmd_ext2.o)
                0xc7e0a7e8                ext_format
                0xc7e0a8dc                do_ext3_format
                0xc7e0abf0                do_ext2ls
                0xc7e0a8ec                do_ext2_format
                0xc7e0a8fc                do_ext2load
 .text          0xc7e0ad40      0x4ac common/libcommon.a(cmd_fat.o)
                0xc7e0b04c                do_fat_fsload
                0xc7e0ad40                do_fat_format
                0xc7e0ae30                do_fat_fsinfo
                0xc7e0af38                do_fat_ls
 .text          0xc7e0b1ec      0x5a8 common/libcommon.a(cmd_flash.o)
                0xc7e0b21c                do_flinfo
                0xc7e0b204                flash_sect_erase
                0xc7e0b47c                do_protect
                0xc7e0b648                do_flerase
                0xc7e0b1ec                flash_sect_protect
 .text          0xc7e0b794      0x2ec common/libcommon.a(cmd_itest.o)
                0xc7e0b7fc                binary_test
                0xc7e0b9d8                do_itest
 .text          0xc7e0ba80      0xf58 common/libcommon.a(cmd_load.o)
                0xc7e0bb50                k_data_init
                0xc7e0bcdc                s1_sendpacket
                0xc7e0bd04                handle_send_packet
                0xc7e0bbdc                k_data_restore
                0xc7e0befc                send_nack
                0xc7e0bfe4                do_load_serial_bin
                0xc7e0bc40                k_data_char
                0xc7e0baa8                chk1
                0xc7e0bb78                k_data_save
                0xc7e0ba80                ktrans
                0xc7e0bca8                send_pad
                0xc7e0bf60                send_ack
                0xc7e0c6cc                do_load_serial
 .text          0xc7e0c9d8      0xa14 common/libcommon.a(cmd_mem.o)
                0xc7e0c9d8                do_mem_base
                0xc7e0d218                do_mem_mw
                0xc7e0ca1c                do_mem_crc
                0xc7e0cdf4                do_mem_nm
                0xc7e0ce1c                do_mem_mm
                0xc7e0cf3c                do_mem_cp
                0xc7e0cad4                do_mem_mtest
                0xc7e0d06c                do_mem_cmp
                0xc7e0cbfc                cmd_get_data_size
                0xc7e0ce44                do_mem_loop
                0xc7e0d2e8                do_mem_md
 .text          0xc7e0d3ec       0x90 common/libcommon.a(cmd_misc.o)
                0xc7e0d3ec                do_sleep
 .text          0xc7e0d47c      0x48c common/libcommon.a(cmd_mmc.o)
                0xc7e0d600                do_mmcops
                0xc7e0d47c                do_mmcinfo
 .text          0xc7e0d908      0xf98 common/libcommon.a(cmd_nand.o)
                0xc7e0da70                do_nandboot
                0xc7e0dcac                do_nand
 .text          0xc7e0e8a0      0x3d8 common/libcommon.a(cmd_net.o)
                0xc7e0ec54                do_rarpb
                0xc7e0e8a0                do_ping
                0xc7e0ec60                do_tftpb
                0xc7e0ec48                do_dhcp
                0xc7e0ec6c                do_bootp
                0xc7e0ec3c                do_nfs
 .text          0xc7e0ec78      0x890 common/libcommon.a(cmd_nvedit.o)
                0xc7e0edbc                getenv
                0xc7e0ee2c                _do_setenv
                0xc7e0ecd8                getenv_r
                0xc7e0f38c                do_printenv
                0xc7e0f344                setenv
                0xc7e0ed90                do_saveenv
                0xc7e0f304                do_setenv
                0xc7e0ec78                envmatch
 .text          0xc7e0f508        0x8 common/libcommon.a(cmd_reginfo.o)
                0xc7e0f508                do_reginfo
 .text          0xc7e0f510      0x118 common/libcommon.a(cmd_usbd.o)
                0xc7e0f510                do_usbd_dnw
 .text          0xc7e0f628      0x240 common/libcommon.a(cmd_ximg.o)
                0xc7e0f628                do_imgextract
 .text          0xc7e0f868      0x764 common/libcommon.a(command.o)
                0xc7e0f8fc                do_echo
                0xc7e0fb4c                do_exit
                0xc7e0f868                find_cmd
                0xc7e0fb7c                do_test
                0xc7e0f980                do_help
                0xc7e0fb2c                do_version
 .text          0xc7e0ffcc      0x584 common/libcommon.a(console.o)
                0xc7e102cc                console_init_r
                0xc7e1028c                printf
                0xc7e1016c                console_assign
                0xc7e104dc                getc
                0xc7e10244                puts
                0xc7e10150                dbg
                0xc7e10464                serial_printf
                0xc7e10094                ftstc
                0xc7e101fc                fprintf
                0xc7e104c4                tstc
                0xc7e10260                vprintf
                0xc7e104f4                ctrlc
                0xc7e104a4                putc
                0xc7e10114                disable_ctrlc
                0xc7e1006c                fgetc
                0xc7e1012c                had_ctrlc
                0xc7e100bc                fputc
                0xc7e1015c                console_init_f
                0xc7e1013c                clear_ctrlc
                0xc7e100e8                fputs
 .text          0xc7e10550       0xec common/libcommon.a(devices.o)
                0xc7e1056c                device_register
                0xc7e10550                devices_done
                0xc7e10590                devices_init
 .text          0xc7e1063c     0x10f0 common/libcommon.a(dlmalloc.o)
                0xc7e10a64                malloc
                0xc7e111b0                pvalloc
                0xc7e111d4                calloc
                0xc7e10674                malloc_usable_size
                0xc7e112b4                realloc
                0xc7e1072c                malloc_trim
                0xc7e1063c                malloc_bin_reloc
                0xc7e106b8                mallopt
                0xc7e110a0                memalign
                0xc7e10a60                cfree
                0xc7e111c8                valloc
                0xc7e10800                free
 .text          0xc7e1172c      0x164 common/libcommon.a(env_common.o)
                0xc7e11840                env_get_char
                0xc7e1174c                env_get_addr
                0xc7e11798                set_default_env
                0xc7e117e0                env_relocate
                0xc7e1176c                env_crc_update
                0xc7e1172c                env_get_char_memory
 .text          0xc7e11890       0xe4 common/libcommon.a(exports.o)
                0xc7e1189c                jumptable_init
                0xc7e11894                get_version
 .text          0xc7e11974      0x364 common/libcommon.a(flash.o)
                0xc7e11b68                flash_write
                0xc7e11974                flash_protect
                0xc7e11a80                addr2info
                0xc7e11a88                flash_perror
 .text          0xc7e11cd8     0x1c98 common/libcommon.a(hush.o)
                0xc7e12074                new_pipe
                0xc7e11e00                mapset
                0xc7e1306c                parse_string_outer
                0xc7e129cc                update_ifs_map
                0xc7e13024                parse_file_outer
                0xc7e11cf4                simple_itoa
                0xc7e123b8                reserved_word
                0xc7e11e24                u_boot_hush_start
 .text          0xc7e13970      0x3e0 common/libcommon.a(lists.o)
                0xc7e13c70                DisposeHandle
                0xc7e13c90                ListDispose
                0xc7e13aa4                ListInsertItems
                0xc7e13978                ListSetAllocationPolicy
                0xc7e139c8                ListGetItemSize
                0xc7e139bc                ListGetDataPtr
                0xc7e13c94                NewHandle
                0xc7e13a28                SetHandleSize
                0xc7e13c68                ListInsertItem
                0xc7e13970                GetHandleSize
                0xc7e139d4                ListNumItems
                0xc7e1398c                ListGetPtrToItem
                0xc7e13cf0                ListCreate
                0xc7e139e0                ListGetItems
 .text          0xc7e13d50      0x2cc common/libcommon.a(s_record.o)
                0xc7e13dc0                srec_decode
 .text          0xc7e1401c     0x15e4 common/libcommon.a(usb.o)
                0xc7e14aec                usb_set_idle
                0xc7e14034                usb_maxpacket
                0xc7e153d4                usb_hub_probe
                0xc7e155d0                usb_stop
                0xc7e1553c                usb_init
                0xc7e1401c                usb_disable_asynch
                0xc7e15498                usb_clear_halt
                0xc7e143a0                usb_bulk_msg
                0xc7e149fc                usb_get_class_descriptor
                0xc7e15434                usb_scan_devices
                0xc7e14714                usb_get_hub_descriptor
                0xc7e14500                usb_get_port_status
                0xc7e1437c                usb_submit_int_msg
                0xc7e14228                usb_parse_config
                0xc7e14400                usb_control_msg
                0xc7e14b50                usb_set_protocol
                0xc7e15074                usb_hub_port_connect_change
                0xc7e14c18                usb_set_interface
                0xc7e14144                usb_hub_allocate
                0xc7e14900                usb_string
                0xc7e14a74                usb_get_report
                0xc7e14d2c                usb_get_descriptor
                0xc7e151b4                usb_hub_configure
                0xc7e14774                usb_get_string
                0xc7e14380                wait_ms
                0xc7e146bc                usb_clear_hub_feature
                0xc7e14d9c                usb_get_configuration_no
                0xc7e1465c                usb_clear_port_feature
                0xc7e145b8                usb_set_port_feature
                0xc7e14e3c                usb_new_device
                0xc7e14560                usb_get_hub_status
                0xc7e14bb0                usb_set_configuration
                0xc7e14058                usb_set_maxpacket
                0xc7e14ce4                usb_set_address
                0xc7e1418c                usb_alloc_new_device
                0xc7e14130                usb_hub_reset
                0xc7e14108                usb_get_dev_index
 .text          0xc7e15600      0xa10 common/libcommon.a(xyzModem.o)
                0xc7e15734                xyzModem_error
                0xc7e157d0                xyzModem_stream_close
                0xc7e15830                CYGACC_COMM_IF_GETC_TIMEOUT
                0xc7e15600                parse_num
                0xc7e158b8                xyzModem_stream_terminate
                0xc7e15eb4                xyzModem_stream_open
                0xc7e15824                CYGACC_COMM_IF_PUTC
                0xc7e15c38                xyzModem_stream_read
 .text          0xc7e16010      0x538 common/libcommon.a(cmd_movi.o)
                0xc7e16398                init_raw_area_table
                0xc7e16010                do_movi
 .text          0xc7e16548      0x3f4 common/libcommon.a(cmd_lcd.o)
                0xc7e16548                do_lcd_test
 .text          0xc7e1693c     0x1824 common/libcommon.a(cmd_fastboot.o)
                0xc7e17dc8                do_sdfuse
                0xc7e16990                fastboot_flash_get_ptn_count
                0xc7e16af8                fastboot_flash_add_ptn
                0xc7e17fb4                do_fastboot
                0xc7e16968                fastboot_flash_get_ptn
                0xc7e169a0                fastboot_flash_find_ptn
                0xc7e16a18                fastboot_flash_dump_ptn
 .text          0xc7e18160      0xb70 common/libcommon.a(cmd_mmc_fdisk.o)
                0xc7e182e4                make_partitionInfo
                0xc7e18888                encode_partitionInfo
                0xc7e18618                decode_partitionInfo
                0xc7e181cc                encode_chs
                0xc7e18658                get_mmc_part_info
                0xc7e188fc                make_mmc_partition
                0xc7e186f4                print_mmc_part_info
                0xc7e18bd0                create_mmc_fdisk
                0xc7e181ec                get_SDInfo
                0xc7e18c58                do_fdisk
                0xc7e18550                get_mmc_mbr
                0xc7e184dc                put_mmc_mbr
                0xc7e18160                calc_unit
                0xc7e185c0                get_mmc_block_count
 .text          0xc7e18cd0      0x74c common/libcommon.a(env_auto.o)
                0xc7e18e1c                env_relocate_spec_movinand
                0xc7e18f8c                env_relocate_spec
                0xc7e18e18                env_relocate_spec_onenand
                0xc7e190d8                saveenv_nand_adv
                0xc7e1937c                saveenv
                0xc7e18d4c                env_get_char_spec
                0xc7e18e94                env_relocate_spec_nor
                0xc7e18d58                env_init
                0xc7e19350                saveenv_movinand
                0xc7e18d74                saveenv_onenand
                0xc7e18fec                saveenv_nor
                0xc7e191cc                saveenv_nand
                0xc7e18ee8                env_relocate_spec_nand
 .text          0xc7e1941c      0x170 common/libcommon.a(gunzip.o)
                0xc7e1941c                gunzip
                0xc7e19574                zfree
                0xc7e1957c                zalloc
 .text          0xc7e1958c       0x48 common/libcommon.a(crc16.o)
                0xc7e1958c                cyg_crc16
 .text          0xc7e195d4       0x98 board/samsung/smdk6450/libsmdk6450.a(smdk6450.o)
                0xc7e19624                virt_to_phy_smdk6450
                0xc7e195fc                dram_init
                0xc7e19654                checkboard
                0xc7e195d4                board_init
                0xc7e1961c                board_late_init
 .text          0xc7e1966c      0x5ec board/samsung/smdk6450/libsmdk6450.a(flash.o)
                0xc7e199fc                flash_erase
                0xc7e19c0c                flash_init
                0xc7e198e4                flash_print_info
                0xc7e1976c                write_buff
 .text          0xc7e19c58      0x1fc lib_generic/libgeneric.a(crc32.o)
                0xc7e19c58                crc32
                0xc7e19e50                crc32_wd
                0xc7e19d58                crc32_no_comp
 .text          0xc7e19e54        0x0 lib_generic/libgeneric.a(ctype.o)
 .text          0xc7e19e54      0x26c lib_generic/libgeneric.a(display_options.o)
                0xc7e19f40                print_buffer
                0xc7e19f20                display_options
                0xc7e19e54                print_size
 .text          0xc7e1a0c0      0x554 lib_generic/libgeneric.a(lmb.o)
                0xc7e1a41c                lmb_overlaps_region
                0xc7e1a31c                lmb_add
                0xc7e1a0c0                lmb_dump_all
                0xc7e1a320                lmb_free
                0xc7e1a5d8                lmb_alloc_base
                0xc7e1a60c                lmb_alloc
                0xc7e1a470                __lmb_alloc_base
                0xc7e1a124                lmb_init
                0xc7e1a57c                lmb_is_reserved
                0xc7e1a414                lmb_reserve
 .text          0xc7e1a614      0x538 lib_generic/libgeneric.a(string.o)
                0xc7e1a614                strcpy
                0xc7e1aa5c                memscan
                0xc7e1a9d8                memmove
                0xc7e1a9b8                memcpy
                0xc7e1a924                strswab
                0xc7e1a7c0                strnlen
                0xc7e1a788                strrchr
                0xc7e1a654                strcat
                0xc7e1aae4                memchr
                0xc7e1aa80                strstr
                0xc7e1a6f8                strncmp
                0xc7e1a62c                strncpy
                0xc7e1a98c                bcopy
                0xc7e1a86c                strtok
                0xc7e1aa20                memcmp
                0xc7e1a680                strncat
                0xc7e1ab10                strdup
                0xc7e1a970                memset
                0xc7e1a6cc                strcmp
                0xc7e1a8f0                strsep
                0xc7e1a7e8                strspn
                0xc7e1a768                strlen
                0xc7e1a73c                strchr
                0xc7e1a82c                strpbrk
 .text          0xc7e1ab4c      0x868 lib_generic/libgeneric.a(vsprintf.o)
                0xc7e1af30                vsprintf
                0xc7e1ac0c                simple_strtol
                0xc7e1aed8                panic
                0xc7e1b384                sprintf
                0xc7e1ab4c                simple_strtoul
 .text          0xc7e1b3b4     0x2ea4 lib_generic/libgeneric.a(zlib.o)
                0xc7e1c2fc                inflate
                0xc7e1bd9c                inflateInit2
                0xc7e1c1cc                inflateIncomp
                0xc7e1bee4                adler32
                0xc7e1bc34                inflateReset
                0xc7e1bc9c                inflateSync
                0xc7e1bedc                inflateInit
                0xc7e1bb94                inflateEnd
 .text          0xc7e1e258      0x6c8 cpu/s5p645x/libs5p645x.a(usb_ohci.o)
                0xc7e1e2d4                rh_check_port_status
                0xc7e1e2fc                usb_lowlevel_stop
                0xc7e1e3b4                sohci_submit_job
                0xc7e1e2ec                submit_int_msg
                0xc7e1e918                submit_bulk_msg
                0xc7e1e2e4                submit_control_msg
                0xc7e1e2f4                usb_lowlevel_init
                0xc7e1e2dc                submit_common_msg
 .text          0xc7e1e920     0x2c38 cpu/s5p645x/libs5p645x.a(usbd-otg-hs.o)
                0xc7e20668                s3c_usb_dma_in_done
                0xc7e2077c                s3c_usb_set_all_outep_nak
                0xc7e20acc                s3c_usb_clear_upfile_info
                0xc7e20d14                s3c_usb_verify_checksum
                0xc7e20b3c                s3c_usb_set_opmode
                0xc7e20fb4                s3c_usb_pkt_receive
                0xc7e211a4                s3c_usb_transfer
                0xc7e20a8c                s3c_usb_clear_dnfile_info
                0xc7e20048                s3c_usb_int_bulkin
                0xc7e1ea0c                s3c_usb_set_inep_xfersize
                0xc7e1f374                s3c_usb_transfer_ep0
                0xc7e1f250                s3c_usb_set_otherspeed_conf_desc
                0xc7e1e990                s3c_usb_set_soft_disconnect
                0xc7e207a4                s3c_usb_clear_all_outep_nak
                0xc7e2143c                s3c_usbctl_init
                0xc7e208d4                s3c_usb_set_descriptors
                0xc7e20f64                s3c_usb_int_bulkout
                0xc7e212cc                s3c_udc_int_hndlr
                0xc7e1ea40                s3c_usb_set_outep_xfersize
                0xc7e21404                s3c_usb_stop
                0xc7e1e9c0                s3c_usb_init_device
                0xc7e20b0c                s3c_usb_check_setconf
                0xc7e1edd0                s3c_usb_set_feature
                0xc7e21084                s3c_usb_dma_out_done
                0xc7e1f01c                s3c_usb_ep0_int_hndlr
                0xc7e2087c                s3c_usb_set_endpoint
                0xc7e20dec                s3c_usb_download_continue
                0xc7e1eac8                s3c_usb_write_in_fifo
                0xc7e2135c                s3c_usb_wait_cable_insert
                0xc7e1ed3c                s3c_usb_clear_feature
                0xc7e1ea04                s3c_usbc_activate
                0xc7e1ea74                s3c_usb_write_ep0_fifo
                0xc7e20448                s3c_usb_download_start
                0xc7e207cc                s3c_usb_set_max_pktsize
                0xc7e1e978                s3c_usb_check_current_mode
                0xc7e1e920                s3c_usb_phy_off
                0xc7e1ef4c                s3c_usb_get_status
                0xc7e20a70                s3c_usb_check_speed
                0xc7e20218                s3c_usb_upload_start
                0xc7e1e958                s3c_usb_init_core
                0xc7e1e9a8                s3c_usb_clear_soft_disconnect
                0xc7e1e938                s3c_usb_core_soft_reset
                0xc7e21038                s3c_usb_print_pkt
                0xc7e20c7c                s3c_usb_set_init
                0xc7e20c10                s3c_usb_reset
                0xc7e1eb6c                s3c_usb_get_desc
                0xc7e1eb1c                s3c_usb_read_out_fifo
                0xc7e213b0                s3c_usb_init_phy
 .text          0xc7e21558     0x2e88 cpu/s5p645x/libs5p645x.a(fastboot.o)
                0xc7e235e8                fboot_usb_clear_dnfile_info
                0xc7e22d70                fboot_usb_upload_start
                0xc7e23628                fboot_usb_clear_upfile_info
                0xc7e23eec                fboot_usb_init_phy
                0xc7e215e0                fboot_usb_clear_soft_disconnect
                0xc7e217dc                fboot_usb_get_desc
                0xc7e23698                fboot_usb_set_opmode
                0xc7e24330                fastboot_poll
                0xc7e2163c                fboot_usbc_activate
                0xc7e231c0                fboot_usb_dma_in_done
                0xc7e2376c                fboot_usb_reset
                0xc7e233d4                fboot_usb_set_endpoint
                0xc7e216b0                fboot_usb_set_outep_xfersize
                0xc7e21644                fboot_usb_stop
                0xc7e2167c                fboot_usb_set_inep_xfersize
                0xc7e22018                fboot_usb_transfer_ep0
                0xc7e235cc                fboot_usb_check_speed
                0xc7e237d8                fastboot_shutdown
                0xc7e2380c                fastboot_getvar
                0xc7e2178c                fboot_usb_read_out_fifo
                0xc7e215f8                fboot_usb_init_device
                0xc7e23814                fboot_usb_int_bulkin
                0xc7e2405c                fastboot_init
                0xc7e219e0                fboot_usb_clear_feature
                0xc7e23668                fboot_usb_check_setconf
                0xc7e23d7c                fboot_usb_transfer
                0xc7e232d4                fboot_usb_set_all_outep_nak
                0xc7e22fa0                fboot_usb_download_start
                0xc7e237dc                fastboot_fifo_size
                0xc7e24384                fastboot_tx_status
                0xc7e23c5c                fboot_usb_dma_out_done
                0xc7e23f40                fboot_usbctl_init
                0xc7e21bf0                fboot_usb_get_status
                0xc7e23ea8                fboot_usb_wait_cable_insert
                0xc7e21a74                fboot_usb_set_feature
                0xc7e216e4                fboot_usb_write_ep0_fifo
                0xc7e21cc0                fboot_usb_ep0_int_hndlr
                0xc7e23c1c                fboot_usb_print_pkt
                0xc7e238c8                fastboot_preboot
                0xc7e21590                fboot_usb_init_core
                0xc7e215c8                fboot_usb_set_soft_disconnect
                0xc7e23a50                fboot_usb_download_continue
                0xc7e24274                fboot_usb_int_hndlr
                0xc7e23324                fboot_usb_set_max_pktsize
                0xc7e23984                fboot_usb_verify_checksum
                0xc7e24140                fboot_usb_int_bulkout
                0xc7e232fc                fboot_usb_clear_all_outep_nak
                0xc7e2342c                fboot_usb_set_descriptors
                0xc7e241f0                fboot_usb_pkt_receive
                0xc7e21738                fboot_usb_write_in_fifo
                0xc7e238ec                fboot_usb_set_init
                0xc7e21558                fboot_usb_phy_off
                0xc7e215b0                fboot_usb_check_current_mode
                0xc7e21570                fboot_usb_core_soft_reset
                0xc7e21ef4                fboot_usb_set_otherspeed_conf_desc
 .text          0xc7e243e0       0xb4 lib_arm/libarm.a(_umodsi3.o)
                0xc7e243e0                __umodsi3
 .text          0xc7e24494      0x2fc lib_arm/libarm.a(bootm.o)
                0xc7e24540                do_bootm_linux
                0xc7e24494                setup_mtdpartition_tag
 .text          0xc7e24790        0x4 lib_arm/libarm.a(cache.o)
                0xc7e24790                flush_cache
 .text          0xc7e24794     0x19c4 fs/fat/libfat.a(fat.o)
                0xc7e25988                file_fat_read
                0xc7e25064                do_fat_read
                0xc7e259c0                file_fat_ls
                0xc7e25af0                fat_format_device
                0xc7e24c14                file_fat_detectfs
                0xc7e247bc                disk_read
                0xc7e259d0                fat_register_device
 .text          0xc7e26158     0x3798 fs/ext2/libext2fs.a(ext2fs.o)
                0xc7e28b0c                ext2fs_read_file
                0xc7e28a34                ext2fs_close
                0xc7e261b4                ext2fs_format
                0xc7e26174                default_journal_size
                0xc7e2914c                ext2fs_mount
                0xc7e29874                ext2fs_ls
                0xc7e26158                get_random_val
                0xc7e29748                ext2fs_find_file
                0xc7e297d0                ext2fs_open
                0xc7e28a14                ext2fs_free_node
                0xc7e29040                ext2fs_read
                0xc7e29494                ext2fs_find_file1
 .text          0xc7e298f0      0x23c fs/ext2/libext2fs.a(dev.o)
                0xc7e29ad8                ext2fs_set_blk_dev
                0xc7e298f0                ext2fs_devread
 .text          0xc7e29b2c      0x350 disk/libdisk.a(part.o)
                0xc7e29c08                dev_print
                0xc7e29b2c                print_part
                0xc7e29e18                get_dev
                0xc7e29dd8                get_partition_info
                0xc7e29dfc                init_part
 .text          0xc7e29e7c      0x4ec disk/libdisk.a(part_dos.o)
                0xc7e2a144                get_partition_info_dos
                0xc7e2a33c                print_part_dos
                0xc7e29ec4                test_part_dos
 .text          0xc7e2a368       0xa0 drivers/mtd/nand/libnand.a(nand.o)
                0xc7e2a368                nand_init
 .text          0xc7e2a408     0x3054 drivers/mtd/nand/libnand.a(nand_base.o)
                0xc7e2c700                nand_read
                0xc7e2a624                nand_wait_ready
                0xc7e2b110                nand_scan_ident
                0xc7e2bb40                nand_scan
                0xc7e2cba0                nand_erase_nand
                0xc7e2b65c                nand_scan_tail
                0xc7e2b0e8                nand_release
 .text          0xc7e2d45c        0x0 drivers/mtd/nand/libnand.a(nand_ids.o)
 .text          0xc7e2d45c      0x220 drivers/mtd/nand/libnand.a(nand_ecc.o)
                0xc7e2d554                nand_correct_data
                0xc7e2d45c                nand_calculate_ecc
 .text          0xc7e2d67c     0x1750 drivers/mtd/nand/libnand.a(nand_bbt.o)
                0xc7e2d908                nand_isbad_bbt
                0xc7e2ecf4                nand_default_bbt
                0xc7e2e594                nand_update_bbt
                0xc7e2e870                nand_scan_bbt
 .text          0xc7e2edcc      0xe84 drivers/mtd/nand/libnand.a(nand_util.o)
                0xc7e2edd4                nand_lock
                0xc7e2ee28                nand_unlock
                0xc7e2ef38                nand_get_lock_status
                0xc7e2f8e8                nand_erase_opts
                0xc7e2efc4                nand_read_opts
                0xc7e2f384                nand_write_opts
 .text          0xc7e2fc50      0x290 drivers/rtc/librtc.a(date.o)
                0xc7e2fc50                GregorianDay
                0xc7e2fe4c                mktime
                0xc7e2fd44                to_tm
 .text          0xc7e2fee0      0x23c drivers/rtc/librtc.a(s5p64xx_rtc.o)
                0xc7e2ff64                rtc_set
                0xc7e300f4                rtc_reset
                0xc7e30000                rtc_get
 .text          0xc7e3011c      0x120 lib_generic/libgeneric.a(div64.o)
                0xc7e3011c                __div64_32
 .text          0xc7e3023c      0xcc4 cpu/s5p645x/libs5p645x.a(nand.o)
                0xc7e30c88                board_nand_init
 .text          0xc7e30f00       0x1c lib_arm/libarm.a(_ashldi3.o)
                0xc7e30f00                __ashldi3
 .text          0xc7e30f1c       0x1c lib_arm/libarm.a(_ashrdi3.o)
                0xc7e30f1c                __ashrdi3
 lib_arm/div0.o()
 .data          0xc7e30f38        0x0 lib_arm/div0.o
 .bss           0xc7e30f38        0x0 lib_arm/div0.o
 .debug_abbrev  0xc7e30f38       0x29 lib_arm/div0.o
 .debug_info    0xc7e30f61       0x39 lib_arm/div0.o
 .debug_line    0xc7e30f9a       0x38 lib_arm/div0.o
 *fill*         0xc7e30fd2        0x2 00
 .debug_frame   0xc7e30fd4       0x20 lib_arm/div0.o
 .debug_pubnames
                0xc7e30ff4       0x1d lib_arm/div0.o
 .debug_aranges
                0xc7e31011       0x20 lib_arm/div0.o
 .debug_str     0xc7e31031       0x43 lib_arm/div0.o
 .comment       0xc7e31074       0x12 lib_arm/div0.o
 .ARM.attributes
                0xc7e31086       0x10 lib_arm/div0.o
 *fill*         0xc7e31096        0x2 00
 .glue_7        0xc7e31098        0x0 lib_arm/div0.o
 .glue_7t       0xc7e31098        0x0 lib_arm/div0.o
 .vfp11_veneer  0xc7e31098        0x0 lib_arm/div0.o

.glue_7         0xc7e31098        0x0
 .glue_7        0xc7e31098        0x0 cpu/s5p645x/start.o
 .glue_7        0xc7e31098        0x0 cpu/s5p645x/start_irom.o
 .glue_7        0xc7e31098        0x0 cpu/s5p645x/s5p6450/cpu_init.o
 .glue_7        0xc7e31098        0x0 board/samsung/smdk6450/lowlevel_init.o
 .glue_7        0xc7e31098        0x0 cpu/s5p645x/nand_cp.o
 .glue_7        0xc7e31098        0x0 cpu/s5p645x/movi.o
 .glue_7        0xc7e31098        0x0 cpu/s5p645x/libs5p645x.a(interrupts.o)
 .glue_7        0xc7e31098        0x0 cpu/s5p645x/libs5p645x.a(cpu.o)
 .glue_7        0xc7e31098        0x0 cpu/s5p645x/libs5p645x.a(setup_hsmmc.o)
 .glue_7        0xc7e31098        0x0 cpu/s5p645x/libs5p645x.a(serial.o)
 .glue_7        0xc7e31098        0x0 cpu/s5p645x/s5p6450/libs5p6450.a(speed.o)
 .glue_7        0xc7e31098        0x0 lib_arm/libarm.a(_udivsi3.o)
 .glue_7        0xc7e31098        0x0 lib_arm/libarm.a(board.o)
 .glue_7        0xc7e31098        0x0 lib_arm/libarm.a(_divsi3.o)
 .glue_7        0xc7e31098        0x0 lib_arm/libarm.a(_modsi3.o)
 .glue_7        0xc7e31098        0x0 net/libnet.a(net.o)
 .glue_7        0xc7e31098        0x0 net/libnet.a(tftp.o)
 .glue_7        0xc7e31098        0x0 net/libnet.a(bootp.o)
 .glue_7        0xc7e31098        0x0 net/libnet.a(rarp.o)
 .glue_7        0xc7e31098        0x0 net/libnet.a(eth.o)
 .glue_7        0xc7e31098        0x0 net/libnet.a(nfs.o)
 .glue_7        0xc7e31098        0x0 drivers/mmc/libmmc.a(mmc.o)
 .glue_7        0xc7e31098        0x0 drivers/mmc/libmmc.a(s3c_hsmmc.o)
 .glue_7        0xc7e31098        0x0 drivers/net/libnet.a(dm9000x.o)
 .glue_7        0xc7e31098        0x0 common/libcommon.a(main.o)
 .glue_7        0xc7e31098        0x0 common/libcommon.a(cmd_autoscript.o)
 .glue_7        0xc7e31098        0x0 common/libcommon.a(cmd_bdinfo.o)
 .glue_7        0xc7e31098        0x0 common/libcommon.a(image.o)
 .glue_7        0xc7e31098        0x0 common/libcommon.a(cmd_boot.o)
 .glue_7        0xc7e31098        0x0 common/libcommon.a(cmd_bootm.o)
 .glue_7        0xc7e31098        0x0 common/libcommon.a(cmd_cache.o)
 .glue_7        0xc7e31098        0x0 common/libcommon.a(cmd_console.o)
 .glue_7        0xc7e31098        0x0 common/libcommon.a(cmd_date.o)
 .glue_7        0xc7e31098        0x0 common/libcommon.a(cmd_elf.o)
 .glue_7        0xc7e31098        0x0 common/libcommon.a(cmd_ext2.o)
 .glue_7        0xc7e31098        0x0 common/libcommon.a(cmd_fat.o)
 .glue_7        0xc7e31098        0x0 common/libcommon.a(cmd_flash.o)
 .glue_7        0xc7e31098        0x0 common/libcommon.a(cmd_itest.o)
 .glue_7        0xc7e31098        0x0 common/libcommon.a(cmd_load.o)
 .glue_7        0xc7e31098        0x0 common/libcommon.a(cmd_mem.o)
 .glue_7        0xc7e31098        0x0 common/libcommon.a(cmd_misc.o)
 .glue_7        0xc7e31098        0x0 common/libcommon.a(cmd_mmc.o)
 .glue_7        0xc7e31098        0x0 common/libcommon.a(cmd_nand.o)
 .glue_7        0xc7e31098        0x0 common/libcommon.a(cmd_net.o)
 .glue_7        0xc7e31098        0x0 common/libcommon.a(cmd_nvedit.o)
 .glue_7        0xc7e31098        0x0 common/libcommon.a(cmd_reginfo.o)
 .glue_7        0xc7e31098        0x0 common/libcommon.a(cmd_usbd.o)
 .glue_7        0xc7e31098        0x0 common/libcommon.a(cmd_ximg.o)
 .glue_7        0xc7e31098        0x0 common/libcommon.a(command.o)
 .glue_7        0xc7e31098        0x0 common/libcommon.a(console.o)
 .glue_7        0xc7e31098        0x0 common/libcommon.a(devices.o)
 .glue_7        0xc7e31098        0x0 common/libcommon.a(dlmalloc.o)
 .glue_7        0xc7e31098        0x0 common/libcommon.a(env_common.o)
 .glue_7        0xc7e31098        0x0 common/libcommon.a(exports.o)
 .glue_7        0xc7e31098        0x0 common/libcommon.a(flash.o)
 .glue_7        0xc7e31098        0x0 common/libcommon.a(hush.o)
 .glue_7        0xc7e31098        0x0 common/libcommon.a(lists.o)
 .glue_7        0xc7e31098        0x0 common/libcommon.a(s_record.o)
 .glue_7        0xc7e31098        0x0 common/libcommon.a(usb.o)
 .glue_7        0xc7e31098        0x0 common/libcommon.a(xyzModem.o)
 .glue_7        0xc7e31098        0x0 common/libcommon.a(cmd_movi.o)
 .glue_7        0xc7e31098        0x0 common/libcommon.a(cmd_lcd.o)
 .glue_7        0xc7e31098        0x0 common/libcommon.a(cmd_fastboot.o)
 .glue_7        0xc7e31098        0x0 common/libcommon.a(cmd_mmc_fdisk.o)
 .glue_7        0xc7e31098        0x0 common/libcommon.a(env_auto.o)
 .glue_7        0xc7e31098        0x0 common/libcommon.a(gunzip.o)
 .glue_7        0xc7e31098        0x0 common/libcommon.a(crc16.o)
 .glue_7        0xc7e31098        0x0 board/samsung/smdk6450/libsmdk6450.a(smdk6450.o)
 .glue_7        0xc7e31098        0x0 board/samsung/smdk6450/libsmdk6450.a(flash.o)
 .glue_7        0xc7e31098        0x0 lib_generic/libgeneric.a(crc32.o)
 .glue_7        0xc7e31098        0x0 lib_generic/libgeneric.a(ctype.o)
 .glue_7        0xc7e31098        0x0 lib_generic/libgeneric.a(display_options.o)
 .glue_7        0xc7e31098        0x0 lib_generic/libgeneric.a(lmb.o)
 .glue_7        0xc7e31098        0x0 lib_generic/libgeneric.a(string.o)
 .glue_7        0xc7e31098        0x0 lib_generic/libgeneric.a(vsprintf.o)
 .glue_7        0xc7e31098        0x0 lib_generic/libgeneric.a(zlib.o)
 .glue_7        0xc7e31098        0x0 cpu/s5p645x/libs5p645x.a(usb_ohci.o)
 .glue_7        0xc7e31098        0x0 cpu/s5p645x/libs5p645x.a(usbd-otg-hs.o)
 .glue_7        0xc7e31098        0x0 cpu/s5p645x/libs5p645x.a(fastboot.o)
 .glue_7        0xc7e31098        0x0 lib_arm/libarm.a(_umodsi3.o)
 .glue_7        0xc7e31098        0x0 lib_arm/libarm.a(bootm.o)
 .glue_7        0xc7e31098        0x0 lib_arm/libarm.a(cache.o)
 .glue_7        0xc7e31098        0x0 fs/fat/libfat.a(fat.o)
 .glue_7        0xc7e31098        0x0 fs/ext2/libext2fs.a(ext2fs.o)
 .glue_7        0xc7e31098        0x0 fs/ext2/libext2fs.a(dev.o)
 .glue_7        0xc7e31098        0x0 disk/libdisk.a(part.o)
 .glue_7        0xc7e31098        0x0 disk/libdisk.a(part_dos.o)
 .glue_7        0xc7e31098        0x0 drivers/mtd/nand/libnand.a(nand.o)
 .glue_7        0xc7e31098        0x0 drivers/mtd/nand/libnand.a(nand_base.o)
 .glue_7        0xc7e31098        0x0 drivers/mtd/nand/libnand.a(nand_ids.o)
 .glue_7        0xc7e31098        0x0 drivers/mtd/nand/libnand.a(nand_ecc.o)
 .glue_7        0xc7e31098        0x0 drivers/mtd/nand/libnand.a(nand_bbt.o)
 .glue_7        0xc7e31098        0x0 drivers/mtd/nand/libnand.a(nand_util.o)
 .glue_7        0xc7e31098        0x0 drivers/rtc/librtc.a(date.o)
 .glue_7        0xc7e31098        0x0 drivers/rtc/librtc.a(s5p64xx_rtc.o)
 .glue_7        0xc7e31098        0x0 lib_generic/libgeneric.a(div64.o)
 .glue_7        0xc7e31098        0x0 cpu/s5p645x/libs5p645x.a(nand.o)
 .glue_7        0xc7e31098        0x0 lib_arm/libarm.a(_ashldi3.o)
 .glue_7        0xc7e31098        0x0 lib_arm/libarm.a(_ashrdi3.o)

.glue_7t        0xc7e31098        0x0
 .glue_7t       0xc7e31098        0x0 cpu/s5p645x/start.o
 .glue_7t       0xc7e31098        0x0 cpu/s5p645x/start_irom.o
 .glue_7t       0xc7e31098        0x0 cpu/s5p645x/s5p6450/cpu_init.o
 .glue_7t       0xc7e31098        0x0 board/samsung/smdk6450/lowlevel_init.o
 .glue_7t       0xc7e31098        0x0 cpu/s5p645x/nand_cp.o
 .glue_7t       0xc7e31098        0x0 cpu/s5p645x/movi.o
 .glue_7t       0xc7e31098        0x0 cpu/s5p645x/libs5p645x.a(interrupts.o)
 .glue_7t       0xc7e31098        0x0 cpu/s5p645x/libs5p645x.a(cpu.o)
 .glue_7t       0xc7e31098        0x0 cpu/s5p645x/libs5p645x.a(setup_hsmmc.o)
 .glue_7t       0xc7e31098        0x0 cpu/s5p645x/libs5p645x.a(serial.o)
 .glue_7t       0xc7e31098        0x0 cpu/s5p645x/s5p6450/libs5p6450.a(speed.o)
 .glue_7t       0xc7e31098        0x0 lib_arm/libarm.a(_udivsi3.o)
 .glue_7t       0xc7e31098        0x0 lib_arm/libarm.a(board.o)
 .glue_7t       0xc7e31098        0x0 lib_arm/libarm.a(_divsi3.o)
 .glue_7t       0xc7e31098        0x0 lib_arm/libarm.a(_modsi3.o)
 .glue_7t       0xc7e31098        0x0 net/libnet.a(net.o)
 .glue_7t       0xc7e31098        0x0 net/libnet.a(tftp.o)
 .glue_7t       0xc7e31098        0x0 net/libnet.a(bootp.o)
 .glue_7t       0xc7e31098        0x0 net/libnet.a(rarp.o)
 .glue_7t       0xc7e31098        0x0 net/libnet.a(eth.o)
 .glue_7t       0xc7e31098        0x0 net/libnet.a(nfs.o)
 .glue_7t       0xc7e31098        0x0 drivers/mmc/libmmc.a(mmc.o)
 .glue_7t       0xc7e31098        0x0 drivers/mmc/libmmc.a(s3c_hsmmc.o)
 .glue_7t       0xc7e31098        0x0 drivers/net/libnet.a(dm9000x.o)
 .glue_7t       0xc7e31098        0x0 common/libcommon.a(main.o)
 .glue_7t       0xc7e31098        0x0 common/libcommon.a(cmd_autoscript.o)
 .glue_7t       0xc7e31098        0x0 common/libcommon.a(cmd_bdinfo.o)
 .glue_7t       0xc7e31098        0x0 common/libcommon.a(image.o)
 .glue_7t       0xc7e31098        0x0 common/libcommon.a(cmd_boot.o)
 .glue_7t       0xc7e31098        0x0 common/libcommon.a(cmd_bootm.o)
 .glue_7t       0xc7e31098        0x0 common/libcommon.a(cmd_cache.o)
 .glue_7t       0xc7e31098        0x0 common/libcommon.a(cmd_console.o)
 .glue_7t       0xc7e31098        0x0 common/libcommon.a(cmd_date.o)
 .glue_7t       0xc7e31098        0x0 common/libcommon.a(cmd_elf.o)
 .glue_7t       0xc7e31098        0x0 common/libcommon.a(cmd_ext2.o)
 .glue_7t       0xc7e31098        0x0 common/libcommon.a(cmd_fat.o)
 .glue_7t       0xc7e31098        0x0 common/libcommon.a(cmd_flash.o)
 .glue_7t       0xc7e31098        0x0 common/libcommon.a(cmd_itest.o)
 .glue_7t       0xc7e31098        0x0 common/libcommon.a(cmd_load.o)
 .glue_7t       0xc7e31098        0x0 common/libcommon.a(cmd_mem.o)
 .glue_7t       0xc7e31098        0x0 common/libcommon.a(cmd_misc.o)
 .glue_7t       0xc7e31098        0x0 common/libcommon.a(cmd_mmc.o)
 .glue_7t       0xc7e31098        0x0 common/libcommon.a(cmd_nand.o)
 .glue_7t       0xc7e31098        0x0 common/libcommon.a(cmd_net.o)
 .glue_7t       0xc7e31098        0x0 common/libcommon.a(cmd_nvedit.o)
 .glue_7t       0xc7e31098        0x0 common/libcommon.a(cmd_reginfo.o)
 .glue_7t       0xc7e31098        0x0 common/libcommon.a(cmd_usbd.o)
 .glue_7t       0xc7e31098        0x0 common/libcommon.a(cmd_ximg.o)
 .glue_7t       0xc7e31098        0x0 common/libcommon.a(command.o)
 .glue_7t       0xc7e31098        0x0 common/libcommon.a(console.o)
 .glue_7t       0xc7e31098        0x0 common/libcommon.a(devices.o)
 .glue_7t       0xc7e31098        0x0 common/libcommon.a(dlmalloc.o)
 .glue_7t       0xc7e31098        0x0 common/libcommon.a(env_common.o)
 .glue_7t       0xc7e31098        0x0 common/libcommon.a(exports.o)
 .glue_7t       0xc7e31098        0x0 common/libcommon.a(flash.o)
 .glue_7t       0xc7e31098        0x0 common/libcommon.a(hush.o)
 .glue_7t       0xc7e31098        0x0 common/libcommon.a(lists.o)
 .glue_7t       0xc7e31098        0x0 common/libcommon.a(s_record.o)
 .glue_7t       0xc7e31098        0x0 common/libcommon.a(usb.o)
 .glue_7t       0xc7e31098        0x0 common/libcommon.a(xyzModem.o)
 .glue_7t       0xc7e31098        0x0 common/libcommon.a(cmd_movi.o)
 .glue_7t       0xc7e31098        0x0 common/libcommon.a(cmd_lcd.o)
 .glue_7t       0xc7e31098        0x0 common/libcommon.a(cmd_fastboot.o)
 .glue_7t       0xc7e31098        0x0 common/libcommon.a(cmd_mmc_fdisk.o)
 .glue_7t       0xc7e31098        0x0 common/libcommon.a(env_auto.o)
 .glue_7t       0xc7e31098        0x0 common/libcommon.a(gunzip.o)
 .glue_7t       0xc7e31098        0x0 common/libcommon.a(crc16.o)
 .glue_7t       0xc7e31098        0x0 board/samsung/smdk6450/libsmdk6450.a(smdk6450.o)
 .glue_7t       0xc7e31098        0x0 board/samsung/smdk6450/libsmdk6450.a(flash.o)
 .glue_7t       0xc7e31098        0x0 lib_generic/libgeneric.a(crc32.o)
 .glue_7t       0xc7e31098        0x0 lib_generic/libgeneric.a(ctype.o)
 .glue_7t       0xc7e31098        0x0 lib_generic/libgeneric.a(display_options.o)
 .glue_7t       0xc7e31098        0x0 lib_generic/libgeneric.a(lmb.o)
 .glue_7t       0xc7e31098        0x0 lib_generic/libgeneric.a(string.o)
 .glue_7t       0xc7e31098        0x0 lib_generic/libgeneric.a(vsprintf.o)
 .glue_7t       0xc7e31098        0x0 lib_generic/libgeneric.a(zlib.o)
 .glue_7t       0xc7e31098        0x0 cpu/s5p645x/libs5p645x.a(usb_ohci.o)
 .glue_7t       0xc7e31098        0x0 cpu/s5p645x/libs5p645x.a(usbd-otg-hs.o)
 .glue_7t       0xc7e31098        0x0 cpu/s5p645x/libs5p645x.a(fastboot.o)
 .glue_7t       0xc7e31098        0x0 lib_arm/libarm.a(_umodsi3.o)
 .glue_7t       0xc7e31098        0x0 lib_arm/libarm.a(bootm.o)
 .glue_7t       0xc7e31098        0x0 lib_arm/libarm.a(cache.o)
 .glue_7t       0xc7e31098        0x0 fs/fat/libfat.a(fat.o)
 .glue_7t       0xc7e31098        0x0 fs/ext2/libext2fs.a(ext2fs.o)
 .glue_7t       0xc7e31098        0x0 fs/ext2/libext2fs.a(dev.o)
 .glue_7t       0xc7e31098        0x0 disk/libdisk.a(part.o)
 .glue_7t       0xc7e31098        0x0 disk/libdisk.a(part_dos.o)
 .glue_7t       0xc7e31098        0x0 drivers/mtd/nand/libnand.a(nand.o)
 .glue_7t       0xc7e31098        0x0 drivers/mtd/nand/libnand.a(nand_base.o)
 .glue_7t       0xc7e31098        0x0 drivers/mtd/nand/libnand.a(nand_ids.o)
 .glue_7t       0xc7e31098        0x0 drivers/mtd/nand/libnand.a(nand_ecc.o)
 .glue_7t       0xc7e31098        0x0 drivers/mtd/nand/libnand.a(nand_bbt.o)
 .glue_7t       0xc7e31098        0x0 drivers/mtd/nand/libnand.a(nand_util.o)
 .glue_7t       0xc7e31098        0x0 drivers/rtc/librtc.a(date.o)
 .glue_7t       0xc7e31098        0x0 drivers/rtc/librtc.a(s5p64xx_rtc.o)
 .glue_7t       0xc7e31098        0x0 lib_generic/libgeneric.a(div64.o)
 .glue_7t       0xc7e31098        0x0 cpu/s5p645x/libs5p645x.a(nand.o)
 .glue_7t       0xc7e31098        0x0 lib_arm/libarm.a(_ashldi3.o)
 .glue_7t       0xc7e31098        0x0 lib_arm/libarm.a(_ashrdi3.o)

.vfp11_veneer   0xc7e31098        0x0
 .vfp11_veneer  0xc7e31098        0x0 cpu/s5p645x/start.o
 .vfp11_veneer  0xc7e31098        0x0 cpu/s5p645x/start_irom.o
 .vfp11_veneer  0xc7e31098        0x0 cpu/s5p645x/s5p6450/cpu_init.o
 .vfp11_veneer  0xc7e31098        0x0 board/samsung/smdk6450/lowlevel_init.o
 .vfp11_veneer  0xc7e31098        0x0 cpu/s5p645x/nand_cp.o
 .vfp11_veneer  0xc7e31098        0x0 cpu/s5p645x/movi.o
 .vfp11_veneer  0xc7e31098        0x0 cpu/s5p645x/libs5p645x.a(interrupts.o)
 .vfp11_veneer  0xc7e31098        0x0 cpu/s5p645x/libs5p645x.a(cpu.o)
 .vfp11_veneer  0xc7e31098        0x0 cpu/s5p645x/libs5p645x.a(setup_hsmmc.o)
 .vfp11_veneer  0xc7e31098        0x0 cpu/s5p645x/libs5p645x.a(serial.o)
 .vfp11_veneer  0xc7e31098        0x0 cpu/s5p645x/s5p6450/libs5p6450.a(speed.o)
 .vfp11_veneer  0xc7e31098        0x0 lib_arm/libarm.a(_udivsi3.o)
 .vfp11_veneer  0xc7e31098        0x0 lib_arm/libarm.a(board.o)
 .vfp11_veneer  0xc7e31098        0x0 lib_arm/libarm.a(_divsi3.o)
 .vfp11_veneer  0xc7e31098        0x0 lib_arm/libarm.a(_modsi3.o)
 .vfp11_veneer  0xc7e31098        0x0 net/libnet.a(net.o)
 .vfp11_veneer  0xc7e31098        0x0 net/libnet.a(tftp.o)
 .vfp11_veneer  0xc7e31098        0x0 net/libnet.a(bootp.o)
 .vfp11_veneer  0xc7e31098        0x0 net/libnet.a(rarp.o)
 .vfp11_veneer  0xc7e31098        0x0 net/libnet.a(eth.o)
 .vfp11_veneer  0xc7e31098        0x0 net/libnet.a(nfs.o)
 .vfp11_veneer  0xc7e31098        0x0 drivers/mmc/libmmc.a(mmc.o)
 .vfp11_veneer  0xc7e31098        0x0 drivers/mmc/libmmc.a(s3c_hsmmc.o)
 .vfp11_veneer  0xc7e31098        0x0 drivers/net/libnet.a(dm9000x.o)
 .vfp11_veneer  0xc7e31098        0x0 common/libcommon.a(main.o)
 .vfp11_veneer  0xc7e31098        0x0 common/libcommon.a(cmd_autoscript.o)
 .vfp11_veneer  0xc7e31098        0x0 common/libcommon.a(cmd_bdinfo.o)
 .vfp11_veneer  0xc7e31098        0x0 common/libcommon.a(image.o)
 .vfp11_veneer  0xc7e31098        0x0 common/libcommon.a(cmd_boot.o)
 .vfp11_veneer  0xc7e31098        0x0 common/libcommon.a(cmd_bootm.o)
 .vfp11_veneer  0xc7e31098        0x0 common/libcommon.a(cmd_cache.o)
 .vfp11_veneer  0xc7e31098        0x0 common/libcommon.a(cmd_console.o)
 .vfp11_veneer  0xc7e31098        0x0 common/libcommon.a(cmd_date.o)
 .vfp11_veneer  0xc7e31098        0x0 common/libcommon.a(cmd_elf.o)
 .vfp11_veneer  0xc7e31098        0x0 common/libcommon.a(cmd_ext2.o)
 .vfp11_veneer  0xc7e31098        0x0 common/libcommon.a(cmd_fat.o)
 .vfp11_veneer  0xc7e31098        0x0 common/libcommon.a(cmd_flash.o)
 .vfp11_veneer  0xc7e31098        0x0 common/libcommon.a(cmd_itest.o)
 .vfp11_veneer  0xc7e31098        0x0 common/libcommon.a(cmd_load.o)
 .vfp11_veneer  0xc7e31098        0x0 common/libcommon.a(cmd_mem.o)
 .vfp11_veneer  0xc7e31098        0x0 common/libcommon.a(cmd_misc.o)
 .vfp11_veneer  0xc7e31098        0x0 common/libcommon.a(cmd_mmc.o)
 .vfp11_veneer  0xc7e31098        0x0 common/libcommon.a(cmd_nand.o)
 .vfp11_veneer  0xc7e31098        0x0 common/libcommon.a(cmd_net.o)
 .vfp11_veneer  0xc7e31098        0x0 common/libcommon.a(cmd_nvedit.o)
 .vfp11_veneer  0xc7e31098        0x0 common/libcommon.a(cmd_reginfo.o)
 .vfp11_veneer  0xc7e31098        0x0 common/libcommon.a(cmd_usbd.o)
 .vfp11_veneer  0xc7e31098        0x0 common/libcommon.a(cmd_ximg.o)
 .vfp11_veneer  0xc7e31098        0x0 common/libcommon.a(command.o)
 .vfp11_veneer  0xc7e31098        0x0 common/libcommon.a(console.o)
 .vfp11_veneer  0xc7e31098        0x0 common/libcommon.a(devices.o)
 .vfp11_veneer  0xc7e31098        0x0 common/libcommon.a(dlmalloc.o)
 .vfp11_veneer  0xc7e31098        0x0 common/libcommon.a(env_common.o)
 .vfp11_veneer  0xc7e31098        0x0 common/libcommon.a(exports.o)
 .vfp11_veneer  0xc7e31098        0x0 common/libcommon.a(flash.o)
 .vfp11_veneer  0xc7e31098        0x0 common/libcommon.a(hush.o)
 .vfp11_veneer  0xc7e31098        0x0 common/libcommon.a(lists.o)
 .vfp11_veneer  0xc7e31098        0x0 common/libcommon.a(s_record.o)
 .vfp11_veneer  0xc7e31098        0x0 common/libcommon.a(usb.o)
 .vfp11_veneer  0xc7e31098        0x0 common/libcommon.a(xyzModem.o)
 .vfp11_veneer  0xc7e31098        0x0 common/libcommon.a(cmd_movi.o)
 .vfp11_veneer  0xc7e31098        0x0 common/libcommon.a(cmd_lcd.o)
 .vfp11_veneer  0xc7e31098        0x0 common/libcommon.a(cmd_fastboot.o)
 .vfp11_veneer  0xc7e31098        0x0 common/libcommon.a(cmd_mmc_fdisk.o)
 .vfp11_veneer  0xc7e31098        0x0 common/libcommon.a(env_auto.o)
 .vfp11_veneer  0xc7e31098        0x0 common/libcommon.a(gunzip.o)
 .vfp11_veneer  0xc7e31098        0x0 common/libcommon.a(crc16.o)
 .vfp11_veneer  0xc7e31098        0x0 board/samsung/smdk6450/libsmdk6450.a(smdk6450.o)
 .vfp11_veneer  0xc7e31098        0x0 board/samsung/smdk6450/libsmdk6450.a(flash.o)
 .vfp11_veneer  0xc7e31098        0x0 lib_generic/libgeneric.a(crc32.o)
 .vfp11_veneer  0xc7e31098        0x0 lib_generic/libgeneric.a(ctype.o)
 .vfp11_veneer  0xc7e31098        0x0 lib_generic/libgeneric.a(display_options.o)
 .vfp11_veneer  0xc7e31098        0x0 lib_generic/libgeneric.a(lmb.o)
 .vfp11_veneer  0xc7e31098        0x0 lib_generic/libgeneric.a(string.o)
 .vfp11_veneer  0xc7e31098        0x0 lib_generic/libgeneric.a(vsprintf.o)
 .vfp11_veneer  0xc7e31098        0x0 lib_generic/libgeneric.a(zlib.o)
 .vfp11_veneer  0xc7e31098        0x0 cpu/s5p645x/libs5p645x.a(usb_ohci.o)
 .vfp11_veneer  0xc7e31098        0x0 cpu/s5p645x/libs5p645x.a(usbd-otg-hs.o)
 .vfp11_veneer  0xc7e31098        0x0 cpu/s5p645x/libs5p645x.a(fastboot.o)
 .vfp11_veneer  0xc7e31098        0x0 lib_arm/libarm.a(_umodsi3.o)
 .vfp11_veneer  0xc7e31098        0x0 lib_arm/libarm.a(bootm.o)
 .vfp11_veneer  0xc7e31098        0x0 lib_arm/libarm.a(cache.o)
 .vfp11_veneer  0xc7e31098        0x0 fs/fat/libfat.a(fat.o)
 .vfp11_veneer  0xc7e31098        0x0 fs/ext2/libext2fs.a(ext2fs.o)
 .vfp11_veneer  0xc7e31098        0x0 fs/ext2/libext2fs.a(dev.o)
 .vfp11_veneer  0xc7e31098        0x0 disk/libdisk.a(part.o)
 .vfp11_veneer  0xc7e31098        0x0 disk/libdisk.a(part_dos.o)
 .vfp11_veneer  0xc7e31098        0x0 drivers/mtd/nand/libnand.a(nand.o)
 .vfp11_veneer  0xc7e31098        0x0 drivers/mtd/nand/libnand.a(nand_base.o)
 .vfp11_veneer  0xc7e31098        0x0 drivers/mtd/nand/libnand.a(nand_ids.o)
 .vfp11_veneer  0xc7e31098        0x0 drivers/mtd/nand/libnand.a(nand_ecc.o)
 .vfp11_veneer  0xc7e31098        0x0 drivers/mtd/nand/libnand.a(nand_bbt.o)
 .vfp11_veneer  0xc7e31098        0x0 drivers/mtd/nand/libnand.a(nand_util.o)
 .vfp11_veneer  0xc7e31098        0x0 drivers/rtc/librtc.a(date.o)
 .vfp11_veneer  0xc7e31098        0x0 drivers/rtc/librtc.a(s5p64xx_rtc.o)
 .vfp11_veneer  0xc7e31098        0x0 lib_generic/libgeneric.a(div64.o)
 .vfp11_veneer  0xc7e31098        0x0 cpu/s5p645x/libs5p645x.a(nand.o)
 .vfp11_veneer  0xc7e31098        0x0 lib_arm/libarm.a(_ashldi3.o)
 .vfp11_veneer  0xc7e31098        0x0 lib_arm/libarm.a(_ashrdi3.o)
                0xc7e31098                . = ALIGN (0x4)

.rodata         0xc7e31098      0xa78
 *(.rodata)
 .rodata        0xc7e31098       0x80 cpu/s5p645x/libs5p645x.a(interrupts.o)
 .rodata        0xc7e31118       0x38 lib_arm/libarm.a(board.o)
                0xc7e31118                version_string
 .rodata        0xc7e31150        0x8 net/libnet.a(net.o)
 .rodata        0xc7e31158       0x14 common/libcommon.a(cmd_nvedit.o)
 .rodata        0xc7e3116c       0x34 common/libcommon.a(cmd_fastboot.o)
 .rodata        0xc7e311a0      0x200 common/libcommon.a(crc16.o)
 .rodata        0xc7e313a0      0x400 lib_generic/libgeneric.a(crc32.o)
 .rodata        0xc7e317a0       0x90 lib_generic/libgeneric.a(zlib.o)
 .rodata        0xc7e31830       0xa2 cpu/s5p645x/libs5p645x.a(usbd-otg-hs.o)
                0xc7e31830                string_desc0
                0xc7e318b2                config_high_total
                0xc7e31889                config_full_total
                0xc7e318a9                config_high
                0xc7e31834                string_desc1
                0xc7e31876                qualifier_desc
                0xc7e31880                config_full
                0xc7e3184a                string_desc2
 *fill*         0xc7e318d2        0x2 00
 .rodata        0xc7e318d4       0xac cpu/s5p645x/libs5p645x.a(fastboot.o)
                0xc7e318da                fboot_string_desc1
                0xc7e31955                fboot_config_high
                0xc7e318f2                fboot_string_desc2
                0xc7e3192c                fboot_config_full
                0xc7e318d6                fboot_string_desc0
                0xc7e3190a                string_desc3
                0xc7e3195e                fboot_config_high_total
                0xc7e31935                fboot_config_full_total
                0xc7e31922                fboot_qualifier_desc
 .rodata        0xc7e31980       0x10 disk/libdisk.a(part.o)
 .rodata        0xc7e31990        0x8 drivers/mtd/nand/libnand.a(nand.o)
 .rodata        0xc7e31998       0x48 drivers/mtd/nand/libnand.a(nand_base.o)
 .rodata        0xc7e319e0      0x100 drivers/mtd/nand/libnand.a(nand_ecc.o)
 .rodata        0xc7e31ae0       0x30 drivers/rtc/librtc.a(date.o)

.rodata.str1.4  0xc7e31b10     0x91c4
 .rodata.str1.4
                0xc7e31b10        0xc cpu/s5p645x/movi.o
 .rodata.str1.4
                0xc7e31b1c      0x297 cpu/s5p645x/libs5p645x.a(interrupts.o)
                                0x29c (size before relaxing)
 *fill*         0xc7e31db3        0x1 00
 .rodata.str1.4
                0xc7e31db4        0xd cpu/s5p645x/libs5p645x.a(cpu.o)
                                 0x10 (size before relaxing)
 *fill*         0xc7e31dc1        0x3 00
 .rodata.str1.4
                0xc7e31dc4       0x7d cpu/s5p645x/libs5p645x.a(setup_hsmmc.o)
                                 0x80 (size before relaxing)
 *fill*         0xc7e31e41        0x3 00
 .rodata.str1.4
                0xc7e31e44       0x62 cpu/s5p645x/s5p6450/libs5p6450.a(speed.o)
                                 0x64 (size before relaxing)
 *fill*         0xc7e31ea6        0x2 00
 .rodata.str1.4
                0xc7e31ea8       0x9f lib_arm/libarm.a(board.o)
                                 0xa4 (size before relaxing)
 *fill*         0xc7e31f47        0x1 00
 .rodata.str1.4
                0xc7e31f48      0x1e5 net/libnet.a(net.o)
                                0x1ec (size before relaxing)
 *fill*         0xc7e3212d        0x3 00
 .rodata.str1.4
                0xc7e32130      0x1e1 net/libnet.a(tftp.o)
                                0x1ec (size before relaxing)
 *fill*         0xc7e32311        0x3 00
 .rodata.str1.4
                0xc7e32314      0x115 net/libnet.a(bootp.o)
                                0x14c (size before relaxing)
 *fill*         0xc7e32429        0x3 00
 .rodata.str1.4
                0xc7e3242c       0x13 net/libnet.a(rarp.o)
                                 0x4c (size before relaxing)
 *fill*         0xc7e3243f        0x1 00
 .rodata.str1.4
                0xc7e32440      0x101 net/libnet.a(nfs.o)
                                0x18c (size before relaxing)
 *fill*         0xc7e32541        0x3 00
 .rodata.str1.4
                0xc7e32544      0x268 drivers/mmc/libmmc.a(mmc.o)
                                0x26c (size before relaxing)
 .rodata.str1.4
                0xc7e327ac      0x157 drivers/mmc/libmmc.a(s3c_hsmmc.o)
                                0x158 (size before relaxing)
 *fill*         0xc7e32903        0x1 00
 .rodata.str1.4
                0xc7e32904      0x232 drivers/net/libnet.a(dm9000x.o)
                                0x23c (size before relaxing)
 *fill*         0xc7e32b36        0x2 00
 .rodata.str1.4
                0xc7e32b38       0xfc common/libcommon.a(main.o)
                                0x100 (size before relaxing)
 .rodata.str1.4
                0xc7e32c34      0x11b common/libcommon.a(cmd_autoscript.o)
                                0x11c (size before relaxing)
 *fill*         0xc7e32d4f        0x1 00
 .rodata.str1.4
                0xc7e32d50       0xbe common/libcommon.a(cmd_bdinfo.o)
                                 0xc0 (size before relaxing)
 *fill*         0xc7e32e0e        0x2 00
 .rodata.str1.4
                0xc7e32e10      0x554 common/libcommon.a(image.o)
                                0x588 (size before relaxing)
 .rodata.str1.4
                0xc7e33364      0x10f common/libcommon.a(cmd_boot.o)
                                0x11c (size before relaxing)
 *fill*         0xc7e33473        0x1 00
 .rodata.str1.4
                0xc7e33474      0x76b common/libcommon.a(cmd_bootm.o)
                                0x98c (size before relaxing)
 *fill*         0xc7e33bdf        0x1 00
 .rodata.str1.4
                0xc7e33be0      0x125 common/libcommon.a(cmd_cache.o)
                                0x13c (size before relaxing)
 *fill*         0xc7e33d05        0x3 00
 .rodata.str1.4
                0xc7e33d08       0x6d common/libcommon.a(cmd_console.o)
                                 0x74 (size before relaxing)
 *fill*         0xc7e33d75        0x3 00
 .rodata.str1.4
                0xc7e33d78      0x16c common/libcommon.a(cmd_date.o)
                                0x180 (size before relaxing)
 .rodata.str1.4
                0xc7e33ee4      0x2b9 common/libcommon.a(cmd_elf.o)
                                0x2c8 (size before relaxing)
 *fill*         0xc7e3419d        0x3 00
 .rodata.str1.4
                0xc7e341a0      0x4af common/libcommon.a(cmd_ext2.o)
                                0x4f0 (size before relaxing)
 *fill*         0xc7e3464f        0x1 00
 .rodata.str1.4
                0xc7e34650      0x3e8 common/libcommon.a(cmd_fat.o)
                                0x550 (size before relaxing)
 .rodata.str1.4
                0xc7e34a38      0x60f common/libcommon.a(cmd_flash.o)
                                0x628 (size before relaxing)
 *fill*         0xc7e35047        0x1 00
 .rodata.str1.4
                0xc7e35048       0xcf common/libcommon.a(cmd_itest.o)
                                 0xdc (size before relaxing)
 *fill*         0xc7e35117        0x1 00
 .rodata.str1.4
                0xc7e35118      0x377 common/libcommon.a(cmd_load.o)
                                0x398 (size before relaxing)
 *fill*         0xc7e3548f        0x1 00
 .rodata.str1.4
                0xc7e35490      0x5fa common/libcommon.a(cmd_mem.o)
                                0x620 (size before relaxing)
 *fill*         0xc7e35a8a        0x2 00
 .rodata.str1.4
                0xc7e35a8c       0x70 common/libcommon.a(cmd_misc.o)
                                 0x7c (size before relaxing)
 .rodata.str1.4
                0xc7e35afc      0x24c common/libcommon.a(cmd_mmc.o)
                                0x25c (size before relaxing)
 .rodata.str1.4
                0xc7e35d48      0x985 common/libcommon.a(cmd_nand.o)
                                0x9cc (size before relaxing)
 *fill*         0xc7e366cd        0x3 00
 .rodata.str1.4
                0xc7e366d0      0x265 common/libcommon.a(cmd_net.o)
                                0x2bc (size before relaxing)
 *fill*         0xc7e36935        0x3 00
 .rodata.str1.4
                0xc7e36938      0x323 common/libcommon.a(cmd_nvedit.o)
                                0x3b4 (size before relaxing)
 *fill*         0xc7e36c5b        0x1 00
 .rodata.str1.4
                0xc7e36c5c       0x2e common/libcommon.a(cmd_reginfo.o)
                                 0x30 (size before relaxing)
 *fill*         0xc7e36c8a        0x2 00
 .rodata.str1.4
                0xc7e36c8c       0x94 common/libcommon.a(cmd_usbd.o)
                                 0xa0 (size before relaxing)
 .rodata.str1.4
                0xc7e36d20      0x126 common/libcommon.a(cmd_ximg.o)
                                0x1c8 (size before relaxing)
 *fill*         0xc7e36e46        0x2 00
 .rodata.str1.4
                0xc7e36e48      0x324 common/libcommon.a(command.o)
                                0x34c (size before relaxing)
 .rodata.str1.4
                0xc7e3716c       0x81 common/libcommon.a(console.o)
                                 0x88 (size before relaxing)
 *fill*         0xc7e371ed        0x3 00
 .rodata.str1.4
                0xc7e371f0       0x2f common/libcommon.a(devices.o)
                                 0x48 (size before relaxing)
 *fill*         0xc7e3721f        0x1 00
 .rodata.str1.4
                0xc7e37220       0x33 common/libcommon.a(env_common.o)
                                 0x34 (size before relaxing)
 *fill*         0xc7e37253        0x1 00
 .rodata.str1.4
                0xc7e37254      0x120 common/libcommon.a(flash.o)
 .rodata.str1.4
                0xc7e37374      0x191 common/libcommon.a(hush.o)
                                0x1f4 (size before relaxing)
 *fill*         0xc7e37505        0x3 00
 .rodata.str1.4
                0xc7e37508      0x278 common/libcommon.a(usb.o)
 .rodata.str1.4
                0xc7e37780       0xf1 common/libcommon.a(xyzModem.o)
                                 0xf8 (size before relaxing)
 *fill*         0xc7e37871        0x3 00
 .rodata.str1.4
                0xc7e37874      0x31e common/libcommon.a(cmd_movi.o)
                                0x354 (size before relaxing)
 *fill*         0xc7e37b92        0x2 00
 .rodata.str1.4
                0xc7e37b94       0x13 common/libcommon.a(cmd_lcd.o)
                                 0x14 (size before relaxing)
 *fill*         0xc7e37ba7        0x1 00
 .rodata.str1.4
                0xc7e37ba8      0xa44 common/libcommon.a(cmd_fastboot.o)
                                0xae8 (size before relaxing)
 .rodata.str1.4
                0xc7e385ec      0x271 common/libcommon.a(cmd_mmc_fdisk.o)
                                0x278 (size before relaxing)
 *fill*         0xc7e3885d        0x3 00
 .rodata.str1.4
                0xc7e38860      0x18d common/libcommon.a(env_auto.o)
                                0x198 (size before relaxing)
 *fill*         0xc7e389ed        0x3 00
 .rodata.str1.4
                0xc7e389f0       0x86 common/libcommon.a(gunzip.o)
                                 0x88 (size before relaxing)
 *fill*         0xc7e38a76        0x2 00
 .rodata.str1.4
                0xc7e38a78       0x5d board/samsung/smdk6450/libsmdk6450.a(smdk6450.o)
                                 0x60 (size before relaxing)
 *fill*         0xc7e38ad5        0x3 00
 .rodata.str1.4
                0xc7e38ad8       0xf9 board/samsung/smdk6450/libsmdk6450.a(flash.o)
                                0x108 (size before relaxing)
 *fill*         0xc7e38bd1        0x3 00
 .rodata.str1.4
                0xc7e38bd4       0x17 lib_generic/libgeneric.a(display_options.o)
                                 0x48 (size before relaxing)
 *fill*         0xc7e38beb        0x1 00
 .rodata.str1.4
                0xc7e38bec       0x34 lib_generic/libgeneric.a(lmb.o)
 .rodata.str1.4
                0xc7e38c20       0x57 lib_generic/libgeneric.a(vsprintf.o)
                                 0x58 (size before relaxing)
 *fill*         0xc7e38c77        0x1 00
 .rodata.str1.4
                0xc7e38c78      0x20d lib_generic/libgeneric.a(zlib.o)
                                0x214 (size before relaxing)
 *fill*         0xc7e38e85        0x3 00
 .rodata.str1.4
                0xc7e38e88       0xc5 cpu/s5p645x/libs5p645x.a(usb_ohci.o)
                                 0xc8 (size before relaxing)
 *fill*         0xc7e38f4d        0x3 00
 .rodata.str1.4
                0xc7e38f50      0x14e cpu/s5p645x/libs5p645x.a(usbd-otg-hs.o)
                                0x158 (size before relaxing)
 *fill*         0xc7e3909e        0x2 00
 .rodata.str1.4
                0xc7e390a0       0x5b cpu/s5p645x/libs5p645x.a(fastboot.o)
                                0x178 (size before relaxing)
 *fill*         0xc7e390fb        0x1 00
 .rodata.str1.4
                0xc7e390fc       0x6f lib_arm/libarm.a(bootm.o)
                                 0x7c (size before relaxing)
 *fill*         0xc7e3916b        0x1 00
 .rodata.str1.4
                0xc7e3916c      0x3a2 fs/fat/libfat.a(fat.o)
                                0x3b0 (size before relaxing)
 *fill*         0xc7e3950e        0x2 00
 .rodata.str1.4
                0xc7e39510      0x527 fs/ext2/libext2fs.a(ext2fs.o)
                                0x5b8 (size before relaxing)
 *fill*         0xc7e39a37        0x1 00
 .rodata.str1.4
                0xc7e39a38       0xe1 fs/ext2/libext2fs.a(dev.o)
                                 0xe4 (size before relaxing)
 *fill*         0xc7e39b19        0x3 00
 .rodata.str1.4
                0xc7e39b1c      0x189 disk/libdisk.a(part.o)
                                0x1b0 (size before relaxing)
 *fill*         0xc7e39ca5        0x3 00
 .rodata.str1.4
                0xc7e39ca8       0xf9 disk/libdisk.a(part_dos.o)
                                0x10c (size before relaxing)
 *fill*         0xc7e39da1        0x3 00
 .rodata.str1.4
                0xc7e39da4        0x7 drivers/mtd/nand/libnand.a(nand.o)
                                  0xc (size before relaxing)
 *fill*         0xc7e39dab        0x1 00
 .rodata.str1.4
                0xc7e39dac      0x251 drivers/mtd/nand/libnand.a(nand_base.o)
                                0x254 (size before relaxing)
 *fill*         0xc7e39ffd        0x3 00
 .rodata.str1.4
                0xc7e3a000      0x43a drivers/mtd/nand/libnand.a(nand_ids.o)
                                0x444 (size before relaxing)
 *fill*         0xc7e3a43a        0x2 00
 .rodata.str1.4
                0xc7e3a43c      0x284 drivers/mtd/nand/libnand.a(nand_bbt.o)
 .rodata.str1.4
                0xc7e3a6c0      0x556 drivers/mtd/nand/libnand.a(nand_util.o)
                                0x55c (size before relaxing)
 *fill*         0xc7e3ac16        0x2 00
 .rodata.str1.4
                0xc7e3ac18       0xbc cpu/s5p645x/libs5p645x.a(nand.o)
                0xc7e3acd4                . = ALIGN (0x4)

.data           0xc7e3acd4     0x2b20
 *(.data)
 .data          0xc7e3acd4        0x0 cpu/s5p645x/start.o
 .data          0xc7e3acd4        0x0 cpu/s5p645x/start_irom.o
 .data          0xc7e3acd4        0x0 cpu/s5p645x/s5p6450/cpu_init.o
 .data          0xc7e3acd4        0x0 board/samsung/smdk6450/lowlevel_init.o
 .data          0xc7e3acd4        0x0 cpu/s5p645x/nand_cp.o
 .data          0xc7e3acd4        0x0 cpu/s5p645x/movi.o
 .data          0xc7e3acd4        0x0 cpu/s5p645x/libs5p645x.a(interrupts.o)
 .data          0xc7e3acd4        0x0 cpu/s5p645x/libs5p645x.a(cpu.o)
 .data          0xc7e3acd4        0x0 cpu/s5p645x/libs5p645x.a(setup_hsmmc.o)
 .data          0xc7e3acd4        0x0 cpu/s5p645x/libs5p645x.a(serial.o)
 .data          0xc7e3acd4        0x0 cpu/s5p645x/s5p6450/libs5p6450.a(speed.o)
 .data          0xc7e3acd4        0x0 lib_arm/libarm.a(_udivsi3.o)
 .data          0xc7e3acd4       0x34 lib_arm/libarm.a(board.o)
                0xc7e3acd4                init_sequence
 .data          0xc7e3ad08        0x0 lib_arm/libarm.a(_divsi3.o)
 .data          0xc7e3ad08        0x0 lib_arm/libarm.a(_modsi3.o)
 .data          0xc7e3ad08        0xa net/libnet.a(net.o)
                0xc7e3ad08                NetBcastAddr
                0xc7e3ad10                NetOurNativeVLAN
                0xc7e3ad0e                NetOurVLAN
 .data          0xc7e3ad12        0x2 net/libnet.a(tftp.o)
 .data          0xc7e3ad14        0x0 net/libnet.a(bootp.o)
 .data          0xc7e3ad14        0x0 net/libnet.a(rarp.o)
 .data          0xc7e3ad14        0x0 net/libnet.a(eth.o)
 .data          0xc7e3ad14        0x4 net/libnet.a(nfs.o)
 .data          0xc7e3ad18        0x4 drivers/mmc/libmmc.a(mmc.o)
 .data          0xc7e3ad1c        0x0 drivers/mmc/libmmc.a(s3c_hsmmc.o)
 .data          0xc7e3ad1c        0x0 drivers/net/libnet.a(dm9000x.o)
 .data          0xc7e3ad1c        0x4 common/libcommon.a(main.o)
 .data          0xc7e3ad20        0x0 common/libcommon.a(cmd_autoscript.o)
 .data          0xc7e3ad20        0x0 common/libcommon.a(cmd_bdinfo.o)
 .data          0xc7e3ad20      0x1f8 common/libcommon.a(image.o)
 .data          0xc7e3af18        0x0 common/libcommon.a(cmd_boot.o)
 .data          0xc7e3af18        0x4 common/libcommon.a(cmd_bootm.o)
                0xc7e3af18                load_addr
 .data          0xc7e3af1c        0x0 common/libcommon.a(cmd_cache.o)
 .data          0xc7e3af1c        0x0 common/libcommon.a(cmd_console.o)
 .data          0xc7e3af1c       0x1c common/libcommon.a(cmd_date.o)
                0xc7e3af1c                weekdays
 .data          0xc7e3af38        0x0 common/libcommon.a(cmd_elf.o)
 .data          0xc7e3af38        0x0 common/libcommon.a(cmd_ext2.o)
 .data          0xc7e3af38        0x0 common/libcommon.a(cmd_fat.o)
 .data          0xc7e3af38        0x0 common/libcommon.a(cmd_flash.o)
 .data          0xc7e3af38       0x68 common/libcommon.a(cmd_itest.o)
                0xc7e3af38                op_table
 .data          0xc7e3afa0        0x4 common/libcommon.a(cmd_load.o)
 .data          0xc7e3afa4        0x4 common/libcommon.a(cmd_mem.o)
                0xc7e3afa4                dp_last_length
 .data          0xc7e3afa8        0x0 common/libcommon.a(cmd_misc.o)
 .data          0xc7e3afa8        0x0 common/libcommon.a(cmd_mmc.o)
 .data          0xc7e3afa8        0x0 common/libcommon.a(cmd_nand.o)
 .data          0xc7e3afa8        0x0 common/libcommon.a(cmd_net.o)
 .data          0xc7e3afa8        0x0 common/libcommon.a(cmd_nvedit.o)
 .data          0xc7e3afa8        0x0 common/libcommon.a(cmd_reginfo.o)
 .data          0xc7e3afa8        0x0 common/libcommon.a(cmd_usbd.o)
 .data          0xc7e3afa8        0x0 common/libcommon.a(cmd_ximg.o)
 .data          0xc7e3afa8        0x0 common/libcommon.a(command.o)
 .data          0xc7e3afa8        0x0 common/libcommon.a(console.o)
 .data          0xc7e3afa8        0xc common/libcommon.a(devices.o)
                0xc7e3afa8                stdio_names
 .data          0xc7e3afb4      0x414 common/libcommon.a(dlmalloc.o)
 .data          0xc7e3b3c8      0x10c common/libcommon.a(env_common.o)
                0xc7e3b3c8                default_environment
                0xc7e3b4d0                default_environment_size
 .data          0xc7e3b4d4        0x0 common/libcommon.a(exports.o)
 .data          0xc7e3b4d4        0x0 common/libcommon.a(flash.o)
 .data          0xc7e3b4d4       0x84 common/libcommon.a(hush.o)
 .data          0xc7e3b558        0x0 common/libcommon.a(lists.o)
 .data          0xc7e3b558        0x0 common/libcommon.a(s_record.o)
 .data          0xc7e3b558        0x0 common/libcommon.a(usb.o)
 .data          0xc7e3b558        0x0 common/libcommon.a(xyzModem.o)
 .data          0xc7e3b558        0x0 common/libcommon.a(cmd_movi.o)
 .data          0xc7e3b558        0x0 common/libcommon.a(cmd_lcd.o)
 .data          0xc7e3b558       0x1c common/libcommon.a(cmd_fastboot.o)
 .data          0xc7e3b574        0x0 common/libcommon.a(cmd_mmc_fdisk.o)
 .data          0xc7e3b574        0x4 common/libcommon.a(env_auto.o)
                0xc7e3b574                env_name_spec
 .data          0xc7e3b578        0x0 common/libcommon.a(gunzip.o)
 .data          0xc7e3b578        0x0 common/libcommon.a(crc16.o)
 .data          0xc7e3b578        0x0 board/samsung/smdk6450/libsmdk6450.a(smdk6450.o)
 .data          0xc7e3b578        0x0 board/samsung/smdk6450/libsmdk6450.a(flash.o)
 .data          0xc7e3b578        0x0 lib_generic/libgeneric.a(crc32.o)
 .data          0xc7e3b578      0x100 lib_generic/libgeneric.a(ctype.o)
                0xc7e3b578                _ctype
 .data          0xc7e3b678        0x0 lib_generic/libgeneric.a(display_options.o)
 .data          0xc7e3b678        0x0 lib_generic/libgeneric.a(lmb.o)
 .data          0xc7e3b678        0x0 lib_generic/libgeneric.a(string.o)
 .data          0xc7e3b678        0x0 lib_generic/libgeneric.a(vsprintf.o)
 .data          0xc7e3b678      0x210 lib_generic/libgeneric.a(zlib.o)
                0xc7e3b678                zlib_version
                0xc7e3b67c                z_errmsg
 .data          0xc7e3b888        0x0 cpu/s5p645x/libs5p645x.a(usb_ohci.o)
 .data          0xc7e3b888       0x35 cpu/s5p645x/libs5p645x.a(usbd-otg-hs.o)
                0xc7e3b888                test_pkt
 *fill*         0xc7e3b8bd        0x3 00
 .data          0xc7e3b8c0      0x100 cpu/s5p645x/libs5p645x.a(fastboot.o)
                0xc7e3b988                fboot_test_pkt
                0xc7e3b984                ptable_default_size
                0xc7e3b8c0                ptable_default
 .data          0xc7e3b9c0        0x0 lib_arm/libarm.a(_umodsi3.o)
 .data          0xc7e3b9c0        0x0 lib_arm/libarm.a(bootm.o)
 .data          0xc7e3b9c0        0x0 lib_arm/libarm.a(cache.o)
 .data          0xc7e3b9c0        0x4 fs/fat/libfat.a(fat.o)
 .data          0xc7e3b9c4        0x8 fs/ext2/libext2fs.a(ext2fs.o)
                0xc7e3b9c4                indir1_blkno
                0xc7e3b9c8                indir2_blkno
 .data          0xc7e3b9cc        0x0 fs/ext2/libext2fs.a(dev.o)
 .data          0xc7e3b9cc        0x0 disk/libdisk.a(part.o)
 .data          0xc7e3b9cc        0x0 disk/libdisk.a(part_dos.o)
 .data          0xc7e3b9cc        0x4 drivers/mtd/nand/libnand.a(nand.o)
                0xc7e3b9cc                nand_curr_device
 .data          0xc7e3b9d0      0x940 drivers/mtd/nand/libnand.a(nand_base.o)
 .data          0xc7e3c310      0x5c8 drivers/mtd/nand/libnand.a(nand_ids.o)
                0xc7e3c898                nand_manuf_ids
                0xc7e3c310                nand_flash_ids
 .data          0xc7e3c8d8        0x0 drivers/mtd/nand/libnand.a(nand_ecc.o)
 .data          0xc7e3c8d8      0x10c drivers/mtd/nand/libnand.a(nand_bbt.o)
 .data          0xc7e3c9e4      0x6f0 drivers/mtd/nand/libnand.a(nand_util.o)
 .data          0xc7e3d0d4       0x30 drivers/rtc/librtc.a(date.o)
 .data          0xc7e3d104        0x0 drivers/rtc/librtc.a(s5p64xx_rtc.o)
 .data          0xc7e3d104        0x0 lib_generic/libgeneric.a(div64.o)
 .data          0xc7e3d104      0x6f0 cpu/s5p645x/libs5p645x.a(nand.o)
 .data          0xc7e3d7f4        0x0 lib_arm/libarm.a(_ashldi3.o)
 .data          0xc7e3d7f4        0x0 lib_arm/libarm.a(_ashrdi3.o)
                0xc7e3d7f4                . = ALIGN (0x4)

.got
 *(.got)
                0xc7e3d7f4                __u_boot_cmd_start = .

.u_boot_cmd     0xc7e3d7f4      0x690
 *(.u_boot_cmd)
 .u_boot_cmd    0xc7e3d7f4       0x18 common/libcommon.a(cmd_autoscript.o)
                0xc7e3d7f4                __u_boot_cmd_autoscr
 .u_boot_cmd    0xc7e3d80c       0x18 common/libcommon.a(cmd_bdinfo.o)
                0xc7e3d80c                __u_boot_cmd_bdinfo
 .u_boot_cmd    0xc7e3d824       0x48 common/libcommon.a(cmd_boot.o)
                0xc7e3d83c                __u_boot_cmd_reset
                0xc7e3d854                __u_boot_cmd_re
                0xc7e3d824                __u_boot_cmd_go
 .u_boot_cmd    0xc7e3d86c       0x78 common/libcommon.a(cmd_bootm.o)
                0xc7e3d86c                __u_boot_cmd_bootm
                0xc7e3d8b4                __u_boot_cmd_iminfo
                0xc7e3d89c                __u_boot_cmd_bootd
                0xc7e3d884                __u_boot_cmd_boot
                0xc7e3d8cc                __u_boot_cmd_imls
 .u_boot_cmd    0xc7e3d8e4       0x30 common/libcommon.a(cmd_cache.o)
                0xc7e3d8fc                __u_boot_cmd_dcache
                0xc7e3d8e4                __u_boot_cmd_icache
 .u_boot_cmd    0xc7e3d914       0x18 common/libcommon.a(cmd_console.o)
                0xc7e3d914                __u_boot_cmd_coninfo
 .u_boot_cmd    0xc7e3d92c       0x18 common/libcommon.a(cmd_date.o)
                0xc7e3d92c                __u_boot_cmd_date
 .u_boot_cmd    0xc7e3d944       0x30 common/libcommon.a(cmd_elf.o)
                0xc7e3d95c                __u_boot_cmd_bootvx
                0xc7e3d944                __u_boot_cmd_bootelf
 .u_boot_cmd    0xc7e3d974       0x60 common/libcommon.a(cmd_ext2.o)
                0xc7e3d98c                __u_boot_cmd_ext2load
                0xc7e3d974                __u_boot_cmd_ext2ls
                0xc7e3d9bc                __u_boot_cmd_ext3format
                0xc7e3d9a4                __u_boot_cmd_ext2format
 .u_boot_cmd    0xc7e3d9d4       0x60 common/libcommon.a(cmd_fat.o)
                0xc7e3da04                __u_boot_cmd_fatinfo
                0xc7e3da1c                __u_boot_cmd_fatformat
                0xc7e3d9d4                __u_boot_cmd_fatload
                0xc7e3d9ec                __u_boot_cmd_fatls
 .u_boot_cmd    0xc7e3da34       0x48 common/libcommon.a(cmd_flash.o)
                0xc7e3da34                __u_boot_cmd_flinfo
                0xc7e3da4c                __u_boot_cmd_erase
                0xc7e3da64                __u_boot_cmd_protect
 .u_boot_cmd    0xc7e3da7c       0x18 common/libcommon.a(cmd_itest.o)
                0xc7e3da7c                __u_boot_cmd_itest
 .u_boot_cmd    0xc7e3da94       0x48 common/libcommon.a(cmd_load.o)
                0xc7e3dac4                __u_boot_cmd_loady
                0xc7e3daac                __u_boot_cmd_loadb
                0xc7e3da94                __u_boot_cmd_loads
 .u_boot_cmd    0xc7e3dadc       0xf0 common/libcommon.a(cmd_mem.o)
                0xc7e3dadc                __u_boot_cmd_md
                0xc7e3db54                __u_boot_cmd_cmp
                0xc7e3db24                __u_boot_cmd_mw
                0xc7e3db9c                __u_boot_cmd_loop
                0xc7e3db84                __u_boot_cmd_base
                0xc7e3daf4                __u_boot_cmd_mm
                0xc7e3db6c                __u_boot_cmd_crc32
                0xc7e3db0c                __u_boot_cmd_nm
                0xc7e3dbb4                __u_boot_cmd_mtest
                0xc7e3db3c                __u_boot_cmd_cp
 .u_boot_cmd    0xc7e3dbcc       0x18 common/libcommon.a(cmd_misc.o)
                0xc7e3dbcc                __u_boot_cmd_sleep
 .u_boot_cmd    0xc7e3dbe4       0x30 common/libcommon.a(cmd_mmc.o)
                0xc7e3dbfc                __u_boot_cmd_mmc
                0xc7e3dbe4                __u_boot_cmd_mmcinfo
 .u_boot_cmd    0xc7e3dc14       0x30 common/libcommon.a(cmd_nand.o)
                0xc7e3dc14                __u_boot_cmd_nand
                0xc7e3dc2c                __u_boot_cmd_nboot
 .u_boot_cmd    0xc7e3dc44       0x90 common/libcommon.a(cmd_net.o)
                0xc7e3dca4                __u_boot_cmd_nfs
                0xc7e3dcbc                __u_boot_cmd_ping
                0xc7e3dc74                __u_boot_cmd_rarpboot
                0xc7e3dc5c                __u_boot_cmd_tftpboot
                0xc7e3dc44                __u_boot_cmd_bootp
                0xc7e3dc8c                __u_boot_cmd_dhcp
 .u_boot_cmd    0xc7e3dcd4       0x60 common/libcommon.a(cmd_nvedit.o)
                0xc7e3dd1c                __u_boot_cmd_run
                0xc7e3dd04                __u_boot_cmd_saveenv
                0xc7e3dcd4                __u_boot_cmd_printenv